[0.021s] Invoking command in '/home/golam_sadek/ros2_ws/build/my_robot_bringup': AMENT_PREFIX_PATH=/home/golam_sadek/ros2_ws/install/my_py_pkg:${AMENT_PREFIX_PATH} CMAKE_PREFIX_PATH=/opt/ros/humble PYTHONPATH=/home/golam_sadek/ros2_ws/build/my_py_pkg:/home/golam_sadek/ros2_ws/install/my_py_pkg/lib/python3.10/site-packages:${PYTHONPATH} /usr/bin/cmake /home/golam_sadek/ros2_ws/src/my_robot_bringup -DAMENT_CMAKE_SYMLINK_INSTALL=1 -DCMAKE_INSTALL_PREFIX=/home/golam_sadek/ros2_ws/install/my_robot_bringup
[0.056s] -- Found ament_cmake: 1.3.11 (/opt/ros/humble/share/ament_cmake/cmake)
[0.323s] -- Override CMake install command with custom implementation using symlinks instead of copying resources
[0.413s] -- Configuring done
[0.415s] -- Generating done
[0.417s] -- Build files have been written to: /home/golam_sadek/ros2_ws/build/my_robot_bringup
[0.421s] Invoked command in '/home/golam_sadek/ros2_ws/build/my_robot_bringup' returned '0': AMENT_PREFIX_PATH=/home/golam_sadek/ros2_ws/install/my_py_pkg:${AMENT_PREFIX_PATH} CMAKE_PREFIX_PATH=/opt/ros/humble PYTHONPATH=/home/golam_sadek/ros2_ws/build/my_py_pkg:/home/golam_sadek/ros2_ws/install/my_py_pkg/lib/python3.10/site-packages:${PYTHONPATH} /usr/bin/cmake /home/golam_sadek/ros2_ws/src/my_robot_bringup -DAMENT_CMAKE_SYMLINK_INSTALL=1 -DCMAKE_INSTALL_PREFIX=/home/golam_sadek/ros2_ws/install/my_robot_bringup
[0.424s] Invoking command in '/home/golam_sadek/ros2_ws/build/my_robot_bringup': AMENT_PREFIX_PATH=/home/golam_sadek/ros2_ws/install/my_py_pkg:${AMENT_PREFIX_PATH} CMAKE_PREFIX_PATH=/opt/ros/humble PYTHONPATH=/home/golam_sadek/ros2_ws/build/my_py_pkg:/home/golam_sadek/ros2_ws/install/my_py_pkg/lib/python3.10/site-packages:${PYTHONPATH} /usr/bin/cmake --build /home/golam_sadek/ros2_ws/build/my_robot_bringup -- -j8 -l8
[0.471s] Invoked command in '/home/golam_sadek/ros2_ws/build/my_robot_bringup' returned '0': AMENT_PREFIX_PATH=/home/golam_sadek/ros2_ws/install/my_py_pkg:${AMENT_PREFIX_PATH} CMAKE_PREFIX_PATH=/opt/ros/humble PYTHONPATH=/home/golam_sadek/ros2_ws/build/my_py_pkg:/home/golam_sadek/ros2_ws/install/my_py_pkg/lib/python3.10/site-packages:${PYTHONPATH} /usr/bin/cmake --build /home/golam_sadek/ros2_ws/build/my_robot_bringup -- -j8 -l8
[0.473s] Invoking command in '/home/golam_sadek/ros2_ws/build/my_robot_bringup': AMENT_PREFIX_PATH=/home/golam_sadek/ros2_ws/install/my_py_pkg:${AMENT_PREFIX_PATH} CMAKE_PREFIX_PATH=/opt/ros/humble PYTHONPATH=/home/golam_sadek/ros2_ws/build/my_py_pkg:/home/golam_sadek/ros2_ws/install/my_py_pkg/lib/python3.10/site-packages:${PYTHONPATH} /usr/bin/cmake --install /home/golam_sadek/ros2_ws/build/my_robot_bringup
[0.481s] -- Install configuration: ""
[0.482s] -- Execute custom install script
[0.483s] -- Up-to-date symlink: /home/golam_sadek/ros2_ws/install/my_robot_bringup/share/my_robot_bringup/launch/launch_basic_structure.py
[0.484s] -- Up-to-date symlink: /home/golam_sadek/ros2_ws/install/my_robot_bringup/share/my_robot_bringup/launch/number_app.launch.py
[0.484s] -- Up-to-date symlink: /home/golam_sadek/ros2_ws/install/my_robot_bringup/share/my_robot_bringup/launch/radio.launch.py
[0.484s] -- Up-to-date symlink: /home/golam_sadek/ros2_ws/install/my_robot_bringup/share/ament_index/resource_index/package_run_dependencies/my_robot_bringup
[0.484s] -- Up-to-date symlink: /home/golam_sadek/ros2_ws/install/my_robot_bringup/share/ament_index/resource_index/parent_prefix_path/my_robot_bringup
[0.484s] -- Up-to-date symlink: /home/golam_sadek/ros2_ws/install/my_robot_bringup/share/my_robot_bringup/environment/ament_prefix_path.sh
[0.484s] -- Up-to-date symlink: /home/golam_sadek/ros2_ws/install/my_robot_bringup/share/my_robot_bringup/environment/ament_prefix_path.dsv
[0.485s] -- Up-to-date symlink: /home/golam_sadek/ros2_ws/install/my_robot_bringup/share/my_robot_bringup/environment/path.sh
[0.485s] -- Up-to-date symlink: /home/golam_sadek/ros2_ws/install/my_robot_bringup/share/my_robot_bringup/environment/path.dsv
[0.485s] -- Up-to-date symlink: /home/golam_sadek/ros2_ws/install/my_robot_bringup/share/my_robot_bringup/local_setup.bash
[0.485s] -- Up-to-date symlink: /home/golam_sadek/ros2_ws/install/my_robot_bringup/share/my_robot_bringup/local_setup.sh
[0.485s] -- Up-to-date symlink: /home/golam_sadek/ros2_ws/install/my_robot_bringup/share/my_robot_bringup/local_setup.zsh
[0.485s] -- Up-to-date symlink: /home/golam_sadek/ros2_ws/install/my_robot_bringup/share/my_robot_bringup/local_setup.dsv
[0.485s] -- Symlinking: /home/golam_sadek/ros2_ws/install/my_robot_bringup/share/my_robot_bringup/package.dsv
[0.494s] -- Up-to-date symlink: /home/golam_sadek/ros2_ws/install/my_robot_bringup/share/ament_index/resource_index/packages/my_robot_bringup
[0.494s] -- Up-to-date symlink: /home/golam_sadek/ros2_ws/install/my_robot_bringup/share/my_robot_bringup/cmake/my_robot_bringupConfig.cmake
[0.495s] -- Up-to-date symlink: /home/golam_sadek/ros2_ws/install/my_robot_bringup/share/my_robot_bringup/cmake/my_robot_bringupConfig-version.cmake
[0.495s] -- Up-to-date symlink: /home/golam_sadek/ros2_ws/install/my_robot_bringup/share/my_robot_bringup/package.xml
[0.503s] Invoked command in '/home/golam_sadek/ros2_ws/build/my_robot_bringup' returned '0': AMENT_PREFIX_PATH=/home/golam_sadek/ros2_ws/install/my_py_pkg:${AMENT_PREFIX_PATH} CMAKE_PREFIX_PATH=/opt/ros/humble PYTHONPATH=/home/golam_sadek/ros2_ws/build/my_py_pkg:/home/golam_sadek/ros2_ws/install/my_py_pkg/lib/python3.10/site-packages:${PYTHONPATH} /usr/bin/cmake --install /home/golam_sadek/ros2_ws/build/my_robot_bringup
