[1.019s] Invoking command in '/home/golam_sadek/ros2_ws/build/turtlesim_catch_them_all': PYTHONPATH=/home/golam_sadek/ros2_ws/build/turtlesim_catch_them_all/prefix_override:/usr/lib/python3/dist-packages/colcon_core/task/python/colcon_distutils_commands:/home/golam_sadek/ros2_ws/install/turtlesim_catch_them_all/lib/python3.10/site-packages:${PYTHONPATH} /usr/bin/python3 -W ignore:setup.py install is deprecated -W ignore:easy_install command is deprecated setup.py develop --uninstall --editable --build-directory /home/golam_sadek/ros2_ws/build/turtlesim_catch_them_all/build
[1.306s] running develop
[1.460s] Removing /home/golam_sadek/ros2_ws/install/turtlesim_catch_them_all/lib/python3.10/site-packages/turtlesim-catch-them-all.egg-link (link to .)
[1.525s] Invoked command in '/home/golam_sadek/ros2_ws/build/turtlesim_catch_them_all' returned '0': PYTHONPATH=/home/golam_sadek/ros2_ws/build/turtlesim_catch_them_all/prefix_override:/usr/lib/python3/dist-packages/colcon_core/task/python/colcon_distutils_commands:/home/golam_sadek/ros2_ws/install/turtlesim_catch_them_all/lib/python3.10/site-packages:${PYTHONPATH} /usr/bin/python3 -W ignore:setup.py install is deprecated -W ignore:easy_install command is deprecated setup.py develop --uninstall --editable --build-directory /home/golam_sadek/ros2_ws/build/turtlesim_catch_them_all/build
[1.533s] Invoking command in '/home/golam_sadek/ros2_ws/src/turtlesim_catch_them_all': PYTHONPATH=/home/golam_sadek/ros2_ws/build/turtlesim_catch_them_all/prefix_override:/usr/lib/python3/dist-packages/colcon_core/task/python/colcon_distutils_commands:/home/golam_sadek/ros2_ws/install/turtlesim_catch_them_all/lib/python3.10/site-packages:${PYTHONPATH} /usr/bin/python3 -W ignore:setup.py install is deprecated -W ignore:easy_install command is deprecated setup.py egg_info --egg-base ../../build/turtlesim_catch_them_all build --build-base /home/golam_sadek/ros2_ws/build/turtlesim_catch_them_all/build install --record /home/golam_sadek/ros2_ws/build/turtlesim_catch_them_all/install.log --single-version-externally-managed install_data --force
[1.830s] running egg_info
[1.831s] writing ../../build/turtlesim_catch_them_all/turtlesim_catch_them_all.egg-info/PKG-INFO
[1.831s] writing dependency_links to ../../build/turtlesim_catch_them_all/turtlesim_catch_them_all.egg-info/dependency_links.txt
[1.831s] writing entry points to ../../build/turtlesim_catch_them_all/turtlesim_catch_them_all.egg-info/entry_points.txt
[1.831s] writing requirements to ../../build/turtlesim_catch_them_all/turtlesim_catch_them_all.egg-info/requires.txt
[1.831s] writing top-level names to ../../build/turtlesim_catch_them_all/turtlesim_catch_them_all.egg-info/top_level.txt
[1.836s] reading manifest file '../../build/turtlesim_catch_them_all/turtlesim_catch_them_all.egg-info/SOURCES.txt'
[1.836s] writing manifest file '../../build/turtlesim_catch_them_all/turtlesim_catch_them_all.egg-info/SOURCES.txt'
[1.836s] running build
[1.836s] running build_py
[1.836s] creating /home/golam_sadek/ros2_ws/build/turtlesim_catch_them_all/build
[1.836s] creating /home/golam_sadek/ros2_ws/build/turtlesim_catch_them_all/build/lib
[1.836s] creating /home/golam_sadek/ros2_ws/build/turtlesim_catch_them_all/build/lib/turtlesim_catch_them_all
[1.836s] copying turtlesim_catch_them_all/turtle_controller.py -> /home/golam_sadek/ros2_ws/build/turtlesim_catch_them_all/build/lib/turtlesim_catch_them_all
[1.836s] copying turtlesim_catch_them_all/__init__.py -> /home/golam_sadek/ros2_ws/build/turtlesim_catch_them_all/build/lib/turtlesim_catch_them_all
[1.837s] running install
[1.837s] running install_lib
[1.838s] creating /home/golam_sadek/ros2_ws/install/turtlesim_catch_them_all/lib/python3.10/site-packages/turtlesim_catch_them_all
[1.838s] copying /home/golam_sadek/ros2_ws/build/turtlesim_catch_them_all/build/lib/turtlesim_catch_them_all/turtle_controller.py -> /home/golam_sadek/ros2_ws/install/turtlesim_catch_them_all/lib/python3.10/site-packages/turtlesim_catch_them_all
[1.838s] copying /home/golam_sadek/ros2_ws/build/turtlesim_catch_them_all/build/lib/turtlesim_catch_them_all/__init__.py -> /home/golam_sadek/ros2_ws/install/turtlesim_catch_them_all/lib/python3.10/site-packages/turtlesim_catch_them_all
[1.838s] byte-compiling /home/golam_sadek/ros2_ws/install/turtlesim_catch_them_all/lib/python3.10/site-packages/turtlesim_catch_them_all/turtle_controller.py to turtle_controller.cpython-310.pyc
[1.839s] byte-compiling /home/golam_sadek/ros2_ws/install/turtlesim_catch_them_all/lib/python3.10/site-packages/turtlesim_catch_them_all/__init__.py to __init__.cpython-310.pyc
[1.840s] running install_data
[1.840s] copying resource/turtlesim_catch_them_all -> /home/golam_sadek/ros2_ws/install/turtlesim_catch_them_all/share/ament_index/resource_index/packages
[1.840s] copying package.xml -> /home/golam_sadek/ros2_ws/install/turtlesim_catch_them_all/share/turtlesim_catch_them_all
[1.840s] running install_egg_info
[1.843s] Copying ../../build/turtlesim_catch_them_all/turtlesim_catch_them_all.egg-info to /home/golam_sadek/ros2_ws/install/turtlesim_catch_them_all/lib/python3.10/site-packages/turtlesim_catch_them_all-0.0.0-py3.10.egg-info
[1.843s] running install_scripts
[1.870s] writing list of installed files to '/home/golam_sadek/ros2_ws/build/turtlesim_catch_them_all/install.log'
[1.907s] Invoked command in '/home/golam_sadek/ros2_ws/src/turtlesim_catch_them_all' returned '0': PYTHONPATH=/home/golam_sadek/ros2_ws/build/turtlesim_catch_them_all/prefix_override:/usr/lib/python3/dist-packages/colcon_core/task/python/colcon_distutils_commands:/home/golam_sadek/ros2_ws/install/turtlesim_catch_them_all/lib/python3.10/site-packages:${PYTHONPATH} /usr/bin/python3 -W ignore:setup.py install is deprecated -W ignore:easy_install command is deprecated setup.py egg_info --egg-base ../../build/turtlesim_catch_them_all build --build-base /home/golam_sadek/ros2_ws/build/turtlesim_catch_them_all/build install --record /home/golam_sadek/ros2_ws/build/turtlesim_catch_them_all/install.log --single-version-externally-managed install_data --force
