[0.010s] Invoking command in '/home/golam_sadek/ros2_ws/build/my_robot1_bringup': AMENT_PREFIX_PATH=/home/golam_sadek/ros2_ws/install/my_robot_description:${AMENT_PREFIX_PATH} CMAKE_PREFIX_PATH=/home/golam_sadek/ros2_ws/install/my_robot_description:/opt/ros/humble /usr/bin/cmake /home/golam_sadek/ros2_ws/src/my_robot1_bringup -DAMENT_CMAKE_SYMLINK_INSTALL=1 -DCMAKE_INSTALL_PREFIX=/home/golam_sadek/ros2_ws/install/my_robot1_bringup
[0.032s] -- Found ament_cmake: 1.3.11 (/opt/ros/humble/share/ament_cmake/cmake)
[0.226s] -- Override CMake install command with custom implementation using symlinks instead of copying resources
[0.456s] -- Configuring done
[0.465s] -- Generating done
[0.474s] -- Build files have been written to: /home/golam_sadek/ros2_ws/build/my_robot1_bringup
[0.478s] Invoked command in '/home/golam_sadek/ros2_ws/build/my_robot1_bringup' returned '0': AMENT_PREFIX_PATH=/home/golam_sadek/ros2_ws/install/my_robot_description:${AMENT_PREFIX_PATH} CMAKE_PREFIX_PATH=/home/golam_sadek/ros2_ws/install/my_robot_description:/opt/ros/humble /usr/bin/cmake /home/golam_sadek/ros2_ws/src/my_robot1_bringup -DAMENT_CMAKE_SYMLINK_INSTALL=1 -DCMAKE_INSTALL_PREFIX=/home/golam_sadek/ros2_ws/install/my_robot1_bringup
[0.481s] Invoking command in '/home/golam_sadek/ros2_ws/build/my_robot1_bringup': AMENT_PREFIX_PATH=/home/golam_sadek/ros2_ws/install/my_robot_description:${AMENT_PREFIX_PATH} CMAKE_PREFIX_PATH=/home/golam_sadek/ros2_ws/install/my_robot_description:/opt/ros/humble /usr/bin/cmake --build /home/golam_sadek/ros2_ws/build/my_robot1_bringup -- -j8 -l8
[0.572s] Invoked command in '/home/golam_sadek/ros2_ws/build/my_robot1_bringup' returned '0': AMENT_PREFIX_PATH=/home/golam_sadek/ros2_ws/install/my_robot_description:${AMENT_PREFIX_PATH} CMAKE_PREFIX_PATH=/home/golam_sadek/ros2_ws/install/my_robot_description:/opt/ros/humble /usr/bin/cmake --build /home/golam_sadek/ros2_ws/build/my_robot1_bringup -- -j8 -l8
[0.574s] Invoking command in '/home/golam_sadek/ros2_ws/build/my_robot1_bringup': AMENT_PREFIX_PATH=/home/golam_sadek/ros2_ws/install/my_robot_description:${AMENT_PREFIX_PATH} CMAKE_PREFIX_PATH=/home/golam_sadek/ros2_ws/install/my_robot_description:/opt/ros/humble /usr/bin/cmake --install /home/golam_sadek/ros2_ws/build/my_robot1_bringup
[0.600s] -- Install configuration: ""
[0.601s] -- Execute custom install script
[0.602s] -- Up-to-date symlink: /home/golam_sadek/ros2_ws/install/my_robot1_bringup/share/my_robot1_bringup//launch/my_robot_gazebo.launch.xml
[0.604s] -- Up-to-date symlink: /home/golam_sadek/ros2_ws/install/my_robot1_bringup/share/ament_index/resource_index/package_run_dependencies/my_robot1_bringup
[0.604s] -- Up-to-date symlink: /home/golam_sadek/ros2_ws/install/my_robot1_bringup/share/ament_index/resource_index/parent_prefix_path/my_robot1_bringup
[0.605s] -- Up-to-date symlink: /home/golam_sadek/ros2_ws/install/my_robot1_bringup/share/my_robot1_bringup/environment/ament_prefix_path.sh
[0.606s] -- Up-to-date symlink: /home/golam_sadek/ros2_ws/install/my_robot1_bringup/share/my_robot1_bringup/environment/ament_prefix_path.dsv
[0.607s] -- Up-to-date symlink: /home/golam_sadek/ros2_ws/install/my_robot1_bringup/share/my_robot1_bringup/environment/path.sh
[0.607s] -- Up-to-date symlink: /home/golam_sadek/ros2_ws/install/my_robot1_bringup/share/my_robot1_bringup/environment/path.dsv
[0.607s] -- Up-to-date symlink: /home/golam_sadek/ros2_ws/install/my_robot1_bringup/share/my_robot1_bringup/local_setup.bash
[0.608s] -- Up-to-date symlink: /home/golam_sadek/ros2_ws/install/my_robot1_bringup/share/my_robot1_bringup/local_setup.sh
[0.609s] -- Up-to-date symlink: /home/golam_sadek/ros2_ws/install/my_robot1_bringup/share/my_robot1_bringup/local_setup.zsh
[0.609s] -- Up-to-date symlink: /home/golam_sadek/ros2_ws/install/my_robot1_bringup/share/my_robot1_bringup/local_setup.dsv
[0.609s] -- Symlinking: /home/golam_sadek/ros2_ws/install/my_robot1_bringup/share/my_robot1_bringup/package.dsv
[0.636s] -- Up-to-date symlink: /home/golam_sadek/ros2_ws/install/my_robot1_bringup/share/ament_index/resource_index/packages/my_robot1_bringup
[0.637s] -- Up-to-date symlink: /home/golam_sadek/ros2_ws/install/my_robot1_bringup/share/my_robot1_bringup/cmake/my_robot1_bringupConfig.cmake
[0.637s] -- Up-to-date symlink: /home/golam_sadek/ros2_ws/install/my_robot1_bringup/share/my_robot1_bringup/cmake/my_robot1_bringupConfig-version.cmake
[0.640s] -- Up-to-date symlink: /home/golam_sadek/ros2_ws/install/my_robot1_bringup/share/my_robot1_bringup/package.xml
[0.645s] Invoked command in '/home/golam_sadek/ros2_ws/build/my_robot1_bringup' returned '0': AMENT_PREFIX_PATH=/home/golam_sadek/ros2_ws/install/my_robot_description:${AMENT_PREFIX_PATH} CMAKE_PREFIX_PATH=/home/golam_sadek/ros2_ws/install/my_robot_description:/opt/ros/humble /usr/bin/cmake --install /home/golam_sadek/ros2_ws/build/my_robot1_bringup
