[0.013s] Invoking command in '/home/golam_sadek/ros2_ws/build/my_robot1_bringup': CMAKE_PREFIX_PATH=/home/golam_sadek/ros2_ws/install/my_robot_description:/home/golam_sadek/ros2_ws/install/my_robot_interfaces:/home/golam_sadek/ros2_ws/install/my_robot1_bringup:/home/golam_sadek/ros2_ws/install/my_robot_bringup:/home/golam_sadek/ros2_ws/install/my_cpp_pkg:/home/golam_sadek/ros2_ws/install/turtlesim_catch_them_all:/home/golam_sadek/ros2_ws/install/my_py_pkg:/opt/ros/humble /usr/bin/cmake --build /home/golam_sadek/ros2_ws/build/my_robot1_bringup -- -j8 -l8
[0.063s] Invoked command in '/home/golam_sadek/ros2_ws/build/my_robot1_bringup' returned '0': CMAKE_PREFIX_PATH=/home/golam_sadek/ros2_ws/install/my_robot_description:/home/golam_sadek/ros2_ws/install/my_robot_interfaces:/home/golam_sadek/ros2_ws/install/my_robot1_bringup:/home/golam_sadek/ros2_ws/install/my_robot_bringup:/home/golam_sadek/ros2_ws/install/my_cpp_pkg:/home/golam_sadek/ros2_ws/install/turtlesim_catch_them_all:/home/golam_sadek/ros2_ws/install/my_py_pkg:/opt/ros/humble /usr/bin/cmake --build /home/golam_sadek/ros2_ws/build/my_robot1_bringup -- -j8 -l8
[0.065s] Invoking command in '/home/golam_sadek/ros2_ws/build/my_robot1_bringup': CMAKE_PREFIX_PATH=/home/golam_sadek/ros2_ws/install/my_robot_description:/home/golam_sadek/ros2_ws/install/my_robot_interfaces:/home/golam_sadek/ros2_ws/install/my_robot1_bringup:/home/golam_sadek/ros2_ws/install/my_robot_bringup:/home/golam_sadek/ros2_ws/install/my_cpp_pkg:/home/golam_sadek/ros2_ws/install/turtlesim_catch_them_all:/home/golam_sadek/ros2_ws/install/my_py_pkg:/opt/ros/humble /usr/bin/cmake --install /home/golam_sadek/ros2_ws/build/my_robot1_bringup
[0.072s] -- Install configuration: ""
[0.073s] -- Execute custom install script
[0.073s] -- Up-to-date symlink: /home/golam_sadek/ros2_ws/install/my_robot1_bringup/share/my_robot1_bringup//launch/my_robot_gazebo.launch.xml
[0.074s] -- Up-to-date symlink: /home/golam_sadek/ros2_ws/install/my_robot1_bringup/share/my_robot1_bringup//rviz/urdf_config.rviz
[0.074s] -- Up-to-date symlink: /home/golam_sadek/ros2_ws/install/my_robot1_bringup/share/ament_index/resource_index/package_run_dependencies/my_robot1_bringup
[0.074s] -- Up-to-date symlink: /home/golam_sadek/ros2_ws/install/my_robot1_bringup/share/ament_index/resource_index/parent_prefix_path/my_robot1_bringup
[0.074s] -- Up-to-date symlink: /home/golam_sadek/ros2_ws/install/my_robot1_bringup/share/my_robot1_bringup/environment/ament_prefix_path.sh
[0.075s] -- Up-to-date symlink: /home/golam_sadek/ros2_ws/install/my_robot1_bringup/share/my_robot1_bringup/environment/ament_prefix_path.dsv
[0.075s] -- Up-to-date symlink: /home/golam_sadek/ros2_ws/install/my_robot1_bringup/share/my_robot1_bringup/environment/path.sh
[0.075s] -- Up-to-date symlink: /home/golam_sadek/ros2_ws/install/my_robot1_bringup/share/my_robot1_bringup/environment/path.dsv
[0.075s] -- Up-to-date symlink: /home/golam_sadek/ros2_ws/install/my_robot1_bringup/share/my_robot1_bringup/local_setup.bash
[0.075s] -- Up-to-date symlink: /home/golam_sadek/ros2_ws/install/my_robot1_bringup/share/my_robot1_bringup/local_setup.sh
[0.076s] -- Up-to-date symlink: /home/golam_sadek/ros2_ws/install/my_robot1_bringup/share/my_robot1_bringup/local_setup.zsh
[0.076s] -- Up-to-date symlink: /home/golam_sadek/ros2_ws/install/my_robot1_bringup/share/my_robot1_bringup/local_setup.dsv
[0.076s] -- Symlinking: /home/golam_sadek/ros2_ws/install/my_robot1_bringup/share/my_robot1_bringup/package.dsv
[0.089s] -- Up-to-date symlink: /home/golam_sadek/ros2_ws/install/my_robot1_bringup/share/ament_index/resource_index/packages/my_robot1_bringup
[0.089s] -- Up-to-date symlink: /home/golam_sadek/ros2_ws/install/my_robot1_bringup/share/my_robot1_bringup/cmake/my_robot1_bringupConfig.cmake
[0.090s] -- Up-to-date symlink: /home/golam_sadek/ros2_ws/install/my_robot1_bringup/share/my_robot1_bringup/cmake/my_robot1_bringupConfig-version.cmake
[0.090s] -- Up-to-date symlink: /home/golam_sadek/ros2_ws/install/my_robot1_bringup/share/my_robot1_bringup/package.xml
[0.093s] Invoked command in '/home/golam_sadek/ros2_ws/build/my_robot1_bringup' returned '0': CMAKE_PREFIX_PATH=/home/golam_sadek/ros2_ws/install/my_robot_description:/home/golam_sadek/ros2_ws/install/my_robot_interfaces:/home/golam_sadek/ros2_ws/install/my_robot1_bringup:/home/golam_sadek/ros2_ws/install/my_robot_bringup:/home/golam_sadek/ros2_ws/install/my_cpp_pkg:/home/golam_sadek/ros2_ws/install/turtlesim_catch_them_all:/home/golam_sadek/ros2_ws/install/my_py_pkg:/opt/ros/humble /usr/bin/cmake --install /home/golam_sadek/ros2_ws/build/my_robot1_bringup
