[0.277s] Invoking command in '/home/golam_sadek/ros2_ws/build/my_cpp_pkg': CMAKE_PREFIX_PATH=/opt/ros/humble /usr/bin/cmake /home/golam_sadek/ros2_ws/src/my_cpp_pkg -DAMENT_CMAKE_SYMLINK_INSTALL=1 -DCMAKE_INSTALL_PREFIX=/home/golam_sadek/ros2_ws/install/my_cpp_pkg
[0.291s] -- Found ament_cmake: 1.3.11 (/opt/ros/humble/share/ament_cmake/cmake)
[0.569s] -- Override CMake install command with custom implementation using symlinks instead of copying resources
[0.582s] -- Found rclcpp: 16.0.11 (/opt/ros/humble/share/rclcpp/cmake)
[0.614s] -- Found rosidl_generator_c: 3.1.6 (/opt/ros/humble/share/rosidl_generator_c/cmake)
[0.617s] -- Found rosidl_adapter: 3.1.6 (/opt/ros/humble/share/rosidl_adapter/cmake)
[0.622s] -- Found rosidl_generator_cpp: 3.1.6 (/opt/ros/humble/share/rosidl_generator_cpp/cmake)
[0.633s] -- Using all available rosidl_typesupport_c: rosidl_typesupport_fastrtps_c;rosidl_typesupport_introspection_c
[0.649s] -- Using all available rosidl_typesupport_cpp: rosidl_typesupport_fastrtps_cpp;rosidl_typesupport_introspection_cpp
[0.699s] -- Found rmw_implementation_cmake: 6.1.2 (/opt/ros/humble/share/rmw_implementation_cmake/cmake)
[0.700s] -- Found rmw_fastrtps_cpp: 6.2.7 (/opt/ros/humble/share/rmw_fastrtps_cpp/cmake)
[0.863s] -- Using RMW implementation 'rmw_fastrtps_cpp' as default
[0.970s] -- Found example_interfaces: 0.9.3 (/opt/ros/humble/share/example_interfaces/cmake)
[1.225s] -- Configuring done
[1.270s] -- Generating done
[1.284s] -- Build files have been written to: /home/golam_sadek/ros2_ws/build/my_cpp_pkg
[1.319s] Invoked command in '/home/golam_sadek/ros2_ws/build/my_cpp_pkg' returned '0': CMAKE_PREFIX_PATH=/opt/ros/humble /usr/bin/cmake /home/golam_sadek/ros2_ws/src/my_cpp_pkg -DAMENT_CMAKE_SYMLINK_INSTALL=1 -DCMAKE_INSTALL_PREFIX=/home/golam_sadek/ros2_ws/install/my_cpp_pkg
[1.326s] Invoking command in '/home/golam_sadek/ros2_ws/build/my_cpp_pkg': CMAKE_PREFIX_PATH=/opt/ros/humble /usr/bin/cmake --build /home/golam_sadek/ros2_ws/build/my_cpp_pkg -- -j8 -l8
[1.423s] [35m[1mConsolidate compiler generated dependencies of target cpp_node[0m
[1.423s] [35m[1mConsolidate compiler generated dependencies of target robot_news_station[0m
[1.425s] [35m[1mConsolidate compiler generated dependencies of target smartphone[0m
[1.464s] [ 33%] Built target robot_news_station
[1.473s] [ 66%] Built target cpp_node
[1.482s] [100%] Built target smartphone
[1.516s] Invoked command in '/home/golam_sadek/ros2_ws/build/my_cpp_pkg' returned '0': CMAKE_PREFIX_PATH=/opt/ros/humble /usr/bin/cmake --build /home/golam_sadek/ros2_ws/build/my_cpp_pkg -- -j8 -l8
[1.517s] Invoking command in '/home/golam_sadek/ros2_ws/build/my_cpp_pkg': CMAKE_PREFIX_PATH=/opt/ros/humble /usr/bin/cmake --install /home/golam_sadek/ros2_ws/build/my_cpp_pkg
[1.535s] -- Install configuration: ""
[1.535s] -- Execute custom install script
[1.535s] -- Up-to-date symlink: /home/golam_sadek/ros2_ws/install/my_cpp_pkg/lib/my_cpp_pkg/cpp_node
[1.536s] -- Up-to-date symlink: /home/golam_sadek/ros2_ws/install/my_cpp_pkg/lib/my_cpp_pkg/robot_news_station
[1.536s] -- Up-to-date symlink: /home/golam_sadek/ros2_ws/install/my_cpp_pkg/lib/my_cpp_pkg/smartphone
[1.536s] -- Up-to-date symlink: /home/golam_sadek/ros2_ws/install/my_cpp_pkg/share/ament_index/resource_index/package_run_dependencies/my_cpp_pkg
[1.536s] -- Up-to-date symlink: /home/golam_sadek/ros2_ws/install/my_cpp_pkg/share/ament_index/resource_index/parent_prefix_path/my_cpp_pkg
[1.536s] -- Up-to-date symlink: /home/golam_sadek/ros2_ws/install/my_cpp_pkg/share/my_cpp_pkg/environment/ament_prefix_path.sh
[1.540s] -- Up-to-date symlink: /home/golam_sadek/ros2_ws/install/my_cpp_pkg/share/my_cpp_pkg/environment/ament_prefix_path.dsv
[1.540s] -- Up-to-date symlink: /home/golam_sadek/ros2_ws/install/my_cpp_pkg/share/my_cpp_pkg/environment/path.sh
[1.540s] -- Up-to-date symlink: /home/golam_sadek/ros2_ws/install/my_cpp_pkg/share/my_cpp_pkg/environment/path.dsv
[1.540s] -- Up-to-date symlink: /home/golam_sadek/ros2_ws/install/my_cpp_pkg/share/my_cpp_pkg/local_setup.bash
[1.541s] -- Up-to-date symlink: /home/golam_sadek/ros2_ws/install/my_cpp_pkg/share/my_cpp_pkg/local_setup.sh
[1.541s] -- Up-to-date symlink: /home/golam_sadek/ros2_ws/install/my_cpp_pkg/share/my_cpp_pkg/local_setup.zsh
[1.541s] -- Up-to-date symlink: /home/golam_sadek/ros2_ws/install/my_cpp_pkg/share/my_cpp_pkg/local_setup.dsv
[1.541s] -- Symlinking: /home/golam_sadek/ros2_ws/install/my_cpp_pkg/share/my_cpp_pkg/package.dsv
[1.561s] -- Up-to-date symlink: /home/golam_sadek/ros2_ws/install/my_cpp_pkg/share/ament_index/resource_index/packages/my_cpp_pkg
[1.562s] -- Up-to-date symlink: /home/golam_sadek/ros2_ws/install/my_cpp_pkg/share/my_cpp_pkg/cmake/my_cpp_pkgConfig.cmake
[1.566s] -- Up-to-date symlink: /home/golam_sadek/ros2_ws/install/my_cpp_pkg/share/my_cpp_pkg/cmake/my_cpp_pkgConfig-version.cmake
[1.566s] -- Up-to-date symlink: /home/golam_sadek/ros2_ws/install/my_cpp_pkg/share/my_cpp_pkg/package.xml
[1.576s] Invoked command in '/home/golam_sadek/ros2_ws/build/my_cpp_pkg' returned '0': CMAKE_PREFIX_PATH=/opt/ros/humble /usr/bin/cmake --install /home/golam_sadek/ros2_ws/build/my_cpp_pkg
