[0.261s] Invoking command in '/home/golam_sadek/ros2_ws/build/my_cpp_pkg': CMAKE_PREFIX_PATH=${CMAKE_PREFIX_PATH}:/home/golam_sadek/ros2_ws/install/turtlesim_catch_them_all:/home/golam_sadek/ros2_ws/install/my_py_pkg:/opt/ros/humble /usr/bin/cmake --build /home/golam_sadek/ros2_ws/build/my_cpp_pkg -- -j8 -l8
[0.321s] [ 33%] Built target robot_news_station
[0.324s] [ 66%] Built target cpp_node
[0.330s] [100%] Built target smartphone
[0.608s] Invoked command in '/home/golam_sadek/ros2_ws/build/my_cpp_pkg' returned '0': CMAKE_PREFIX_PATH=${CMAKE_PREFIX_PATH}:/home/golam_sadek/ros2_ws/install/turtlesim_catch_them_all:/home/golam_sadek/ros2_ws/install/my_py_pkg:/opt/ros/humble /usr/bin/cmake --build /home/golam_sadek/ros2_ws/build/my_cpp_pkg -- -j8 -l8
[0.611s] Invoking command in '/home/golam_sadek/ros2_ws/build/my_cpp_pkg': CMAKE_PREFIX_PATH=${CMAKE_PREFIX_PATH}:/home/golam_sadek/ros2_ws/install/turtlesim_catch_them_all:/home/golam_sadek/ros2_ws/install/my_py_pkg:/opt/ros/humble /usr/bin/cmake --install /home/golam_sadek/ros2_ws/build/my_cpp_pkg
[0.625s] -- Install configuration: ""
[0.626s] -- Execute custom install script
[0.626s] -- Up-to-date symlink: /home/golam_sadek/ros2_ws/install/my_cpp_pkg/lib/my_cpp_pkg/cpp_node
[0.627s] -- Up-to-date symlink: /home/golam_sadek/ros2_ws/install/my_cpp_pkg/lib/my_cpp_pkg/robot_news_station
[0.627s] -- Up-to-date symlink: /home/golam_sadek/ros2_ws/install/my_cpp_pkg/lib/my_cpp_pkg/smartphone
[0.627s] -- Up-to-date symlink: /home/golam_sadek/ros2_ws/install/my_cpp_pkg/share/ament_index/resource_index/package_run_dependencies/my_cpp_pkg
[0.628s] -- Up-to-date symlink: /home/golam_sadek/ros2_ws/install/my_cpp_pkg/share/ament_index/resource_index/parent_prefix_path/my_cpp_pkg
[0.628s] -- Up-to-date symlink: /home/golam_sadek/ros2_ws/install/my_cpp_pkg/share/my_cpp_pkg/environment/ament_prefix_path.sh
[0.628s] -- Up-to-date symlink: /home/golam_sadek/ros2_ws/install/my_cpp_pkg/share/my_cpp_pkg/environment/ament_prefix_path.dsv
[0.629s] -- Up-to-date symlink: /home/golam_sadek/ros2_ws/install/my_cpp_pkg/share/my_cpp_pkg/environment/path.sh
[0.629s] -- Up-to-date symlink: /home/golam_sadek/ros2_ws/install/my_cpp_pkg/share/my_cpp_pkg/environment/path.dsv
[0.629s] -- Up-to-date symlink: /home/golam_sadek/ros2_ws/install/my_cpp_pkg/share/my_cpp_pkg/local_setup.bash
[0.629s] -- Up-to-date symlink: /home/golam_sadek/ros2_ws/install/my_cpp_pkg/share/my_cpp_pkg/local_setup.sh
[0.629s] -- Up-to-date symlink: /home/golam_sadek/ros2_ws/install/my_cpp_pkg/share/my_cpp_pkg/local_setup.zsh
[0.629s] -- Up-to-date symlink: /home/golam_sadek/ros2_ws/install/my_cpp_pkg/share/my_cpp_pkg/local_setup.dsv
[0.629s] -- Symlinking: /home/golam_sadek/ros2_ws/install/my_cpp_pkg/share/my_cpp_pkg/package.dsv
[0.642s] -- Up-to-date symlink: /home/golam_sadek/ros2_ws/install/my_cpp_pkg/share/ament_index/resource_index/packages/my_cpp_pkg
[0.643s] -- Up-to-date symlink: /home/golam_sadek/ros2_ws/install/my_cpp_pkg/share/my_cpp_pkg/cmake/my_cpp_pkgConfig.cmake
[0.643s] -- Up-to-date symlink: /home/golam_sadek/ros2_ws/install/my_cpp_pkg/share/my_cpp_pkg/cmake/my_cpp_pkgConfig-version.cmake
[0.644s] -- Up-to-date symlink: /home/golam_sadek/ros2_ws/install/my_cpp_pkg/share/my_cpp_pkg/package.xml
[0.647s] Invoked command in '/home/golam_sadek/ros2_ws/build/my_cpp_pkg' returned '0': CMAKE_PREFIX_PATH=${CMAKE_PREFIX_PATH}:/home/golam_sadek/ros2_ws/install/turtlesim_catch_them_all:/home/golam_sadek/ros2_ws/install/my_py_pkg:/opt/ros/humble /usr/bin/cmake --install /home/golam_sadek/ros2_ws/build/my_cpp_pkg
