[0.007s] Invoking command in '/home/golam_sadek/ros2_ws/build/my_robot_bringup': AMENT_PREFIX_PATH=/home/golam_sadek/ros2_ws/install/my_py_pkg:${AMENT_PREFIX_PATH} CMAKE_PREFIX_PATH=/opt/ros/humble PYTHONPATH=/home/golam_sadek/ros2_ws/build/my_py_pkg:/home/golam_sadek/ros2_ws/install/my_py_pkg/lib/python3.10/site-packages:${PYTHONPATH} /usr/bin/cmake --build /home/golam_sadek/ros2_ws/build/my_robot_bringup -- -j8 -l8
[0.048s] Invoked command in '/home/golam_sadek/ros2_ws/build/my_robot_bringup' returned '0': AMENT_PREFIX_PATH=/home/golam_sadek/ros2_ws/install/my_py_pkg:${AMENT_PREFIX_PATH} CMAKE_PREFIX_PATH=/opt/ros/humble PYTHONPATH=/home/golam_sadek/ros2_ws/build/my_py_pkg:/home/golam_sadek/ros2_ws/install/my_py_pkg/lib/python3.10/site-packages:${PYTHONPATH} /usr/bin/cmake --build /home/golam_sadek/ros2_ws/build/my_robot_bringup -- -j8 -l8
[0.050s] Invoking command in '/home/golam_sadek/ros2_ws/build/my_robot_bringup': AMENT_PREFIX_PATH=/home/golam_sadek/ros2_ws/install/my_py_pkg:${AMENT_PREFIX_PATH} CMAKE_PREFIX_PATH=/opt/ros/humble PYTHONPATH=/home/golam_sadek/ros2_ws/build/my_py_pkg:/home/golam_sadek/ros2_ws/install/my_py_pkg/lib/python3.10/site-packages:${PYTHONPATH} /usr/bin/cmake --install /home/golam_sadek/ros2_ws/build/my_robot_bringup
[0.058s] -- Install configuration: ""
[0.058s] -- Execute custom install script
[0.059s] -- Up-to-date symlink: /home/golam_sadek/ros2_ws/install/my_robot_bringup/share/my_robot_bringup/launch/launch_basic_structure.py
[0.059s] -- Up-to-date symlink: /home/golam_sadek/ros2_ws/install/my_robot_bringup/share/my_robot_bringup/launch/number_app.launch.py
[0.059s] -- Up-to-date symlink: /home/golam_sadek/ros2_ws/install/my_robot_bringup/share/my_robot_bringup/launch/radio.launch.py
[0.059s] -- Up-to-date symlink: /home/golam_sadek/ros2_ws/install/my_robot_bringup/share/ament_index/resource_index/package_run_dependencies/my_robot_bringup
[0.059s] -- Up-to-date symlink: /home/golam_sadek/ros2_ws/install/my_robot_bringup/share/ament_index/resource_index/parent_prefix_path/my_robot_bringup
[0.059s] -- Up-to-date symlink: /home/golam_sadek/ros2_ws/install/my_robot_bringup/share/my_robot_bringup/environment/ament_prefix_path.sh
[0.059s] -- Up-to-date symlink: /home/golam_sadek/ros2_ws/install/my_robot_bringup/share/my_robot_bringup/environment/ament_prefix_path.dsv
[0.059s] -- Up-to-date symlink: /home/golam_sadek/ros2_ws/install/my_robot_bringup/share/my_robot_bringup/environment/path.sh
[0.059s] -- Up-to-date symlink: /home/golam_sadek/ros2_ws/install/my_robot_bringup/share/my_robot_bringup/environment/path.dsv
[0.059s] -- Up-to-date symlink: /home/golam_sadek/ros2_ws/install/my_robot_bringup/share/my_robot_bringup/local_setup.bash
[0.060s] -- Up-to-date symlink: /home/golam_sadek/ros2_ws/install/my_robot_bringup/share/my_robot_bringup/local_setup.sh
[0.060s] -- Up-to-date symlink: /home/golam_sadek/ros2_ws/install/my_robot_bringup/share/my_robot_bringup/local_setup.zsh
[0.060s] -- Up-to-date symlink: /home/golam_sadek/ros2_ws/install/my_robot_bringup/share/my_robot_bringup/local_setup.dsv
[0.060s] -- Symlinking: /home/golam_sadek/ros2_ws/install/my_robot_bringup/share/my_robot_bringup/package.dsv
[0.072s] -- Up-to-date symlink: /home/golam_sadek/ros2_ws/install/my_robot_bringup/share/ament_index/resource_index/packages/my_robot_bringup
[0.073s] -- Up-to-date symlink: /home/golam_sadek/ros2_ws/install/my_robot_bringup/share/my_robot_bringup/cmake/my_robot_bringupConfig.cmake
[0.073s] -- Up-to-date symlink: /home/golam_sadek/ros2_ws/install/my_robot_bringup/share/my_robot_bringup/cmake/my_robot_bringupConfig-version.cmake
[0.073s] -- Up-to-date symlink: /home/golam_sadek/ros2_ws/install/my_robot_bringup/share/my_robot_bringup/package.xml
[0.076s] Invoked command in '/home/golam_sadek/ros2_ws/build/my_robot_bringup' returned '0': AMENT_PREFIX_PATH=/home/golam_sadek/ros2_ws/install/my_py_pkg:${AMENT_PREFIX_PATH} CMAKE_PREFIX_PATH=/opt/ros/humble PYTHONPATH=/home/golam_sadek/ros2_ws/build/my_py_pkg:/home/golam_sadek/ros2_ws/install/my_py_pkg/lib/python3.10/site-packages:${PYTHONPATH} /usr/bin/cmake --install /home/golam_sadek/ros2_ws/build/my_robot_bringup
