[0.246s] Invoking command in '/home/golam_sadek/ros2_ws/build/gz-sim8': CMAKE_PREFIX_PATH=${CMAKE_PREFIX_PATH}:/home/golam_sadek/ros2_ws/install/turtlesim_catch_them_all:/home/golam_sadek/ros2_ws/install/my_robot_description:/home/golam_sadek/ros2_ws/install/my_py_pkg:/home/golam_sadek/ros2_ws/install/my_cpp_pkg:/opt/ros/humble /usr/bin/cmake /home/golam_sadek/ros2_ws/gz-sim-gz-sim8 -DCMAKE_INSTALL_PREFIX=/home/golam_sadek/ros2_ws/install/gz-sim8
[0.270s] [31mCMake Error at CMakeLists.txt:13 (find_package):
[0.271s]   By not providing "Findgz-cmake3.cmake" in CMAKE_MODULE_PATH this project
[0.271s]   has asked CMake to find a package configuration file provided by
[0.271s]   "gz-cmake3", but CMake did not find one.
[0.271s] 
[0.271s]   Could not find a package configuration file provided by "gz-cmake3" with
[0.271s]   any of the following names:
[0.271s] 
[0.271s]     gz-cmake3Config.cmake
[0.271s]     gz-cmake3-config.cmake
[0.271s] 
[0.272s]   Add the installation prefix of "gz-cmake3" to CMAKE_PREFIX_PATH or set
[0.272s]   "gz-cmake3_DIR" to a directory containing one of the above files.  If
[0.272s]   "gz-cmake3" provides a separate development package or SDK, be sure it has
[0.272s]   been installed.
[0.272s] 
[0.272s] [0m
[0.272s] -- Configuring incomplete, errors occurred!
[0.272s] See also "/home/golam_sadek/ros2_ws/build/gz-sim8/CMakeFiles/CMakeOutput.log".
[0.575s] Invoked command in '/home/golam_sadek/ros2_ws/build/gz-sim8' returned '1': CMAKE_PREFIX_PATH=${CMAKE_PREFIX_PATH}:/home/golam_sadek/ros2_ws/install/turtlesim_catch_them_all:/home/golam_sadek/ros2_ws/install/my_robot_description:/home/golam_sadek/ros2_ws/install/my_py_pkg:/home/golam_sadek/ros2_ws/install/my_cpp_pkg:/opt/ros/humble /usr/bin/cmake /home/golam_sadek/ros2_ws/gz-sim-gz-sim8 -DCMAKE_INSTALL_PREFIX=/home/golam_sadek/ros2_ws/install/gz-sim8
