[0.233s] Invoking command in '/home/golam_sadek/ros2_ws/build/gz-sim8': CMAKE_PREFIX_PATH=/opt/ros/humble /usr/bin/cmake /home/golam_sadek/ros2_ws/gz-sim-gz-sim8 -DCMAKE_INSTALL_PREFIX=/home/golam_sadek/ros2_ws/install/gz-sim8
[0.314s] -- The C compiler identification is GNU 11.4.0
[0.408s] -- The CXX compiler identification is GNU 11.4.0
[0.415s] -- Detecting C compiler ABI info
[0.488s] -- Detecting C compiler ABI info - done
[0.500s] -- Check for working C compiler: /usr/bin/cc - skipped
[0.501s] -- Detecting C compile features
[0.501s] -- Detecting C compile features - done
[0.506s] -- Detecting CXX compiler ABI info
[0.590s] -- Detecting CXX compiler ABI info - done
[0.600s] -- Check for working CXX compiler: /usr/bin/c++ - skipped
[0.600s] -- Detecting CXX compile features
[0.600s] -- Detecting CXX compile features - done
[0.615s] -- Configuring incomplete, errors occurred!
[0.615s] See also "/home/golam_sadek/ros2_ws/build/gz-sim8/CMakeFiles/CMakeOutput.log".
[0.615s] [31mCMake Error at CMakeLists.txt:13 (find_package):
[0.615s]   By not providing "Findgz-cmake3.cmake" in CMAKE_MODULE_PATH this project
[0.615s]   has asked CMake to find a package configuration file provided by
[0.616s]   "gz-cmake3", but CMake did not find one.
[0.616s] 
[0.616s]   Could not find a package configuration file provided by "gz-cmake3" with
[0.616s]   any of the following names:
[0.616s] 
[0.616s]     gz-cmake3Config.cmake
[0.616s]     gz-cmake3-config.cmake
[0.616s] 
[0.617s]   Add the installation prefix of "gz-cmake3" to CMAKE_PREFIX_PATH or set
[0.617s]   "gz-cmake3_DIR" to a directory containing one of the above files.  If
[0.617s]   "gz-cmake3" provides a separate development package or SDK, be sure it has
[0.617s]   been installed.
[0.617s] 
[0.617s] [0m
[0.624s] Invoked command in '/home/golam_sadek/ros2_ws/build/gz-sim8' returned '1': CMAKE_PREFIX_PATH=/opt/ros/humble /usr/bin/cmake /home/golam_sadek/ros2_ws/gz-sim-gz-sim8 -DCMAKE_INSTALL_PREFIX=/home/golam_sadek/ros2_ws/install/gz-sim8
