[1.038s] Invoking command in '/home/golam_sadek/ros2_ws/build/turtlesim_catch_them_all': PYTHONPATH=/home/golam_sadek/ros2_ws/build/turtlesim_catch_them_all/prefix_override:/usr/lib/python3/dist-packages/colcon_core/task/python/colcon_distutils_commands:/home/golam_sadek/ros2_ws/install/turtlesim_catch_them_all/lib/python3.10/site-packages:${PYTHONPATH} /usr/bin/python3 -W ignore:setup.py install is deprecated -W ignore:easy_install command is deprecated setup.py develop --editable --build-directory /home/golam_sadek/ros2_ws/build/turtlesim_catch_them_all/build --no-deps symlink_data
[1.376s] running develop
[1.561s] running egg_info
[1.561s] creating turtlesim_catch_them_all.egg-info
[1.561s] writing turtlesim_catch_them_all.egg-info/PKG-INFO
[1.561s] writing dependency_links to turtlesim_catch_them_all.egg-info/dependency_links.txt
[1.561s] writing entry points to turtlesim_catch_them_all.egg-info/entry_points.txt
[1.561s] writing requirements to turtlesim_catch_them_all.egg-info/requires.txt
[1.562s] writing top-level names to turtlesim_catch_them_all.egg-info/top_level.txt
[1.562s] writing manifest file 'turtlesim_catch_them_all.egg-info/SOURCES.txt'
[1.564s] reading manifest file 'turtlesim_catch_them_all.egg-info/SOURCES.txt'
[1.565s] writing manifest file 'turtlesim_catch_them_all.egg-info/SOURCES.txt'
[1.566s] running build_ext
[1.566s] Creating /home/golam_sadek/ros2_ws/install/turtlesim_catch_them_all/lib/python3.10/site-packages/turtlesim-catch-them-all.egg-link (link to .)
[1.568s] 
[1.568s] Installed /home/golam_sadek/ros2_ws/build/turtlesim_catch_them_all
[1.568s] running symlink_data
[1.568s] creating /home/golam_sadek/ros2_ws/install/turtlesim_catch_them_all/share/ament_index
[1.568s] creating /home/golam_sadek/ros2_ws/install/turtlesim_catch_them_all/share/ament_index/resource_index
[1.568s] creating /home/golam_sadek/ros2_ws/install/turtlesim_catch_them_all/share/ament_index/resource_index/packages
[1.568s] symbolically linking /home/golam_sadek/ros2_ws/build/turtlesim_catch_them_all/resource/turtlesim_catch_them_all -> /home/golam_sadek/ros2_ws/install/turtlesim_catch_them_all/share/ament_index/resource_index/packages
[1.568s] symbolically linking /home/golam_sadek/ros2_ws/build/turtlesim_catch_them_all/package.xml -> /home/golam_sadek/ros2_ws/install/turtlesim_catch_them_all/share/turtlesim_catch_them_all
[1.636s] Invoked command in '/home/golam_sadek/ros2_ws/build/turtlesim_catch_them_all' returned '0': PYTHONPATH=/home/golam_sadek/ros2_ws/build/turtlesim_catch_them_all/prefix_override:/usr/lib/python3/dist-packages/colcon_core/task/python/colcon_distutils_commands:/home/golam_sadek/ros2_ws/install/turtlesim_catch_them_all/lib/python3.10/site-packages:${PYTHONPATH} /usr/bin/python3 -W ignore:setup.py install is deprecated -W ignore:easy_install command is deprecated setup.py develop --editable --build-directory /home/golam_sadek/ros2_ws/build/turtlesim_catch_them_all/build --no-deps symlink_data
