-- The C compiler identification is GNU 11.4.0
-- The CXX compiler identification is GNU 11.4.0
-- Detecting C compiler ABI info
-- Detecting C compiler ABI info - done
-- Check for working C compiler: /usr/bin/cc - skipped
-- Detecting C compile features
-- Detecting C compile features - done
-- Detecting CXX compiler ABI info
-- Detecting CXX compiler ABI info - done
-- Check for working CXX compiler: /usr/bin/c++ - skipped
-- Detecting CXX compile features
-- Detecting CXX compile features - done
-- Found ament_cmake: 1.3.11 (/opt/ros/humble/share/ament_cmake/cmake)
-- Found Python3: /usr/bin/python3 (found version "3.10.12") found components: Interpreter 
-- Override CMake install command with custom implementation using symlinks instead of copying resources
-- Found rclcpp: 16.0.11 (/opt/ros/humble/share/rclcpp/cmake)
-- Found rosidl_generator_c: 3.1.6 (/opt/ros/humble/share/rosidl_generator_c/cmake)
-- Found rosidl_adapter: 3.1.6 (/opt/ros/humble/share/rosidl_adapter/cmake)
-- Found rosidl_generator_cpp: 3.1.6 (/opt/ros/humble/share/rosidl_generator_cpp/cmake)
-- Using all available rosidl_typesupport_c: rosidl_typesupport_fastrtps_c;rosidl_typesupport_introspection_c
-- Using all available rosidl_typesupport_cpp: rosidl_typesupport_fastrtps_cpp;rosidl_typesupport_introspection_cpp
-- Found rmw_implementation_cmake: 6.1.2 (/opt/ros/humble/share/rmw_implementation_cmake/cmake)
-- Found rmw_fastrtps_cpp: 6.2.7 (/opt/ros/humble/share/rmw_fastrtps_cpp/cmake)
-- Found OpenSSL: /usr/lib/x86_64-linux-gnu/libcrypto.so (found version "3.0.2")  
-- Found FastRTPS: /opt/ros/humble/include  
-- Using RMW implementation 'rmw_fastrtps_cpp' as default
-- Looking for pthread.h
-- Looking for pthread.h - found
-- Performing Test CMAKE_HAVE_LIBC_PTHREAD
-- Performing Test CMAKE_HAVE_LIBC_PTHREAD - Success
-- Found Threads: TRUE  
-- Found example_interfaces: 0.9.3 (/opt/ros/humble/share/example_interfaces/cmake)
-- Configuring done
-- Generating done
-- Build files have been written to: /home/golam_sadek/ros2_ws/build/my_cpp_pkg
[ 16%] [32mBuilding CXX object CMakeFiles/cpp_node.dir/src/my_first_node.cpp.o[0m
[ 33%] [32mBuilding CXX object CMakeFiles/robot_news_station.dir/src/robot_news_station.cpp.o[0m
[ 50%] [32mBuilding CXX object CMakeFiles/smartphone.dir/src/smartphone.cpp.o[0m
[ 66%] [32m[1mLinking CXX executable cpp_node[0m
[ 66%] Built target cpp_node
[ 83%] [32m[1mLinking CXX executable robot_news_station[0m
[ 83%] Built target robot_news_station
[100%] [32m[1mLinking CXX executable smartphone[0m
[100%] Built target smartphone
-- Install configuration: ""
-- Execute custom install script
-- Symlinking: /home/golam_sadek/ros2_ws/install/my_cpp_pkg/lib/my_cpp_pkg/cpp_node
-- Symlinking: /home/golam_sadek/ros2_ws/install/my_cpp_pkg/lib/my_cpp_pkg/robot_news_station
-- Symlinking: /home/golam_sadek/ros2_ws/install/my_cpp_pkg/lib/my_cpp_pkg/smartphone
-- Symlinking: /home/golam_sadek/ros2_ws/install/my_cpp_pkg/share/ament_index/resource_index/package_run_dependencies/my_cpp_pkg
-- Symlinking: /home/golam_sadek/ros2_ws/install/my_cpp_pkg/share/ament_index/resource_index/parent_prefix_path/my_cpp_pkg
-- Symlinking: /home/golam_sadek/ros2_ws/install/my_cpp_pkg/share/my_cpp_pkg/environment/ament_prefix_path.sh
-- Symlinking: /home/golam_sadek/ros2_ws/install/my_cpp_pkg/share/my_cpp_pkg/environment/ament_prefix_path.dsv
-- Symlinking: /home/golam_sadek/ros2_ws/install/my_cpp_pkg/share/my_cpp_pkg/environment/path.sh
-- Symlinking: /home/golam_sadek/ros2_ws/install/my_cpp_pkg/share/my_cpp_pkg/environment/path.dsv
-- Symlinking: /home/golam_sadek/ros2_ws/install/my_cpp_pkg/share/my_cpp_pkg/local_setup.bash
-- Symlinking: /home/golam_sadek/ros2_ws/install/my_cpp_pkg/share/my_cpp_pkg/local_setup.sh
-- Symlinking: /home/golam_sadek/ros2_ws/install/my_cpp_pkg/share/my_cpp_pkg/local_setup.zsh
-- Symlinking: /home/golam_sadek/ros2_ws/install/my_cpp_pkg/share/my_cpp_pkg/local_setup.dsv
-- Symlinking: /home/golam_sadek/ros2_ws/install/my_cpp_pkg/share/my_cpp_pkg/package.dsv
-- Symlinking: /home/golam_sadek/ros2_ws/install/my_cpp_pkg/share/ament_index/resource_index/packages/my_cpp_pkg
-- Symlinking: /home/golam_sadek/ros2_ws/install/my_cpp_pkg/share/my_cpp_pkg/cmake/my_cpp_pkgConfig.cmake
-- Symlinking: /home/golam_sadek/ros2_ws/install/my_cpp_pkg/share/my_cpp_pkg/cmake/my_cpp_pkgConfig-version.cmake
-- Symlinking: /home/golam_sadek/ros2_ws/install/my_cpp_pkg/share/my_cpp_pkg/package.xml
