[0.223s] Invoking command in '/home/golam_sadek/ros2_ws/build/my_cpp_pkg': CMAKE_PREFIX_PATH=/opt/ros/humble /usr/bin/cmake /home/golam_sadek/ros2_ws/src/my_cpp_pkg -DAMENT_CMAKE_SYMLINK_INSTALL=1 -DCMAKE_INSTALL_PREFIX=/home/golam_sadek/ros2_ws/install/my_cpp_pkg
[0.283s] -- The C compiler identification is GNU 11.4.0
[0.346s] -- The CXX compiler identification is GNU 11.4.0
[0.353s] -- Detecting C compiler ABI info
[0.434s] -- Detecting C compiler ABI info - done
[0.442s] -- Check for working C compiler: /usr/bin/cc - skipped
[0.442s] -- Detecting C compile features
[0.443s] -- Detecting C compile features - done
[0.446s] -- Detecting CXX compiler ABI info
[0.531s] -- Detecting CXX compiler ABI info - done
[0.545s] -- Check for working CXX compiler: /usr/bin/c++ - skipped
[0.545s] -- Detecting CXX compile features
[0.546s] -- Detecting CXX compile features - done
[0.549s] -- Found ament_cmake: 1.3.11 (/opt/ros/humble/share/ament_cmake/cmake)
[0.790s] -- Found Python3: /usr/bin/python3 (found version "3.10.12") found components: Interpreter 
[0.901s] -- Override CMake install command with custom implementation using symlinks instead of copying resources
[0.935s] -- Found rclcpp: 16.0.11 (/opt/ros/humble/share/rclcpp/cmake)
[0.990s] -- Found rosidl_generator_c: 3.1.6 (/opt/ros/humble/share/rosidl_generator_c/cmake)
[0.994s] -- Found rosidl_adapter: 3.1.6 (/opt/ros/humble/share/rosidl_adapter/cmake)
[1.003s] -- Found rosidl_generator_cpp: 3.1.6 (/opt/ros/humble/share/rosidl_generator_cpp/cmake)
[1.026s] -- Using all available rosidl_typesupport_c: rosidl_typesupport_fastrtps_c;rosidl_typesupport_introspection_c
[1.042s] -- Using all available rosidl_typesupport_cpp: rosidl_typesupport_fastrtps_cpp;rosidl_typesupport_introspection_cpp
[1.105s] -- Found rmw_implementation_cmake: 6.1.2 (/opt/ros/humble/share/rmw_implementation_cmake/cmake)
[1.108s] -- Found rmw_fastrtps_cpp: 6.2.7 (/opt/ros/humble/share/rmw_fastrtps_cpp/cmake)
[1.230s] -- Found OpenSSL: /usr/lib/x86_64-linux-gnu/libcrypto.so (found version "3.0.2")  
[1.275s] -- Found FastRTPS: /opt/ros/humble/include  
[1.341s] -- Using RMW implementation 'rmw_fastrtps_cpp' as default
[1.356s] -- Looking for pthread.h
[1.457s] -- Looking for pthread.h - found
[1.457s] -- Performing Test CMAKE_HAVE_LIBC_PTHREAD
[1.543s] -- Performing Test CMAKE_HAVE_LIBC_PTHREAD - Success
[1.543s] -- Found Threads: TRUE  
[1.667s] -- Found example_interfaces: 0.9.3 (/opt/ros/humble/share/example_interfaces/cmake)
[1.848s] -- Configuring done
[1.870s] -- Generating done
[1.880s] -- Build files have been written to: /home/golam_sadek/ros2_ws/build/my_cpp_pkg
[1.894s] Invoked command in '/home/golam_sadek/ros2_ws/build/my_cpp_pkg' returned '0': CMAKE_PREFIX_PATH=/opt/ros/humble /usr/bin/cmake /home/golam_sadek/ros2_ws/src/my_cpp_pkg -DAMENT_CMAKE_SYMLINK_INSTALL=1 -DCMAKE_INSTALL_PREFIX=/home/golam_sadek/ros2_ws/install/my_cpp_pkg
[1.896s] Invoking command in '/home/golam_sadek/ros2_ws/build/my_cpp_pkg': CMAKE_PREFIX_PATH=/opt/ros/humble /usr/bin/cmake --build /home/golam_sadek/ros2_ws/build/my_cpp_pkg -- -j8 -l8
[1.954s] [ 16%] [32mBuilding CXX object CMakeFiles/cpp_node.dir/src/my_first_node.cpp.o[0m
[1.959s] [ 33%] [32mBuilding CXX object CMakeFiles/robot_news_station.dir/src/robot_news_station.cpp.o[0m
[1.961s] [ 50%] [32mBuilding CXX object CMakeFiles/smartphone.dir/src/smartphone.cpp.o[0m
[6.171s] In file included from [01m[K/opt/ros/humble/include/rclcpp/rclcpp/logging.hpp:24[m[K,
[6.171s]                  from [01m[K/opt/ros/humble/include/rclcpp/rclcpp/client.hpp:40[m[K,
[6.171s]                  from [01m[K/opt/ros/humble/include/rclcpp/rclcpp/callback_group.hpp:24[m[K,
[6.171s]                  from [01m[K/opt/ros/humble/include/rclcpp/rclcpp/any_executable.hpp:20[m[K,
[6.171s]                  from [01m[K/opt/ros/humble/include/rclcpp/rclcpp/memory_strategy.hpp:25[m[K,
[6.171s]                  from [01m[K/opt/ros/humble/include/rclcpp/rclcpp/memory_strategies.hpp:18[m[K,
[6.171s]                  from [01m[K/opt/ros/humble/include/rclcpp/rclcpp/executor_options.hpp:20[m[K,
[6.171s]                  from [01m[K/opt/ros/humble/include/rclcpp/rclcpp/executor.hpp:37[m[K,
[6.171s]                  from [01m[K/opt/ros/humble/include/rclcpp/rclcpp/executors/multi_threaded_executor.hpp:25[m[K,
[6.171s]                  from [01m[K/opt/ros/humble/include/rclcpp/rclcpp/executors.hpp:21[m[K,
[6.171s]                  from [01m[K/opt/ros/humble/include/rclcpp/rclcpp/rclcpp.hpp:155[m[K,
[6.171s]                  from [01m[K/home/golam_sadek/ros2_ws/src/my_cpp_pkg/src/smartphone.cpp:1[m[K:
[6.171s] [01m[K/home/golam_sadek/ros2_ws/src/my_cpp_pkg/src/smartphone.cpp:[m[K In member function ‘[01m[Kvoid SmartphoneNode::callbackRobotNews(example_interfaces::msg::String_<std::allocator<void> >::SharedPtr)[m[K’:
[6.172s] [01m[K/home/golam_sadek/ros2_ws/src/my_cpp_pkg/src/smartphone.cpp:16:41:[m[K [01;35m[Kwarning: [m[Kunknown conversion type character ‘[01m[K$[m[K’ in format [[01;35m[K]8;;https://gcc.gnu.org/onlinedocs/gcc/Warning-Options.html#index-Wformat=-Wformat=]8;;[m[K]
[6.172s]    16 |         RCLCPP_INFO(this->get_logger(), [01;35m[K"%$"[m[K,msg->data.c_str());
[6.172s]       |                                         [01;35m[K^~~~[m[K
[6.172s] [01m[K/home/golam_sadek/ros2_ws/src/my_cpp_pkg/src/smartphone.cpp:16:43:[m[K [01;36m[Knote: [m[Kformat string is defined here
[6.172s]    16 |         RCLCPP_INFO(this->get_logger(), "%[01;36m[K$[m[K",msg->data.c_str());
[6.172s]       |                                           [01;36m[K^[m[K
[6.172s] In file included from [01m[K/opt/ros/humble/include/rclcpp/rclcpp/logging.hpp:24[m[K,
[6.172s]                  from [01m[K/opt/ros/humble/include/rclcpp/rclcpp/client.hpp:40[m[K,
[6.172s]                  from [01m[K/opt/ros/humble/include/rclcpp/rclcpp/callback_group.hpp:24[m[K,
[6.172s]                  from [01m[K/opt/ros/humble/include/rclcpp/rclcpp/any_executable.hpp:20[m[K,
[6.172s]                  from [01m[K/opt/ros/humble/include/rclcpp/rclcpp/memory_strategy.hpp:25[m[K,
[6.172s]                  from [01m[K/opt/ros/humble/include/rclcpp/rclcpp/memory_strategies.hpp:18[m[K,
[6.172s]                  from [01m[K/opt/ros/humble/include/rclcpp/rclcpp/executor_options.hpp:20[m[K,
[6.172s]                  from [01m[K/opt/ros/humble/include/rclcpp/rclcpp/executor.hpp:37[m[K,
[6.172s]                  from [01m[K/opt/ros/humble/include/rclcpp/rclcpp/executors/multi_threaded_executor.hpp:25[m[K,
[6.172s]                  from [01m[K/opt/ros/humble/include/rclcpp/rclcpp/executors.hpp:21[m[K,
[6.173s]                  from [01m[K/opt/ros/humble/include/rclcpp/rclcpp/rclcpp.hpp:155[m[K,
[6.173s]                  from [01m[K/home/golam_sadek/ros2_ws/src/my_cpp_pkg/src/smartphone.cpp:1[m[K:
[6.173s] [01m[K/home/golam_sadek/ros2_ws/src/my_cpp_pkg/src/smartphone.cpp:16:41:[m[K [01;35m[Kwarning: [m[Ktoo many arguments for format [[01;35m[K]8;;https://gcc.gnu.org/onlinedocs/gcc/Warning-Options.html#index-Wformat-extra-args-Wformat-extra-args]8;;[m[K]
[6.173s]    16 |         RCLCPP_INFO(this->get_logger(), [01;35m[K"%$"[m[K,msg->data.c_str());
[6.173s]       |                                         [01;35m[K^~~~[m[K
[6.722s] [ 66%] [32m[1mLinking CXX executable cpp_node[0m
[6.878s] [ 66%] Built target cpp_node
[8.133s] [ 83%] [32m[1mLinking CXX executable robot_news_station[0m
[8.352s] [ 83%] Built target robot_news_station
[11.399s] [100%] [32m[1mLinking CXX executable smartphone[0m
[11.763s] [100%] Built target smartphone
[11.773s] Invoked command in '/home/golam_sadek/ros2_ws/build/my_cpp_pkg' returned '0': CMAKE_PREFIX_PATH=/opt/ros/humble /usr/bin/cmake --build /home/golam_sadek/ros2_ws/build/my_cpp_pkg -- -j8 -l8
[11.774s] Invoking command in '/home/golam_sadek/ros2_ws/build/my_cpp_pkg': CMAKE_PREFIX_PATH=/opt/ros/humble /usr/bin/cmake --install /home/golam_sadek/ros2_ws/build/my_cpp_pkg
[11.783s] -- Install configuration: ""
[11.783s] -- Execute custom install script
[11.784s] -- Symlinking: /home/golam_sadek/ros2_ws/install/my_cpp_pkg/lib/my_cpp_pkg/cpp_node
[11.793s] -- Symlinking: /home/golam_sadek/ros2_ws/install/my_cpp_pkg/lib/my_cpp_pkg/robot_news_station
[11.801s] -- Symlinking: /home/golam_sadek/ros2_ws/install/my_cpp_pkg/lib/my_cpp_pkg/smartphone
[11.809s] -- Symlinking: /home/golam_sadek/ros2_ws/install/my_cpp_pkg/share/ament_index/resource_index/package_run_dependencies/my_cpp_pkg
[11.817s] -- Symlinking: /home/golam_sadek/ros2_ws/install/my_cpp_pkg/share/ament_index/resource_index/parent_prefix_path/my_cpp_pkg
[11.825s] -- Symlinking: /home/golam_sadek/ros2_ws/install/my_cpp_pkg/share/my_cpp_pkg/environment/ament_prefix_path.sh
[11.833s] -- Symlinking: /home/golam_sadek/ros2_ws/install/my_cpp_pkg/share/my_cpp_pkg/environment/ament_prefix_path.dsv
[11.841s] -- Symlinking: /home/golam_sadek/ros2_ws/install/my_cpp_pkg/share/my_cpp_pkg/environment/path.sh
[11.849s] -- Symlinking: /home/golam_sadek/ros2_ws/install/my_cpp_pkg/share/my_cpp_pkg/environment/path.dsv
[11.857s] -- Symlinking: /home/golam_sadek/ros2_ws/install/my_cpp_pkg/share/my_cpp_pkg/local_setup.bash
[11.865s] -- Symlinking: /home/golam_sadek/ros2_ws/install/my_cpp_pkg/share/my_cpp_pkg/local_setup.sh
[11.874s] -- Symlinking: /home/golam_sadek/ros2_ws/install/my_cpp_pkg/share/my_cpp_pkg/local_setup.zsh
[11.882s] -- Symlinking: /home/golam_sadek/ros2_ws/install/my_cpp_pkg/share/my_cpp_pkg/local_setup.dsv
[11.891s] -- Symlinking: /home/golam_sadek/ros2_ws/install/my_cpp_pkg/share/my_cpp_pkg/package.dsv
[11.899s] -- Symlinking: /home/golam_sadek/ros2_ws/install/my_cpp_pkg/share/ament_index/resource_index/packages/my_cpp_pkg
[11.907s] -- Symlinking: /home/golam_sadek/ros2_ws/install/my_cpp_pkg/share/my_cpp_pkg/cmake/my_cpp_pkgConfig.cmake
[11.915s] -- Symlinking: /home/golam_sadek/ros2_ws/install/my_cpp_pkg/share/my_cpp_pkg/cmake/my_cpp_pkgConfig-version.cmake
[11.923s] -- Symlinking: /home/golam_sadek/ros2_ws/install/my_cpp_pkg/share/my_cpp_pkg/package.xml
[11.933s] Invoked command in '/home/golam_sadek/ros2_ws/build/my_cpp_pkg' returned '0': CMAKE_PREFIX_PATH=/opt/ros/humble /usr/bin/cmake --install /home/golam_sadek/ros2_ws/build/my_cpp_pkg
