[0.088s] DEBUG:colcon:Command line arguments: ['/usr/bin/colcon', 'build', '--symlink-install']
[0.089s] DEBUG:colcon:Parsed command line arguments: Namespace(log_base=None, log_level=None, verb_name='build', build_base='build', install_base='install', merge_install=False, symlink_install=True, test_result_base=None, continue_on_error=False, executor='parallel', parallel_workers=8, event_handlers=None, ignore_user_meta=False, metas=['./colcon.meta'], base_paths=['.'], packages_ignore=None, packages_ignore_regex=None, paths=None, packages_up_to=None, packages_up_to_regex=None, packages_above=None, packages_above_and_dependencies=None, packages_above_depth=None, packages_select_by_dep=None, packages_skip_by_dep=None, packages_skip_up_to=None, packages_select_build_failed=False, packages_skip_build_finished=False, packages_select_test_failures=False, packages_skip_test_passed=False, packages_select=None, packages_skip=None, packages_select_regex=None, packages_skip_regex=None, packages_start=None, packages_end=None, allow_overriding=[], cmake_args=None, cmake_target=None, cmake_target_skip_unavailable=False, cmake_clean_cache=False, cmake_clean_first=False, cmake_force_configure=False, ament_cmake_args=None, catkin_cmake_args=None, catkin_skip_building_tests=False, verb_parser=<colcon_defaults.argument_parser.defaults.DefaultArgumentsDecorator object at 0x7588db954460>, verb_extension=<colcon_core.verb.build.BuildVerb object at 0x7588dba5d750>, main=<bound method BuildVerb.main of <colcon_core.verb.build.BuildVerb object at 0x7588dba5d750>>)
[0.221s] Level 1:colcon.colcon_core.package_discovery:discover_packages(colcon_meta) check parameters
[0.221s] Level 1:colcon.colcon_core.package_discovery:discover_packages(recursive) check parameters
[0.221s] Level 1:colcon.colcon_core.package_discovery:discover_packages(ignore) check parameters
[0.221s] Level 1:colcon.colcon_core.package_discovery:discover_packages(path) check parameters
[0.221s] Level 1:colcon.colcon_core.package_discovery:discover_packages(colcon_meta) discover
[0.221s] Level 1:colcon.colcon_core.package_discovery:discover_packages(recursive) discover
[0.221s] INFO:colcon.colcon_core.package_discovery:Crawling recursively for packages in '/home/golam_sadek/ros2_ws'
[0.221s] Level 1:colcon.colcon_core.package_identification:_identify(.) by extensions ['ignore', 'ignore_ament_install']
[0.221s] Level 1:colcon.colcon_core.package_identification:_identify(.) by extension 'ignore'
[0.221s] Level 1:colcon.colcon_core.package_identification:_identify(.) by extension 'ignore_ament_install'
[0.221s] Level 1:colcon.colcon_core.package_identification:_identify(.) by extensions ['colcon_pkg']
[0.221s] Level 1:colcon.colcon_core.package_identification:_identify(.) by extension 'colcon_pkg'
[0.221s] Level 1:colcon.colcon_core.package_identification:_identify(.) by extensions ['colcon_meta']
[0.221s] Level 1:colcon.colcon_core.package_identification:_identify(.) by extension 'colcon_meta'
[0.222s] Level 1:colcon.colcon_core.package_identification:_identify(.) by extensions ['ros']
[0.222s] Level 1:colcon.colcon_core.package_identification:_identify(.) by extension 'ros'
[0.231s] Level 1:colcon.colcon_core.package_identification:_identify(.) by extensions ['cmake', 'python']
[0.231s] Level 1:colcon.colcon_core.package_identification:_identify(.) by extension 'cmake'
[0.231s] Level 1:colcon.colcon_core.package_identification:_identify(.) by extension 'python'
[0.232s] Level 1:colcon.colcon_core.package_identification:_identify(.) by extensions ['python_setup_py']
[0.232s] Level 1:colcon.colcon_core.package_identification:_identify(.) by extension 'python_setup_py'
[0.232s] Level 1:colcon.colcon_core.package_identification:_identify(build) by extensions ['ignore', 'ignore_ament_install']
[0.232s] Level 1:colcon.colcon_core.package_identification:_identify(build) by extension 'ignore'
[0.232s] Level 1:colcon.colcon_core.package_identification:_identify(build) ignored
[0.232s] Level 1:colcon.colcon_core.package_identification:_identify(install) by extensions ['ignore', 'ignore_ament_install']
[0.232s] Level 1:colcon.colcon_core.package_identification:_identify(install) by extension 'ignore'
[0.232s] Level 1:colcon.colcon_core.package_identification:_identify(install) ignored
[0.232s] Level 1:colcon.colcon_core.package_identification:_identify(log) by extensions ['ignore', 'ignore_ament_install']
[0.233s] Level 1:colcon.colcon_core.package_identification:_identify(log) by extension 'ignore'
[0.233s] Level 1:colcon.colcon_core.package_identification:_identify(log) ignored
[0.233s] Level 1:colcon.colcon_core.package_identification:_identify(src) by extensions ['ignore', 'ignore_ament_install']
[0.233s] Level 1:colcon.colcon_core.package_identification:_identify(src) by extension 'ignore'
[0.233s] Level 1:colcon.colcon_core.package_identification:_identify(src) by extension 'ignore_ament_install'
[0.233s] Level 1:colcon.colcon_core.package_identification:_identify(src) by extensions ['colcon_pkg']
[0.233s] Level 1:colcon.colcon_core.package_identification:_identify(src) by extension 'colcon_pkg'
[0.233s] Level 1:colcon.colcon_core.package_identification:_identify(src) by extensions ['colcon_meta']
[0.233s] Level 1:colcon.colcon_core.package_identification:_identify(src) by extension 'colcon_meta'
[0.233s] Level 1:colcon.colcon_core.package_identification:_identify(src) by extensions ['ros']
[0.233s] Level 1:colcon.colcon_core.package_identification:_identify(src) by extension 'ros'
[0.233s] Level 1:colcon.colcon_core.package_identification:_identify(src) by extensions ['cmake', 'python']
[0.233s] Level 1:colcon.colcon_core.package_identification:_identify(src) by extension 'cmake'
[0.233s] Level 1:colcon.colcon_core.package_identification:_identify(src) by extension 'python'
[0.233s] Level 1:colcon.colcon_core.package_identification:_identify(src) by extensions ['python_setup_py']
[0.233s] Level 1:colcon.colcon_core.package_identification:_identify(src) by extension 'python_setup_py'
[0.233s] Level 1:colcon.colcon_core.package_identification:_identify(src/my_cpp_pkg) by extensions ['ignore', 'ignore_ament_install']
[0.233s] Level 1:colcon.colcon_core.package_identification:_identify(src/my_cpp_pkg) by extension 'ignore'
[0.233s] Level 1:colcon.colcon_core.package_identification:_identify(src/my_cpp_pkg) by extension 'ignore_ament_install'
[0.234s] Level 1:colcon.colcon_core.package_identification:_identify(src/my_cpp_pkg) by extensions ['colcon_pkg']
[0.234s] Level 1:colcon.colcon_core.package_identification:_identify(src/my_cpp_pkg) by extension 'colcon_pkg'
[0.234s] Level 1:colcon.colcon_core.package_identification:_identify(src/my_cpp_pkg) by extensions ['colcon_meta']
[0.234s] Level 1:colcon.colcon_core.package_identification:_identify(src/my_cpp_pkg) by extension 'colcon_meta'
[0.234s] Level 1:colcon.colcon_core.package_identification:_identify(src/my_cpp_pkg) by extensions ['ros']
[0.234s] Level 1:colcon.colcon_core.package_identification:_identify(src/my_cpp_pkg) by extension 'ros'
[0.236s] DEBUG:colcon.colcon_core.package_identification:Package 'src/my_cpp_pkg' with type 'ros.ament_cmake' and name 'my_cpp_pkg'
[0.236s] Level 1:colcon.colcon_core.package_identification:_identify(src/my_py_pkg) by extensions ['ignore', 'ignore_ament_install']
[0.236s] Level 1:colcon.colcon_core.package_identification:_identify(src/my_py_pkg) by extension 'ignore'
[0.236s] Level 1:colcon.colcon_core.package_identification:_identify(src/my_py_pkg) by extension 'ignore_ament_install'
[0.236s] Level 1:colcon.colcon_core.package_identification:_identify(src/my_py_pkg) by extensions ['colcon_pkg']
[0.236s] Level 1:colcon.colcon_core.package_identification:_identify(src/my_py_pkg) by extension 'colcon_pkg'
[0.236s] Level 1:colcon.colcon_core.package_identification:_identify(src/my_py_pkg) by extensions ['colcon_meta']
[0.236s] Level 1:colcon.colcon_core.package_identification:_identify(src/my_py_pkg) by extension 'colcon_meta'
[0.236s] Level 1:colcon.colcon_core.package_identification:_identify(src/my_py_pkg) by extensions ['ros']
[0.236s] Level 1:colcon.colcon_core.package_identification:_identify(src/my_py_pkg) by extension 'ros'
[0.237s] DEBUG:colcon.colcon_core.package_identification:Package 'src/my_py_pkg' with type 'ros.ament_python' and name 'my_py_pkg'
[0.237s] Level 1:colcon.colcon_core.package_identification:_identify(src/my_robot1_bringup) by extensions ['ignore', 'ignore_ament_install']
[0.237s] Level 1:colcon.colcon_core.package_identification:_identify(src/my_robot1_bringup) by extension 'ignore'
[0.237s] Level 1:colcon.colcon_core.package_identification:_identify(src/my_robot1_bringup) by extension 'ignore_ament_install'
[0.237s] Level 1:colcon.colcon_core.package_identification:_identify(src/my_robot1_bringup) by extensions ['colcon_pkg']
[0.237s] Level 1:colcon.colcon_core.package_identification:_identify(src/my_robot1_bringup) by extension 'colcon_pkg'
[0.237s] Level 1:colcon.colcon_core.package_identification:_identify(src/my_robot1_bringup) by extensions ['colcon_meta']
[0.237s] Level 1:colcon.colcon_core.package_identification:_identify(src/my_robot1_bringup) by extension 'colcon_meta'
[0.238s] Level 1:colcon.colcon_core.package_identification:_identify(src/my_robot1_bringup) by extensions ['ros']
[0.238s] Level 1:colcon.colcon_core.package_identification:_identify(src/my_robot1_bringup) by extension 'ros'
[0.238s] DEBUG:colcon.colcon_core.package_identification:Package 'src/my_robot1_bringup' with type 'ros.ament_cmake' and name 'my_robot1_bringup'
[0.238s] Level 1:colcon.colcon_core.package_identification:_identify(src/my_robot_bringup) by extensions ['ignore', 'ignore_ament_install']
[0.238s] Level 1:colcon.colcon_core.package_identification:_identify(src/my_robot_bringup) by extension 'ignore'
[0.238s] Level 1:colcon.colcon_core.package_identification:_identify(src/my_robot_bringup) by extension 'ignore_ament_install'
[0.238s] Level 1:colcon.colcon_core.package_identification:_identify(src/my_robot_bringup) by extensions ['colcon_pkg']
[0.238s] Level 1:colcon.colcon_core.package_identification:_identify(src/my_robot_bringup) by extension 'colcon_pkg'
[0.238s] Level 1:colcon.colcon_core.package_identification:_identify(src/my_robot_bringup) by extensions ['colcon_meta']
[0.238s] Level 1:colcon.colcon_core.package_identification:_identify(src/my_robot_bringup) by extension 'colcon_meta'
[0.238s] Level 1:colcon.colcon_core.package_identification:_identify(src/my_robot_bringup) by extensions ['ros']
[0.238s] Level 1:colcon.colcon_core.package_identification:_identify(src/my_robot_bringup) by extension 'ros'
[0.239s] DEBUG:colcon.colcon_core.package_identification:Package 'src/my_robot_bringup' with type 'ros.ament_cmake' and name 'my_robot_bringup'
[0.239s] Level 1:colcon.colcon_core.package_identification:_identify(src/my_robot_description) by extensions ['ignore', 'ignore_ament_install']
[0.239s] Level 1:colcon.colcon_core.package_identification:_identify(src/my_robot_description) by extension 'ignore'
[0.239s] Level 1:colcon.colcon_core.package_identification:_identify(src/my_robot_description) by extension 'ignore_ament_install'
[0.239s] Level 1:colcon.colcon_core.package_identification:_identify(src/my_robot_description) by extensions ['colcon_pkg']
[0.239s] Level 1:colcon.colcon_core.package_identification:_identify(src/my_robot_description) by extension 'colcon_pkg'
[0.239s] Level 1:colcon.colcon_core.package_identification:_identify(src/my_robot_description) by extensions ['colcon_meta']
[0.239s] Level 1:colcon.colcon_core.package_identification:_identify(src/my_robot_description) by extension 'colcon_meta'
[0.239s] Level 1:colcon.colcon_core.package_identification:_identify(src/my_robot_description) by extensions ['ros']
[0.239s] Level 1:colcon.colcon_core.package_identification:_identify(src/my_robot_description) by extension 'ros'
[0.240s] DEBUG:colcon.colcon_core.package_identification:Package 'src/my_robot_description' with type 'ros.ament_cmake' and name 'my_robot_description'
[0.240s] Level 1:colcon.colcon_core.package_identification:_identify(src/my_robot_interfaces) by extensions ['ignore', 'ignore_ament_install']
[0.240s] Level 1:colcon.colcon_core.package_identification:_identify(src/my_robot_interfaces) by extension 'ignore'
[0.240s] Level 1:colcon.colcon_core.package_identification:_identify(src/my_robot_interfaces) by extension 'ignore_ament_install'
[0.240s] Level 1:colcon.colcon_core.package_identification:_identify(src/my_robot_interfaces) by extensions ['colcon_pkg']
[0.240s] Level 1:colcon.colcon_core.package_identification:_identify(src/my_robot_interfaces) by extension 'colcon_pkg'
[0.240s] Level 1:colcon.colcon_core.package_identification:_identify(src/my_robot_interfaces) by extensions ['colcon_meta']
[0.240s] Level 1:colcon.colcon_core.package_identification:_identify(src/my_robot_interfaces) by extension 'colcon_meta'
[0.240s] Level 1:colcon.colcon_core.package_identification:_identify(src/my_robot_interfaces) by extensions ['ros']
[0.240s] Level 1:colcon.colcon_core.package_identification:_identify(src/my_robot_interfaces) by extension 'ros'
[0.241s] DEBUG:colcon.colcon_core.package_identification:Package 'src/my_robot_interfaces' with type 'ros.ament_cmake' and name 'my_robot_interfaces'
[0.241s] Level 1:colcon.colcon_core.package_identification:_identify(src/turtlesim_catch_them_all) by extensions ['ignore', 'ignore_ament_install']
[0.241s] Level 1:colcon.colcon_core.package_identification:_identify(src/turtlesim_catch_them_all) by extension 'ignore'
[0.241s] Level 1:colcon.colcon_core.package_identification:_identify(src/turtlesim_catch_them_all) by extension 'ignore_ament_install'
[0.241s] Level 1:colcon.colcon_core.package_identification:_identify(src/turtlesim_catch_them_all) by extensions ['colcon_pkg']
[0.241s] Level 1:colcon.colcon_core.package_identification:_identify(src/turtlesim_catch_them_all) by extension 'colcon_pkg'
[0.241s] Level 1:colcon.colcon_core.package_identification:_identify(src/turtlesim_catch_them_all) by extensions ['colcon_meta']
[0.241s] Level 1:colcon.colcon_core.package_identification:_identify(src/turtlesim_catch_them_all) by extension 'colcon_meta'
[0.241s] Level 1:colcon.colcon_core.package_identification:_identify(src/turtlesim_catch_them_all) by extensions ['ros']
[0.241s] Level 1:colcon.colcon_core.package_identification:_identify(src/turtlesim_catch_them_all) by extension 'ros'
[0.242s] DEBUG:colcon.colcon_core.package_identification:Package 'src/turtlesim_catch_them_all' with type 'ros.ament_python' and name 'turtlesim_catch_them_all'
[0.242s] Level 1:colcon.colcon_core.package_discovery:discover_packages(recursive) using defaults
[0.242s] Level 1:colcon.colcon_core.package_discovery:discover_packages(ignore) discover
[0.242s] Level 1:colcon.colcon_core.package_discovery:discover_packages(ignore) using defaults
[0.242s] Level 1:colcon.colcon_core.package_discovery:discover_packages(path) discover
[0.242s] Level 1:colcon.colcon_core.package_discovery:discover_packages(path) using defaults
[0.260s] Level 1:colcon.colcon_core.package_discovery:discover_packages(prefix_path) check parameters
[0.260s] Level 1:colcon.colcon_core.package_discovery:discover_packages(prefix_path) discover
[0.271s] DEBUG:colcon.colcon_installed_package_information.package_discovery:Found 7 installed packages in /home/golam_sadek/ros2_ws/install
[0.272s] DEBUG:colcon.colcon_installed_package_information.package_discovery:Found 294 installed packages in /opt/ros/humble
[0.273s] Level 1:colcon.colcon_core.package_discovery:discover_packages(prefix_path) using defaults
[0.304s] Level 5:colcon.colcon_core.verb:set package 'my_cpp_pkg' build argument 'cmake_args' from command line to 'None'
[0.304s] Level 5:colcon.colcon_core.verb:set package 'my_cpp_pkg' build argument 'cmake_target' from command line to 'None'
[0.304s] Level 5:colcon.colcon_core.verb:set package 'my_cpp_pkg' build argument 'cmake_target_skip_unavailable' from command line to 'False'
[0.304s] Level 5:colcon.colcon_core.verb:set package 'my_cpp_pkg' build argument 'cmake_clean_cache' from command line to 'False'
[0.304s] Level 5:colcon.colcon_core.verb:set package 'my_cpp_pkg' build argument 'cmake_clean_first' from command line to 'False'
[0.304s] Level 5:colcon.colcon_core.verb:set package 'my_cpp_pkg' build argument 'cmake_force_configure' from command line to 'False'
[0.304s] Level 5:colcon.colcon_core.verb:set package 'my_cpp_pkg' build argument 'ament_cmake_args' from command line to 'None'
[0.304s] Level 5:colcon.colcon_core.verb:set package 'my_cpp_pkg' build argument 'catkin_cmake_args' from command line to 'None'
[0.305s] Level 5:colcon.colcon_core.verb:set package 'my_cpp_pkg' build argument 'catkin_skip_building_tests' from command line to 'False'
[0.305s] DEBUG:colcon.colcon_core.verb:Building package 'my_cpp_pkg' with the following arguments: {'ament_cmake_args': None, 'build_base': '/home/golam_sadek/ros2_ws/build/my_cpp_pkg', 'catkin_cmake_args': None, 'catkin_skip_building_tests': False, 'cmake_args': None, 'cmake_clean_cache': False, 'cmake_clean_first': False, 'cmake_force_configure': False, 'cmake_target': None, 'cmake_target_skip_unavailable': False, 'install_base': '/home/golam_sadek/ros2_ws/install/my_cpp_pkg', 'merge_install': False, 'path': '/home/golam_sadek/ros2_ws/src/my_cpp_pkg', 'symlink_install': True, 'test_result_base': None}
[0.305s] Level 5:colcon.colcon_core.verb:set package 'my_py_pkg' build argument 'cmake_args' from command line to 'None'
[0.305s] Level 5:colcon.colcon_core.verb:set package 'my_py_pkg' build argument 'cmake_target' from command line to 'None'
[0.305s] Level 5:colcon.colcon_core.verb:set package 'my_py_pkg' build argument 'cmake_target_skip_unavailable' from command line to 'False'
[0.305s] Level 5:colcon.colcon_core.verb:set package 'my_py_pkg' build argument 'cmake_clean_cache' from command line to 'False'
[0.305s] Level 5:colcon.colcon_core.verb:set package 'my_py_pkg' build argument 'cmake_clean_first' from command line to 'False'
[0.305s] Level 5:colcon.colcon_core.verb:set package 'my_py_pkg' build argument 'cmake_force_configure' from command line to 'False'
[0.305s] Level 5:colcon.colcon_core.verb:set package 'my_py_pkg' build argument 'ament_cmake_args' from command line to 'None'
[0.305s] Level 5:colcon.colcon_core.verb:set package 'my_py_pkg' build argument 'catkin_cmake_args' from command line to 'None'
[0.305s] Level 5:colcon.colcon_core.verb:set package 'my_py_pkg' build argument 'catkin_skip_building_tests' from command line to 'False'
[0.305s] DEBUG:colcon.colcon_core.verb:Building package 'my_py_pkg' with the following arguments: {'ament_cmake_args': None, 'build_base': '/home/golam_sadek/ros2_ws/build/my_py_pkg', 'catkin_cmake_args': None, 'catkin_skip_building_tests': False, 'cmake_args': None, 'cmake_clean_cache': False, 'cmake_clean_first': False, 'cmake_force_configure': False, 'cmake_target': None, 'cmake_target_skip_unavailable': False, 'install_base': '/home/golam_sadek/ros2_ws/install/my_py_pkg', 'merge_install': False, 'path': '/home/golam_sadek/ros2_ws/src/my_py_pkg', 'symlink_install': True, 'test_result_base': None}
[0.305s] Level 5:colcon.colcon_core.verb:set package 'my_robot_description' build argument 'cmake_args' from command line to 'None'
[0.305s] Level 5:colcon.colcon_core.verb:set package 'my_robot_description' build argument 'cmake_target' from command line to 'None'
[0.305s] Level 5:colcon.colcon_core.verb:set package 'my_robot_description' build argument 'cmake_target_skip_unavailable' from command line to 'False'
[0.306s] Level 5:colcon.colcon_core.verb:set package 'my_robot_description' build argument 'cmake_clean_cache' from command line to 'False'
[0.306s] Level 5:colcon.colcon_core.verb:set package 'my_robot_description' build argument 'cmake_clean_first' from command line to 'False'
[0.306s] Level 5:colcon.colcon_core.verb:set package 'my_robot_description' build argument 'cmake_force_configure' from command line to 'False'
[0.306s] Level 5:colcon.colcon_core.verb:set package 'my_robot_description' build argument 'ament_cmake_args' from command line to 'None'
[0.306s] Level 5:colcon.colcon_core.verb:set package 'my_robot_description' build argument 'catkin_cmake_args' from command line to 'None'
[0.306s] Level 5:colcon.colcon_core.verb:set package 'my_robot_description' build argument 'catkin_skip_building_tests' from command line to 'False'
[0.306s] DEBUG:colcon.colcon_core.verb:Building package 'my_robot_description' with the following arguments: {'ament_cmake_args': None, 'build_base': '/home/golam_sadek/ros2_ws/build/my_robot_description', 'catkin_cmake_args': None, 'catkin_skip_building_tests': False, 'cmake_args': None, 'cmake_clean_cache': False, 'cmake_clean_first': False, 'cmake_force_configure': False, 'cmake_target': None, 'cmake_target_skip_unavailable': False, 'install_base': '/home/golam_sadek/ros2_ws/install/my_robot_description', 'merge_install': False, 'path': '/home/golam_sadek/ros2_ws/src/my_robot_description', 'symlink_install': True, 'test_result_base': None}
[0.306s] Level 5:colcon.colcon_core.verb:set package 'my_robot_interfaces' build argument 'cmake_args' from command line to 'None'
[0.306s] Level 5:colcon.colcon_core.verb:set package 'my_robot_interfaces' build argument 'cmake_target' from command line to 'None'
[0.306s] Level 5:colcon.colcon_core.verb:set package 'my_robot_interfaces' build argument 'cmake_target_skip_unavailable' from command line to 'False'
[0.306s] Level 5:colcon.colcon_core.verb:set package 'my_robot_interfaces' build argument 'cmake_clean_cache' from command line to 'False'
[0.306s] Level 5:colcon.colcon_core.verb:set package 'my_robot_interfaces' build argument 'cmake_clean_first' from command line to 'False'
[0.306s] Level 5:colcon.colcon_core.verb:set package 'my_robot_interfaces' build argument 'cmake_force_configure' from command line to 'False'
[0.306s] Level 5:colcon.colcon_core.verb:set package 'my_robot_interfaces' build argument 'ament_cmake_args' from command line to 'None'
[0.306s] Level 5:colcon.colcon_core.verb:set package 'my_robot_interfaces' build argument 'catkin_cmake_args' from command line to 'None'
[0.306s] Level 5:colcon.colcon_core.verb:set package 'my_robot_interfaces' build argument 'catkin_skip_building_tests' from command line to 'False'
[0.306s] DEBUG:colcon.colcon_core.verb:Building package 'my_robot_interfaces' with the following arguments: {'ament_cmake_args': None, 'build_base': '/home/golam_sadek/ros2_ws/build/my_robot_interfaces', 'catkin_cmake_args': None, 'catkin_skip_building_tests': False, 'cmake_args': None, 'cmake_clean_cache': False, 'cmake_clean_first': False, 'cmake_force_configure': False, 'cmake_target': None, 'cmake_target_skip_unavailable': False, 'install_base': '/home/golam_sadek/ros2_ws/install/my_robot_interfaces', 'merge_install': False, 'path': '/home/golam_sadek/ros2_ws/src/my_robot_interfaces', 'symlink_install': True, 'test_result_base': None}
[0.307s] Level 5:colcon.colcon_core.verb:set package 'turtlesim_catch_them_all' build argument 'cmake_args' from command line to 'None'
[0.307s] Level 5:colcon.colcon_core.verb:set package 'turtlesim_catch_them_all' build argument 'cmake_target' from command line to 'None'
[0.307s] Level 5:colcon.colcon_core.verb:set package 'turtlesim_catch_them_all' build argument 'cmake_target_skip_unavailable' from command line to 'False'
[0.307s] Level 5:colcon.colcon_core.verb:set package 'turtlesim_catch_them_all' build argument 'cmake_clean_cache' from command line to 'False'
[0.307s] Level 5:colcon.colcon_core.verb:set package 'turtlesim_catch_them_all' build argument 'cmake_clean_first' from command line to 'False'
[0.307s] Level 5:colcon.colcon_core.verb:set package 'turtlesim_catch_them_all' build argument 'cmake_force_configure' from command line to 'False'
[0.307s] Level 5:colcon.colcon_core.verb:set package 'turtlesim_catch_them_all' build argument 'ament_cmake_args' from command line to 'None'
[0.307s] Level 5:colcon.colcon_core.verb:set package 'turtlesim_catch_them_all' build argument 'catkin_cmake_args' from command line to 'None'
[0.307s] Level 5:colcon.colcon_core.verb:set package 'turtlesim_catch_them_all' build argument 'catkin_skip_building_tests' from command line to 'False'
[0.307s] DEBUG:colcon.colcon_core.verb:Building package 'turtlesim_catch_them_all' with the following arguments: {'ament_cmake_args': None, 'build_base': '/home/golam_sadek/ros2_ws/build/turtlesim_catch_them_all', 'catkin_cmake_args': None, 'catkin_skip_building_tests': False, 'cmake_args': None, 'cmake_clean_cache': False, 'cmake_clean_first': False, 'cmake_force_configure': False, 'cmake_target': None, 'cmake_target_skip_unavailable': False, 'install_base': '/home/golam_sadek/ros2_ws/install/turtlesim_catch_them_all', 'merge_install': False, 'path': '/home/golam_sadek/ros2_ws/src/turtlesim_catch_them_all', 'symlink_install': True, 'test_result_base': None}
[0.307s] Level 5:colcon.colcon_core.verb:set package 'my_robot1_bringup' build argument 'cmake_args' from command line to 'None'
[0.307s] Level 5:colcon.colcon_core.verb:set package 'my_robot1_bringup' build argument 'cmake_target' from command line to 'None'
[0.307s] Level 5:colcon.colcon_core.verb:set package 'my_robot1_bringup' build argument 'cmake_target_skip_unavailable' from command line to 'False'
[0.307s] Level 5:colcon.colcon_core.verb:set package 'my_robot1_bringup' build argument 'cmake_clean_cache' from command line to 'False'
[0.307s] Level 5:colcon.colcon_core.verb:set package 'my_robot1_bringup' build argument 'cmake_clean_first' from command line to 'False'
[0.307s] Level 5:colcon.colcon_core.verb:set package 'my_robot1_bringup' build argument 'cmake_force_configure' from command line to 'False'
[0.307s] Level 5:colcon.colcon_core.verb:set package 'my_robot1_bringup' build argument 'ament_cmake_args' from command line to 'None'
[0.307s] Level 5:colcon.colcon_core.verb:set package 'my_robot1_bringup' build argument 'catkin_cmake_args' from command line to 'None'
[0.307s] Level 5:colcon.colcon_core.verb:set package 'my_robot1_bringup' build argument 'catkin_skip_building_tests' from command line to 'False'
[0.307s] DEBUG:colcon.colcon_core.verb:Building package 'my_robot1_bringup' with the following arguments: {'ament_cmake_args': None, 'build_base': '/home/golam_sadek/ros2_ws/build/my_robot1_bringup', 'catkin_cmake_args': None, 'catkin_skip_building_tests': False, 'cmake_args': None, 'cmake_clean_cache': False, 'cmake_clean_first': False, 'cmake_force_configure': False, 'cmake_target': None, 'cmake_target_skip_unavailable': False, 'install_base': '/home/golam_sadek/ros2_ws/install/my_robot1_bringup', 'merge_install': False, 'path': '/home/golam_sadek/ros2_ws/src/my_robot1_bringup', 'symlink_install': True, 'test_result_base': None}
[0.308s] Level 5:colcon.colcon_core.verb:set package 'my_robot_bringup' build argument 'cmake_args' from command line to 'None'
[0.308s] Level 5:colcon.colcon_core.verb:set package 'my_robot_bringup' build argument 'cmake_target' from command line to 'None'
[0.308s] Level 5:colcon.colcon_core.verb:set package 'my_robot_bringup' build argument 'cmake_target_skip_unavailable' from command line to 'False'
[0.308s] Level 5:colcon.colcon_core.verb:set package 'my_robot_bringup' build argument 'cmake_clean_cache' from command line to 'False'
[0.308s] Level 5:colcon.colcon_core.verb:set package 'my_robot_bringup' build argument 'cmake_clean_first' from command line to 'False'
[0.308s] Level 5:colcon.colcon_core.verb:set package 'my_robot_bringup' build argument 'cmake_force_configure' from command line to 'False'
[0.308s] Level 5:colcon.colcon_core.verb:set package 'my_robot_bringup' build argument 'ament_cmake_args' from command line to 'None'
[0.308s] Level 5:colcon.colcon_core.verb:set package 'my_robot_bringup' build argument 'catkin_cmake_args' from command line to 'None'
[0.308s] Level 5:colcon.colcon_core.verb:set package 'my_robot_bringup' build argument 'catkin_skip_building_tests' from command line to 'False'
[0.308s] DEBUG:colcon.colcon_core.verb:Building package 'my_robot_bringup' with the following arguments: {'ament_cmake_args': None, 'build_base': '/home/golam_sadek/ros2_ws/build/my_robot_bringup', 'catkin_cmake_args': None, 'catkin_skip_building_tests': False, 'cmake_args': None, 'cmake_clean_cache': False, 'cmake_clean_first': False, 'cmake_force_configure': False, 'cmake_target': None, 'cmake_target_skip_unavailable': False, 'install_base': '/home/golam_sadek/ros2_ws/install/my_robot_bringup', 'merge_install': False, 'path': '/home/golam_sadek/ros2_ws/src/my_robot_bringup', 'symlink_install': True, 'test_result_base': None}
[0.308s] INFO:colcon.colcon_core.executor:Executing jobs using 'parallel' executor
[0.310s] DEBUG:colcon.colcon_parallel_executor.executor.parallel:run_until_complete
[0.310s] INFO:colcon.colcon_ros.task.ament_python.build:Building ROS package in '/home/golam_sadek/ros2_ws/src/my_py_pkg' with build type 'ament_python'
[0.310s] Level 1:colcon.colcon_core.shell:create_environment_hook('my_py_pkg', 'ament_prefix_path')
[0.312s] INFO:colcon.colcon_core.plugin_system:Skipping extension 'colcon_core.shell.bat': Not used on non-Windows systems
[0.312s] INFO:colcon.colcon_core.shell:Creating environment hook '/home/golam_sadek/ros2_ws/install/my_py_pkg/share/my_py_pkg/hook/ament_prefix_path.ps1'
[0.313s] INFO:colcon.colcon_core.shell:Creating environment descriptor '/home/golam_sadek/ros2_ws/install/my_py_pkg/share/my_py_pkg/hook/ament_prefix_path.dsv'
[0.313s] INFO:colcon.colcon_core.shell:Creating environment hook '/home/golam_sadek/ros2_ws/install/my_py_pkg/share/my_py_pkg/hook/ament_prefix_path.sh'
[0.314s] INFO:colcon.colcon_core.shell:Skip shell extension 'powershell' for command environment: Not usable outside of PowerShell
[0.314s] DEBUG:colcon.colcon_core.shell:Skip shell extension 'dsv' for command environment
[0.317s] INFO:colcon.colcon_ros.task.ament_cmake.build:Building ROS package in '/home/golam_sadek/ros2_ws/src/my_robot_description' with build type 'ament_cmake'
[0.317s] INFO:colcon.colcon_cmake.task.cmake.build:Building CMake package in '/home/golam_sadek/ros2_ws/src/my_robot_description'
[0.317s] INFO:colcon.colcon_core.shell:Skip shell extension 'powershell' for command environment: Not usable outside of PowerShell
[0.317s] DEBUG:colcon.colcon_core.shell:Skip shell extension 'dsv' for command environment
[0.320s] INFO:colcon.colcon_ros.task.ament_cmake.build:Building ROS package in '/home/golam_sadek/ros2_ws/src/my_cpp_pkg' with build type 'ament_cmake'
[0.320s] INFO:colcon.colcon_cmake.task.cmake.build:Building CMake package in '/home/golam_sadek/ros2_ws/src/my_cpp_pkg'
[0.321s] INFO:colcon.colcon_core.shell:Skip shell extension 'powershell' for command environment: Not usable outside of PowerShell
[0.321s] DEBUG:colcon.colcon_core.shell:Skip shell extension 'dsv' for command environment
[0.324s] INFO:colcon.colcon_ros.task.ament_cmake.build:Building ROS package in '/home/golam_sadek/ros2_ws/src/my_robot_interfaces' with build type 'ament_cmake'
[0.324s] INFO:colcon.colcon_cmake.task.cmake.build:Building CMake package in '/home/golam_sadek/ros2_ws/src/my_robot_interfaces'
[0.325s] INFO:colcon.colcon_core.shell:Skip shell extension 'powershell' for command environment: Not usable outside of PowerShell
[0.325s] DEBUG:colcon.colcon_core.shell:Skip shell extension 'dsv' for command environment
[0.328s] INFO:colcon.colcon_ros.task.ament_python.build:Building ROS package in '/home/golam_sadek/ros2_ws/src/turtlesim_catch_them_all' with build type 'ament_python'
[0.328s] Level 1:colcon.colcon_core.shell:create_environment_hook('turtlesim_catch_them_all', 'ament_prefix_path')
[0.328s] INFO:colcon.colcon_core.shell:Creating environment hook '/home/golam_sadek/ros2_ws/install/turtlesim_catch_them_all/share/turtlesim_catch_them_all/hook/ament_prefix_path.ps1'
[0.328s] INFO:colcon.colcon_core.shell:Creating environment descriptor '/home/golam_sadek/ros2_ws/install/turtlesim_catch_them_all/share/turtlesim_catch_them_all/hook/ament_prefix_path.dsv'
[0.329s] INFO:colcon.colcon_core.shell:Creating environment hook '/home/golam_sadek/ros2_ws/install/turtlesim_catch_them_all/share/turtlesim_catch_them_all/hook/ament_prefix_path.sh'
[0.330s] INFO:colcon.colcon_core.shell:Skip shell extension 'powershell' for command environment: Not usable outside of PowerShell
[0.330s] DEBUG:colcon.colcon_core.shell:Skip shell extension 'dsv' for command environment
[0.554s] INFO:colcon.colcon_core.task.python.build:Building Python package in '/home/golam_sadek/ros2_ws/src/my_py_pkg'
[0.554s] INFO:colcon.colcon_core.shell:Skip shell extension 'powershell' for command environment: Not usable outside of PowerShell
[0.554s] DEBUG:colcon.colcon_core.shell:Skip shell extension 'dsv' for command environment
[0.562s] DEBUG:colcon.colcon_core.event_handler.log_command:Invoking command in '/home/golam_sadek/ros2_ws/build/my_robot_description': CMAKE_PREFIX_PATH=${CMAKE_PREFIX_PATH}:/home/golam_sadek/ros2_ws/install/turtlesim_catch_them_all:/home/golam_sadek/ros2_ws/install/my_py_pkg:/opt/ros/humble /usr/bin/cmake --build /home/golam_sadek/ros2_ws/build/my_robot_description -- -j8 -l8
[0.565s] DEBUG:colcon.colcon_core.event_handler.log_command:Invoking command in '/home/golam_sadek/ros2_ws/build/my_cpp_pkg': CMAKE_PREFIX_PATH=${CMAKE_PREFIX_PATH}:/home/golam_sadek/ros2_ws/install/turtlesim_catch_them_all:/home/golam_sadek/ros2_ws/install/my_py_pkg:/opt/ros/humble /usr/bin/cmake --build /home/golam_sadek/ros2_ws/build/my_cpp_pkg -- -j8 -l8
[0.568s] DEBUG:colcon.colcon_core.event_handler.log_command:Invoking command in '/home/golam_sadek/ros2_ws/build/my_robot_interfaces': CMAKE_PREFIX_PATH=${CMAKE_PREFIX_PATH}:/home/golam_sadek/ros2_ws/install/turtlesim_catch_them_all:/home/golam_sadek/ros2_ws/install/my_py_pkg:/opt/ros/humble /usr/bin/cmake --build /home/golam_sadek/ros2_ws/build/my_robot_interfaces -- -j8 -l8
[0.883s] INFO:colcon.colcon_core.task.python.build:Building Python package in '/home/golam_sadek/ros2_ws/src/turtlesim_catch_them_all'
[0.883s] INFO:colcon.colcon_core.shell:Skip shell extension 'powershell' for command environment: Not usable outside of PowerShell
[0.883s] DEBUG:colcon.colcon_core.shell:Skip shell extension 'dsv' for command environment
[0.893s] DEBUG:colcon.colcon_core.event_handler.log_command:Invoked command in '/home/golam_sadek/ros2_ws/build/my_robot_description' returned '0': CMAKE_PREFIX_PATH=${CMAKE_PREFIX_PATH}:/home/golam_sadek/ros2_ws/install/turtlesim_catch_them_all:/home/golam_sadek/ros2_ws/install/my_py_pkg:/opt/ros/humble /usr/bin/cmake --build /home/golam_sadek/ros2_ws/build/my_robot_description -- -j8 -l8
[0.904s] DEBUG:colcon.colcon_core.event_handler.log_command:Invoking command in '/home/golam_sadek/ros2_ws/build/my_robot_description': CMAKE_PREFIX_PATH=${CMAKE_PREFIX_PATH}:/home/golam_sadek/ros2_ws/install/turtlesim_catch_them_all:/home/golam_sadek/ros2_ws/install/my_py_pkg:/opt/ros/humble /usr/bin/cmake --install /home/golam_sadek/ros2_ws/build/my_robot_description
[0.905s] DEBUG:colcon.colcon_core.event_handler.log_command:Invoked command in '/home/golam_sadek/ros2_ws/build/my_cpp_pkg' returned '0': CMAKE_PREFIX_PATH=${CMAKE_PREFIX_PATH}:/home/golam_sadek/ros2_ws/install/turtlesim_catch_them_all:/home/golam_sadek/ros2_ws/install/my_py_pkg:/opt/ros/humble /usr/bin/cmake --build /home/golam_sadek/ros2_ws/build/my_cpp_pkg -- -j8 -l8
[0.907s] DEBUG:colcon.colcon_core.event_handler.log_command:Invoking command in '/home/golam_sadek/ros2_ws/build/my_cpp_pkg': CMAKE_PREFIX_PATH=${CMAKE_PREFIX_PATH}:/home/golam_sadek/ros2_ws/install/turtlesim_catch_them_all:/home/golam_sadek/ros2_ws/install/my_py_pkg:/opt/ros/humble /usr/bin/cmake --install /home/golam_sadek/ros2_ws/build/my_cpp_pkg
[0.934s] Level 1:colcon.colcon_core.environment:create_environment_scripts_only(my_cpp_pkg)
[0.935s] DEBUG:colcon.colcon_core.event_handler.log_command:Invoked command in '/home/golam_sadek/ros2_ws/build/my_cpp_pkg' returned '0': CMAKE_PREFIX_PATH=${CMAKE_PREFIX_PATH}:/home/golam_sadek/ros2_ws/install/turtlesim_catch_them_all:/home/golam_sadek/ros2_ws/install/my_py_pkg:/opt/ros/humble /usr/bin/cmake --install /home/golam_sadek/ros2_ws/build/my_cpp_pkg
[0.939s] Level 1:colcon.colcon_core.environment:checking '/home/golam_sadek/ros2_ws/install/my_cpp_pkg' for CMake module files
[0.941s] Level 1:colcon.colcon_core.environment:checking '/home/golam_sadek/ros2_ws/install/my_cpp_pkg' for CMake config files
[0.942s] Level 1:colcon.colcon_core.shell:create_environment_hook('my_cpp_pkg', 'cmake_prefix_path')
[0.943s] INFO:colcon.colcon_core.shell:Creating environment hook '/home/golam_sadek/ros2_ws/install/my_cpp_pkg/share/my_cpp_pkg/hook/cmake_prefix_path.ps1'
[0.945s] INFO:colcon.colcon_core.shell:Creating environment descriptor '/home/golam_sadek/ros2_ws/install/my_cpp_pkg/share/my_cpp_pkg/hook/cmake_prefix_path.dsv'
[0.946s] INFO:colcon.colcon_core.shell:Creating environment hook '/home/golam_sadek/ros2_ws/install/my_cpp_pkg/share/my_cpp_pkg/hook/cmake_prefix_path.sh'
[0.947s] Level 1:colcon.colcon_core.environment:checking '/home/golam_sadek/ros2_ws/install/my_cpp_pkg/lib'
[0.948s] Level 1:colcon.colcon_core.environment:checking '/home/golam_sadek/ros2_ws/install/my_cpp_pkg/bin'
[0.948s] Level 1:colcon.colcon_core.environment:checking '/home/golam_sadek/ros2_ws/install/my_cpp_pkg/lib/pkgconfig/my_cpp_pkg.pc'
[0.948s] Level 1:colcon.colcon_core.environment:checking '/home/golam_sadek/ros2_ws/install/my_cpp_pkg/lib/python3.10/site-packages'
[0.949s] Level 1:colcon.colcon_core.environment:checking '/home/golam_sadek/ros2_ws/install/my_cpp_pkg/bin'
[0.949s] INFO:colcon.colcon_core.shell:Creating package script '/home/golam_sadek/ros2_ws/install/my_cpp_pkg/share/my_cpp_pkg/package.ps1'
[0.951s] INFO:colcon.colcon_core.shell:Creating package descriptor '/home/golam_sadek/ros2_ws/install/my_cpp_pkg/share/my_cpp_pkg/package.dsv'
[0.951s] INFO:colcon.colcon_core.shell:Creating package script '/home/golam_sadek/ros2_ws/install/my_cpp_pkg/share/my_cpp_pkg/package.sh'
[0.953s] INFO:colcon.colcon_core.shell:Creating package script '/home/golam_sadek/ros2_ws/install/my_cpp_pkg/share/my_cpp_pkg/package.bash'
[0.955s] INFO:colcon.colcon_core.shell:Creating package script '/home/golam_sadek/ros2_ws/install/my_cpp_pkg/share/my_cpp_pkg/package.zsh'
[0.956s] Level 1:colcon.colcon_core.environment:create_file_with_runtime_dependencies(/home/golam_sadek/ros2_ws/install/my_cpp_pkg/share/colcon-core/packages/my_cpp_pkg)
[0.958s] Level 1:colcon.colcon_core.environment:create_environment_scripts_only(my_cpp_pkg)
[0.958s] Level 1:colcon.colcon_core.environment:checking '/home/golam_sadek/ros2_ws/install/my_cpp_pkg' for CMake module files
[0.959s] Level 1:colcon.colcon_core.environment:checking '/home/golam_sadek/ros2_ws/install/my_cpp_pkg' for CMake config files
[0.960s] Level 1:colcon.colcon_core.shell:create_environment_hook('my_cpp_pkg', 'cmake_prefix_path')
[0.960s] INFO:colcon.colcon_core.shell:Creating environment hook '/home/golam_sadek/ros2_ws/install/my_cpp_pkg/share/my_cpp_pkg/hook/cmake_prefix_path.ps1'
[0.961s] INFO:colcon.colcon_core.shell:Creating environment descriptor '/home/golam_sadek/ros2_ws/install/my_cpp_pkg/share/my_cpp_pkg/hook/cmake_prefix_path.dsv'
[0.962s] INFO:colcon.colcon_core.shell:Creating environment hook '/home/golam_sadek/ros2_ws/install/my_cpp_pkg/share/my_cpp_pkg/hook/cmake_prefix_path.sh'
[0.963s] Level 1:colcon.colcon_core.environment:checking '/home/golam_sadek/ros2_ws/install/my_cpp_pkg/lib'
[0.963s] Level 1:colcon.colcon_core.environment:checking '/home/golam_sadek/ros2_ws/install/my_cpp_pkg/bin'
[0.963s] Level 1:colcon.colcon_core.environment:checking '/home/golam_sadek/ros2_ws/install/my_cpp_pkg/lib/pkgconfig/my_cpp_pkg.pc'
[0.964s] Level 1:colcon.colcon_core.environment:checking '/home/golam_sadek/ros2_ws/install/my_cpp_pkg/lib/python3.10/site-packages'
[0.964s] Level 1:colcon.colcon_core.environment:checking '/home/golam_sadek/ros2_ws/install/my_cpp_pkg/bin'
[0.965s] INFO:colcon.colcon_core.shell:Creating package script '/home/golam_sadek/ros2_ws/install/my_cpp_pkg/share/my_cpp_pkg/package.ps1'
[0.966s] INFO:colcon.colcon_core.shell:Creating package descriptor '/home/golam_sadek/ros2_ws/install/my_cpp_pkg/share/my_cpp_pkg/package.dsv'
[0.967s] INFO:colcon.colcon_core.shell:Creating package script '/home/golam_sadek/ros2_ws/install/my_cpp_pkg/share/my_cpp_pkg/package.sh'
[0.967s] INFO:colcon.colcon_core.shell:Creating package script '/home/golam_sadek/ros2_ws/install/my_cpp_pkg/share/my_cpp_pkg/package.bash'
[0.968s] INFO:colcon.colcon_core.shell:Creating package script '/home/golam_sadek/ros2_ws/install/my_cpp_pkg/share/my_cpp_pkg/package.zsh'
[0.968s] Level 1:colcon.colcon_core.environment:create_file_with_runtime_dependencies(/home/golam_sadek/ros2_ws/install/my_cpp_pkg/share/colcon-core/packages/my_cpp_pkg)
[0.970s] Level 1:colcon.colcon_core.environment:create_environment_scripts_only(my_robot_description)
[0.970s] Level 1:colcon.colcon_core.environment:checking '/home/golam_sadek/ros2_ws/install/my_robot_description' for CMake module files
[0.971s] DEBUG:colcon.colcon_core.event_handler.log_command:Invoked command in '/home/golam_sadek/ros2_ws/build/my_robot_description' returned '0': CMAKE_PREFIX_PATH=${CMAKE_PREFIX_PATH}:/home/golam_sadek/ros2_ws/install/turtlesim_catch_them_all:/home/golam_sadek/ros2_ws/install/my_py_pkg:/opt/ros/humble /usr/bin/cmake --install /home/golam_sadek/ros2_ws/build/my_robot_description
[0.972s] Level 1:colcon.colcon_core.environment:checking '/home/golam_sadek/ros2_ws/install/my_robot_description' for CMake config files
[0.972s] Level 1:colcon.colcon_core.shell:create_environment_hook('my_robot_description', 'cmake_prefix_path')
[0.972s] INFO:colcon.colcon_core.shell:Creating environment hook '/home/golam_sadek/ros2_ws/install/my_robot_description/share/my_robot_description/hook/cmake_prefix_path.ps1'
[0.973s] INFO:colcon.colcon_core.shell:Creating environment descriptor '/home/golam_sadek/ros2_ws/install/my_robot_description/share/my_robot_description/hook/cmake_prefix_path.dsv'
[0.974s] INFO:colcon.colcon_core.shell:Creating environment hook '/home/golam_sadek/ros2_ws/install/my_robot_description/share/my_robot_description/hook/cmake_prefix_path.sh'
[0.974s] Level 1:colcon.colcon_core.environment:checking '/home/golam_sadek/ros2_ws/install/my_robot_description/bin'
[0.974s] Level 1:colcon.colcon_core.environment:checking '/home/golam_sadek/ros2_ws/install/my_robot_description/lib/pkgconfig/my_robot_description.pc'
[0.975s] Level 1:colcon.colcon_core.environment:checking '/home/golam_sadek/ros2_ws/install/my_robot_description/lib/python3.10/site-packages'
[0.975s] Level 1:colcon.colcon_core.environment:checking '/home/golam_sadek/ros2_ws/install/my_robot_description/bin'
[0.975s] INFO:colcon.colcon_core.shell:Creating package script '/home/golam_sadek/ros2_ws/install/my_robot_description/share/my_robot_description/package.ps1'
[0.976s] INFO:colcon.colcon_core.shell:Creating package descriptor '/home/golam_sadek/ros2_ws/install/my_robot_description/share/my_robot_description/package.dsv'
[0.977s] INFO:colcon.colcon_core.shell:Creating package script '/home/golam_sadek/ros2_ws/install/my_robot_description/share/my_robot_description/package.sh'
[0.977s] INFO:colcon.colcon_core.shell:Creating package script '/home/golam_sadek/ros2_ws/install/my_robot_description/share/my_robot_description/package.bash'
[0.978s] INFO:colcon.colcon_core.shell:Creating package script '/home/golam_sadek/ros2_ws/install/my_robot_description/share/my_robot_description/package.zsh'
[0.978s] Level 1:colcon.colcon_core.environment:create_file_with_runtime_dependencies(/home/golam_sadek/ros2_ws/install/my_robot_description/share/colcon-core/packages/my_robot_description)
[0.979s] Level 1:colcon.colcon_core.environment:create_environment_scripts_only(my_robot_description)
[0.979s] Level 1:colcon.colcon_core.environment:checking '/home/golam_sadek/ros2_ws/install/my_robot_description' for CMake module files
[0.980s] Level 1:colcon.colcon_core.environment:checking '/home/golam_sadek/ros2_ws/install/my_robot_description' for CMake config files
[0.981s] Level 1:colcon.colcon_core.shell:create_environment_hook('my_robot_description', 'cmake_prefix_path')
[0.981s] INFO:colcon.colcon_core.shell:Creating environment hook '/home/golam_sadek/ros2_ws/install/my_robot_description/share/my_robot_description/hook/cmake_prefix_path.ps1'
[0.982s] INFO:colcon.colcon_core.shell:Creating environment descriptor '/home/golam_sadek/ros2_ws/install/my_robot_description/share/my_robot_description/hook/cmake_prefix_path.dsv'
[0.983s] INFO:colcon.colcon_core.shell:Creating environment hook '/home/golam_sadek/ros2_ws/install/my_robot_description/share/my_robot_description/hook/cmake_prefix_path.sh'
[0.984s] Level 1:colcon.colcon_core.environment:checking '/home/golam_sadek/ros2_ws/install/my_robot_description/bin'
[0.984s] Level 1:colcon.colcon_core.environment:checking '/home/golam_sadek/ros2_ws/install/my_robot_description/lib/pkgconfig/my_robot_description.pc'
[0.984s] Level 1:colcon.colcon_core.environment:checking '/home/golam_sadek/ros2_ws/install/my_robot_description/lib/python3.10/site-packages'
[0.985s] Level 1:colcon.colcon_core.environment:checking '/home/golam_sadek/ros2_ws/install/my_robot_description/bin'
[0.985s] INFO:colcon.colcon_core.shell:Creating package script '/home/golam_sadek/ros2_ws/install/my_robot_description/share/my_robot_description/package.ps1'
[0.986s] INFO:colcon.colcon_core.shell:Creating package descriptor '/home/golam_sadek/ros2_ws/install/my_robot_description/share/my_robot_description/package.dsv'
[0.986s] INFO:colcon.colcon_core.shell:Creating package script '/home/golam_sadek/ros2_ws/install/my_robot_description/share/my_robot_description/package.sh'
[0.987s] INFO:colcon.colcon_core.shell:Creating package script '/home/golam_sadek/ros2_ws/install/my_robot_description/share/my_robot_description/package.bash'
[0.987s] INFO:colcon.colcon_core.shell:Creating package script '/home/golam_sadek/ros2_ws/install/my_robot_description/share/my_robot_description/package.zsh'
[0.988s] Level 1:colcon.colcon_core.environment:create_file_with_runtime_dependencies(/home/golam_sadek/ros2_ws/install/my_robot_description/share/colcon-core/packages/my_robot_description)
[0.988s] INFO:colcon.colcon_ros.task.ament_cmake.build:Building ROS package in '/home/golam_sadek/ros2_ws/src/my_robot1_bringup' with build type 'ament_cmake'
[0.989s] INFO:colcon.colcon_cmake.task.cmake.build:Building CMake package in '/home/golam_sadek/ros2_ws/src/my_robot1_bringup'
[0.990s] INFO:colcon.colcon_core.shell:Skip shell extension 'powershell' for command environment: Not usable outside of PowerShell
[0.990s] DEBUG:colcon.colcon_core.shell:Skip shell extension 'dsv' for command environment
[1.002s] DEBUG:colcon.colcon_core.event_handler.log_command:Invoking command in '/home/golam_sadek/ros2_ws/build/my_robot1_bringup': CMAKE_PREFIX_PATH=/home/golam_sadek/ros2_ws/install/my_robot_description:/home/golam_sadek/ros2_ws/install/my_robot_interfaces:/home/golam_sadek/ros2_ws/install/my_robot1_bringup:/home/golam_sadek/ros2_ws/install/my_robot_bringup:/home/golam_sadek/ros2_ws/install/my_cpp_pkg:/home/golam_sadek/ros2_ws/install/turtlesim_catch_them_all:/home/golam_sadek/ros2_ws/install/my_py_pkg:/opt/ros/humble /usr/bin/cmake --build /home/golam_sadek/ros2_ws/build/my_robot1_bringup -- -j8 -l8
[1.012s] DEBUG:colcon.colcon_core.event_handler.log_command:Invoked command in '/home/golam_sadek/ros2_ws/build/my_robot_interfaces' returned '0': CMAKE_PREFIX_PATH=${CMAKE_PREFIX_PATH}:/home/golam_sadek/ros2_ws/install/turtlesim_catch_them_all:/home/golam_sadek/ros2_ws/install/my_py_pkg:/opt/ros/humble /usr/bin/cmake --build /home/golam_sadek/ros2_ws/build/my_robot_interfaces -- -j8 -l8
[1.014s] DEBUG:colcon.colcon_core.event_handler.log_command:Invoking command in '/home/golam_sadek/ros2_ws/build/my_robot_interfaces': CMAKE_PREFIX_PATH=${CMAKE_PREFIX_PATH}:/home/golam_sadek/ros2_ws/install/turtlesim_catch_them_all:/home/golam_sadek/ros2_ws/install/my_py_pkg:/opt/ros/humble /usr/bin/cmake --install /home/golam_sadek/ros2_ws/build/my_robot_interfaces
[1.097s] Level 1:colcon.colcon_core.environment:create_environment_scripts_only(my_robot_interfaces)
[1.098s] Level 1:colcon.colcon_core.environment:checking '/home/golam_sadek/ros2_ws/install/my_robot_interfaces' for CMake module files
[1.098s] DEBUG:colcon.colcon_core.event_handler.log_command:Invoked command in '/home/golam_sadek/ros2_ws/build/my_robot_interfaces' returned '0': CMAKE_PREFIX_PATH=${CMAKE_PREFIX_PATH}:/home/golam_sadek/ros2_ws/install/turtlesim_catch_them_all:/home/golam_sadek/ros2_ws/install/my_py_pkg:/opt/ros/humble /usr/bin/cmake --install /home/golam_sadek/ros2_ws/build/my_robot_interfaces
[1.099s] Level 1:colcon.colcon_core.environment:checking '/home/golam_sadek/ros2_ws/install/my_robot_interfaces' for CMake config files
[1.100s] Level 1:colcon.colcon_core.shell:create_environment_hook('my_robot_interfaces', 'cmake_prefix_path')
[1.100s] INFO:colcon.colcon_core.shell:Creating environment hook '/home/golam_sadek/ros2_ws/install/my_robot_interfaces/share/my_robot_interfaces/hook/cmake_prefix_path.ps1'
[1.101s] INFO:colcon.colcon_core.shell:Creating environment descriptor '/home/golam_sadek/ros2_ws/install/my_robot_interfaces/share/my_robot_interfaces/hook/cmake_prefix_path.dsv'
[1.101s] INFO:colcon.colcon_core.shell:Creating environment hook '/home/golam_sadek/ros2_ws/install/my_robot_interfaces/share/my_robot_interfaces/hook/cmake_prefix_path.sh'
[1.102s] Level 1:colcon.colcon_core.environment:checking '/home/golam_sadek/ros2_ws/install/my_robot_interfaces/lib'
[1.102s] Level 1:colcon.colcon_core.shell:create_environment_hook('my_robot_interfaces', 'ld_library_path_lib')
[1.103s] INFO:colcon.colcon_core.shell:Creating environment hook '/home/golam_sadek/ros2_ws/install/my_robot_interfaces/share/my_robot_interfaces/hook/ld_library_path_lib.ps1'
[1.103s] INFO:colcon.colcon_core.shell:Creating environment descriptor '/home/golam_sadek/ros2_ws/install/my_robot_interfaces/share/my_robot_interfaces/hook/ld_library_path_lib.dsv'
[1.104s] INFO:colcon.colcon_core.shell:Creating environment hook '/home/golam_sadek/ros2_ws/install/my_robot_interfaces/share/my_robot_interfaces/hook/ld_library_path_lib.sh'
[1.104s] Level 1:colcon.colcon_core.environment:checking '/home/golam_sadek/ros2_ws/install/my_robot_interfaces/bin'
[1.104s] Level 1:colcon.colcon_core.environment:checking '/home/golam_sadek/ros2_ws/install/my_robot_interfaces/lib/pkgconfig/my_robot_interfaces.pc'
[1.105s] Level 1:colcon.colcon_core.environment:checking '/home/golam_sadek/ros2_ws/install/my_robot_interfaces/lib/python3.10/site-packages'
[1.105s] Level 1:colcon.colcon_core.environment:checking '/home/golam_sadek/ros2_ws/install/my_robot_interfaces/bin'
[1.106s] INFO:colcon.colcon_core.shell:Creating package script '/home/golam_sadek/ros2_ws/install/my_robot_interfaces/share/my_robot_interfaces/package.ps1'
[1.106s] INFO:colcon.colcon_core.shell:Creating package descriptor '/home/golam_sadek/ros2_ws/install/my_robot_interfaces/share/my_robot_interfaces/package.dsv'
[1.107s] INFO:colcon.colcon_core.shell:Creating package script '/home/golam_sadek/ros2_ws/install/my_robot_interfaces/share/my_robot_interfaces/package.sh'
[1.108s] INFO:colcon.colcon_core.shell:Creating package script '/home/golam_sadek/ros2_ws/install/my_robot_interfaces/share/my_robot_interfaces/package.bash'
[1.109s] INFO:colcon.colcon_core.shell:Creating package script '/home/golam_sadek/ros2_ws/install/my_robot_interfaces/share/my_robot_interfaces/package.zsh'
[1.109s] Level 1:colcon.colcon_core.environment:create_file_with_runtime_dependencies(/home/golam_sadek/ros2_ws/install/my_robot_interfaces/share/colcon-core/packages/my_robot_interfaces)
[1.110s] Level 1:colcon.colcon_core.environment:create_environment_scripts_only(my_robot_interfaces)
[1.110s] Level 1:colcon.colcon_core.environment:checking '/home/golam_sadek/ros2_ws/install/my_robot_interfaces' for CMake module files
[1.112s] Level 1:colcon.colcon_core.environment:checking '/home/golam_sadek/ros2_ws/install/my_robot_interfaces' for CMake config files
[1.112s] Level 1:colcon.colcon_core.shell:create_environment_hook('my_robot_interfaces', 'cmake_prefix_path')
[1.113s] INFO:colcon.colcon_core.shell:Creating environment hook '/home/golam_sadek/ros2_ws/install/my_robot_interfaces/share/my_robot_interfaces/hook/cmake_prefix_path.ps1'
[1.113s] INFO:colcon.colcon_core.shell:Creating environment descriptor '/home/golam_sadek/ros2_ws/install/my_robot_interfaces/share/my_robot_interfaces/hook/cmake_prefix_path.dsv'
[1.114s] INFO:colcon.colcon_core.shell:Creating environment hook '/home/golam_sadek/ros2_ws/install/my_robot_interfaces/share/my_robot_interfaces/hook/cmake_prefix_path.sh'
[1.114s] Level 1:colcon.colcon_core.environment:checking '/home/golam_sadek/ros2_ws/install/my_robot_interfaces/lib'
[1.115s] Level 1:colcon.colcon_core.shell:create_environment_hook('my_robot_interfaces', 'ld_library_path_lib')
[1.115s] INFO:colcon.colcon_core.shell:Creating environment hook '/home/golam_sadek/ros2_ws/install/my_robot_interfaces/share/my_robot_interfaces/hook/ld_library_path_lib.ps1'
[1.115s] INFO:colcon.colcon_core.shell:Creating environment descriptor '/home/golam_sadek/ros2_ws/install/my_robot_interfaces/share/my_robot_interfaces/hook/ld_library_path_lib.dsv'
[1.116s] INFO:colcon.colcon_core.shell:Creating environment hook '/home/golam_sadek/ros2_ws/install/my_robot_interfaces/share/my_robot_interfaces/hook/ld_library_path_lib.sh'
[1.116s] Level 1:colcon.colcon_core.environment:checking '/home/golam_sadek/ros2_ws/install/my_robot_interfaces/bin'
[1.117s] Level 1:colcon.colcon_core.environment:checking '/home/golam_sadek/ros2_ws/install/my_robot_interfaces/lib/pkgconfig/my_robot_interfaces.pc'
[1.117s] Level 1:colcon.colcon_core.environment:checking '/home/golam_sadek/ros2_ws/install/my_robot_interfaces/lib/python3.10/site-packages'
[1.117s] Level 1:colcon.colcon_core.environment:checking '/home/golam_sadek/ros2_ws/install/my_robot_interfaces/bin'
[1.118s] INFO:colcon.colcon_core.shell:Creating package script '/home/golam_sadek/ros2_ws/install/my_robot_interfaces/share/my_robot_interfaces/package.ps1'
[1.119s] INFO:colcon.colcon_core.shell:Creating package descriptor '/home/golam_sadek/ros2_ws/install/my_robot_interfaces/share/my_robot_interfaces/package.dsv'
[1.119s] INFO:colcon.colcon_core.shell:Creating package script '/home/golam_sadek/ros2_ws/install/my_robot_interfaces/share/my_robot_interfaces/package.sh'
[1.120s] INFO:colcon.colcon_core.shell:Creating package script '/home/golam_sadek/ros2_ws/install/my_robot_interfaces/share/my_robot_interfaces/package.bash'
[1.121s] INFO:colcon.colcon_core.shell:Creating package script '/home/golam_sadek/ros2_ws/install/my_robot_interfaces/share/my_robot_interfaces/package.zsh'
[1.121s] Level 1:colcon.colcon_core.environment:create_file_with_runtime_dependencies(/home/golam_sadek/ros2_ws/install/my_robot_interfaces/share/colcon-core/packages/my_robot_interfaces)
[1.271s] DEBUG:colcon.colcon_core.event_handler.log_command:Invoked command in '/home/golam_sadek/ros2_ws/build/my_robot1_bringup' returned '0': CMAKE_PREFIX_PATH=/home/golam_sadek/ros2_ws/install/my_robot_description:/home/golam_sadek/ros2_ws/install/my_robot_interfaces:/home/golam_sadek/ros2_ws/install/my_robot1_bringup:/home/golam_sadek/ros2_ws/install/my_robot_bringup:/home/golam_sadek/ros2_ws/install/my_cpp_pkg:/home/golam_sadek/ros2_ws/install/turtlesim_catch_them_all:/home/golam_sadek/ros2_ws/install/my_py_pkg:/opt/ros/humble /usr/bin/cmake --build /home/golam_sadek/ros2_ws/build/my_robot1_bringup -- -j8 -l8
[1.272s] DEBUG:colcon.colcon_core.event_handler.log_command:Invoking command in '/home/golam_sadek/ros2_ws/build/my_robot1_bringup': CMAKE_PREFIX_PATH=/home/golam_sadek/ros2_ws/install/my_robot_description:/home/golam_sadek/ros2_ws/install/my_robot_interfaces:/home/golam_sadek/ros2_ws/install/my_robot1_bringup:/home/golam_sadek/ros2_ws/install/my_robot_bringup:/home/golam_sadek/ros2_ws/install/my_cpp_pkg:/home/golam_sadek/ros2_ws/install/turtlesim_catch_them_all:/home/golam_sadek/ros2_ws/install/my_py_pkg:/opt/ros/humble /usr/bin/cmake --install /home/golam_sadek/ros2_ws/build/my_robot1_bringup
[1.306s] Level 1:colcon.colcon_core.environment:create_environment_scripts_only(my_robot1_bringup)
[1.307s] Level 1:colcon.colcon_core.environment:checking '/home/golam_sadek/ros2_ws/install/my_robot1_bringup' for CMake module files
[1.307s] DEBUG:colcon.colcon_core.event_handler.log_command:Invoked command in '/home/golam_sadek/ros2_ws/build/my_robot1_bringup' returned '0': CMAKE_PREFIX_PATH=/home/golam_sadek/ros2_ws/install/my_robot_description:/home/golam_sadek/ros2_ws/install/my_robot_interfaces:/home/golam_sadek/ros2_ws/install/my_robot1_bringup:/home/golam_sadek/ros2_ws/install/my_robot_bringup:/home/golam_sadek/ros2_ws/install/my_cpp_pkg:/home/golam_sadek/ros2_ws/install/turtlesim_catch_them_all:/home/golam_sadek/ros2_ws/install/my_py_pkg:/opt/ros/humble /usr/bin/cmake --install /home/golam_sadek/ros2_ws/build/my_robot1_bringup
[1.308s] Level 1:colcon.colcon_core.environment:checking '/home/golam_sadek/ros2_ws/install/my_robot1_bringup' for CMake config files
[1.308s] Level 1:colcon.colcon_core.shell:create_environment_hook('my_robot1_bringup', 'cmake_prefix_path')
[1.308s] INFO:colcon.colcon_core.shell:Creating environment hook '/home/golam_sadek/ros2_ws/install/my_robot1_bringup/share/my_robot1_bringup/hook/cmake_prefix_path.ps1'
[1.309s] INFO:colcon.colcon_core.shell:Creating environment descriptor '/home/golam_sadek/ros2_ws/install/my_robot1_bringup/share/my_robot1_bringup/hook/cmake_prefix_path.dsv'
[1.310s] INFO:colcon.colcon_core.shell:Creating environment hook '/home/golam_sadek/ros2_ws/install/my_robot1_bringup/share/my_robot1_bringup/hook/cmake_prefix_path.sh'
[1.310s] Level 1:colcon.colcon_core.environment:checking '/home/golam_sadek/ros2_ws/install/my_robot1_bringup/bin'
[1.310s] Level 1:colcon.colcon_core.environment:checking '/home/golam_sadek/ros2_ws/install/my_robot1_bringup/lib/pkgconfig/my_robot1_bringup.pc'
[1.311s] Level 1:colcon.colcon_core.environment:checking '/home/golam_sadek/ros2_ws/install/my_robot1_bringup/lib/python3.10/site-packages'
[1.311s] Level 1:colcon.colcon_core.environment:checking '/home/golam_sadek/ros2_ws/install/my_robot1_bringup/bin'
[1.312s] INFO:colcon.colcon_core.shell:Creating package script '/home/golam_sadek/ros2_ws/install/my_robot1_bringup/share/my_robot1_bringup/package.ps1'
[1.312s] INFO:colcon.colcon_core.shell:Creating package descriptor '/home/golam_sadek/ros2_ws/install/my_robot1_bringup/share/my_robot1_bringup/package.dsv'
[1.313s] INFO:colcon.colcon_core.shell:Creating package script '/home/golam_sadek/ros2_ws/install/my_robot1_bringup/share/my_robot1_bringup/package.sh'
[1.313s] INFO:colcon.colcon_core.shell:Creating package script '/home/golam_sadek/ros2_ws/install/my_robot1_bringup/share/my_robot1_bringup/package.bash'
[1.314s] INFO:colcon.colcon_core.shell:Creating package script '/home/golam_sadek/ros2_ws/install/my_robot1_bringup/share/my_robot1_bringup/package.zsh'
[1.314s] Level 1:colcon.colcon_core.environment:create_file_with_runtime_dependencies(/home/golam_sadek/ros2_ws/install/my_robot1_bringup/share/colcon-core/packages/my_robot1_bringup)
[1.315s] Level 1:colcon.colcon_core.environment:create_environment_scripts_only(my_robot1_bringup)
[1.315s] Level 1:colcon.colcon_core.environment:checking '/home/golam_sadek/ros2_ws/install/my_robot1_bringup' for CMake module files
[1.315s] Level 1:colcon.colcon_core.environment:checking '/home/golam_sadek/ros2_ws/install/my_robot1_bringup' for CMake config files
[1.316s] Level 1:colcon.colcon_core.shell:create_environment_hook('my_robot1_bringup', 'cmake_prefix_path')
[1.316s] INFO:colcon.colcon_core.shell:Creating environment hook '/home/golam_sadek/ros2_ws/install/my_robot1_bringup/share/my_robot1_bringup/hook/cmake_prefix_path.ps1'
[1.316s] INFO:colcon.colcon_core.shell:Creating environment descriptor '/home/golam_sadek/ros2_ws/install/my_robot1_bringup/share/my_robot1_bringup/hook/cmake_prefix_path.dsv'
[1.317s] INFO:colcon.colcon_core.shell:Creating environment hook '/home/golam_sadek/ros2_ws/install/my_robot1_bringup/share/my_robot1_bringup/hook/cmake_prefix_path.sh'
[1.318s] Level 1:colcon.colcon_core.environment:checking '/home/golam_sadek/ros2_ws/install/my_robot1_bringup/bin'
[1.318s] Level 1:colcon.colcon_core.environment:checking '/home/golam_sadek/ros2_ws/install/my_robot1_bringup/lib/pkgconfig/my_robot1_bringup.pc'
[1.318s] Level 1:colcon.colcon_core.environment:checking '/home/golam_sadek/ros2_ws/install/my_robot1_bringup/lib/python3.10/site-packages'
[1.318s] Level 1:colcon.colcon_core.environment:checking '/home/golam_sadek/ros2_ws/install/my_robot1_bringup/bin'
[1.319s] INFO:colcon.colcon_core.shell:Creating package script '/home/golam_sadek/ros2_ws/install/my_robot1_bringup/share/my_robot1_bringup/package.ps1'
[1.319s] INFO:colcon.colcon_core.shell:Creating package descriptor '/home/golam_sadek/ros2_ws/install/my_robot1_bringup/share/my_robot1_bringup/package.dsv'
[1.320s] INFO:colcon.colcon_core.shell:Creating package script '/home/golam_sadek/ros2_ws/install/my_robot1_bringup/share/my_robot1_bringup/package.sh'
[1.320s] INFO:colcon.colcon_core.shell:Creating package script '/home/golam_sadek/ros2_ws/install/my_robot1_bringup/share/my_robot1_bringup/package.bash'
[1.321s] INFO:colcon.colcon_core.shell:Creating package script '/home/golam_sadek/ros2_ws/install/my_robot1_bringup/share/my_robot1_bringup/package.zsh'
[1.322s] Level 1:colcon.colcon_core.environment:create_file_with_runtime_dependencies(/home/golam_sadek/ros2_ws/install/my_robot1_bringup/share/colcon-core/packages/my_robot1_bringup)
[1.340s] DEBUG:colcon.colcon_core.event_handler.log_command:Invoking command in '/home/golam_sadek/ros2_ws/build/turtlesim_catch_them_all': PYTHONPATH=/home/golam_sadek/ros2_ws/build/turtlesim_catch_them_all/prefix_override:/usr/lib/python3/dist-packages/colcon_core/task/python/colcon_distutils_commands:/home/golam_sadek/ros2_ws/install/turtlesim_catch_them_all/lib/python3.10/site-packages:${PYTHONPATH} /usr/bin/python3 -W ignore:setup.py install is deprecated -W ignore:easy_install command is deprecated setup.py develop --editable --build-directory /home/golam_sadek/ros2_ws/build/turtlesim_catch_them_all/build --no-deps symlink_data
[1.342s] DEBUG:colcon.colcon_core.event_handler.log_command:Invoking command in '/home/golam_sadek/ros2_ws/build/my_py_pkg': PYTHONPATH=/home/golam_sadek/ros2_ws/build/my_py_pkg/prefix_override:/usr/lib/python3/dist-packages/colcon_core/task/python/colcon_distutils_commands:/home/golam_sadek/ros2_ws/install/my_py_pkg/lib/python3.10/site-packages:${PYTHONPATH} /usr/bin/python3 -W ignore:setup.py install is deprecated -W ignore:easy_install command is deprecated setup.py develop --editable --build-directory /home/golam_sadek/ros2_ws/build/my_py_pkg/build --no-deps symlink_data
[1.752s] Level 1:colcon.colcon_core.shell:create_environment_hook('turtlesim_catch_them_all', 'pythonpath_develop')
[1.752s] INFO:colcon.colcon_core.shell:Creating environment hook '/home/golam_sadek/ros2_ws/build/turtlesim_catch_them_all/share/turtlesim_catch_them_all/hook/pythonpath_develop.ps1'
[1.753s] DEBUG:colcon.colcon_core.event_handler.log_command:Invoked command in '/home/golam_sadek/ros2_ws/build/turtlesim_catch_them_all' returned '0': PYTHONPATH=/home/golam_sadek/ros2_ws/build/turtlesim_catch_them_all/prefix_override:/usr/lib/python3/dist-packages/colcon_core/task/python/colcon_distutils_commands:/home/golam_sadek/ros2_ws/install/turtlesim_catch_them_all/lib/python3.10/site-packages:${PYTHONPATH} /usr/bin/python3 -W ignore:setup.py install is deprecated -W ignore:easy_install command is deprecated setup.py develop --editable --build-directory /home/golam_sadek/ros2_ws/build/turtlesim_catch_them_all/build --no-deps symlink_data
[1.753s] INFO:colcon.colcon_core.shell:Creating environment descriptor '/home/golam_sadek/ros2_ws/build/turtlesim_catch_them_all/share/turtlesim_catch_them_all/hook/pythonpath_develop.dsv'
[1.753s] INFO:colcon.colcon_core.shell:Creating environment hook '/home/golam_sadek/ros2_ws/build/turtlesim_catch_them_all/share/turtlesim_catch_them_all/hook/pythonpath_develop.sh'
[1.754s] Level 1:colcon.colcon_core.environment:checking '/home/golam_sadek/ros2_ws/install/turtlesim_catch_them_all' for CMake module files
[1.754s] Level 1:colcon.colcon_core.environment:checking '/home/golam_sadek/ros2_ws/install/turtlesim_catch_them_all' for CMake config files
[1.755s] Level 1:colcon.colcon_core.environment:checking '/home/golam_sadek/ros2_ws/install/turtlesim_catch_them_all/lib'
[1.755s] Level 1:colcon.colcon_core.environment:checking '/home/golam_sadek/ros2_ws/install/turtlesim_catch_them_all/bin'
[1.755s] Level 1:colcon.colcon_core.environment:checking '/home/golam_sadek/ros2_ws/install/turtlesim_catch_them_all/lib/pkgconfig/turtlesim_catch_them_all.pc'
[1.756s] Level 1:colcon.colcon_core.environment:checking '/home/golam_sadek/ros2_ws/install/turtlesim_catch_them_all/lib/python3.10/site-packages'
[1.756s] Level 1:colcon.colcon_core.shell:create_environment_hook('turtlesim_catch_them_all', 'pythonpath')
[1.756s] INFO:colcon.colcon_core.shell:Creating environment hook '/home/golam_sadek/ros2_ws/install/turtlesim_catch_them_all/share/turtlesim_catch_them_all/hook/pythonpath.ps1'
[1.757s] INFO:colcon.colcon_core.shell:Creating environment descriptor '/home/golam_sadek/ros2_ws/install/turtlesim_catch_them_all/share/turtlesim_catch_them_all/hook/pythonpath.dsv'
[1.757s] INFO:colcon.colcon_core.shell:Creating environment hook '/home/golam_sadek/ros2_ws/install/turtlesim_catch_them_all/share/turtlesim_catch_them_all/hook/pythonpath.sh'
[1.758s] Level 1:colcon.colcon_core.environment:checking '/home/golam_sadek/ros2_ws/install/turtlesim_catch_them_all/bin'
[1.758s] Level 1:colcon.colcon_core.environment:create_environment_scripts_only(turtlesim_catch_them_all)
[1.758s] INFO:colcon.colcon_core.shell:Creating package script '/home/golam_sadek/ros2_ws/install/turtlesim_catch_them_all/share/turtlesim_catch_them_all/package.ps1'
[1.759s] INFO:colcon.colcon_core.shell:Creating package descriptor '/home/golam_sadek/ros2_ws/install/turtlesim_catch_them_all/share/turtlesim_catch_them_all/package.dsv'
[1.760s] INFO:colcon.colcon_core.shell:Creating package script '/home/golam_sadek/ros2_ws/install/turtlesim_catch_them_all/share/turtlesim_catch_them_all/package.sh'
[1.760s] INFO:colcon.colcon_core.shell:Creating package script '/home/golam_sadek/ros2_ws/install/turtlesim_catch_them_all/share/turtlesim_catch_them_all/package.bash'
[1.760s] INFO:colcon.colcon_core.shell:Creating package script '/home/golam_sadek/ros2_ws/install/turtlesim_catch_them_all/share/turtlesim_catch_them_all/package.zsh'
[1.761s] Level 1:colcon.colcon_core.environment:create_file_with_runtime_dependencies(/home/golam_sadek/ros2_ws/install/turtlesim_catch_them_all/share/colcon-core/packages/turtlesim_catch_them_all)
[1.762s] Level 1:colcon.colcon_core.shell:create_environment_hook('my_py_pkg', 'pythonpath_develop')
[1.762s] INFO:colcon.colcon_core.shell:Creating environment hook '/home/golam_sadek/ros2_ws/build/my_py_pkg/share/my_py_pkg/hook/pythonpath_develop.ps1'
[1.763s] DEBUG:colcon.colcon_core.event_handler.log_command:Invoked command in '/home/golam_sadek/ros2_ws/build/my_py_pkg' returned '0': PYTHONPATH=/home/golam_sadek/ros2_ws/build/my_py_pkg/prefix_override:/usr/lib/python3/dist-packages/colcon_core/task/python/colcon_distutils_commands:/home/golam_sadek/ros2_ws/install/my_py_pkg/lib/python3.10/site-packages:${PYTHONPATH} /usr/bin/python3 -W ignore:setup.py install is deprecated -W ignore:easy_install command is deprecated setup.py develop --editable --build-directory /home/golam_sadek/ros2_ws/build/my_py_pkg/build --no-deps symlink_data
[1.763s] INFO:colcon.colcon_core.shell:Creating environment descriptor '/home/golam_sadek/ros2_ws/build/my_py_pkg/share/my_py_pkg/hook/pythonpath_develop.dsv'
[1.763s] INFO:colcon.colcon_core.shell:Creating environment hook '/home/golam_sadek/ros2_ws/build/my_py_pkg/share/my_py_pkg/hook/pythonpath_develop.sh'
[1.764s] Level 1:colcon.colcon_core.environment:checking '/home/golam_sadek/ros2_ws/install/my_py_pkg' for CMake module files
[1.764s] Level 1:colcon.colcon_core.environment:checking '/home/golam_sadek/ros2_ws/install/my_py_pkg' for CMake config files
[1.764s] Level 1:colcon.colcon_core.environment:checking '/home/golam_sadek/ros2_ws/install/my_py_pkg/lib'
[1.764s] Level 1:colcon.colcon_core.environment:checking '/home/golam_sadek/ros2_ws/install/my_py_pkg/bin'
[1.764s] Level 1:colcon.colcon_core.environment:checking '/home/golam_sadek/ros2_ws/install/my_py_pkg/lib/pkgconfig/my_py_pkg.pc'
[1.765s] Level 1:colcon.colcon_core.environment:checking '/home/golam_sadek/ros2_ws/install/my_py_pkg/lib/python3.10/site-packages'
[1.765s] Level 1:colcon.colcon_core.shell:create_environment_hook('my_py_pkg', 'pythonpath')
[1.765s] INFO:colcon.colcon_core.shell:Creating environment hook '/home/golam_sadek/ros2_ws/install/my_py_pkg/share/my_py_pkg/hook/pythonpath.ps1'
[1.765s] INFO:colcon.colcon_core.shell:Creating environment descriptor '/home/golam_sadek/ros2_ws/install/my_py_pkg/share/my_py_pkg/hook/pythonpath.dsv'
[1.766s] INFO:colcon.colcon_core.shell:Creating environment hook '/home/golam_sadek/ros2_ws/install/my_py_pkg/share/my_py_pkg/hook/pythonpath.sh'
[1.766s] Level 1:colcon.colcon_core.environment:checking '/home/golam_sadek/ros2_ws/install/my_py_pkg/bin'
[1.766s] Level 1:colcon.colcon_core.environment:create_environment_scripts_only(my_py_pkg)
[1.766s] INFO:colcon.colcon_core.shell:Creating package script '/home/golam_sadek/ros2_ws/install/my_py_pkg/share/my_py_pkg/package.ps1'
[1.767s] INFO:colcon.colcon_core.shell:Creating package descriptor '/home/golam_sadek/ros2_ws/install/my_py_pkg/share/my_py_pkg/package.dsv'
[1.767s] INFO:colcon.colcon_core.shell:Creating package script '/home/golam_sadek/ros2_ws/install/my_py_pkg/share/my_py_pkg/package.sh'
[1.768s] INFO:colcon.colcon_core.shell:Creating package script '/home/golam_sadek/ros2_ws/install/my_py_pkg/share/my_py_pkg/package.bash'
[1.768s] INFO:colcon.colcon_core.shell:Creating package script '/home/golam_sadek/ros2_ws/install/my_py_pkg/share/my_py_pkg/package.zsh'
[1.768s] Level 1:colcon.colcon_core.environment:create_file_with_runtime_dependencies(/home/golam_sadek/ros2_ws/install/my_py_pkg/share/colcon-core/packages/my_py_pkg)
[1.768s] INFO:colcon.colcon_ros.task.ament_cmake.build:Building ROS package in '/home/golam_sadek/ros2_ws/src/my_robot_bringup' with build type 'ament_cmake'
[1.769s] INFO:colcon.colcon_cmake.task.cmake.build:Building CMake package in '/home/golam_sadek/ros2_ws/src/my_robot_bringup'
[1.769s] INFO:colcon.colcon_core.shell:Skip shell extension 'powershell' for command environment: Not usable outside of PowerShell
[1.769s] DEBUG:colcon.colcon_core.shell:Skip shell extension 'dsv' for command environment
[1.779s] DEBUG:colcon.colcon_core.event_handler.log_command:Invoking command in '/home/golam_sadek/ros2_ws/build/my_robot_bringup': AMENT_PREFIX_PATH=/home/golam_sadek/ros2_ws/install/my_py_pkg:/home/golam_sadek/ros2_ws/install/turtlesim_catch_them_all:/home/golam_sadek/ros2_ws/install/my_robot_interfaces:/home/golam_sadek/ros2_ws/install/my_robot1_bringup:/home/golam_sadek/ros2_ws/install/my_robot_description:/home/golam_sadek/ros2_ws/install/my_robot_bringup:/home/golam_sadek/ros2_ws/install/my_cpp_pkg:/opt/ros/humble CMAKE_PREFIX_PATH=${CMAKE_PREFIX_PATH}:/home/golam_sadek/ros2_ws/install/turtlesim_catch_them_all:/home/golam_sadek/ros2_ws/install/my_py_pkg:/opt/ros/humble PYTHONPATH=/home/golam_sadek/ros2_ws/build/my_py_pkg:/home/golam_sadek/ros2_ws/install/my_py_pkg/lib/python3.10/site-packages:/home/golam_sadek/ros2_ws/build/turtlesim_catch_them_all:/home/golam_sadek/ros2_ws/install/turtlesim_catch_them_all/lib/python3.10/site-packages:/home/golam_sadek/ros2_ws/install/my_robot_interfaces/local/lib/python3.10/dist-packages:/opt/ros/humble/lib/python3.10/site-packages:/opt/ros/humble/local/lib/python3.10/dist-packages /usr/bin/cmake --build /home/golam_sadek/ros2_ws/build/my_robot_bringup -- -j8 -l8
[1.813s] DEBUG:colcon.colcon_core.event_handler.log_command:Invoked command in '/home/golam_sadek/ros2_ws/build/my_robot_bringup' returned '0': AMENT_PREFIX_PATH=/home/golam_sadek/ros2_ws/install/my_py_pkg:/home/golam_sadek/ros2_ws/install/turtlesim_catch_them_all:/home/golam_sadek/ros2_ws/install/my_robot_interfaces:/home/golam_sadek/ros2_ws/install/my_robot1_bringup:/home/golam_sadek/ros2_ws/install/my_robot_description:/home/golam_sadek/ros2_ws/install/my_robot_bringup:/home/golam_sadek/ros2_ws/install/my_cpp_pkg:/opt/ros/humble CMAKE_PREFIX_PATH=${CMAKE_PREFIX_PATH}:/home/golam_sadek/ros2_ws/install/turtlesim_catch_them_all:/home/golam_sadek/ros2_ws/install/my_py_pkg:/opt/ros/humble PYTHONPATH=/home/golam_sadek/ros2_ws/build/my_py_pkg:/home/golam_sadek/ros2_ws/install/my_py_pkg/lib/python3.10/site-packages:/home/golam_sadek/ros2_ws/build/turtlesim_catch_them_all:/home/golam_sadek/ros2_ws/install/turtlesim_catch_them_all/lib/python3.10/site-packages:/home/golam_sadek/ros2_ws/install/my_robot_interfaces/local/lib/python3.10/dist-packages:/opt/ros/humble/lib/python3.10/site-packages:/opt/ros/humble/local/lib/python3.10/dist-packages /usr/bin/cmake --build /home/golam_sadek/ros2_ws/build/my_robot_bringup -- -j8 -l8
[1.815s] DEBUG:colcon.colcon_core.event_handler.log_command:Invoking command in '/home/golam_sadek/ros2_ws/build/my_robot_bringup': AMENT_PREFIX_PATH=/home/golam_sadek/ros2_ws/install/my_py_pkg:/home/golam_sadek/ros2_ws/install/turtlesim_catch_them_all:/home/golam_sadek/ros2_ws/install/my_robot_interfaces:/home/golam_sadek/ros2_ws/install/my_robot1_bringup:/home/golam_sadek/ros2_ws/install/my_robot_description:/home/golam_sadek/ros2_ws/install/my_robot_bringup:/home/golam_sadek/ros2_ws/install/my_cpp_pkg:/opt/ros/humble CMAKE_PREFIX_PATH=${CMAKE_PREFIX_PATH}:/home/golam_sadek/ros2_ws/install/turtlesim_catch_them_all:/home/golam_sadek/ros2_ws/install/my_py_pkg:/opt/ros/humble PYTHONPATH=/home/golam_sadek/ros2_ws/build/my_py_pkg:/home/golam_sadek/ros2_ws/install/my_py_pkg/lib/python3.10/site-packages:/home/golam_sadek/ros2_ws/build/turtlesim_catch_them_all:/home/golam_sadek/ros2_ws/install/turtlesim_catch_them_all/lib/python3.10/site-packages:/home/golam_sadek/ros2_ws/install/my_robot_interfaces/local/lib/python3.10/dist-packages:/opt/ros/humble/lib/python3.10/site-packages:/opt/ros/humble/local/lib/python3.10/dist-packages /usr/bin/cmake --install /home/golam_sadek/ros2_ws/build/my_robot_bringup
[1.834s] Level 1:colcon.colcon_core.environment:create_environment_scripts_only(my_robot_bringup)
[1.834s] Level 1:colcon.colcon_core.environment:checking '/home/golam_sadek/ros2_ws/install/my_robot_bringup' for CMake module files
[1.835s] DEBUG:colcon.colcon_core.event_handler.log_command:Invoked command in '/home/golam_sadek/ros2_ws/build/my_robot_bringup' returned '0': AMENT_PREFIX_PATH=/home/golam_sadek/ros2_ws/install/my_py_pkg:/home/golam_sadek/ros2_ws/install/turtlesim_catch_them_all:/home/golam_sadek/ros2_ws/install/my_robot_interfaces:/home/golam_sadek/ros2_ws/install/my_robot1_bringup:/home/golam_sadek/ros2_ws/install/my_robot_description:/home/golam_sadek/ros2_ws/install/my_robot_bringup:/home/golam_sadek/ros2_ws/install/my_cpp_pkg:/opt/ros/humble CMAKE_PREFIX_PATH=${CMAKE_PREFIX_PATH}:/home/golam_sadek/ros2_ws/install/turtlesim_catch_them_all:/home/golam_sadek/ros2_ws/install/my_py_pkg:/opt/ros/humble PYTHONPATH=/home/golam_sadek/ros2_ws/build/my_py_pkg:/home/golam_sadek/ros2_ws/install/my_py_pkg/lib/python3.10/site-packages:/home/golam_sadek/ros2_ws/build/turtlesim_catch_them_all:/home/golam_sadek/ros2_ws/install/turtlesim_catch_them_all/lib/python3.10/site-packages:/home/golam_sadek/ros2_ws/install/my_robot_interfaces/local/lib/python3.10/dist-packages:/opt/ros/humble/lib/python3.10/site-packages:/opt/ros/humble/local/lib/python3.10/dist-packages /usr/bin/cmake --install /home/golam_sadek/ros2_ws/build/my_robot_bringup
[1.835s] Level 1:colcon.colcon_core.environment:checking '/home/golam_sadek/ros2_ws/install/my_robot_bringup' for CMake config files
[1.835s] Level 1:colcon.colcon_core.shell:create_environment_hook('my_robot_bringup', 'cmake_prefix_path')
[1.836s] INFO:colcon.colcon_core.shell:Creating environment hook '/home/golam_sadek/ros2_ws/install/my_robot_bringup/share/my_robot_bringup/hook/cmake_prefix_path.ps1'
[1.836s] INFO:colcon.colcon_core.shell:Creating environment descriptor '/home/golam_sadek/ros2_ws/install/my_robot_bringup/share/my_robot_bringup/hook/cmake_prefix_path.dsv'
[1.836s] INFO:colcon.colcon_core.shell:Creating environment hook '/home/golam_sadek/ros2_ws/install/my_robot_bringup/share/my_robot_bringup/hook/cmake_prefix_path.sh'
[1.837s] Level 1:colcon.colcon_core.environment:checking '/home/golam_sadek/ros2_ws/install/my_robot_bringup/bin'
[1.837s] Level 1:colcon.colcon_core.environment:checking '/home/golam_sadek/ros2_ws/install/my_robot_bringup/lib/pkgconfig/my_robot_bringup.pc'
[1.837s] Level 1:colcon.colcon_core.environment:checking '/home/golam_sadek/ros2_ws/install/my_robot_bringup/lib/python3.10/site-packages'
[1.837s] Level 1:colcon.colcon_core.environment:checking '/home/golam_sadek/ros2_ws/install/my_robot_bringup/bin'
[1.838s] INFO:colcon.colcon_core.shell:Creating package script '/home/golam_sadek/ros2_ws/install/my_robot_bringup/share/my_robot_bringup/package.ps1'
[1.838s] INFO:colcon.colcon_core.shell:Creating package descriptor '/home/golam_sadek/ros2_ws/install/my_robot_bringup/share/my_robot_bringup/package.dsv'
[1.838s] INFO:colcon.colcon_core.shell:Creating package script '/home/golam_sadek/ros2_ws/install/my_robot_bringup/share/my_robot_bringup/package.sh'
[1.839s] INFO:colcon.colcon_core.shell:Creating package script '/home/golam_sadek/ros2_ws/install/my_robot_bringup/share/my_robot_bringup/package.bash'
[1.839s] INFO:colcon.colcon_core.shell:Creating package script '/home/golam_sadek/ros2_ws/install/my_robot_bringup/share/my_robot_bringup/package.zsh'
[1.840s] Level 1:colcon.colcon_core.environment:create_file_with_runtime_dependencies(/home/golam_sadek/ros2_ws/install/my_robot_bringup/share/colcon-core/packages/my_robot_bringup)
[1.841s] Level 1:colcon.colcon_core.environment:create_environment_scripts_only(my_robot_bringup)
[1.841s] Level 1:colcon.colcon_core.environment:checking '/home/golam_sadek/ros2_ws/install/my_robot_bringup' for CMake module files
[1.841s] Level 1:colcon.colcon_core.environment:checking '/home/golam_sadek/ros2_ws/install/my_robot_bringup' for CMake config files
[1.841s] Level 1:colcon.colcon_core.shell:create_environment_hook('my_robot_bringup', 'cmake_prefix_path')
[1.842s] INFO:colcon.colcon_core.shell:Creating environment hook '/home/golam_sadek/ros2_ws/install/my_robot_bringup/share/my_robot_bringup/hook/cmake_prefix_path.ps1'
[1.842s] INFO:colcon.colcon_core.shell:Creating environment descriptor '/home/golam_sadek/ros2_ws/install/my_robot_bringup/share/my_robot_bringup/hook/cmake_prefix_path.dsv'
[1.842s] INFO:colcon.colcon_core.shell:Creating environment hook '/home/golam_sadek/ros2_ws/install/my_robot_bringup/share/my_robot_bringup/hook/cmake_prefix_path.sh'
[1.843s] Level 1:colcon.colcon_core.environment:checking '/home/golam_sadek/ros2_ws/install/my_robot_bringup/bin'
[1.843s] Level 1:colcon.colcon_core.environment:checking '/home/golam_sadek/ros2_ws/install/my_robot_bringup/lib/pkgconfig/my_robot_bringup.pc'
[1.843s] Level 1:colcon.colcon_core.environment:checking '/home/golam_sadek/ros2_ws/install/my_robot_bringup/lib/python3.10/site-packages'
[1.844s] Level 1:colcon.colcon_core.environment:checking '/home/golam_sadek/ros2_ws/install/my_robot_bringup/bin'
[1.844s] INFO:colcon.colcon_core.shell:Creating package script '/home/golam_sadek/ros2_ws/install/my_robot_bringup/share/my_robot_bringup/package.ps1'
[1.844s] INFO:colcon.colcon_core.shell:Creating package descriptor '/home/golam_sadek/ros2_ws/install/my_robot_bringup/share/my_robot_bringup/package.dsv'
[1.845s] INFO:colcon.colcon_core.shell:Creating package script '/home/golam_sadek/ros2_ws/install/my_robot_bringup/share/my_robot_bringup/package.sh'
[1.845s] INFO:colcon.colcon_core.shell:Creating package script '/home/golam_sadek/ros2_ws/install/my_robot_bringup/share/my_robot_bringup/package.bash'
[1.846s] INFO:colcon.colcon_core.shell:Creating package script '/home/golam_sadek/ros2_ws/install/my_robot_bringup/share/my_robot_bringup/package.zsh'
[1.846s] Level 1:colcon.colcon_core.environment:create_file_with_runtime_dependencies(/home/golam_sadek/ros2_ws/install/my_robot_bringup/share/colcon-core/packages/my_robot_bringup)
[1.846s] DEBUG:colcon.colcon_parallel_executor.executor.parallel:closing loop
[1.846s] DEBUG:colcon.colcon_parallel_executor.executor.parallel:loop closed
[1.847s] DEBUG:colcon.colcon_parallel_executor.executor.parallel:run_until_complete finished with '0'
[1.847s] DEBUG:colcon.colcon_core.event_reactor:joining thread
[1.851s] INFO:colcon.colcon_core.plugin_system:Skipping extension 'colcon_notification.desktop_notification.terminal_notifier': Not used on non-Darwin systems
[1.851s] INFO:colcon.colcon_core.plugin_system:Skipping extension 'colcon_notification.desktop_notification.win32': Not used on non-Windows systems
[1.851s] INFO:colcon.colcon_notification.desktop_notification:Sending desktop notification using 'notify2'
[1.859s] DEBUG:colcon.colcon_core.event_reactor:joined thread
[1.859s] INFO:colcon.colcon_core.shell:Creating prefix script '/home/golam_sadek/ros2_ws/install/local_setup.ps1'
[1.860s] INFO:colcon.colcon_core.shell:Creating prefix util module '/home/golam_sadek/ros2_ws/install/_local_setup_util_ps1.py'
[1.862s] INFO:colcon.colcon_core.shell:Creating prefix chain script '/home/golam_sadek/ros2_ws/install/setup.ps1'
[1.864s] INFO:colcon.colcon_core.shell:Creating prefix script '/home/golam_sadek/ros2_ws/install/local_setup.sh'
[1.865s] INFO:colcon.colcon_core.shell:Creating prefix util module '/home/golam_sadek/ros2_ws/install/_local_setup_util_sh.py'
[1.866s] INFO:colcon.colcon_core.shell:Creating prefix chain script '/home/golam_sadek/ros2_ws/install/setup.sh'
[1.867s] INFO:colcon.colcon_core.shell:Creating prefix script '/home/golam_sadek/ros2_ws/install/local_setup.bash'
[1.868s] INFO:colcon.colcon_core.shell:Creating prefix chain script '/home/golam_sadek/ros2_ws/install/setup.bash'
[1.870s] INFO:colcon.colcon_core.shell:Creating prefix script '/home/golam_sadek/ros2_ws/install/local_setup.zsh'
[1.870s] INFO:colcon.colcon_core.shell:Creating prefix chain script '/home/golam_sadek/ros2_ws/install/setup.zsh'
