[0.254s] Invoking command in '/home/golam_sadek/ros2_ws/build/my_robot_interfaces': CMAKE_PREFIX_PATH=${CMAKE_PREFIX_PATH}:/home/golam_sadek/ros2_ws/install/turtlesim_catch_them_all:/home/golam_sadek/ros2_ws/install/my_py_pkg:/opt/ros/humble /usr/bin/cmake --build /home/golam_sadek/ros2_ws/build/my_robot_interfaces -- -j8 -l8
[0.317s] [  9%] Built target my_robot_interfaces__rosidl_generator_c
[0.317s] [ 12%] Built target my_robot_interfaces__cpp
[0.326s] [ 12%] Built target ament_cmake_python_symlink_my_robot_interfaces
[0.348s] [ 25%] Built target my_robot_interfaces__rosidl_typesupport_c
[0.348s] [ 32%] Built target my_robot_interfaces__rosidl_typesupport_fastrtps_c
[0.351s] [ 41%] Built target my_robot_interfaces__rosidl_typesupport_introspection_c
[0.355s] [ 51%] Built target my_robot_interfaces__rosidl_typesupport_introspection_cpp
[0.358s] [ 61%] Built target my_robot_interfaces__rosidl_typesupport_fastrtps_cpp
[0.360s] [ 70%] Built target my_robot_interfaces__rosidl_typesupport_cpp
[0.381s] [ 70%] Built target my_robot_interfaces
[0.402s] [ 74%] Built target my_robot_interfaces__py
[0.426s] [ 80%] Built target my_robot_interfaces__rosidl_generator_py
[0.449s] [ 87%] Built target my_robot_interfaces__rosidl_typesupport_c__pyext
[0.450s] [ 93%] Built target my_robot_interfaces__rosidl_typesupport_fastrtps_c__pyext
[0.456s] [100%] Built target my_robot_interfaces__rosidl_typesupport_introspection_c__pyext
[0.603s] running egg_info
[0.604s] writing my_robot_interfaces.egg-info/PKG-INFO
[0.605s] writing dependency_links to my_robot_interfaces.egg-info/dependency_links.txt
[0.605s] writing top-level names to my_robot_interfaces.egg-info/top_level.txt
[0.610s] reading manifest file 'my_robot_interfaces.egg-info/SOURCES.txt'
[0.610s] writing manifest file 'my_robot_interfaces.egg-info/SOURCES.txt'
[0.666s] [100%] Built target ament_cmake_python_build_my_robot_interfaces_egg
[0.678s] Invoked command in '/home/golam_sadek/ros2_ws/build/my_robot_interfaces' returned '0': CMAKE_PREFIX_PATH=${CMAKE_PREFIX_PATH}:/home/golam_sadek/ros2_ws/install/turtlesim_catch_them_all:/home/golam_sadek/ros2_ws/install/my_py_pkg:/opt/ros/humble /usr/bin/cmake --build /home/golam_sadek/ros2_ws/build/my_robot_interfaces -- -j8 -l8
[0.680s] Invoking command in '/home/golam_sadek/ros2_ws/build/my_robot_interfaces': CMAKE_PREFIX_PATH=${CMAKE_PREFIX_PATH}:/home/golam_sadek/ros2_ws/install/turtlesim_catch_them_all:/home/golam_sadek/ros2_ws/install/my_py_pkg:/opt/ros/humble /usr/bin/cmake --install /home/golam_sadek/ros2_ws/build/my_robot_interfaces
[0.689s] -- Install configuration: ""
[0.690s] -- Execute custom install script
[0.690s] -- Up-to-date symlink: /home/golam_sadek/ros2_ws/install/my_robot_interfaces/share/ament_index/resource_index/rosidl_interfaces/my_robot_interfaces
[0.691s] -- Up-to-date symlink: /home/golam_sadek/ros2_ws/install/my_robot_interfaces/include/my_robot_interfaces/my_robot_interfaces/msg/detail/hardware_status__functions.h
[0.691s] -- Up-to-date symlink: /home/golam_sadek/ros2_ws/install/my_robot_interfaces/include/my_robot_interfaces/my_robot_interfaces/msg/detail/hardware_status__struct.h
[0.691s] -- Up-to-date symlink: /home/golam_sadek/ros2_ws/install/my_robot_interfaces/include/my_robot_interfaces/my_robot_interfaces/msg/detail/hardware_status__type_support.h
[0.691s] -- Up-to-date symlink: /home/golam_sadek/ros2_ws/install/my_robot_interfaces/include/my_robot_interfaces/my_robot_interfaces/msg/hardware_status.h
[0.691s] -- Up-to-date symlink: /home/golam_sadek/ros2_ws/install/my_robot_interfaces/include/my_robot_interfaces/my_robot_interfaces/msg/rosidl_generator_c__visibility_control.h
[0.691s] -- Up-to-date symlink: /home/golam_sadek/ros2_ws/install/my_robot_interfaces/share/my_robot_interfaces/environment/library_path.sh
[0.692s] -- Up-to-date symlink: /home/golam_sadek/ros2_ws/install/my_robot_interfaces/share/my_robot_interfaces/environment/library_path.dsv
[0.692s] -- Up-to-date symlink: /home/golam_sadek/ros2_ws/install/my_robot_interfaces/include/my_robot_interfaces/my_robot_interfaces/msg/detail/hardware_status__rosidl_typesupport_fastrtps_c.h
[0.692s] -- Up-to-date symlink: /home/golam_sadek/ros2_ws/install/my_robot_interfaces/include/my_robot_interfaces/my_robot_interfaces/msg/rosidl_typesupport_fastrtps_c__visibility_control.h
[0.692s] -- Up-to-date symlink: /home/golam_sadek/ros2_ws/install/my_robot_interfaces/include/my_robot_interfaces/my_robot_interfaces/msg/detail/hardware_status__rosidl_typesupport_introspection_c.h
[0.692s] -- Up-to-date symlink: /home/golam_sadek/ros2_ws/install/my_robot_interfaces/include/my_robot_interfaces/my_robot_interfaces/msg/rosidl_typesupport_introspection_c__visibility_control.h
[0.693s] -- Up-to-date symlink: /home/golam_sadek/ros2_ws/install/my_robot_interfaces/include/my_robot_interfaces/my_robot_interfaces/msg/detail/hardware_status__builder.hpp
[0.693s] -- Up-to-date symlink: /home/golam_sadek/ros2_ws/install/my_robot_interfaces/include/my_robot_interfaces/my_robot_interfaces/msg/detail/hardware_status__struct.hpp
[0.693s] -- Up-to-date symlink: /home/golam_sadek/ros2_ws/install/my_robot_interfaces/include/my_robot_interfaces/my_robot_interfaces/msg/detail/hardware_status__traits.hpp
[0.693s] -- Up-to-date symlink: /home/golam_sadek/ros2_ws/install/my_robot_interfaces/include/my_robot_interfaces/my_robot_interfaces/msg/detail/hardware_status__type_support.hpp
[0.693s] -- Up-to-date symlink: /home/golam_sadek/ros2_ws/install/my_robot_interfaces/include/my_robot_interfaces/my_robot_interfaces/msg/hardware_status.hpp
[0.693s] -- Up-to-date symlink: /home/golam_sadek/ros2_ws/install/my_robot_interfaces/include/my_robot_interfaces/my_robot_interfaces/msg/rosidl_generator_cpp__visibility_control.hpp
[0.694s] -- Up-to-date symlink: /home/golam_sadek/ros2_ws/install/my_robot_interfaces/include/my_robot_interfaces/my_robot_interfaces/msg/detail/hardware_status__rosidl_typesupport_fastrtps_cpp.hpp
[0.694s] -- Up-to-date symlink: /home/golam_sadek/ros2_ws/install/my_robot_interfaces/include/my_robot_interfaces/my_robot_interfaces/msg/rosidl_typesupport_fastrtps_cpp__visibility_control.h
[0.694s] -- Up-to-date symlink: /home/golam_sadek/ros2_ws/install/my_robot_interfaces/include/my_robot_interfaces/my_robot_interfaces/msg/detail/hardware_status__rosidl_typesupport_introspection_cpp.hpp
[0.694s] -- Up-to-date symlink: /home/golam_sadek/ros2_ws/install/my_robot_interfaces/share/my_robot_interfaces/environment/pythonpath.sh
[0.695s] -- Up-to-date symlink: /home/golam_sadek/ros2_ws/install/my_robot_interfaces/share/my_robot_interfaces/environment/pythonpath.dsv
[0.695s] -- Up-to-date symlink: /home/golam_sadek/ros2_ws/install/my_robot_interfaces/local/lib/python3.10/dist-packages/my_robot_interfaces-0.0.0-py3.10.egg-info/PKG-INFO
[0.695s] -- Up-to-date symlink: /home/golam_sadek/ros2_ws/install/my_robot_interfaces/local/lib/python3.10/dist-packages/my_robot_interfaces-0.0.0-py3.10.egg-info/SOURCES.txt
[0.695s] -- Up-to-date symlink: /home/golam_sadek/ros2_ws/install/my_robot_interfaces/local/lib/python3.10/dist-packages/my_robot_interfaces-0.0.0-py3.10.egg-info/dependency_links.txt
[0.695s] -- Up-to-date symlink: /home/golam_sadek/ros2_ws/install/my_robot_interfaces/local/lib/python3.10/dist-packages/my_robot_interfaces-0.0.0-py3.10.egg-info/top_level.txt
[0.696s] -- Up-to-date symlink: /home/golam_sadek/ros2_ws/install/my_robot_interfaces/local/lib/python3.10/dist-packages/my_robot_interfaces/__init__.py
[0.696s] -- Up-to-date symlink: /home/golam_sadek/ros2_ws/install/my_robot_interfaces/local/lib/python3.10/dist-packages/my_robot_interfaces/_my_robot_interfaces_s.ep.rosidl_typesupport_c.c
[0.696s] -- Up-to-date symlink: /home/golam_sadek/ros2_ws/install/my_robot_interfaces/local/lib/python3.10/dist-packages/my_robot_interfaces/_my_robot_interfaces_s.ep.rosidl_typesupport_fastrtps_c.c
[0.696s] -- Up-to-date symlink: /home/golam_sadek/ros2_ws/install/my_robot_interfaces/local/lib/python3.10/dist-packages/my_robot_interfaces/_my_robot_interfaces_s.ep.rosidl_typesupport_introspection_c.c
[0.696s] -- Up-to-date symlink: /home/golam_sadek/ros2_ws/install/my_robot_interfaces/local/lib/python3.10/dist-packages/my_robot_interfaces/libmy_robot_interfaces__rosidl_generator_py.so
[0.697s] -- Up-to-date symlink: /home/golam_sadek/ros2_ws/install/my_robot_interfaces/local/lib/python3.10/dist-packages/my_robot_interfaces/msg/__init__.py
[0.697s] -- Up-to-date symlink: /home/golam_sadek/ros2_ws/install/my_robot_interfaces/local/lib/python3.10/dist-packages/my_robot_interfaces/msg/_hardware_status.py
[0.697s] -- Up-to-date symlink: /home/golam_sadek/ros2_ws/install/my_robot_interfaces/local/lib/python3.10/dist-packages/my_robot_interfaces/msg/_hardware_status_s.c
[0.697s] -- Up-to-date symlink: /home/golam_sadek/ros2_ws/install/my_robot_interfaces/local/lib/python3.10/dist-packages/my_robot_interfaces/my_robot_interfaces_s__rosidl_typesupport_c.cpython-310-x86_64-linux-gnu.so
[0.697s] -- Up-to-date symlink: /home/golam_sadek/ros2_ws/install/my_robot_interfaces/local/lib/python3.10/dist-packages/my_robot_interfaces/my_robot_interfaces_s__rosidl_typesupport_fastrtps_c.cpython-310-x86_64-linux-gnu.so
[0.697s] -- Up-to-date symlink: /home/golam_sadek/ros2_ws/install/my_robot_interfaces/local/lib/python3.10/dist-packages/my_robot_interfaces/my_robot_interfaces_s__rosidl_typesupport_introspection_c.cpython-310-x86_64-linux-gnu.so
[0.697s] -- Up-to-date symlink: /home/golam_sadek/ros2_ws/install/my_robot_interfaces/local/lib/python3.10/dist-packages/my_robot_interfaces/my_robot_interfaces_s__rosidl_typesupport_fastrtps_c.cpython-310-x86_64-linux-gnu.so
[0.698s] -- Up-to-date symlink: /home/golam_sadek/ros2_ws/install/my_robot_interfaces/local/lib/python3.10/dist-packages/my_robot_interfaces/my_robot_interfaces_s__rosidl_typesupport_introspection_c.cpython-310-x86_64-linux-gnu.so
[0.698s] -- Up-to-date symlink: /home/golam_sadek/ros2_ws/install/my_robot_interfaces/local/lib/python3.10/dist-packages/my_robot_interfaces/my_robot_interfaces_s__rosidl_typesupport_c.cpython-310-x86_64-linux-gnu.so
[0.698s] -- Up-to-date symlink: /home/golam_sadek/ros2_ws/install/my_robot_interfaces/share/my_robot_interfaces/msg/HardwareStatus.idl
[0.698s] -- Up-to-date symlink: /home/golam_sadek/ros2_ws/install/my_robot_interfaces/share/my_robot_interfaces/msg/HardwareStatus.msg
[0.698s] -- Up-to-date symlink: /home/golam_sadek/ros2_ws/install/my_robot_interfaces/share/ament_index/resource_index/package_run_dependencies/my_robot_interfaces
[0.698s] -- Up-to-date symlink: /home/golam_sadek/ros2_ws/install/my_robot_interfaces/share/ament_index/resource_index/parent_prefix_path/my_robot_interfaces
[0.698s] -- Up-to-date symlink: /home/golam_sadek/ros2_ws/install/my_robot_interfaces/share/my_robot_interfaces/environment/ament_prefix_path.sh
[0.699s] -- Up-to-date symlink: /home/golam_sadek/ros2_ws/install/my_robot_interfaces/share/my_robot_interfaces/environment/ament_prefix_path.dsv
[0.699s] -- Up-to-date symlink: /home/golam_sadek/ros2_ws/install/my_robot_interfaces/share/my_robot_interfaces/environment/path.sh
[0.699s] -- Up-to-date symlink: /home/golam_sadek/ros2_ws/install/my_robot_interfaces/share/my_robot_interfaces/environment/path.dsv
[0.699s] -- Up-to-date symlink: /home/golam_sadek/ros2_ws/install/my_robot_interfaces/share/my_robot_interfaces/local_setup.bash
[0.700s] -- Up-to-date symlink: /home/golam_sadek/ros2_ws/install/my_robot_interfaces/share/my_robot_interfaces/local_setup.sh
[0.700s] -- Up-to-date symlink: /home/golam_sadek/ros2_ws/install/my_robot_interfaces/share/my_robot_interfaces/local_setup.zsh
[0.700s] -- Up-to-date symlink: /home/golam_sadek/ros2_ws/install/my_robot_interfaces/share/my_robot_interfaces/local_setup.dsv
[0.700s] -- Symlinking: /home/golam_sadek/ros2_ws/install/my_robot_interfaces/share/my_robot_interfaces/package.dsv
[0.712s] -- Up-to-date symlink: /home/golam_sadek/ros2_ws/install/my_robot_interfaces/share/ament_index/resource_index/packages/my_robot_interfaces
[0.712s] -- Up-to-date symlink: /home/golam_sadek/ros2_ws/install/my_robot_interfaces/share/my_robot_interfaces/cmake/rosidl_cmake-extras.cmake
[0.712s] -- Up-to-date symlink: /home/golam_sadek/ros2_ws/install/my_robot_interfaces/share/my_robot_interfaces/cmake/ament_cmake_export_include_directories-extras.cmake
[0.712s] -- Up-to-date symlink: /home/golam_sadek/ros2_ws/install/my_robot_interfaces/share/my_robot_interfaces/cmake/ament_cmake_export_libraries-extras.cmake
[0.712s] -- Up-to-date symlink: /home/golam_sadek/ros2_ws/install/my_robot_interfaces/share/my_robot_interfaces/cmake/ament_cmake_export_targets-extras.cmake
[0.713s] -- Up-to-date symlink: /home/golam_sadek/ros2_ws/install/my_robot_interfaces/share/my_robot_interfaces/cmake/rosidl_cmake_export_typesupport_targets-extras.cmake
[0.713s] -- Up-to-date symlink: /home/golam_sadek/ros2_ws/install/my_robot_interfaces/share/my_robot_interfaces/cmake/ament_cmake_export_dependencies-extras.cmake
[0.713s] -- Up-to-date symlink: /home/golam_sadek/ros2_ws/install/my_robot_interfaces/share/my_robot_interfaces/cmake/rosidl_cmake_export_typesupport_libraries-extras.cmake
[0.713s] -- Up-to-date symlink: /home/golam_sadek/ros2_ws/install/my_robot_interfaces/share/my_robot_interfaces/cmake/my_robot_interfacesConfig.cmake
[0.714s] -- Up-to-date symlink: /home/golam_sadek/ros2_ws/install/my_robot_interfaces/share/my_robot_interfaces/cmake/my_robot_interfacesConfig-version.cmake
[0.714s] -- Up-to-date symlink: /home/golam_sadek/ros2_ws/install/my_robot_interfaces/share/my_robot_interfaces/package.xml
[0.714s] -- Up-to-date: /home/golam_sadek/ros2_ws/install/my_robot_interfaces/lib/libmy_robot_interfaces__rosidl_generator_c.so
[0.714s] -- Up-to-date: /home/golam_sadek/ros2_ws/install/my_robot_interfaces/lib/libmy_robot_interfaces__rosidl_typesupport_fastrtps_c.so
[0.715s] -- Up-to-date: /home/golam_sadek/ros2_ws/install/my_robot_interfaces/lib/libmy_robot_interfaces__rosidl_typesupport_introspection_c.so
[0.716s] -- Up-to-date: /home/golam_sadek/ros2_ws/install/my_robot_interfaces/lib/libmy_robot_interfaces__rosidl_typesupport_c.so
[0.716s] -- Up-to-date: /home/golam_sadek/ros2_ws/install/my_robot_interfaces/lib/libmy_robot_interfaces__rosidl_typesupport_fastrtps_cpp.so
[0.716s] -- Up-to-date: /home/golam_sadek/ros2_ws/install/my_robot_interfaces/lib/libmy_robot_interfaces__rosidl_typesupport_introspection_cpp.so
[0.717s] -- Up-to-date: /home/golam_sadek/ros2_ws/install/my_robot_interfaces/lib/libmy_robot_interfaces__rosidl_typesupport_cpp.so
[0.752s] Listing '/home/golam_sadek/ros2_ws/install/my_robot_interfaces/local/lib/python3.10/dist-packages/my_robot_interfaces'...
[0.752s] Listing '/home/golam_sadek/ros2_ws/install/my_robot_interfaces/local/lib/python3.10/dist-packages/my_robot_interfaces/msg'...
[0.757s] -- Up-to-date: /home/golam_sadek/ros2_ws/install/my_robot_interfaces/lib/libmy_robot_interfaces__rosidl_generator_py.so
[0.758s] -- Up-to-date: /home/golam_sadek/ros2_ws/install/my_robot_interfaces/share/my_robot_interfaces/cmake/export_my_robot_interfaces__rosidl_generator_cExport.cmake
[0.758s] -- Up-to-date: /home/golam_sadek/ros2_ws/install/my_robot_interfaces/share/my_robot_interfaces/cmake/export_my_robot_interfaces__rosidl_generator_cExport-noconfig.cmake
[0.758s] -- Up-to-date: /home/golam_sadek/ros2_ws/install/my_robot_interfaces/share/my_robot_interfaces/cmake/export_my_robot_interfaces__rosidl_typesupport_fastrtps_cExport.cmake
[0.758s] -- Up-to-date: /home/golam_sadek/ros2_ws/install/my_robot_interfaces/share/my_robot_interfaces/cmake/export_my_robot_interfaces__rosidl_typesupport_fastrtps_cExport-noconfig.cmake
[0.758s] -- Up-to-date: /home/golam_sadek/ros2_ws/install/my_robot_interfaces/share/my_robot_interfaces/cmake/my_robot_interfaces__rosidl_typesupport_introspection_cExport.cmake
[0.758s] -- Up-to-date: /home/golam_sadek/ros2_ws/install/my_robot_interfaces/share/my_robot_interfaces/cmake/my_robot_interfaces__rosidl_typesupport_introspection_cExport-noconfig.cmake
[0.758s] -- Up-to-date: /home/golam_sadek/ros2_ws/install/my_robot_interfaces/share/my_robot_interfaces/cmake/my_robot_interfaces__rosidl_typesupport_cExport.cmake
[0.758s] -- Up-to-date: /home/golam_sadek/ros2_ws/install/my_robot_interfaces/share/my_robot_interfaces/cmake/my_robot_interfaces__rosidl_typesupport_cExport-noconfig.cmake
[0.759s] -- Up-to-date: /home/golam_sadek/ros2_ws/install/my_robot_interfaces/share/my_robot_interfaces/cmake/export_my_robot_interfaces__rosidl_generator_cppExport.cmake
[0.759s] -- Up-to-date: /home/golam_sadek/ros2_ws/install/my_robot_interfaces/share/my_robot_interfaces/cmake/export_my_robot_interfaces__rosidl_typesupport_fastrtps_cppExport.cmake
[0.759s] -- Up-to-date: /home/golam_sadek/ros2_ws/install/my_robot_interfaces/share/my_robot_interfaces/cmake/export_my_robot_interfaces__rosidl_typesupport_fastrtps_cppExport-noconfig.cmake
[0.759s] -- Up-to-date: /home/golam_sadek/ros2_ws/install/my_robot_interfaces/share/my_robot_interfaces/cmake/my_robot_interfaces__rosidl_typesupport_introspection_cppExport.cmake
[0.759s] -- Up-to-date: /home/golam_sadek/ros2_ws/install/my_robot_interfaces/share/my_robot_interfaces/cmake/my_robot_interfaces__rosidl_typesupport_introspection_cppExport-noconfig.cmake
[0.759s] -- Up-to-date: /home/golam_sadek/ros2_ws/install/my_robot_interfaces/share/my_robot_interfaces/cmake/my_robot_interfaces__rosidl_typesupport_cppExport.cmake
[0.759s] -- Up-to-date: /home/golam_sadek/ros2_ws/install/my_robot_interfaces/share/my_robot_interfaces/cmake/my_robot_interfaces__rosidl_typesupport_cppExport-noconfig.cmake
[0.759s] -- Up-to-date: /home/golam_sadek/ros2_ws/install/my_robot_interfaces/share/my_robot_interfaces/cmake/export_my_robot_interfaces__rosidl_generator_pyExport.cmake
[0.760s] -- Up-to-date: /home/golam_sadek/ros2_ws/install/my_robot_interfaces/share/my_robot_interfaces/cmake/export_my_robot_interfaces__rosidl_generator_pyExport-noconfig.cmake
[0.762s] Invoked command in '/home/golam_sadek/ros2_ws/build/my_robot_interfaces' returned '0': CMAKE_PREFIX_PATH=${CMAKE_PREFIX_PATH}:/home/golam_sadek/ros2_ws/install/turtlesim_catch_them_all:/home/golam_sadek/ros2_ws/install/my_py_pkg:/opt/ros/humble /usr/bin/cmake --install /home/golam_sadek/ros2_ws/build/my_robot_interfaces
