[0.226s] Invoking command in '/home/golam_sadek/ros2_ws/build/my_robot_interfaces': CMAKE_PREFIX_PATH=/opt/ros/humble /usr/bin/cmake /home/golam_sadek/ros2_ws/src/my_robot_interfaces -DCMAKE_INSTALL_PREFIX=/home/golam_sadek/ros2_ws/install/my_robot_interfaces
[0.239s] -- Found ament_cmake: 1.3.11 (/opt/ros/humble/share/ament_cmake/cmake)
[0.385s] -- Override CMake install command with custom implementation using symlinks instead of copying resources
[0.392s] -- Found rosidl_default_generators: 1.2.0 (/opt/ros/humble/share/rosidl_default_generators/cmake)
[0.395s] -- Using all available rosidl_typesupport_c: rosidl_typesupport_fastrtps_c;rosidl_typesupport_introspection_c
[0.400s] -- Found rosidl_adapter: 3.1.6 (/opt/ros/humble/share/rosidl_adapter/cmake)
[0.452s] -- Using all available rosidl_typesupport_cpp: rosidl_typesupport_fastrtps_cpp;rosidl_typesupport_introspection_cpp
[0.814s] -- Found ament_cmake_ros: 0.10.0 (/opt/ros/humble/share/ament_cmake_ros/cmake)
[1.094s] -- Using all available rosidl_typesupport_c: rosidl_typesupport_fastrtps_c;rosidl_typesupport_introspection_c
[1.342s] -- Using all available rosidl_typesupport_cpp: rosidl_typesupport_fastrtps_cpp;rosidl_typesupport_introspection_cpp
[1.363s] -- Found python_cmake_module: 0.10.0 (/opt/ros/humble/share/python_cmake_module/cmake)
[1.384s] -- Using PYTHON_EXECUTABLE: /usr/bin/python3
[1.385s] -- Using PYTHON_INCLUDE_DIRS: /usr/include/python3.10
[1.385s] -- Using PYTHON_LIBRARIES: /usr/lib/x86_64-linux-gnu/libpython3.10.so
[1.401s] -- Configuring done
[1.425s] -- Generating done
[1.436s] -- Build files have been written to: /home/golam_sadek/ros2_ws/build/my_robot_interfaces
[1.443s] Invoked command in '/home/golam_sadek/ros2_ws/build/my_robot_interfaces' returned '0': CMAKE_PREFIX_PATH=/opt/ros/humble /usr/bin/cmake /home/golam_sadek/ros2_ws/src/my_robot_interfaces -DCMAKE_INSTALL_PREFIX=/home/golam_sadek/ros2_ws/install/my_robot_interfaces
[1.445s] Invoking command in '/home/golam_sadek/ros2_ws/build/my_robot_interfaces': CMAKE_PREFIX_PATH=/opt/ros/humble /usr/bin/cmake --build /home/golam_sadek/ros2_ws/build/my_robot_interfaces -- -j8 -l8
[1.490s] [35m[1mConsolidate compiler generated dependencies of target my_robot_interfaces__rosidl_generator_c[0m
[1.502s] [  9%] Built target my_robot_interfaces__rosidl_generator_c
[1.504s] [ 12%] Built target my_robot_interfaces__cpp
[1.519s] [35m[1mConsolidate compiler generated dependencies of target my_robot_interfaces__rosidl_typesupport_introspection_c[0m
[1.519s] [35m[1mConsolidate compiler generated dependencies of target my_robot_interfaces__rosidl_typesupport_fastrtps_c[0m
[1.522s] [35m[1mConsolidate compiler generated dependencies of target my_robot_interfaces__rosidl_typesupport_introspection_cpp[0m
[1.522s] [35m[1mConsolidate compiler generated dependencies of target my_robot_interfaces__rosidl_typesupport_fastrtps_cpp[0m
[1.524s] [35m[1mConsolidate compiler generated dependencies of target my_robot_interfaces__rosidl_typesupport_cpp[0m
[1.526s] [35m[1mConsolidate compiler generated dependencies of target my_robot_interfaces__rosidl_typesupport_c[0m
[1.541s] [ 12%] Built target ament_cmake_python_symlink_my_robot_interfaces
[1.541s] [ 22%] Built target my_robot_interfaces__rosidl_typesupport_introspection_c
[1.545s] [ 32%] Built target my_robot_interfaces__rosidl_typesupport_fastrtps_cpp
[1.547s] [ 41%] Built target my_robot_interfaces__rosidl_typesupport_introspection_cpp
[1.550s] [ 61%] Built target my_robot_interfaces__rosidl_typesupport_fastrtps_c
[1.551s] [ 61%] Built target my_robot_interfaces__rosidl_typesupport_c
[1.554s] [ 70%] Built target my_robot_interfaces__rosidl_typesupport_cpp
[1.572s] [ 70%] Built target my_robot_interfaces
[1.593s] [ 74%] Built target my_robot_interfaces__py
[1.604s] [35m[1mConsolidate compiler generated dependencies of target my_robot_interfaces__rosidl_generator_py[0m
[1.616s] [ 80%] Built target my_robot_interfaces__rosidl_generator_py
[1.631s] [35m[1mConsolidate compiler generated dependencies of target my_robot_interfaces__rosidl_typesupport_introspection_c__pyext[0m
[1.633s] [35m[1mConsolidate compiler generated dependencies of target my_robot_interfaces__rosidl_typesupport_fastrtps_c__pyext[0m
[1.635s] [35m[1mConsolidate compiler generated dependencies of target my_robot_interfaces__rosidl_typesupport_c__pyext[0m
[1.649s] [ 87%] Built target my_robot_interfaces__rosidl_typesupport_introspection_c__pyext
[1.651s] [ 93%] Built target my_robot_interfaces__rosidl_typesupport_fastrtps_c__pyext
[1.653s] [100%] Built target my_robot_interfaces__rosidl_typesupport_c__pyext
[1.830s] running egg_info
[1.831s] writing my_robot_interfaces.egg-info/PKG-INFO
[1.832s] writing dependency_links to my_robot_interfaces.egg-info/dependency_links.txt
[1.832s] writing top-level names to my_robot_interfaces.egg-info/top_level.txt
[1.836s] reading manifest file 'my_robot_interfaces.egg-info/SOURCES.txt'
[1.836s] writing manifest file 'my_robot_interfaces.egg-info/SOURCES.txt'
[1.875s] [100%] Built target ament_cmake_python_build_my_robot_interfaces_egg
[1.888s] Invoked command in '/home/golam_sadek/ros2_ws/build/my_robot_interfaces' returned '0': CMAKE_PREFIX_PATH=/opt/ros/humble /usr/bin/cmake --build /home/golam_sadek/ros2_ws/build/my_robot_interfaces -- -j8 -l8
[1.890s] Invoking command in '/home/golam_sadek/ros2_ws/build/my_robot_interfaces': CMAKE_PREFIX_PATH=/opt/ros/humble /usr/bin/cmake --install /home/golam_sadek/ros2_ws/build/my_robot_interfaces
[1.899s] -- Install configuration: ""
[1.899s] -- Execute custom install script
[1.899s] -- Up-to-date symlink: /home/golam_sadek/ros2_ws/install/my_robot_interfaces/share/ament_index/resource_index/rosidl_interfaces/my_robot_interfaces
[1.900s] -- Up-to-date symlink: /home/golam_sadek/ros2_ws/install/my_robot_interfaces/include/my_robot_interfaces/my_robot_interfaces/msg/detail/hardware_status__functions.h
[1.900s] -- Up-to-date symlink: /home/golam_sadek/ros2_ws/install/my_robot_interfaces/include/my_robot_interfaces/my_robot_interfaces/msg/detail/hardware_status__struct.h
[1.900s] -- Up-to-date symlink: /home/golam_sadek/ros2_ws/install/my_robot_interfaces/include/my_robot_interfaces/my_robot_interfaces/msg/detail/hardware_status__type_support.h
[1.900s] -- Up-to-date symlink: /home/golam_sadek/ros2_ws/install/my_robot_interfaces/include/my_robot_interfaces/my_robot_interfaces/msg/hardware_status.h
[1.900s] -- Up-to-date symlink: /home/golam_sadek/ros2_ws/install/my_robot_interfaces/include/my_robot_interfaces/my_robot_interfaces/msg/rosidl_generator_c__visibility_control.h
[1.900s] -- Up-to-date symlink: /home/golam_sadek/ros2_ws/install/my_robot_interfaces/share/my_robot_interfaces/environment/library_path.sh
[1.900s] -- Up-to-date symlink: /home/golam_sadek/ros2_ws/install/my_robot_interfaces/share/my_robot_interfaces/environment/library_path.dsv
[1.901s] -- Up-to-date symlink: /home/golam_sadek/ros2_ws/install/my_robot_interfaces/include/my_robot_interfaces/my_robot_interfaces/msg/detail/hardware_status__rosidl_typesupport_fastrtps_c.h
[1.901s] -- Up-to-date symlink: /home/golam_sadek/ros2_ws/install/my_robot_interfaces/include/my_robot_interfaces/my_robot_interfaces/msg/rosidl_typesupport_fastrtps_c__visibility_control.h
[1.901s] -- Up-to-date symlink: /home/golam_sadek/ros2_ws/install/my_robot_interfaces/include/my_robot_interfaces/my_robot_interfaces/msg/detail/hardware_status__rosidl_typesupport_introspection_c.h
[1.901s] -- Up-to-date symlink: /home/golam_sadek/ros2_ws/install/my_robot_interfaces/include/my_robot_interfaces/my_robot_interfaces/msg/rosidl_typesupport_introspection_c__visibility_control.h
[1.902s] -- Up-to-date symlink: /home/golam_sadek/ros2_ws/install/my_robot_interfaces/include/my_robot_interfaces/my_robot_interfaces/msg/detail/hardware_status__builder.hpp
[1.902s] -- Up-to-date symlink: /home/golam_sadek/ros2_ws/install/my_robot_interfaces/include/my_robot_interfaces/my_robot_interfaces/msg/detail/hardware_status__struct.hpp
[1.902s] -- Up-to-date symlink: /home/golam_sadek/ros2_ws/install/my_robot_interfaces/include/my_robot_interfaces/my_robot_interfaces/msg/detail/hardware_status__traits.hpp
[1.902s] -- Up-to-date symlink: /home/golam_sadek/ros2_ws/install/my_robot_interfaces/include/my_robot_interfaces/my_robot_interfaces/msg/detail/hardware_status__type_support.hpp
[1.902s] -- Up-to-date symlink: /home/golam_sadek/ros2_ws/install/my_robot_interfaces/include/my_robot_interfaces/my_robot_interfaces/msg/hardware_status.hpp
[1.902s] -- Up-to-date symlink: /home/golam_sadek/ros2_ws/install/my_robot_interfaces/include/my_robot_interfaces/my_robot_interfaces/msg/rosidl_generator_cpp__visibility_control.hpp
[1.903s] -- Up-to-date symlink: /home/golam_sadek/ros2_ws/install/my_robot_interfaces/include/my_robot_interfaces/my_robot_interfaces/msg/detail/hardware_status__rosidl_typesupport_fastrtps_cpp.hpp
[1.903s] -- Up-to-date symlink: /home/golam_sadek/ros2_ws/install/my_robot_interfaces/include/my_robot_interfaces/my_robot_interfaces/msg/rosidl_typesupport_fastrtps_cpp__visibility_control.h
[1.903s] -- Up-to-date symlink: /home/golam_sadek/ros2_ws/install/my_robot_interfaces/include/my_robot_interfaces/my_robot_interfaces/msg/detail/hardware_status__rosidl_typesupport_introspection_cpp.hpp
[1.903s] -- Up-to-date symlink: /home/golam_sadek/ros2_ws/install/my_robot_interfaces/share/my_robot_interfaces/environment/pythonpath.sh
[1.903s] -- Up-to-date symlink: /home/golam_sadek/ros2_ws/install/my_robot_interfaces/share/my_robot_interfaces/environment/pythonpath.dsv
[1.904s] -- Up-to-date symlink: /home/golam_sadek/ros2_ws/install/my_robot_interfaces/local/lib/python3.10/dist-packages/my_robot_interfaces-0.0.0-py3.10.egg-info/PKG-INFO
[1.904s] -- Up-to-date symlink: /home/golam_sadek/ros2_ws/install/my_robot_interfaces/local/lib/python3.10/dist-packages/my_robot_interfaces-0.0.0-py3.10.egg-info/SOURCES.txt
[1.904s] -- Up-to-date symlink: /home/golam_sadek/ros2_ws/install/my_robot_interfaces/local/lib/python3.10/dist-packages/my_robot_interfaces-0.0.0-py3.10.egg-info/dependency_links.txt
[1.904s] -- Up-to-date symlink: /home/golam_sadek/ros2_ws/install/my_robot_interfaces/local/lib/python3.10/dist-packages/my_robot_interfaces-0.0.0-py3.10.egg-info/top_level.txt
[1.905s] -- Up-to-date symlink: /home/golam_sadek/ros2_ws/install/my_robot_interfaces/local/lib/python3.10/dist-packages/my_robot_interfaces/__init__.py
[1.905s] -- Up-to-date symlink: /home/golam_sadek/ros2_ws/install/my_robot_interfaces/local/lib/python3.10/dist-packages/my_robot_interfaces/_my_robot_interfaces_s.ep.rosidl_typesupport_c.c
[1.905s] -- Up-to-date symlink: /home/golam_sadek/ros2_ws/install/my_robot_interfaces/local/lib/python3.10/dist-packages/my_robot_interfaces/_my_robot_interfaces_s.ep.rosidl_typesupport_fastrtps_c.c
[1.906s] -- Up-to-date symlink: /home/golam_sadek/ros2_ws/install/my_robot_interfaces/local/lib/python3.10/dist-packages/my_robot_interfaces/_my_robot_interfaces_s.ep.rosidl_typesupport_introspection_c.c
[1.906s] -- Up-to-date symlink: /home/golam_sadek/ros2_ws/install/my_robot_interfaces/local/lib/python3.10/dist-packages/my_robot_interfaces/libmy_robot_interfaces__rosidl_generator_py.so
[1.906s] -- Up-to-date symlink: /home/golam_sadek/ros2_ws/install/my_robot_interfaces/local/lib/python3.10/dist-packages/my_robot_interfaces/msg/__init__.py
[1.906s] -- Up-to-date symlink: /home/golam_sadek/ros2_ws/install/my_robot_interfaces/local/lib/python3.10/dist-packages/my_robot_interfaces/msg/_hardware_status.py
[1.906s] -- Up-to-date symlink: /home/golam_sadek/ros2_ws/install/my_robot_interfaces/local/lib/python3.10/dist-packages/my_robot_interfaces/msg/_hardware_status_s.c
[1.906s] -- Up-to-date symlink: /home/golam_sadek/ros2_ws/install/my_robot_interfaces/local/lib/python3.10/dist-packages/my_robot_interfaces/my_robot_interfaces_s__rosidl_typesupport_c.cpython-310-x86_64-linux-gnu.so
[1.906s] -- Up-to-date symlink: /home/golam_sadek/ros2_ws/install/my_robot_interfaces/local/lib/python3.10/dist-packages/my_robot_interfaces/my_robot_interfaces_s__rosidl_typesupport_fastrtps_c.cpython-310-x86_64-linux-gnu.so
[1.907s] -- Up-to-date symlink: /home/golam_sadek/ros2_ws/install/my_robot_interfaces/local/lib/python3.10/dist-packages/my_robot_interfaces/my_robot_interfaces_s__rosidl_typesupport_introspection_c.cpython-310-x86_64-linux-gnu.so
[1.907s] -- Up-to-date symlink: /home/golam_sadek/ros2_ws/install/my_robot_interfaces/local/lib/python3.10/dist-packages/my_robot_interfaces/my_robot_interfaces_s__rosidl_typesupport_fastrtps_c.cpython-310-x86_64-linux-gnu.so
[1.907s] -- Up-to-date symlink: /home/golam_sadek/ros2_ws/install/my_robot_interfaces/local/lib/python3.10/dist-packages/my_robot_interfaces/my_robot_interfaces_s__rosidl_typesupport_introspection_c.cpython-310-x86_64-linux-gnu.so
[1.907s] -- Up-to-date symlink: /home/golam_sadek/ros2_ws/install/my_robot_interfaces/local/lib/python3.10/dist-packages/my_robot_interfaces/my_robot_interfaces_s__rosidl_typesupport_c.cpython-310-x86_64-linux-gnu.so
[1.907s] -- Up-to-date symlink: /home/golam_sadek/ros2_ws/install/my_robot_interfaces/share/my_robot_interfaces/msg/HardwareStatus.idl
[1.907s] -- Up-to-date symlink: /home/golam_sadek/ros2_ws/install/my_robot_interfaces/share/my_robot_interfaces/msg/HardwareStatus.msg
[1.907s] -- Up-to-date symlink: /home/golam_sadek/ros2_ws/install/my_robot_interfaces/share/ament_index/resource_index/package_run_dependencies/my_robot_interfaces
[1.908s] -- Up-to-date symlink: /home/golam_sadek/ros2_ws/install/my_robot_interfaces/share/ament_index/resource_index/parent_prefix_path/my_robot_interfaces
[1.908s] -- Up-to-date symlink: /home/golam_sadek/ros2_ws/install/my_robot_interfaces/share/my_robot_interfaces/environment/ament_prefix_path.sh
[1.908s] -- Up-to-date symlink: /home/golam_sadek/ros2_ws/install/my_robot_interfaces/share/my_robot_interfaces/environment/ament_prefix_path.dsv
[1.908s] -- Up-to-date symlink: /home/golam_sadek/ros2_ws/install/my_robot_interfaces/share/my_robot_interfaces/environment/path.sh
[1.908s] -- Up-to-date symlink: /home/golam_sadek/ros2_ws/install/my_robot_interfaces/share/my_robot_interfaces/environment/path.dsv
[1.908s] -- Up-to-date symlink: /home/golam_sadek/ros2_ws/install/my_robot_interfaces/share/my_robot_interfaces/local_setup.bash
[1.909s] -- Up-to-date symlink: /home/golam_sadek/ros2_ws/install/my_robot_interfaces/share/my_robot_interfaces/local_setup.sh
[1.910s] -- Up-to-date symlink: /home/golam_sadek/ros2_ws/install/my_robot_interfaces/share/my_robot_interfaces/local_setup.zsh
[1.910s] -- Up-to-date symlink: /home/golam_sadek/ros2_ws/install/my_robot_interfaces/share/my_robot_interfaces/local_setup.dsv
[1.910s] -- Symlinking: /home/golam_sadek/ros2_ws/install/my_robot_interfaces/share/my_robot_interfaces/package.dsv
[1.920s] -- Up-to-date symlink: /home/golam_sadek/ros2_ws/install/my_robot_interfaces/share/ament_index/resource_index/packages/my_robot_interfaces
[1.920s] -- Up-to-date symlink: /home/golam_sadek/ros2_ws/install/my_robot_interfaces/share/my_robot_interfaces/cmake/rosidl_cmake-extras.cmake
[1.920s] -- Up-to-date symlink: /home/golam_sadek/ros2_ws/install/my_robot_interfaces/share/my_robot_interfaces/cmake/ament_cmake_export_include_directories-extras.cmake
[1.920s] -- Up-to-date symlink: /home/golam_sadek/ros2_ws/install/my_robot_interfaces/share/my_robot_interfaces/cmake/ament_cmake_export_libraries-extras.cmake
[1.920s] -- Up-to-date symlink: /home/golam_sadek/ros2_ws/install/my_robot_interfaces/share/my_robot_interfaces/cmake/ament_cmake_export_targets-extras.cmake
[1.921s] -- Up-to-date symlink: /home/golam_sadek/ros2_ws/install/my_robot_interfaces/share/my_robot_interfaces/cmake/rosidl_cmake_export_typesupport_targets-extras.cmake
[1.921s] -- Up-to-date symlink: /home/golam_sadek/ros2_ws/install/my_robot_interfaces/share/my_robot_interfaces/cmake/ament_cmake_export_dependencies-extras.cmake
[1.921s] -- Up-to-date symlink: /home/golam_sadek/ros2_ws/install/my_robot_interfaces/share/my_robot_interfaces/cmake/rosidl_cmake_export_typesupport_libraries-extras.cmake
[1.921s] -- Up-to-date symlink: /home/golam_sadek/ros2_ws/install/my_robot_interfaces/share/my_robot_interfaces/cmake/my_robot_interfacesConfig.cmake
[1.922s] -- Up-to-date symlink: /home/golam_sadek/ros2_ws/install/my_robot_interfaces/share/my_robot_interfaces/cmake/my_robot_interfacesConfig-version.cmake
[1.922s] -- Up-to-date symlink: /home/golam_sadek/ros2_ws/install/my_robot_interfaces/share/my_robot_interfaces/package.xml
[1.922s] -- Up-to-date: /home/golam_sadek/ros2_ws/install/my_robot_interfaces/lib/libmy_robot_interfaces__rosidl_generator_c.so
[1.923s] -- Up-to-date: /home/golam_sadek/ros2_ws/install/my_robot_interfaces/lib/libmy_robot_interfaces__rosidl_typesupport_fastrtps_c.so
[1.923s] -- Up-to-date: /home/golam_sadek/ros2_ws/install/my_robot_interfaces/lib/libmy_robot_interfaces__rosidl_typesupport_introspection_c.so
[1.923s] -- Up-to-date: /home/golam_sadek/ros2_ws/install/my_robot_interfaces/lib/libmy_robot_interfaces__rosidl_typesupport_c.so
[1.924s] -- Up-to-date: /home/golam_sadek/ros2_ws/install/my_robot_interfaces/lib/libmy_robot_interfaces__rosidl_typesupport_fastrtps_cpp.so
[1.924s] -- Up-to-date: /home/golam_sadek/ros2_ws/install/my_robot_interfaces/lib/libmy_robot_interfaces__rosidl_typesupport_introspection_cpp.so
[1.924s] -- Up-to-date: /home/golam_sadek/ros2_ws/install/my_robot_interfaces/lib/libmy_robot_interfaces__rosidl_typesupport_cpp.so
[1.956s] Listing '/home/golam_sadek/ros2_ws/install/my_robot_interfaces/local/lib/python3.10/dist-packages/my_robot_interfaces'...
[1.957s] Compiling '/home/golam_sadek/ros2_ws/install/my_robot_interfaces/local/lib/python3.10/dist-packages/my_robot_interfaces/__init__.py'...
[1.957s] Listing '/home/golam_sadek/ros2_ws/install/my_robot_interfaces/local/lib/python3.10/dist-packages/my_robot_interfaces/msg'...
[1.962s] -- Up-to-date: /home/golam_sadek/ros2_ws/install/my_robot_interfaces/lib/libmy_robot_interfaces__rosidl_generator_py.so
[1.962s] -- Up-to-date: /home/golam_sadek/ros2_ws/install/my_robot_interfaces/share/my_robot_interfaces/cmake/export_my_robot_interfaces__rosidl_generator_cExport.cmake
[1.962s] -- Up-to-date: /home/golam_sadek/ros2_ws/install/my_robot_interfaces/share/my_robot_interfaces/cmake/export_my_robot_interfaces__rosidl_generator_cExport-noconfig.cmake
[1.962s] -- Up-to-date: /home/golam_sadek/ros2_ws/install/my_robot_interfaces/share/my_robot_interfaces/cmake/export_my_robot_interfaces__rosidl_typesupport_fastrtps_cExport.cmake
[1.962s] -- Up-to-date: /home/golam_sadek/ros2_ws/install/my_robot_interfaces/share/my_robot_interfaces/cmake/export_my_robot_interfaces__rosidl_typesupport_fastrtps_cExport-noconfig.cmake
[1.962s] -- Up-to-date: /home/golam_sadek/ros2_ws/install/my_robot_interfaces/share/my_robot_interfaces/cmake/my_robot_interfaces__rosidl_typesupport_introspection_cExport.cmake
[1.962s] -- Up-to-date: /home/golam_sadek/ros2_ws/install/my_robot_interfaces/share/my_robot_interfaces/cmake/my_robot_interfaces__rosidl_typesupport_introspection_cExport-noconfig.cmake
[1.962s] -- Up-to-date: /home/golam_sadek/ros2_ws/install/my_robot_interfaces/share/my_robot_interfaces/cmake/my_robot_interfaces__rosidl_typesupport_cExport.cmake
[1.962s] -- Up-to-date: /home/golam_sadek/ros2_ws/install/my_robot_interfaces/share/my_robot_interfaces/cmake/my_robot_interfaces__rosidl_typesupport_cExport-noconfig.cmake
[1.963s] -- Up-to-date: /home/golam_sadek/ros2_ws/install/my_robot_interfaces/share/my_robot_interfaces/cmake/export_my_robot_interfaces__rosidl_generator_cppExport.cmake
[1.963s] -- Up-to-date: /home/golam_sadek/ros2_ws/install/my_robot_interfaces/share/my_robot_interfaces/cmake/export_my_robot_interfaces__rosidl_typesupport_fastrtps_cppExport.cmake
[1.963s] -- Up-to-date: /home/golam_sadek/ros2_ws/install/my_robot_interfaces/share/my_robot_interfaces/cmake/export_my_robot_interfaces__rosidl_typesupport_fastrtps_cppExport-noconfig.cmake
[1.963s] -- Up-to-date: /home/golam_sadek/ros2_ws/install/my_robot_interfaces/share/my_robot_interfaces/cmake/my_robot_interfaces__rosidl_typesupport_introspection_cppExport.cmake
[1.963s] -- Up-to-date: /home/golam_sadek/ros2_ws/install/my_robot_interfaces/share/my_robot_interfaces/cmake/my_robot_interfaces__rosidl_typesupport_introspection_cppExport-noconfig.cmake
[1.963s] -- Up-to-date: /home/golam_sadek/ros2_ws/install/my_robot_interfaces/share/my_robot_interfaces/cmake/my_robot_interfaces__rosidl_typesupport_cppExport.cmake
[1.963s] -- Up-to-date: /home/golam_sadek/ros2_ws/install/my_robot_interfaces/share/my_robot_interfaces/cmake/my_robot_interfaces__rosidl_typesupport_cppExport-noconfig.cmake
[1.963s] -- Up-to-date: /home/golam_sadek/ros2_ws/install/my_robot_interfaces/share/my_robot_interfaces/cmake/export_my_robot_interfaces__rosidl_generator_pyExport.cmake
[1.963s] -- Up-to-date: /home/golam_sadek/ros2_ws/install/my_robot_interfaces/share/my_robot_interfaces/cmake/export_my_robot_interfaces__rosidl_generator_pyExport-noconfig.cmake
[1.966s] Invoked command in '/home/golam_sadek/ros2_ws/build/my_robot_interfaces' returned '0': CMAKE_PREFIX_PATH=/opt/ros/humble /usr/bin/cmake --install /home/golam_sadek/ros2_ws/build/my_robot_interfaces
