[0.240s] Invoking command in '/home/golam_sadek/ros2_ws/build/my_robot_description': CMAKE_PREFIX_PATH=${CMAKE_PREFIX_PATH}:/home/golam_sadek/ros2_ws/install/turtlesim_catch_them_all:/home/golam_sadek/ros2_ws/install/my_robot_description:/home/golam_sadek/ros2_ws/install/my_py_pkg:/home/golam_sadek/ros2_ws/install/my_cpp_pkg:/opt/ros/humble /usr/bin/cmake --build /home/golam_sadek/ros2_ws/build/my_robot_description -- -j8 -l8
[0.584s] Invoked command in '/home/golam_sadek/ros2_ws/build/my_robot_description' returned '0': CMAKE_PREFIX_PATH=${CMAKE_PREFIX_PATH}:/home/golam_sadek/ros2_ws/install/turtlesim_catch_them_all:/home/golam_sadek/ros2_ws/install/my_robot_description:/home/golam_sadek/ros2_ws/install/my_py_pkg:/home/golam_sadek/ros2_ws/install/my_cpp_pkg:/opt/ros/humble /usr/bin/cmake --build /home/golam_sadek/ros2_ws/build/my_robot_description -- -j8 -l8
[0.595s] Invoking command in '/home/golam_sadek/ros2_ws/build/my_robot_description': CMAKE_PREFIX_PATH=${CMAKE_PREFIX_PATH}:/home/golam_sadek/ros2_ws/install/turtlesim_catch_them_all:/home/golam_sadek/ros2_ws/install/my_robot_description:/home/golam_sadek/ros2_ws/install/my_py_pkg:/home/golam_sadek/ros2_ws/install/my_cpp_pkg:/opt/ros/humble /usr/bin/cmake --install /home/golam_sadek/ros2_ws/build/my_robot_description
[0.606s] -- Install configuration: ""
[0.606s] [33mCMake Warning (dev) at ament_cmake_symlink_install/ament_cmake_symlink_install.cmake:62 (file):
[0.606s]   Policy CMP0009 is not set: FILE GLOB_RECURSE calls should not follow
[0.606s]   symlinks by default.  Run "cmake --help-policy CMP0009" for policy details.
[0.607s]   Use the cmake_policy command to set the policy and suppress this warning.
[0.607s] Call Stack (most recent call first):
[0.607s]   ament_cmake_symlink_install/ament_cmake_symlink_install.cmake:314 (ament_cmake_symlink_install_directory)
[0.607s]   cmake_install.cmake:46 (include)
[0.607s] This warning is for project developers.  Use -Wno-dev to suppress it.
[0.607s] [0m
[0.608s] -- Execute custom install script
[0.608s] -- Up-to-date symlink: /home/golam_sadek/ros2_ws/install/my_robot_description/share/my_robot_description//urdf/arm.xacro
[0.608s] -- Up-to-date symlink: /home/golam_sadek/ros2_ws/install/my_robot_description/share/my_robot_description//urdf/build/.built_by
[0.608s] -- Up-to-date symlink: /home/golam_sadek/ros2_ws/install/my_robot_description/share/my_robot_description//urdf/build/COLCON_IGNORE
[0.609s] -- Up-to-date symlink: /home/golam_sadek/ros2_ws/install/my_robot_description/share/my_robot_description//urdf/camera.xacro
[0.609s] -- Up-to-date symlink: /home/golam_sadek/ros2_ws/install/my_robot_description/share/my_robot_description//urdf/common_properties.xacro
[0.609s] -- Up-to-date symlink: /home/golam_sadek/ros2_ws/install/my_robot_description/share/my_robot_description//urdf/install/.colcon_install_layout
[0.609s] -- Up-to-date symlink: /home/golam_sadek/ros2_ws/install/my_robot_description/share/my_robot_description//urdf/install/COLCON_IGNORE
[0.610s] -- Up-to-date symlink: /home/golam_sadek/ros2_ws/install/my_robot_description/share/my_robot_description//urdf/install/_local_setup_util_ps1.py
[0.610s] -- Up-to-date symlink: /home/golam_sadek/ros2_ws/install/my_robot_description/share/my_robot_description//urdf/install/_local_setup_util_sh.py
[0.611s] -- Up-to-date symlink: /home/golam_sadek/ros2_ws/install/my_robot_description/share/my_robot_description//urdf/install/local_setup.bash
[0.612s] -- Up-to-date symlink: /home/golam_sadek/ros2_ws/install/my_robot_description/share/my_robot_description//urdf/install/local_setup.ps1
[0.612s] -- Up-to-date symlink: /home/golam_sadek/ros2_ws/install/my_robot_description/share/my_robot_description//urdf/install/local_setup.sh
[0.613s] -- Up-to-date symlink: /home/golam_sadek/ros2_ws/install/my_robot_description/share/my_robot_description//urdf/install/local_setup.zsh
[0.615s] -- Up-to-date symlink: /home/golam_sadek/ros2_ws/install/my_robot_description/share/my_robot_description//urdf/install/setup.bash
[0.615s] -- Up-to-date symlink: /home/golam_sadek/ros2_ws/install/my_robot_description/share/my_robot_description//urdf/install/setup.ps1
[0.615s] -- Up-to-date symlink: /home/golam_sadek/ros2_ws/install/my_robot_description/share/my_robot_description//urdf/install/setup.sh
[0.615s] -- Up-to-date symlink: /home/golam_sadek/ros2_ws/install/my_robot_description/share/my_robot_description//urdf/install/setup.zsh
[0.615s] -- Up-to-date symlink: /home/golam_sadek/ros2_ws/install/my_robot_description/share/my_robot_description//urdf/log/COLCON_IGNORE
[0.615s] -- Up-to-date symlink: /home/golam_sadek/ros2_ws/install/my_robot_description/share/my_robot_description//urdf/log/build_2025-02-19_14-46-33/events.log
[0.617s] -- Up-to-date symlink: /home/golam_sadek/ros2_ws/install/my_robot_description/share/my_robot_description//urdf/log/build_2025-02-19_14-46-33/logger_all.log
[0.617s] -- Up-to-date symlink: /home/golam_sadek/ros2_ws/install/my_robot_description/share/my_robot_description//urdf/log/latest/events.log
[0.617s] -- Up-to-date symlink: /home/golam_sadek/ros2_ws/install/my_robot_description/share/my_robot_description//urdf/log/latest/logger_all.log
[0.618s] -- Up-to-date symlink: /home/golam_sadek/ros2_ws/install/my_robot_description/share/my_robot_description//urdf/log/latest_build/events.log
[0.618s] -- Up-to-date symlink: /home/golam_sadek/ros2_ws/install/my_robot_description/share/my_robot_description//urdf/log/latest_build/logger_all.log
[0.618s] -- Up-to-date symlink: /home/golam_sadek/ros2_ws/install/my_robot_description/share/my_robot_description//urdf/mobile_base.xacro
[0.618s] -- Up-to-date symlink: /home/golam_sadek/ros2_ws/install/my_robot_description/share/my_robot_description//urdf/mobile_base_gazebo.xacro
[0.618s] -- Up-to-date symlink: /home/golam_sadek/ros2_ws/install/my_robot_description/share/my_robot_description//urdf/my_robot.urdf
[0.618s] -- Up-to-date symlink: /home/golam_sadek/ros2_ws/install/my_robot_description/share/my_robot_description//urdf/my_robot.urdf.xacro
[0.618s] -- Up-to-date symlink: /home/golam_sadek/ros2_ws/install/my_robot_description/share/my_robot_description//urdf/standalone_arm.urdf.xacro
[0.618s] -- Up-to-date symlink: /home/golam_sadek/ros2_ws/install/my_robot_description/share/my_robot_description//launch/display.launch.py
[0.621s] -- Up-to-date symlink: /home/golam_sadek/ros2_ws/install/my_robot_description/share/my_robot_description//launch/display.launch.xml
[0.622s] -- Up-to-date symlink: /home/golam_sadek/ros2_ws/install/my_robot_description/share/my_robot_description//rviz/urdf_config.rviz
[0.623s] -- Up-to-date symlink: /home/golam_sadek/ros2_ws/install/my_robot_description/share/ament_index/resource_index/package_run_dependencies/my_robot_description
[0.623s] -- Up-to-date symlink: /home/golam_sadek/ros2_ws/install/my_robot_description/share/ament_index/resource_index/parent_prefix_path/my_robot_description
[0.623s] -- Up-to-date symlink: /home/golam_sadek/ros2_ws/install/my_robot_description/share/my_robot_description/environment/ament_prefix_path.sh
[0.623s] -- Up-to-date symlink: /home/golam_sadek/ros2_ws/install/my_robot_description/share/my_robot_description/environment/ament_prefix_path.dsv
[0.624s] -- Up-to-date symlink: /home/golam_sadek/ros2_ws/install/my_robot_description/share/my_robot_description/environment/path.sh
[0.624s] -- Up-to-date symlink: /home/golam_sadek/ros2_ws/install/my_robot_description/share/my_robot_description/environment/path.dsv
[0.624s] -- Up-to-date symlink: /home/golam_sadek/ros2_ws/install/my_robot_description/share/my_robot_description/local_setup.bash
[0.624s] -- Up-to-date symlink: /home/golam_sadek/ros2_ws/install/my_robot_description/share/my_robot_description/local_setup.sh
[0.624s] -- Up-to-date symlink: /home/golam_sadek/ros2_ws/install/my_robot_description/share/my_robot_description/local_setup.zsh
[0.624s] -- Up-to-date symlink: /home/golam_sadek/ros2_ws/install/my_robot_description/share/my_robot_description/local_setup.dsv
[0.625s] -- Up-to-date symlink: /home/golam_sadek/ros2_ws/install/my_robot_description/share/my_robot_description/package.dsv
[0.625s] -- Up-to-date symlink: /home/golam_sadek/ros2_ws/install/my_robot_description/share/ament_index/resource_index/packages/my_robot_description
[0.625s] -- Up-to-date symlink: /home/golam_sadek/ros2_ws/install/my_robot_description/share/my_robot_description/cmake/my_robot_descriptionConfig.cmake
[0.626s] -- Up-to-date symlink: /home/golam_sadek/ros2_ws/install/my_robot_description/share/my_robot_description/cmake/my_robot_descriptionConfig-version.cmake
[0.627s] -- Up-to-date symlink: /home/golam_sadek/ros2_ws/install/my_robot_description/share/my_robot_description/package.xml
