[0.243s] Invoking command in '/home/golam_sadek/ros2_ws/build/my_robot_interfaces': CMAKE_PREFIX_PATH=${CMAKE_PREFIX_PATH}:/home/golam_sadek/ros2_ws/install/turtlesim_catch_them_all:/home/golam_sadek/ros2_ws/install/my_py_pkg:/opt/ros/humble /usr/bin/cmake --build /home/golam_sadek/ros2_ws/build/my_robot_interfaces -- -j8 -l8
[0.301s] [  3%] Built target my_robot_interfaces__cpp
[0.305s] [ 12%] Built target my_robot_interfaces__rosidl_generator_c
[0.310s] [ 12%] Built target ament_cmake_python_symlink_my_robot_interfaces
[0.336s] [ 32%] Built target my_robot_interfaces__rosidl_typesupport_introspection_cpp
[0.336s] [ 32%] Built target my_robot_interfaces__rosidl_typesupport_cpp
[0.341s] [ 41%] Built target my_robot_interfaces__rosidl_typesupport_fastrtps_cpp
[0.344s] [ 51%] Built target my_robot_interfaces__rosidl_typesupport_introspection_c
[0.347s] [ 61%] Built target my_robot_interfaces__rosidl_typesupport_fastrtps_c
[0.348s] [ 70%] Built target my_robot_interfaces__rosidl_typesupport_c
[0.372s] [ 70%] Built target my_robot_interfaces
[0.398s] [ 74%] Built target my_robot_interfaces__py
[0.423s] [ 80%] Built target my_robot_interfaces__rosidl_generator_py
[0.450s] [ 87%] Built target my_robot_interfaces__rosidl_typesupport_introspection_c__pyext
[0.454s] [ 93%] Built target my_robot_interfaces__rosidl_typesupport_c__pyext
[0.454s] [100%] Built target my_robot_interfaces__rosidl_typesupport_fastrtps_c__pyext
[0.611s] running egg_info
[0.612s] writing my_robot_interfaces.egg-info/PKG-INFO
[0.612s] writing dependency_links to my_robot_interfaces.egg-info/dependency_links.txt
[0.612s] writing top-level names to my_robot_interfaces.egg-info/top_level.txt
[0.616s] reading manifest file 'my_robot_interfaces.egg-info/SOURCES.txt'
[0.617s] writing manifest file 'my_robot_interfaces.egg-info/SOURCES.txt'
[0.673s] [100%] Built target ament_cmake_python_build_my_robot_interfaces_egg
[0.687s] Invoked command in '/home/golam_sadek/ros2_ws/build/my_robot_interfaces' returned '0': CMAKE_PREFIX_PATH=${CMAKE_PREFIX_PATH}:/home/golam_sadek/ros2_ws/install/turtlesim_catch_them_all:/home/golam_sadek/ros2_ws/install/my_py_pkg:/opt/ros/humble /usr/bin/cmake --build /home/golam_sadek/ros2_ws/build/my_robot_interfaces -- -j8 -l8
[0.689s] Invoking command in '/home/golam_sadek/ros2_ws/build/my_robot_interfaces': CMAKE_PREFIX_PATH=${CMAKE_PREFIX_PATH}:/home/golam_sadek/ros2_ws/install/turtlesim_catch_them_all:/home/golam_sadek/ros2_ws/install/my_py_pkg:/opt/ros/humble /usr/bin/cmake --install /home/golam_sadek/ros2_ws/build/my_robot_interfaces
[0.698s] -- Install configuration: ""
[0.698s] -- Execute custom install script
[0.699s] -- Up-to-date symlink: /home/golam_sadek/ros2_ws/install/my_robot_interfaces/share/ament_index/resource_index/rosidl_interfaces/my_robot_interfaces
[0.699s] -- Up-to-date symlink: /home/golam_sadek/ros2_ws/install/my_robot_interfaces/include/my_robot_interfaces/my_robot_interfaces/msg/detail/hardware_status__functions.h
[0.699s] -- Up-to-date symlink: /home/golam_sadek/ros2_ws/install/my_robot_interfaces/include/my_robot_interfaces/my_robot_interfaces/msg/detail/hardware_status__struct.h
[0.699s] -- Up-to-date symlink: /home/golam_sadek/ros2_ws/install/my_robot_interfaces/include/my_robot_interfaces/my_robot_interfaces/msg/detail/hardware_status__type_support.h
[0.699s] -- Up-to-date symlink: /home/golam_sadek/ros2_ws/install/my_robot_interfaces/include/my_robot_interfaces/my_robot_interfaces/msg/hardware_status.h
[0.700s] -- Up-to-date symlink: /home/golam_sadek/ros2_ws/install/my_robot_interfaces/include/my_robot_interfaces/my_robot_interfaces/msg/rosidl_generator_c__visibility_control.h
[0.700s] -- Up-to-date symlink: /home/golam_sadek/ros2_ws/install/my_robot_interfaces/share/my_robot_interfaces/environment/library_path.sh
[0.700s] -- Up-to-date symlink: /home/golam_sadek/ros2_ws/install/my_robot_interfaces/share/my_robot_interfaces/environment/library_path.dsv
[0.700s] -- Up-to-date symlink: /home/golam_sadek/ros2_ws/install/my_robot_interfaces/include/my_robot_interfaces/my_robot_interfaces/msg/detail/hardware_status__rosidl_typesupport_fastrtps_c.h
[0.701s] -- Up-to-date symlink: /home/golam_sadek/ros2_ws/install/my_robot_interfaces/include/my_robot_interfaces/my_robot_interfaces/msg/rosidl_typesupport_fastrtps_c__visibility_control.h
[0.701s] -- Up-to-date symlink: /home/golam_sadek/ros2_ws/install/my_robot_interfaces/include/my_robot_interfaces/my_robot_interfaces/msg/detail/hardware_status__rosidl_typesupport_introspection_c.h
[0.701s] -- Up-to-date symlink: /home/golam_sadek/ros2_ws/install/my_robot_interfaces/include/my_robot_interfaces/my_robot_interfaces/msg/rosidl_typesupport_introspection_c__visibility_control.h
[0.702s] -- Up-to-date symlink: /home/golam_sadek/ros2_ws/install/my_robot_interfaces/include/my_robot_interfaces/my_robot_interfaces/msg/detail/hardware_status__builder.hpp
[0.702s] -- Up-to-date symlink: /home/golam_sadek/ros2_ws/install/my_robot_interfaces/include/my_robot_interfaces/my_robot_interfaces/msg/detail/hardware_status__struct.hpp
[0.702s] -- Up-to-date symlink: /home/golam_sadek/ros2_ws/install/my_robot_interfaces/include/my_robot_interfaces/my_robot_interfaces/msg/detail/hardware_status__traits.hpp
[0.702s] -- Up-to-date symlink: /home/golam_sadek/ros2_ws/install/my_robot_interfaces/include/my_robot_interfaces/my_robot_interfaces/msg/detail/hardware_status__type_support.hpp
[0.703s] -- Up-to-date symlink: /home/golam_sadek/ros2_ws/install/my_robot_interfaces/include/my_robot_interfaces/my_robot_interfaces/msg/hardware_status.hpp
[0.703s] -- Up-to-date symlink: /home/golam_sadek/ros2_ws/install/my_robot_interfaces/include/my_robot_interfaces/my_robot_interfaces/msg/rosidl_generator_cpp__visibility_control.hpp
[0.703s] -- Up-to-date symlink: /home/golam_sadek/ros2_ws/install/my_robot_interfaces/include/my_robot_interfaces/my_robot_interfaces/msg/detail/hardware_status__rosidl_typesupport_fastrtps_cpp.hpp
[0.703s] -- Up-to-date symlink: /home/golam_sadek/ros2_ws/install/my_robot_interfaces/include/my_robot_interfaces/my_robot_interfaces/msg/rosidl_typesupport_fastrtps_cpp__visibility_control.h
[0.703s] -- Up-to-date symlink: /home/golam_sadek/ros2_ws/install/my_robot_interfaces/include/my_robot_interfaces/my_robot_interfaces/msg/detail/hardware_status__rosidl_typesupport_introspection_cpp.hpp
[0.704s] -- Up-to-date symlink: /home/golam_sadek/ros2_ws/install/my_robot_interfaces/share/my_robot_interfaces/environment/pythonpath.sh
[0.704s] -- Up-to-date symlink: /home/golam_sadek/ros2_ws/install/my_robot_interfaces/share/my_robot_interfaces/environment/pythonpath.dsv
[0.704s] -- Up-to-date symlink: /home/golam_sadek/ros2_ws/install/my_robot_interfaces/local/lib/python3.10/dist-packages/my_robot_interfaces-0.0.0-py3.10.egg-info/PKG-INFO
[0.704s] -- Up-to-date symlink: /home/golam_sadek/ros2_ws/install/my_robot_interfaces/local/lib/python3.10/dist-packages/my_robot_interfaces-0.0.0-py3.10.egg-info/SOURCES.txt
[0.705s] -- Up-to-date symlink: /home/golam_sadek/ros2_ws/install/my_robot_interfaces/local/lib/python3.10/dist-packages/my_robot_interfaces-0.0.0-py3.10.egg-info/dependency_links.txt
[0.705s] -- Up-to-date symlink: /home/golam_sadek/ros2_ws/install/my_robot_interfaces/local/lib/python3.10/dist-packages/my_robot_interfaces-0.0.0-py3.10.egg-info/top_level.txt
[0.706s] -- Up-to-date symlink: /home/golam_sadek/ros2_ws/install/my_robot_interfaces/local/lib/python3.10/dist-packages/my_robot_interfaces/__init__.py
[0.706s] -- Up-to-date symlink: /home/golam_sadek/ros2_ws/install/my_robot_interfaces/local/lib/python3.10/dist-packages/my_robot_interfaces/_my_robot_interfaces_s.ep.rosidl_typesupport_c.c
[0.706s] -- Up-to-date symlink: /home/golam_sadek/ros2_ws/install/my_robot_interfaces/local/lib/python3.10/dist-packages/my_robot_interfaces/_my_robot_interfaces_s.ep.rosidl_typesupport_fastrtps_c.c
[0.706s] -- Up-to-date symlink: /home/golam_sadek/ros2_ws/install/my_robot_interfaces/local/lib/python3.10/dist-packages/my_robot_interfaces/_my_robot_interfaces_s.ep.rosidl_typesupport_introspection_c.c
[0.706s] -- Up-to-date symlink: /home/golam_sadek/ros2_ws/install/my_robot_interfaces/local/lib/python3.10/dist-packages/my_robot_interfaces/libmy_robot_interfaces__rosidl_generator_py.so
[0.706s] -- Up-to-date symlink: /home/golam_sadek/ros2_ws/install/my_robot_interfaces/local/lib/python3.10/dist-packages/my_robot_interfaces/msg/__init__.py
[0.707s] -- Up-to-date symlink: /home/golam_sadek/ros2_ws/install/my_robot_interfaces/local/lib/python3.10/dist-packages/my_robot_interfaces/msg/_hardware_status.py
[0.707s] -- Up-to-date symlink: /home/golam_sadek/ros2_ws/install/my_robot_interfaces/local/lib/python3.10/dist-packages/my_robot_interfaces/msg/_hardware_status_s.c
[0.707s] -- Up-to-date symlink: /home/golam_sadek/ros2_ws/install/my_robot_interfaces/local/lib/python3.10/dist-packages/my_robot_interfaces/my_robot_interfaces_s__rosidl_typesupport_c.cpython-310-x86_64-linux-gnu.so
[0.707s] -- Up-to-date symlink: /home/golam_sadek/ros2_ws/install/my_robot_interfaces/local/lib/python3.10/dist-packages/my_robot_interfaces/my_robot_interfaces_s__rosidl_typesupport_fastrtps_c.cpython-310-x86_64-linux-gnu.so
[0.707s] -- Up-to-date symlink: /home/golam_sadek/ros2_ws/install/my_robot_interfaces/local/lib/python3.10/dist-packages/my_robot_interfaces/my_robot_interfaces_s__rosidl_typesupport_introspection_c.cpython-310-x86_64-linux-gnu.so
[0.707s] -- Up-to-date symlink: /home/golam_sadek/ros2_ws/install/my_robot_interfaces/local/lib/python3.10/dist-packages/my_robot_interfaces/my_robot_interfaces_s__rosidl_typesupport_fastrtps_c.cpython-310-x86_64-linux-gnu.so
[0.708s] -- Up-to-date symlink: /home/golam_sadek/ros2_ws/install/my_robot_interfaces/local/lib/python3.10/dist-packages/my_robot_interfaces/my_robot_interfaces_s__rosidl_typesupport_introspection_c.cpython-310-x86_64-linux-gnu.so
[0.708s] -- Up-to-date symlink: /home/golam_sadek/ros2_ws/install/my_robot_interfaces/local/lib/python3.10/dist-packages/my_robot_interfaces/my_robot_interfaces_s__rosidl_typesupport_c.cpython-310-x86_64-linux-gnu.so
[0.708s] -- Up-to-date symlink: /home/golam_sadek/ros2_ws/install/my_robot_interfaces/share/my_robot_interfaces/msg/HardwareStatus.idl
[0.708s] -- Up-to-date symlink: /home/golam_sadek/ros2_ws/install/my_robot_interfaces/share/my_robot_interfaces/msg/HardwareStatus.msg
[0.709s] -- Up-to-date symlink: /home/golam_sadek/ros2_ws/install/my_robot_interfaces/share/ament_index/resource_index/package_run_dependencies/my_robot_interfaces
[0.709s] -- Up-to-date symlink: /home/golam_sadek/ros2_ws/install/my_robot_interfaces/share/ament_index/resource_index/parent_prefix_path/my_robot_interfaces
[0.709s] -- Up-to-date symlink: /home/golam_sadek/ros2_ws/install/my_robot_interfaces/share/my_robot_interfaces/environment/ament_prefix_path.sh
[0.709s] -- Up-to-date symlink: /home/golam_sadek/ros2_ws/install/my_robot_interfaces/share/my_robot_interfaces/environment/ament_prefix_path.dsv
[0.709s] -- Up-to-date symlink: /home/golam_sadek/ros2_ws/install/my_robot_interfaces/share/my_robot_interfaces/environment/path.sh
[0.709s] -- Up-to-date symlink: /home/golam_sadek/ros2_ws/install/my_robot_interfaces/share/my_robot_interfaces/environment/path.dsv
[0.709s] -- Up-to-date symlink: /home/golam_sadek/ros2_ws/install/my_robot_interfaces/share/my_robot_interfaces/local_setup.bash
[0.710s] -- Up-to-date symlink: /home/golam_sadek/ros2_ws/install/my_robot_interfaces/share/my_robot_interfaces/local_setup.sh
[0.710s] -- Up-to-date symlink: /home/golam_sadek/ros2_ws/install/my_robot_interfaces/share/my_robot_interfaces/local_setup.zsh
[0.710s] -- Up-to-date symlink: /home/golam_sadek/ros2_ws/install/my_robot_interfaces/share/my_robot_interfaces/local_setup.dsv
[0.710s] -- Symlinking: /home/golam_sadek/ros2_ws/install/my_robot_interfaces/share/my_robot_interfaces/package.dsv
[0.722s] -- Up-to-date symlink: /home/golam_sadek/ros2_ws/install/my_robot_interfaces/share/ament_index/resource_index/packages/my_robot_interfaces
[0.722s] -- Up-to-date symlink: /home/golam_sadek/ros2_ws/install/my_robot_interfaces/share/my_robot_interfaces/cmake/rosidl_cmake-extras.cmake
[0.723s] -- Up-to-date symlink: /home/golam_sadek/ros2_ws/install/my_robot_interfaces/share/my_robot_interfaces/cmake/ament_cmake_export_include_directories-extras.cmake
[0.723s] -- Up-to-date symlink: /home/golam_sadek/ros2_ws/install/my_robot_interfaces/share/my_robot_interfaces/cmake/ament_cmake_export_libraries-extras.cmake
[0.723s] -- Up-to-date symlink: /home/golam_sadek/ros2_ws/install/my_robot_interfaces/share/my_robot_interfaces/cmake/ament_cmake_export_targets-extras.cmake
[0.723s] -- Up-to-date symlink: /home/golam_sadek/ros2_ws/install/my_robot_interfaces/share/my_robot_interfaces/cmake/rosidl_cmake_export_typesupport_targets-extras.cmake
[0.723s] -- Up-to-date symlink: /home/golam_sadek/ros2_ws/install/my_robot_interfaces/share/my_robot_interfaces/cmake/ament_cmake_export_dependencies-extras.cmake
[0.724s] -- Up-to-date symlink: /home/golam_sadek/ros2_ws/install/my_robot_interfaces/share/my_robot_interfaces/cmake/rosidl_cmake_export_typesupport_libraries-extras.cmake
[0.724s] -- Up-to-date symlink: /home/golam_sadek/ros2_ws/install/my_robot_interfaces/share/my_robot_interfaces/cmake/my_robot_interfacesConfig.cmake
[0.724s] -- Up-to-date symlink: /home/golam_sadek/ros2_ws/install/my_robot_interfaces/share/my_robot_interfaces/cmake/my_robot_interfacesConfig-version.cmake
[0.724s] -- Up-to-date symlink: /home/golam_sadek/ros2_ws/install/my_robot_interfaces/share/my_robot_interfaces/package.xml
[0.725s] -- Up-to-date: /home/golam_sadek/ros2_ws/install/my_robot_interfaces/lib/libmy_robot_interfaces__rosidl_generator_c.so
[0.725s] -- Up-to-date: /home/golam_sadek/ros2_ws/install/my_robot_interfaces/lib/libmy_robot_interfaces__rosidl_typesupport_fastrtps_c.so
[0.725s] -- Up-to-date: /home/golam_sadek/ros2_ws/install/my_robot_interfaces/lib/libmy_robot_interfaces__rosidl_typesupport_introspection_c.so
[0.726s] -- Up-to-date: /home/golam_sadek/ros2_ws/install/my_robot_interfaces/lib/libmy_robot_interfaces__rosidl_typesupport_c.so
[0.726s] -- Up-to-date: /home/golam_sadek/ros2_ws/install/my_robot_interfaces/lib/libmy_robot_interfaces__rosidl_typesupport_fastrtps_cpp.so
[0.727s] -- Up-to-date: /home/golam_sadek/ros2_ws/install/my_robot_interfaces/lib/libmy_robot_interfaces__rosidl_typesupport_introspection_cpp.so
[0.727s] -- Up-to-date: /home/golam_sadek/ros2_ws/install/my_robot_interfaces/lib/libmy_robot_interfaces__rosidl_typesupport_cpp.so
[0.762s] Listing '/home/golam_sadek/ros2_ws/install/my_robot_interfaces/local/lib/python3.10/dist-packages/my_robot_interfaces'...
[0.762s] Listing '/home/golam_sadek/ros2_ws/install/my_robot_interfaces/local/lib/python3.10/dist-packages/my_robot_interfaces/msg'...
[0.768s] -- Up-to-date: /home/golam_sadek/ros2_ws/install/my_robot_interfaces/lib/libmy_robot_interfaces__rosidl_generator_py.so
[0.768s] -- Up-to-date: /home/golam_sadek/ros2_ws/install/my_robot_interfaces/share/my_robot_interfaces/cmake/export_my_robot_interfaces__rosidl_generator_cExport.cmake
[0.768s] -- Up-to-date: /home/golam_sadek/ros2_ws/install/my_robot_interfaces/share/my_robot_interfaces/cmake/export_my_robot_interfaces__rosidl_generator_cExport-noconfig.cmake
[0.769s] -- Up-to-date: /home/golam_sadek/ros2_ws/install/my_robot_interfaces/share/my_robot_interfaces/cmake/export_my_robot_interfaces__rosidl_typesupport_fastrtps_cExport.cmake
[0.769s] -- Up-to-date: /home/golam_sadek/ros2_ws/install/my_robot_interfaces/share/my_robot_interfaces/cmake/export_my_robot_interfaces__rosidl_typesupport_fastrtps_cExport-noconfig.cmake
[0.769s] -- Up-to-date: /home/golam_sadek/ros2_ws/install/my_robot_interfaces/share/my_robot_interfaces/cmake/my_robot_interfaces__rosidl_typesupport_introspection_cExport.cmake
[0.769s] -- Up-to-date: /home/golam_sadek/ros2_ws/install/my_robot_interfaces/share/my_robot_interfaces/cmake/my_robot_interfaces__rosidl_typesupport_introspection_cExport-noconfig.cmake
[0.769s] -- Up-to-date: /home/golam_sadek/ros2_ws/install/my_robot_interfaces/share/my_robot_interfaces/cmake/my_robot_interfaces__rosidl_typesupport_cExport.cmake
[0.769s] -- Up-to-date: /home/golam_sadek/ros2_ws/install/my_robot_interfaces/share/my_robot_interfaces/cmake/my_robot_interfaces__rosidl_typesupport_cExport-noconfig.cmake
[0.769s] -- Up-to-date: /home/golam_sadek/ros2_ws/install/my_robot_interfaces/share/my_robot_interfaces/cmake/export_my_robot_interfaces__rosidl_generator_cppExport.cmake
[0.769s] -- Up-to-date: /home/golam_sadek/ros2_ws/install/my_robot_interfaces/share/my_robot_interfaces/cmake/export_my_robot_interfaces__rosidl_typesupport_fastrtps_cppExport.cmake
[0.770s] -- Up-to-date: /home/golam_sadek/ros2_ws/install/my_robot_interfaces/share/my_robot_interfaces/cmake/export_my_robot_interfaces__rosidl_typesupport_fastrtps_cppExport-noconfig.cmake
[0.770s] -- Up-to-date: /home/golam_sadek/ros2_ws/install/my_robot_interfaces/share/my_robot_interfaces/cmake/my_robot_interfaces__rosidl_typesupport_introspection_cppExport.cmake
[0.770s] -- Up-to-date: /home/golam_sadek/ros2_ws/install/my_robot_interfaces/share/my_robot_interfaces/cmake/my_robot_interfaces__rosidl_typesupport_introspection_cppExport-noconfig.cmake
[0.770s] -- Up-to-date: /home/golam_sadek/ros2_ws/install/my_robot_interfaces/share/my_robot_interfaces/cmake/my_robot_interfaces__rosidl_typesupport_cppExport.cmake
[0.770s] -- Up-to-date: /home/golam_sadek/ros2_ws/install/my_robot_interfaces/share/my_robot_interfaces/cmake/my_robot_interfaces__rosidl_typesupport_cppExport-noconfig.cmake
[0.770s] -- Up-to-date: /home/golam_sadek/ros2_ws/install/my_robot_interfaces/share/my_robot_interfaces/cmake/export_my_robot_interfaces__rosidl_generator_pyExport.cmake
[0.770s] -- Up-to-date: /home/golam_sadek/ros2_ws/install/my_robot_interfaces/share/my_robot_interfaces/cmake/export_my_robot_interfaces__rosidl_generator_pyExport-noconfig.cmake
[0.773s] Invoked command in '/home/golam_sadek/ros2_ws/build/my_robot_interfaces' returned '0': CMAKE_PREFIX_PATH=${CMAKE_PREFIX_PATH}:/home/golam_sadek/ros2_ws/install/turtlesim_catch_them_all:/home/golam_sadek/ros2_ws/install/my_py_pkg:/opt/ros/humble /usr/bin/cmake --install /home/golam_sadek/ros2_ws/build/my_robot_interfaces
