[0.011s] Invoking command in '/home/golam_sadek/ros2_ws/build/my_robot1_bringup': CMAKE_PREFIX_PATH=/home/golam_sadek/ros2_ws/install/my_robot_description:/home/golam_sadek/ros2_ws/install/my_robot_interfaces:/home/golam_sadek/ros2_ws/install/my_robot1_bringup:/home/golam_sadek/ros2_ws/install/my_robot_bringup:/home/golam_sadek/ros2_ws/install/my_cpp_pkg:/home/golam_sadek/ros2_ws/install/turtlesim_catch_them_all:/home/golam_sadek/ros2_ws/install/my_py_pkg:/opt/ros/humble /usr/bin/cmake --build /home/golam_sadek/ros2_ws/build/my_robot1_bringup -- -j8 -l8
[0.035s] -- Found ament_cmake: 1.3.11 (/opt/ros/humble/share/ament_cmake/cmake)
[0.174s] -- Override CMake install command with custom implementation using symlinks instead of copying resources
[0.253s] -- Configuring done
[0.256s] -- Generating done
[0.258s] -- Build files have been written to: /home/golam_sadek/ros2_ws/build/my_robot1_bringup
[0.280s] Invoked command in '/home/golam_sadek/ros2_ws/build/my_robot1_bringup' returned '0': CMAKE_PREFIX_PATH=/home/golam_sadek/ros2_ws/install/my_robot_description:/home/golam_sadek/ros2_ws/install/my_robot_interfaces:/home/golam_sadek/ros2_ws/install/my_robot1_bringup:/home/golam_sadek/ros2_ws/install/my_robot_bringup:/home/golam_sadek/ros2_ws/install/my_cpp_pkg:/home/golam_sadek/ros2_ws/install/turtlesim_catch_them_all:/home/golam_sadek/ros2_ws/install/my_py_pkg:/opt/ros/humble /usr/bin/cmake --build /home/golam_sadek/ros2_ws/build/my_robot1_bringup -- -j8 -l8
[0.281s] Invoking command in '/home/golam_sadek/ros2_ws/build/my_robot1_bringup': CMAKE_PREFIX_PATH=/home/golam_sadek/ros2_ws/install/my_robot_description:/home/golam_sadek/ros2_ws/install/my_robot_interfaces:/home/golam_sadek/ros2_ws/install/my_robot1_bringup:/home/golam_sadek/ros2_ws/install/my_robot_bringup:/home/golam_sadek/ros2_ws/install/my_cpp_pkg:/home/golam_sadek/ros2_ws/install/turtlesim_catch_them_all:/home/golam_sadek/ros2_ws/install/my_py_pkg:/opt/ros/humble /usr/bin/cmake --install /home/golam_sadek/ros2_ws/build/my_robot1_bringup
[0.289s] -- Install configuration: ""
[0.290s] -- Execute custom install script
[0.290s] -- Up-to-date symlink: /home/golam_sadek/ros2_ws/install/my_robot1_bringup/share/my_robot1_bringup//launch/my_robot_gazebo.launch.xml
[0.291s] -- Symlinking: /home/golam_sadek/ros2_ws/install/my_robot1_bringup/share/my_robot1_bringup//rviz/urdf_config.rviz
[0.300s] -- Up-to-date symlink: /home/golam_sadek/ros2_ws/install/my_robot1_bringup/share/ament_index/resource_index/package_run_dependencies/my_robot1_bringup
[0.300s] -- Up-to-date symlink: /home/golam_sadek/ros2_ws/install/my_robot1_bringup/share/ament_index/resource_index/parent_prefix_path/my_robot1_bringup
[0.300s] -- Up-to-date symlink: /home/golam_sadek/ros2_ws/install/my_robot1_bringup/share/my_robot1_bringup/environment/ament_prefix_path.sh
[0.300s] -- Up-to-date symlink: /home/golam_sadek/ros2_ws/install/my_robot1_bringup/share/my_robot1_bringup/environment/ament_prefix_path.dsv
[0.300s] -- Up-to-date symlink: /home/golam_sadek/ros2_ws/install/my_robot1_bringup/share/my_robot1_bringup/environment/path.sh
[0.301s] -- Up-to-date symlink: /home/golam_sadek/ros2_ws/install/my_robot1_bringup/share/my_robot1_bringup/environment/path.dsv
[0.301s] -- Up-to-date symlink: /home/golam_sadek/ros2_ws/install/my_robot1_bringup/share/my_robot1_bringup/local_setup.bash
[0.301s] -- Up-to-date symlink: /home/golam_sadek/ros2_ws/install/my_robot1_bringup/share/my_robot1_bringup/local_setup.sh
[0.301s] -- Up-to-date symlink: /home/golam_sadek/ros2_ws/install/my_robot1_bringup/share/my_robot1_bringup/local_setup.zsh
[0.301s] -- Up-to-date symlink: /home/golam_sadek/ros2_ws/install/my_robot1_bringup/share/my_robot1_bringup/local_setup.dsv
[0.302s] -- Symlinking: /home/golam_sadek/ros2_ws/install/my_robot1_bringup/share/my_robot1_bringup/package.dsv
[0.312s] -- Up-to-date symlink: /home/golam_sadek/ros2_ws/install/my_robot1_bringup/share/ament_index/resource_index/packages/my_robot1_bringup
[0.313s] -- Up-to-date symlink: /home/golam_sadek/ros2_ws/install/my_robot1_bringup/share/my_robot1_bringup/cmake/my_robot1_bringupConfig.cmake
[0.313s] -- Up-to-date symlink: /home/golam_sadek/ros2_ws/install/my_robot1_bringup/share/my_robot1_bringup/cmake/my_robot1_bringupConfig-version.cmake
[0.313s] -- Up-to-date symlink: /home/golam_sadek/ros2_ws/install/my_robot1_bringup/share/my_robot1_bringup/package.xml
[0.316s] Invoked command in '/home/golam_sadek/ros2_ws/build/my_robot1_bringup' returned '0': CMAKE_PREFIX_PATH=/home/golam_sadek/ros2_ws/install/my_robot_description:/home/golam_sadek/ros2_ws/install/my_robot_interfaces:/home/golam_sadek/ros2_ws/install/my_robot1_bringup:/home/golam_sadek/ros2_ws/install/my_robot_bringup:/home/golam_sadek/ros2_ws/install/my_cpp_pkg:/home/golam_sadek/ros2_ws/install/turtlesim_catch_them_all:/home/golam_sadek/ros2_ws/install/my_py_pkg:/opt/ros/humble /usr/bin/cmake --install /home/golam_sadek/ros2_ws/build/my_robot1_bringup
