[0.236s] Invoking command in '/home/golam_sadek/ros2_ws/build/my_robot_interfaces': CMAKE_PREFIX_PATH=/opt/ros/humble /usr/bin/cmake --build /home/golam_sadek/ros2_ws/build/my_robot_interfaces -- -j8 -l8
[0.300s] [  3%] Built target my_robot_interfaces__cpp
[0.303s] [ 12%] Built target my_robot_interfaces__rosidl_generator_c
[0.321s] [ 12%] Built target ament_cmake_python_symlink_my_robot_interfaces
[0.338s] [ 22%] Built target my_robot_interfaces__rosidl_typesupport_c
[0.342s] [ 38%] Built target my_robot_interfaces__rosidl_typesupport_fastrtps_c
[0.342s] [ 41%] Built target my_robot_interfaces__rosidl_typesupport_introspection_c
[0.349s] [ 51%] Built target my_robot_interfaces__rosidl_typesupport_fastrtps_cpp
[0.351s] [ 61%] Built target my_robot_interfaces__rosidl_typesupport_cpp
[0.351s] [ 70%] Built target my_robot_interfaces__rosidl_typesupport_introspection_cpp
[0.378s] [ 70%] Built target my_robot_interfaces
[0.405s] [ 74%] Built target my_robot_interfaces__py
[0.434s] [ 80%] Built target my_robot_interfaces__rosidl_generator_py
[0.467s] [100%] Built target my_robot_interfaces__rosidl_typesupport_fastrtps_c__pyext
[0.467s] [100%] Built target my_robot_interfaces__rosidl_typesupport_c__pyext
[0.468s] [100%] Built target my_robot_interfaces__rosidl_typesupport_introspection_c__pyext
[0.609s] running egg_info
[0.613s] writing my_robot_interfaces.egg-info/PKG-INFO
[0.614s] writing dependency_links to my_robot_interfaces.egg-info/dependency_links.txt
[0.616s] writing top-level names to my_robot_interfaces.egg-info/top_level.txt
[0.618s] reading manifest file 'my_robot_interfaces.egg-info/SOURCES.txt'
[0.620s] writing manifest file 'my_robot_interfaces.egg-info/SOURCES.txt'
[0.669s] [100%] Built target ament_cmake_python_build_my_robot_interfaces_egg
