[1.146s] Invoking command in '/home/golam_sadek/ros2_ws/build/my_py_pkg': PYTHONPATH=/home/golam_sadek/ros2_ws/build/my_py_pkg/prefix_override:/usr/lib/python3/dist-packages/colcon_core/task/python/colcon_distutils_commands:/home/golam_sadek/ros2_ws/install/my_py_pkg/lib/python3.10/site-packages:${PYTHONPATH} /usr/bin/python3 -W ignore:setup.py install is deprecated -W ignore:easy_install command is deprecated setup.py develop --editable --build-directory /home/golam_sadek/ros2_ws/build/my_py_pkg/build --no-deps symlink_data
[1.412s] running develop
[1.562s] running egg_info
[1.562s] writing my_py_pkg.egg-info/PKG-INFO
[1.563s] writing dependency_links to my_py_pkg.egg-info/dependency_links.txt
[1.563s] writing entry points to my_py_pkg.egg-info/entry_points.txt
[1.563s] writing requirements to my_py_pkg.egg-info/requires.txt
[1.563s] writing top-level names to my_py_pkg.egg-info/top_level.txt
[1.565s] reading manifest file 'my_py_pkg.egg-info/SOURCES.txt'
[1.577s] writing manifest file 'my_py_pkg.egg-info/SOURCES.txt'
[1.579s] running build_ext
[1.579s] Creating /home/golam_sadek/ros2_ws/install/my_py_pkg/lib/python3.10/site-packages/my-py-pkg.egg-link (link to .)
[1.580s] Installing add_two_ints_client_no_oop script to /home/golam_sadek/ros2_ws/install/my_py_pkg/lib/my_py_pkg
[1.580s] Installing add_two_ints_server script to /home/golam_sadek/ros2_ws/install/my_py_pkg/lib/my_py_pkg
[1.580s] Installing number_counter script to /home/golam_sadek/ros2_ws/install/my_py_pkg/lib/my_py_pkg
[1.580s] Installing number_publisher script to /home/golam_sadek/ros2_ws/install/my_py_pkg/lib/my_py_pkg
[1.581s] Installing py_node script to /home/golam_sadek/ros2_ws/install/my_py_pkg/lib/my_py_pkg
[1.581s] Installing robot_news_station script to /home/golam_sadek/ros2_ws/install/my_py_pkg/lib/my_py_pkg
[1.581s] Installing smartphone script to /home/golam_sadek/ros2_ws/install/my_py_pkg/lib/my_py_pkg
[1.581s] 
[1.581s] Installed /home/golam_sadek/ros2_ws/build/my_py_pkg
[1.581s] running symlink_data
[1.633s] Invoked command in '/home/golam_sadek/ros2_ws/build/my_py_pkg' returned '0': PYTHONPATH=/home/golam_sadek/ros2_ws/build/my_py_pkg/prefix_override:/usr/lib/python3/dist-packages/colcon_core/task/python/colcon_distutils_commands:/home/golam_sadek/ros2_ws/install/my_py_pkg/lib/python3.10/site-packages:${PYTHONPATH} /usr/bin/python3 -W ignore:setup.py install is deprecated -W ignore:easy_install command is deprecated setup.py develop --editable --build-directory /home/golam_sadek/ros2_ws/build/my_py_pkg/build --no-deps symlink_data
