[1.031s] Invoking command in '/home/golam_sadek/ros2_ws/build/my_py_pkg': PYTHONPATH=/home/golam_sadek/ros2_ws/build/my_py_pkg/prefix_override:/usr/lib/python3/dist-packages/colcon_core/task/python/colcon_distutils_commands:/home/golam_sadek/ros2_ws/install/my_py_pkg/lib/python3.10/site-packages:${PYTHONPATH} /usr/bin/python3 -W ignore:setup.py install is deprecated -W ignore:easy_install command is deprecated setup.py develop --editable --build-directory /home/golam_sadek/ros2_ws/build/my_py_pkg/build --no-deps symlink_data
[1.270s] running develop
[1.404s] running egg_info
[1.404s] writing my_py_pkg.egg-info/PKG-INFO
[1.404s] writing dependency_links to my_py_pkg.egg-info/dependency_links.txt
[1.405s] writing entry points to my_py_pkg.egg-info/entry_points.txt
[1.405s] writing requirements to my_py_pkg.egg-info/requires.txt
[1.405s] writing top-level names to my_py_pkg.egg-info/top_level.txt
[1.407s] reading manifest file 'my_py_pkg.egg-info/SOURCES.txt'
[1.408s] writing manifest file 'my_py_pkg.egg-info/SOURCES.txt'
[1.409s] running build_ext
[1.409s] Creating /home/golam_sadek/ros2_ws/install/my_py_pkg/lib/python3.10/site-packages/my-py-pkg.egg-link (link to .)
[1.410s] Installing add_two_ints_client_no_oop script to /home/golam_sadek/ros2_ws/install/my_py_pkg/lib/my_py_pkg
[1.411s] Installing add_two_ints_server script to /home/golam_sadek/ros2_ws/install/my_py_pkg/lib/my_py_pkg
[1.411s] Installing number_counter script to /home/golam_sadek/ros2_ws/install/my_py_pkg/lib/my_py_pkg
[1.411s] Installing number_publisher script to /home/golam_sadek/ros2_ws/install/my_py_pkg/lib/my_py_pkg
[1.411s] Installing py_node script to /home/golam_sadek/ros2_ws/install/my_py_pkg/lib/my_py_pkg
[1.411s] Installing robot_news_station script to /home/golam_sadek/ros2_ws/install/my_py_pkg/lib/my_py_pkg
[1.411s] Installing smartphone script to /home/golam_sadek/ros2_ws/install/my_py_pkg/lib/my_py_pkg
[1.411s] 
[1.412s] Installed /home/golam_sadek/ros2_ws/build/my_py_pkg
[1.412s] running symlink_data
[1.452s] Invoked command in '/home/golam_sadek/ros2_ws/build/my_py_pkg' returned '0': PYTHONPATH=/home/golam_sadek/ros2_ws/build/my_py_pkg/prefix_override:/usr/lib/python3/dist-packages/colcon_core/task/python/colcon_distutils_commands:/home/golam_sadek/ros2_ws/install/my_py_pkg/lib/python3.10/site-packages:${PYTHONPATH} /usr/bin/python3 -W ignore:setup.py install is deprecated -W ignore:easy_install command is deprecated setup.py develop --editable --build-directory /home/golam_sadek/ros2_ws/build/my_py_pkg/build --no-deps symlink_data
