[1.431s] Invoking command in '/home/golam_sadek/ros2_ws/build/my_py_pkg': PYTHONPATH=/home/golam_sadek/ros2_ws/build/my_py_pkg/prefix_override:/usr/lib/python3/dist-packages/colcon_core/task/python/colcon_distutils_commands:/home/golam_sadek/ros2_ws/install/my_py_pkg/lib/python3.10/site-packages:${PYTHONPATH} /usr/bin/python3 -W ignore:setup.py install is deprecated -W ignore:easy_install command is deprecated setup.py develop --editable --build-directory /home/golam_sadek/ros2_ws/build/my_py_pkg/build --no-deps symlink_data --force
[1.861s] running develop
[2.068s] running egg_info
[2.069s] writing my_py_pkg.egg-info/PKG-INFO
[2.069s] writing dependency_links to my_py_pkg.egg-info/dependency_links.txt
[2.070s] writing entry points to my_py_pkg.egg-info/entry_points.txt
[2.070s] writing requirements to my_py_pkg.egg-info/requires.txt
[2.071s] writing top-level names to my_py_pkg.egg-info/top_level.txt
[2.075s] reading manifest file 'my_py_pkg.egg-info/SOURCES.txt'
[2.077s] writing manifest file 'my_py_pkg.egg-info/SOURCES.txt'
[2.079s] running build_ext
[2.079s] Creating /home/golam_sadek/ros2_ws/install/my_py_pkg/lib/python3.10/site-packages/my-py-pkg.egg-link (link to .)
[2.083s] Installing add_two_ints_client_no_oop script to /home/golam_sadek/ros2_ws/install/my_py_pkg/lib/my_py_pkg
[2.084s] Installing add_two_ints_server script to /home/golam_sadek/ros2_ws/install/my_py_pkg/lib/my_py_pkg
[2.084s] Installing number_counter script to /home/golam_sadek/ros2_ws/install/my_py_pkg/lib/my_py_pkg
[2.084s] Installing number_publisher script to /home/golam_sadek/ros2_ws/install/my_py_pkg/lib/my_py_pkg
[2.084s] Installing py_node script to /home/golam_sadek/ros2_ws/install/my_py_pkg/lib/my_py_pkg
[2.088s] Installing robot_news_station script to /home/golam_sadek/ros2_ws/install/my_py_pkg/lib/my_py_pkg
[2.088s] Installing smartphone script to /home/golam_sadek/ros2_ws/install/my_py_pkg/lib/my_py_pkg
[2.088s] 
[2.089s] Installed /home/golam_sadek/ros2_ws/build/my_py_pkg
[2.089s] running symlink_data
[2.090s] symbolically linking /home/golam_sadek/ros2_ws/build/my_py_pkg/resource/my_py_pkg -> /home/golam_sadek/ros2_ws/install/my_py_pkg/share/ament_index/resource_index/packages
[2.091s] symbolically linking /home/golam_sadek/ros2_ws/build/my_py_pkg/package.xml -> /home/golam_sadek/ros2_ws/install/my_py_pkg/share/my_py_pkg
[2.156s] Invoked command in '/home/golam_sadek/ros2_ws/build/my_py_pkg' returned '0': PYTHONPATH=/home/golam_sadek/ros2_ws/build/my_py_pkg/prefix_override:/usr/lib/python3/dist-packages/colcon_core/task/python/colcon_distutils_commands:/home/golam_sadek/ros2_ws/install/my_py_pkg/lib/python3.10/site-packages:${PYTHONPATH} /usr/bin/python3 -W ignore:setup.py install is deprecated -W ignore:easy_install command is deprecated setup.py develop --editable --build-directory /home/golam_sadek/ros2_ws/build/my_py_pkg/build --no-deps symlink_data --force
