[0.277s] Invoking command in '/home/golam_sadek/ros2_ws/build/my_robot_description': CMAKE_PREFIX_PATH=/opt/ros/humble /usr/bin/cmake /home/golam_sadek/ros2_ws/src/my_robot_description -DAMENT_CMAKE_SYMLINK_INSTALL=1 -DCMAKE_INSTALL_PREFIX=/home/golam_sadek/ros2_ws/install/my_robot_description
[0.290s] -- Found ament_cmake: 1.3.11 (/opt/ros/humble/share/ament_cmake/cmake)
[0.583s] -- Override CMake install command with custom implementation using symlinks instead of copying resources
[0.678s] -- Configuring done
[0.683s] -- Generating done
[0.685s] -- Build files have been written to: /home/golam_sadek/ros2_ws/build/my_robot_description
[0.747s] Invoked command in '/home/golam_sadek/ros2_ws/build/my_robot_description' returned '0': CMAKE_PREFIX_PATH=/opt/ros/humble /usr/bin/cmake /home/golam_sadek/ros2_ws/src/my_robot_description -DAMENT_CMAKE_SYMLINK_INSTALL=1 -DCMAKE_INSTALL_PREFIX=/home/golam_sadek/ros2_ws/install/my_robot_description
[0.750s] Invoking command in '/home/golam_sadek/ros2_ws/build/my_robot_description': CMAKE_PREFIX_PATH=/opt/ros/humble /usr/bin/cmake --build /home/golam_sadek/ros2_ws/build/my_robot_description -- -j8 -l8
[0.808s] Invoked command in '/home/golam_sadek/ros2_ws/build/my_robot_description' returned '0': CMAKE_PREFIX_PATH=/opt/ros/humble /usr/bin/cmake --build /home/golam_sadek/ros2_ws/build/my_robot_description -- -j8 -l8
[0.827s] Invoking command in '/home/golam_sadek/ros2_ws/build/my_robot_description': CMAKE_PREFIX_PATH=/opt/ros/humble /usr/bin/cmake --install /home/golam_sadek/ros2_ws/build/my_robot_description
[0.836s] -- Install configuration: ""
[0.836s] -- Execute custom install script
[0.837s] -- Up-to-date symlink: /home/golam_sadek/ros2_ws/install/my_robot_description/share/my_robot_description//urdf/build/.built_by
[0.837s] -- Up-to-date symlink: /home/golam_sadek/ros2_ws/install/my_robot_description/share/my_robot_description//urdf/build/COLCON_IGNORE
[0.837s] -- Up-to-date symlink: /home/golam_sadek/ros2_ws/install/my_robot_description/share/my_robot_description//urdf/common_properties.xacro
[0.837s] -- Up-to-date symlink: /home/golam_sadek/ros2_ws/install/my_robot_description/share/my_robot_description//urdf/install/.colcon_install_layout
[0.838s] -- Up-to-date symlink: /home/golam_sadek/ros2_ws/install/my_robot_description/share/my_robot_description//urdf/install/COLCON_IGNORE
[0.838s] -- Up-to-date symlink: /home/golam_sadek/ros2_ws/install/my_robot_description/share/my_robot_description//urdf/install/_local_setup_util_ps1.py
[0.838s] -- Up-to-date symlink: /home/golam_sadek/ros2_ws/install/my_robot_description/share/my_robot_description//urdf/install/_local_setup_util_sh.py
[0.838s] -- Up-to-date symlink: /home/golam_sadek/ros2_ws/install/my_robot_description/share/my_robot_description//urdf/install/local_setup.bash
[0.838s] -- Up-to-date symlink: /home/golam_sadek/ros2_ws/install/my_robot_description/share/my_robot_description//urdf/install/local_setup.ps1
[0.838s] -- Up-to-date symlink: /home/golam_sadek/ros2_ws/install/my_robot_description/share/my_robot_description//urdf/install/local_setup.sh
[0.839s] -- Up-to-date symlink: /home/golam_sadek/ros2_ws/install/my_robot_description/share/my_robot_description//urdf/install/local_setup.zsh
[0.839s] -- Up-to-date symlink: /home/golam_sadek/ros2_ws/install/my_robot_description/share/my_robot_description//urdf/install/setup.bash
[0.839s] -- Up-to-date symlink: /home/golam_sadek/ros2_ws/install/my_robot_description/share/my_robot_description//urdf/install/setup.ps1
[0.839s] -- Up-to-date symlink: /home/golam_sadek/ros2_ws/install/my_robot_description/share/my_robot_description//urdf/install/setup.sh
[0.839s] -- Up-to-date symlink: /home/golam_sadek/ros2_ws/install/my_robot_description/share/my_robot_description//urdf/install/setup.zsh
[0.839s] -- Up-to-date symlink: /home/golam_sadek/ros2_ws/install/my_robot_description/share/my_robot_description//urdf/log/COLCON_IGNORE
[0.839s] -- Up-to-date symlink: /home/golam_sadek/ros2_ws/install/my_robot_description/share/my_robot_description//urdf/log/build_2025-02-19_14-46-33/events.log
[0.840s] -- Up-to-date symlink: /home/golam_sadek/ros2_ws/install/my_robot_description/share/my_robot_description//urdf/log/build_2025-02-19_14-46-33/logger_all.log
[0.840s] -- Up-to-date symlink: /home/golam_sadek/ros2_ws/install/my_robot_description/share/my_robot_description//urdf/log/latest/events.log
[0.840s] -- Up-to-date symlink: /home/golam_sadek/ros2_ws/install/my_robot_description/share/my_robot_description//urdf/log/latest/logger_all.log
[0.840s] -- Up-to-date symlink: /home/golam_sadek/ros2_ws/install/my_robot_description/share/my_robot_description//urdf/log/latest_build/events.log
[0.840s] -- Up-to-date symlink: /home/golam_sadek/ros2_ws/install/my_robot_description/share/my_robot_description//urdf/log/latest_build/logger_all.log
[0.840s] -- Up-to-date symlink: /home/golam_sadek/ros2_ws/install/my_robot_description/share/my_robot_description//urdf/mobile_base.xacro
[0.841s] -- Up-to-date symlink: /home/golam_sadek/ros2_ws/install/my_robot_description/share/my_robot_description//urdf/my_robot.urdf
[0.841s] -- Up-to-date symlink: /home/golam_sadek/ros2_ws/install/my_robot_description/share/my_robot_description//urdf/my_robot.urdf.xacro
[0.841s] -- Up-to-date symlink: /home/golam_sadek/ros2_ws/install/my_robot_description/share/my_robot_description//launch/display.launch.py
[0.841s] -- Up-to-date symlink: /home/golam_sadek/ros2_ws/install/my_robot_description/share/my_robot_description//launch/display.launch.xml
[0.841s] -- Up-to-date symlink: /home/golam_sadek/ros2_ws/install/my_robot_description/share/my_robot_description//rviz/urdf_config.rviz
[0.841s] -- Up-to-date symlink: /home/golam_sadek/ros2_ws/install/my_robot_description/share/ament_index/resource_index/package_run_dependencies/my_robot_description
[0.841s] -- Up-to-date symlink: /home/golam_sadek/ros2_ws/install/my_robot_description/share/ament_index/resource_index/parent_prefix_path/my_robot_description
[0.841s] -- Up-to-date symlink: /home/golam_sadek/ros2_ws/install/my_robot_description/share/my_robot_description/environment/ament_prefix_path.sh
[0.842s] -- Up-to-date symlink: /home/golam_sadek/ros2_ws/install/my_robot_description/share/my_robot_description/environment/ament_prefix_path.dsv
[0.842s] -- Up-to-date symlink: /home/golam_sadek/ros2_ws/install/my_robot_description/share/my_robot_description/environment/path.sh
[0.842s] [33mCMake Warning (dev) at ament_cmake_symlink_install/ament_cmake_symlink_install.cmake:62 (file):
[0.842s]   Policy CMP0009 is not set: FILE GLOB_RECURSE calls should not follow
[0.843s]   symlinks by default.  Run "cmake --help-policy CMP0009" for policy details.
[0.843s]   Use the cmake_policy command to set the policy and suppress this warning.
[0.843s] Call Stack (most recent call first):
[0.843s]   ament_cmake_symlink_install/ament_cmake_symlink_install.cmake:314 (ament_cmake_symlink_install_directory)
[0.843s]   cmake_install.cmake:46 (include)
[0.843s] This warning is for project developers.  Use -Wno-dev to suppress it.
[0.844s] [0m
[0.844s] -- Up-to-date symlink: /home/golam_sadek/ros2_ws/install/my_robot_description/share/my_robot_description/environment/path.dsv
[0.844s] -- Up-to-date symlink: /home/golam_sadek/ros2_ws/install/my_robot_description/share/my_robot_description/local_setup.bash
[0.844s] -- Up-to-date symlink: /home/golam_sadek/ros2_ws/install/my_robot_description/share/my_robot_description/local_setup.sh
[0.844s] -- Up-to-date symlink: /home/golam_sadek/ros2_ws/install/my_robot_description/share/my_robot_description/local_setup.zsh
[0.845s] -- Up-to-date symlink: /home/golam_sadek/ros2_ws/install/my_robot_description/share/my_robot_description/local_setup.dsv
[0.845s] -- Symlinking: /home/golam_sadek/ros2_ws/install/my_robot_description/share/my_robot_description/package.dsv
[0.857s] -- Up-to-date symlink: /home/golam_sadek/ros2_ws/install/my_robot_description/share/ament_index/resource_index/packages/my_robot_description
[0.857s] -- Up-to-date symlink: /home/golam_sadek/ros2_ws/install/my_robot_description/share/my_robot_description/cmake/my_robot_descriptionConfig.cmake
[0.858s] -- Up-to-date symlink: /home/golam_sadek/ros2_ws/install/my_robot_description/share/my_robot_description/cmake/my_robot_descriptionConfig-version.cmake
[0.858s] -- Up-to-date symlink: /home/golam_sadek/ros2_ws/install/my_robot_description/share/my_robot_description/package.xml
[0.861s] Invoked command in '/home/golam_sadek/ros2_ws/build/my_robot_description' returned '0': CMAKE_PREFIX_PATH=/opt/ros/humble /usr/bin/cmake --install /home/golam_sadek/ros2_ws/build/my_robot_description
