[0.082s] DEBUG:colcon:Command line arguments: ['/usr/bin/colcon', 'build']
[0.082s] DEBUG:colcon:Parsed command line arguments: Namespace(log_base=None, log_level=None, verb_name='build', build_base='build', install_base='install', merge_install=False, symlink_install=False, test_result_base=None, continue_on_error=False, executor='parallel', parallel_workers=8, event_handlers=None, ignore_user_meta=False, metas=['./colcon.meta'], base_paths=['.'], packages_ignore=None, packages_ignore_regex=None, paths=None, packages_up_to=None, packages_up_to_regex=None, packages_above=None, packages_above_and_dependencies=None, packages_above_depth=None, packages_select_by_dep=None, packages_skip_by_dep=None, packages_skip_up_to=None, packages_select_build_failed=False, packages_skip_build_finished=False, packages_select_test_failures=False, packages_skip_test_passed=False, packages_select=None, packages_skip=None, packages_select_regex=None, packages_skip_regex=None, packages_start=None, packages_end=None, allow_overriding=[], cmake_args=None, cmake_target=None, cmake_target_skip_unavailable=False, cmake_clean_cache=False, cmake_clean_first=False, cmake_force_configure=False, ament_cmake_args=None, catkin_cmake_args=None, catkin_skip_building_tests=False, verb_parser=<colcon_defaults.argument_parser.defaults.DefaultArgumentsDecorator object at 0x7eab22b270d0>, verb_extension=<colcon_core.verb.build.BuildVerb object at 0x7eab22c6c520>, main=<bound method BuildVerb.main of <colcon_core.verb.build.BuildVerb object at 0x7eab22c6c520>>)
[0.208s] Level 1:colcon.colcon_core.package_discovery:discover_packages(colcon_meta) check parameters
[0.208s] Level 1:colcon.colcon_core.package_discovery:discover_packages(recursive) check parameters
[0.208s] Level 1:colcon.colcon_core.package_discovery:discover_packages(ignore) check parameters
[0.208s] Level 1:colcon.colcon_core.package_discovery:discover_packages(path) check parameters
[0.208s] Level 1:colcon.colcon_core.package_discovery:discover_packages(colcon_meta) discover
[0.208s] Level 1:colcon.colcon_core.package_discovery:discover_packages(recursive) discover
[0.208s] INFO:colcon.colcon_core.package_discovery:Crawling recursively for packages in '/home/golam_sadek/ros2_ws'
[0.208s] Level 1:colcon.colcon_core.package_identification:_identify(.) by extensions ['ignore', 'ignore_ament_install']
[0.208s] Level 1:colcon.colcon_core.package_identification:_identify(.) by extension 'ignore'
[0.208s] Level 1:colcon.colcon_core.package_identification:_identify(.) by extension 'ignore_ament_install'
[0.209s] Level 1:colcon.colcon_core.package_identification:_identify(.) by extensions ['colcon_pkg']
[0.209s] Level 1:colcon.colcon_core.package_identification:_identify(.) by extension 'colcon_pkg'
[0.209s] Level 1:colcon.colcon_core.package_identification:_identify(.) by extensions ['colcon_meta']
[0.209s] Level 1:colcon.colcon_core.package_identification:_identify(.) by extension 'colcon_meta'
[0.209s] Level 1:colcon.colcon_core.package_identification:_identify(.) by extensions ['ros']
[0.209s] Level 1:colcon.colcon_core.package_identification:_identify(.) by extension 'ros'
[0.218s] Level 1:colcon.colcon_core.package_identification:_identify(.) by extensions ['cmake', 'python']
[0.218s] Level 1:colcon.colcon_core.package_identification:_identify(.) by extension 'cmake'
[0.218s] Level 1:colcon.colcon_core.package_identification:_identify(.) by extension 'python'
[0.218s] Level 1:colcon.colcon_core.package_identification:_identify(.) by extensions ['python_setup_py']
[0.218s] Level 1:colcon.colcon_core.package_identification:_identify(.) by extension 'python_setup_py'
[0.218s] Level 1:colcon.colcon_core.package_identification:_identify(build) by extensions ['ignore', 'ignore_ament_install']
[0.218s] Level 1:colcon.colcon_core.package_identification:_identify(build) by extension 'ignore'
[0.218s] Level 1:colcon.colcon_core.package_identification:_identify(build) ignored
[0.218s] Level 1:colcon.colcon_core.package_identification:_identify(install) by extensions ['ignore', 'ignore_ament_install']
[0.219s] Level 1:colcon.colcon_core.package_identification:_identify(install) by extension 'ignore'
[0.219s] Level 1:colcon.colcon_core.package_identification:_identify(install) ignored
[0.219s] Level 1:colcon.colcon_core.package_identification:_identify(log) by extensions ['ignore', 'ignore_ament_install']
[0.219s] Level 1:colcon.colcon_core.package_identification:_identify(log) by extension 'ignore'
[0.219s] Level 1:colcon.colcon_core.package_identification:_identify(log) ignored
[0.219s] Level 1:colcon.colcon_core.package_identification:_identify(src) by extensions ['ignore', 'ignore_ament_install']
[0.219s] Level 1:colcon.colcon_core.package_identification:_identify(src) by extension 'ignore'
[0.219s] Level 1:colcon.colcon_core.package_identification:_identify(src) by extension 'ignore_ament_install'
[0.219s] Level 1:colcon.colcon_core.package_identification:_identify(src) by extensions ['colcon_pkg']
[0.219s] Level 1:colcon.colcon_core.package_identification:_identify(src) by extension 'colcon_pkg'
[0.220s] Level 1:colcon.colcon_core.package_identification:_identify(src) by extensions ['colcon_meta']
[0.220s] Level 1:colcon.colcon_core.package_identification:_identify(src) by extension 'colcon_meta'
[0.220s] Level 1:colcon.colcon_core.package_identification:_identify(src) by extensions ['ros']
[0.220s] Level 1:colcon.colcon_core.package_identification:_identify(src) by extension 'ros'
[0.220s] Level 1:colcon.colcon_core.package_identification:_identify(src) by extensions ['cmake', 'python']
[0.220s] Level 1:colcon.colcon_core.package_identification:_identify(src) by extension 'cmake'
[0.220s] Level 1:colcon.colcon_core.package_identification:_identify(src) by extension 'python'
[0.220s] Level 1:colcon.colcon_core.package_identification:_identify(src) by extensions ['python_setup_py']
[0.220s] Level 1:colcon.colcon_core.package_identification:_identify(src) by extension 'python_setup_py'
[0.220s] Level 1:colcon.colcon_core.package_identification:_identify(src/my_cpp_pkg) by extensions ['ignore', 'ignore_ament_install']
[0.220s] Level 1:colcon.colcon_core.package_identification:_identify(src/my_cpp_pkg) by extension 'ignore'
[0.220s] Level 1:colcon.colcon_core.package_identification:_identify(src/my_cpp_pkg) by extension 'ignore_ament_install'
[0.220s] Level 1:colcon.colcon_core.package_identification:_identify(src/my_cpp_pkg) by extensions ['colcon_pkg']
[0.220s] Level 1:colcon.colcon_core.package_identification:_identify(src/my_cpp_pkg) by extension 'colcon_pkg'
[0.220s] Level 1:colcon.colcon_core.package_identification:_identify(src/my_cpp_pkg) by extensions ['colcon_meta']
[0.220s] Level 1:colcon.colcon_core.package_identification:_identify(src/my_cpp_pkg) by extension 'colcon_meta'
[0.220s] Level 1:colcon.colcon_core.package_identification:_identify(src/my_cpp_pkg) by extensions ['ros']
[0.220s] Level 1:colcon.colcon_core.package_identification:_identify(src/my_cpp_pkg) by extension 'ros'
[0.223s] DEBUG:colcon.colcon_core.package_identification:Package 'src/my_cpp_pkg' with type 'ros.ament_cmake' and name 'my_cpp_pkg'
[0.223s] Level 1:colcon.colcon_core.package_identification:_identify(src/my_py_pkg) by extensions ['ignore', 'ignore_ament_install']
[0.223s] Level 1:colcon.colcon_core.package_identification:_identify(src/my_py_pkg) by extension 'ignore'
[0.223s] Level 1:colcon.colcon_core.package_identification:_identify(src/my_py_pkg) by extension 'ignore_ament_install'
[0.223s] Level 1:colcon.colcon_core.package_identification:_identify(src/my_py_pkg) by extensions ['colcon_pkg']
[0.223s] Level 1:colcon.colcon_core.package_identification:_identify(src/my_py_pkg) by extension 'colcon_pkg'
[0.223s] Level 1:colcon.colcon_core.package_identification:_identify(src/my_py_pkg) by extensions ['colcon_meta']
[0.223s] Level 1:colcon.colcon_core.package_identification:_identify(src/my_py_pkg) by extension 'colcon_meta'
[0.223s] Level 1:colcon.colcon_core.package_identification:_identify(src/my_py_pkg) by extensions ['ros']
[0.223s] Level 1:colcon.colcon_core.package_identification:_identify(src/my_py_pkg) by extension 'ros'
[0.224s] DEBUG:colcon.colcon_core.package_identification:Package 'src/my_py_pkg' with type 'ros.ament_python' and name 'my_py_pkg'
[0.224s] Level 1:colcon.colcon_core.package_identification:_identify(src/my_robot1_bringup) by extensions ['ignore', 'ignore_ament_install']
[0.224s] Level 1:colcon.colcon_core.package_identification:_identify(src/my_robot1_bringup) by extension 'ignore'
[0.224s] Level 1:colcon.colcon_core.package_identification:_identify(src/my_robot1_bringup) by extension 'ignore_ament_install'
[0.224s] Level 1:colcon.colcon_core.package_identification:_identify(src/my_robot1_bringup) by extensions ['colcon_pkg']
[0.224s] Level 1:colcon.colcon_core.package_identification:_identify(src/my_robot1_bringup) by extension 'colcon_pkg'
[0.224s] Level 1:colcon.colcon_core.package_identification:_identify(src/my_robot1_bringup) by extensions ['colcon_meta']
[0.224s] Level 1:colcon.colcon_core.package_identification:_identify(src/my_robot1_bringup) by extension 'colcon_meta'
[0.224s] Level 1:colcon.colcon_core.package_identification:_identify(src/my_robot1_bringup) by extensions ['ros']
[0.224s] Level 1:colcon.colcon_core.package_identification:_identify(src/my_robot1_bringup) by extension 'ros'
[0.225s] DEBUG:colcon.colcon_core.package_identification:Package 'src/my_robot1_bringup' with type 'ros.ament_cmake' and name 'my_robot1_bringup'
[0.225s] Level 1:colcon.colcon_core.package_identification:_identify(src/my_robot_bringup) by extensions ['ignore', 'ignore_ament_install']
[0.225s] Level 1:colcon.colcon_core.package_identification:_identify(src/my_robot_bringup) by extension 'ignore'
[0.225s] Level 1:colcon.colcon_core.package_identification:_identify(src/my_robot_bringup) by extension 'ignore_ament_install'
[0.225s] Level 1:colcon.colcon_core.package_identification:_identify(src/my_robot_bringup) by extensions ['colcon_pkg']
[0.225s] Level 1:colcon.colcon_core.package_identification:_identify(src/my_robot_bringup) by extension 'colcon_pkg'
[0.225s] Level 1:colcon.colcon_core.package_identification:_identify(src/my_robot_bringup) by extensions ['colcon_meta']
[0.225s] Level 1:colcon.colcon_core.package_identification:_identify(src/my_robot_bringup) by extension 'colcon_meta'
[0.225s] Level 1:colcon.colcon_core.package_identification:_identify(src/my_robot_bringup) by extensions ['ros']
[0.225s] Level 1:colcon.colcon_core.package_identification:_identify(src/my_robot_bringup) by extension 'ros'
[0.226s] DEBUG:colcon.colcon_core.package_identification:Package 'src/my_robot_bringup' with type 'ros.ament_cmake' and name 'my_robot_bringup'
[0.226s] Level 1:colcon.colcon_core.package_identification:_identify(src/my_robot_description) by extensions ['ignore', 'ignore_ament_install']
[0.226s] Level 1:colcon.colcon_core.package_identification:_identify(src/my_robot_description) by extension 'ignore'
[0.226s] Level 1:colcon.colcon_core.package_identification:_identify(src/my_robot_description) by extension 'ignore_ament_install'
[0.226s] Level 1:colcon.colcon_core.package_identification:_identify(src/my_robot_description) by extensions ['colcon_pkg']
[0.226s] Level 1:colcon.colcon_core.package_identification:_identify(src/my_robot_description) by extension 'colcon_pkg'
[0.226s] Level 1:colcon.colcon_core.package_identification:_identify(src/my_robot_description) by extensions ['colcon_meta']
[0.226s] Level 1:colcon.colcon_core.package_identification:_identify(src/my_robot_description) by extension 'colcon_meta'
[0.226s] Level 1:colcon.colcon_core.package_identification:_identify(src/my_robot_description) by extensions ['ros']
[0.226s] Level 1:colcon.colcon_core.package_identification:_identify(src/my_robot_description) by extension 'ros'
[0.226s] DEBUG:colcon.colcon_core.package_identification:Package 'src/my_robot_description' with type 'ros.ament_cmake' and name 'my_robot_description'
[0.227s] Level 1:colcon.colcon_core.package_identification:_identify(src/my_robot_interfaces) by extensions ['ignore', 'ignore_ament_install']
[0.227s] Level 1:colcon.colcon_core.package_identification:_identify(src/my_robot_interfaces) by extension 'ignore'
[0.227s] Level 1:colcon.colcon_core.package_identification:_identify(src/my_robot_interfaces) by extension 'ignore_ament_install'
[0.227s] Level 1:colcon.colcon_core.package_identification:_identify(src/my_robot_interfaces) by extensions ['colcon_pkg']
[0.227s] Level 1:colcon.colcon_core.package_identification:_identify(src/my_robot_interfaces) by extension 'colcon_pkg'
[0.227s] Level 1:colcon.colcon_core.package_identification:_identify(src/my_robot_interfaces) by extensions ['colcon_meta']
[0.227s] Level 1:colcon.colcon_core.package_identification:_identify(src/my_robot_interfaces) by extension 'colcon_meta'
[0.227s] Level 1:colcon.colcon_core.package_identification:_identify(src/my_robot_interfaces) by extensions ['ros']
[0.227s] Level 1:colcon.colcon_core.package_identification:_identify(src/my_robot_interfaces) by extension 'ros'
[0.227s] DEBUG:colcon.colcon_core.package_identification:Package 'src/my_robot_interfaces' with type 'ros.ament_cmake' and name 'my_robot_interfaces'
[0.227s] Level 1:colcon.colcon_core.package_identification:_identify(src/turtlesim_catch_them_all) by extensions ['ignore', 'ignore_ament_install']
[0.227s] Level 1:colcon.colcon_core.package_identification:_identify(src/turtlesim_catch_them_all) by extension 'ignore'
[0.227s] Level 1:colcon.colcon_core.package_identification:_identify(src/turtlesim_catch_them_all) by extension 'ignore_ament_install'
[0.227s] Level 1:colcon.colcon_core.package_identification:_identify(src/turtlesim_catch_them_all) by extensions ['colcon_pkg']
[0.227s] Level 1:colcon.colcon_core.package_identification:_identify(src/turtlesim_catch_them_all) by extension 'colcon_pkg'
[0.228s] Level 1:colcon.colcon_core.package_identification:_identify(src/turtlesim_catch_them_all) by extensions ['colcon_meta']
[0.228s] Level 1:colcon.colcon_core.package_identification:_identify(src/turtlesim_catch_them_all) by extension 'colcon_meta'
[0.228s] Level 1:colcon.colcon_core.package_identification:_identify(src/turtlesim_catch_them_all) by extensions ['ros']
[0.228s] Level 1:colcon.colcon_core.package_identification:_identify(src/turtlesim_catch_them_all) by extension 'ros'
[0.228s] DEBUG:colcon.colcon_core.package_identification:Package 'src/turtlesim_catch_them_all' with type 'ros.ament_python' and name 'turtlesim_catch_them_all'
[0.228s] Level 1:colcon.colcon_core.package_discovery:discover_packages(recursive) using defaults
[0.228s] Level 1:colcon.colcon_core.package_discovery:discover_packages(ignore) discover
[0.228s] Level 1:colcon.colcon_core.package_discovery:discover_packages(ignore) using defaults
[0.228s] Level 1:colcon.colcon_core.package_discovery:discover_packages(path) discover
[0.228s] Level 1:colcon.colcon_core.package_discovery:discover_packages(path) using defaults
[0.245s] Level 1:colcon.colcon_core.package_discovery:discover_packages(prefix_path) check parameters
[0.245s] Level 1:colcon.colcon_core.package_discovery:discover_packages(prefix_path) discover
[0.257s] DEBUG:colcon.colcon_installed_package_information.package_discovery:Found 294 installed packages in /opt/ros/humble
[0.258s] Level 1:colcon.colcon_core.package_discovery:discover_packages(prefix_path) using defaults
[0.287s] Level 5:colcon.colcon_core.verb:set package 'my_cpp_pkg' build argument 'cmake_args' from command line to 'None'
[0.287s] Level 5:colcon.colcon_core.verb:set package 'my_cpp_pkg' build argument 'cmake_target' from command line to 'None'
[0.287s] Level 5:colcon.colcon_core.verb:set package 'my_cpp_pkg' build argument 'cmake_target_skip_unavailable' from command line to 'False'
[0.287s] Level 5:colcon.colcon_core.verb:set package 'my_cpp_pkg' build argument 'cmake_clean_cache' from command line to 'False'
[0.287s] Level 5:colcon.colcon_core.verb:set package 'my_cpp_pkg' build argument 'cmake_clean_first' from command line to 'False'
[0.287s] Level 5:colcon.colcon_core.verb:set package 'my_cpp_pkg' build argument 'cmake_force_configure' from command line to 'False'
[0.287s] Level 5:colcon.colcon_core.verb:set package 'my_cpp_pkg' build argument 'ament_cmake_args' from command line to 'None'
[0.287s] Level 5:colcon.colcon_core.verb:set package 'my_cpp_pkg' build argument 'catkin_cmake_args' from command line to 'None'
[0.287s] Level 5:colcon.colcon_core.verb:set package 'my_cpp_pkg' build argument 'catkin_skip_building_tests' from command line to 'False'
[0.287s] DEBUG:colcon.colcon_core.verb:Building package 'my_cpp_pkg' with the following arguments: {'ament_cmake_args': None, 'build_base': '/home/golam_sadek/ros2_ws/build/my_cpp_pkg', 'catkin_cmake_args': None, 'catkin_skip_building_tests': False, 'cmake_args': None, 'cmake_clean_cache': False, 'cmake_clean_first': False, 'cmake_force_configure': False, 'cmake_target': None, 'cmake_target_skip_unavailable': False, 'install_base': '/home/golam_sadek/ros2_ws/install/my_cpp_pkg', 'merge_install': False, 'path': '/home/golam_sadek/ros2_ws/src/my_cpp_pkg', 'symlink_install': False, 'test_result_base': None}
[0.288s] Level 5:colcon.colcon_core.verb:set package 'my_py_pkg' build argument 'cmake_args' from command line to 'None'
[0.288s] Level 5:colcon.colcon_core.verb:set package 'my_py_pkg' build argument 'cmake_target' from command line to 'None'
[0.288s] Level 5:colcon.colcon_core.verb:set package 'my_py_pkg' build argument 'cmake_target_skip_unavailable' from command line to 'False'
[0.288s] Level 5:colcon.colcon_core.verb:set package 'my_py_pkg' build argument 'cmake_clean_cache' from command line to 'False'
[0.288s] Level 5:colcon.colcon_core.verb:set package 'my_py_pkg' build argument 'cmake_clean_first' from command line to 'False'
[0.288s] Level 5:colcon.colcon_core.verb:set package 'my_py_pkg' build argument 'cmake_force_configure' from command line to 'False'
[0.288s] Level 5:colcon.colcon_core.verb:set package 'my_py_pkg' build argument 'ament_cmake_args' from command line to 'None'
[0.288s] Level 5:colcon.colcon_core.verb:set package 'my_py_pkg' build argument 'catkin_cmake_args' from command line to 'None'
[0.288s] Level 5:colcon.colcon_core.verb:set package 'my_py_pkg' build argument 'catkin_skip_building_tests' from command line to 'False'
[0.288s] DEBUG:colcon.colcon_core.verb:Building package 'my_py_pkg' with the following arguments: {'ament_cmake_args': None, 'build_base': '/home/golam_sadek/ros2_ws/build/my_py_pkg', 'catkin_cmake_args': None, 'catkin_skip_building_tests': False, 'cmake_args': None, 'cmake_clean_cache': False, 'cmake_clean_first': False, 'cmake_force_configure': False, 'cmake_target': None, 'cmake_target_skip_unavailable': False, 'install_base': '/home/golam_sadek/ros2_ws/install/my_py_pkg', 'merge_install': False, 'path': '/home/golam_sadek/ros2_ws/src/my_py_pkg', 'symlink_install': False, 'test_result_base': None}
[0.288s] Level 5:colcon.colcon_core.verb:set package 'my_robot_description' build argument 'cmake_args' from command line to 'None'
[0.288s] Level 5:colcon.colcon_core.verb:set package 'my_robot_description' build argument 'cmake_target' from command line to 'None'
[0.288s] Level 5:colcon.colcon_core.verb:set package 'my_robot_description' build argument 'cmake_target_skip_unavailable' from command line to 'False'
[0.288s] Level 5:colcon.colcon_core.verb:set package 'my_robot_description' build argument 'cmake_clean_cache' from command line to 'False'
[0.288s] Level 5:colcon.colcon_core.verb:set package 'my_robot_description' build argument 'cmake_clean_first' from command line to 'False'
[0.288s] Level 5:colcon.colcon_core.verb:set package 'my_robot_description' build argument 'cmake_force_configure' from command line to 'False'
[0.288s] Level 5:colcon.colcon_core.verb:set package 'my_robot_description' build argument 'ament_cmake_args' from command line to 'None'
[0.288s] Level 5:colcon.colcon_core.verb:set package 'my_robot_description' build argument 'catkin_cmake_args' from command line to 'None'
[0.288s] Level 5:colcon.colcon_core.verb:set package 'my_robot_description' build argument 'catkin_skip_building_tests' from command line to 'False'
[0.288s] DEBUG:colcon.colcon_core.verb:Building package 'my_robot_description' with the following arguments: {'ament_cmake_args': None, 'build_base': '/home/golam_sadek/ros2_ws/build/my_robot_description', 'catkin_cmake_args': None, 'catkin_skip_building_tests': False, 'cmake_args': None, 'cmake_clean_cache': False, 'cmake_clean_first': False, 'cmake_force_configure': False, 'cmake_target': None, 'cmake_target_skip_unavailable': False, 'install_base': '/home/golam_sadek/ros2_ws/install/my_robot_description', 'merge_install': False, 'path': '/home/golam_sadek/ros2_ws/src/my_robot_description', 'symlink_install': False, 'test_result_base': None}
[0.289s] Level 5:colcon.colcon_core.verb:set package 'my_robot_interfaces' build argument 'cmake_args' from command line to 'None'
[0.289s] Level 5:colcon.colcon_core.verb:set package 'my_robot_interfaces' build argument 'cmake_target' from command line to 'None'
[0.289s] Level 5:colcon.colcon_core.verb:set package 'my_robot_interfaces' build argument 'cmake_target_skip_unavailable' from command line to 'False'
[0.289s] Level 5:colcon.colcon_core.verb:set package 'my_robot_interfaces' build argument 'cmake_clean_cache' from command line to 'False'
[0.289s] Level 5:colcon.colcon_core.verb:set package 'my_robot_interfaces' build argument 'cmake_clean_first' from command line to 'False'
[0.289s] Level 5:colcon.colcon_core.verb:set package 'my_robot_interfaces' build argument 'cmake_force_configure' from command line to 'False'
[0.289s] Level 5:colcon.colcon_core.verb:set package 'my_robot_interfaces' build argument 'ament_cmake_args' from command line to 'None'
[0.289s] Level 5:colcon.colcon_core.verb:set package 'my_robot_interfaces' build argument 'catkin_cmake_args' from command line to 'None'
[0.289s] Level 5:colcon.colcon_core.verb:set package 'my_robot_interfaces' build argument 'catkin_skip_building_tests' from command line to 'False'
[0.289s] DEBUG:colcon.colcon_core.verb:Building package 'my_robot_interfaces' with the following arguments: {'ament_cmake_args': None, 'build_base': '/home/golam_sadek/ros2_ws/build/my_robot_interfaces', 'catkin_cmake_args': None, 'catkin_skip_building_tests': False, 'cmake_args': None, 'cmake_clean_cache': False, 'cmake_clean_first': False, 'cmake_force_configure': False, 'cmake_target': None, 'cmake_target_skip_unavailable': False, 'install_base': '/home/golam_sadek/ros2_ws/install/my_robot_interfaces', 'merge_install': False, 'path': '/home/golam_sadek/ros2_ws/src/my_robot_interfaces', 'symlink_install': False, 'test_result_base': None}
[0.289s] Level 5:colcon.colcon_core.verb:set package 'turtlesim_catch_them_all' build argument 'cmake_args' from command line to 'None'
[0.289s] Level 5:colcon.colcon_core.verb:set package 'turtlesim_catch_them_all' build argument 'cmake_target' from command line to 'None'
[0.289s] Level 5:colcon.colcon_core.verb:set package 'turtlesim_catch_them_all' build argument 'cmake_target_skip_unavailable' from command line to 'False'
[0.289s] Level 5:colcon.colcon_core.verb:set package 'turtlesim_catch_them_all' build argument 'cmake_clean_cache' from command line to 'False'
[0.289s] Level 5:colcon.colcon_core.verb:set package 'turtlesim_catch_them_all' build argument 'cmake_clean_first' from command line to 'False'
[0.289s] Level 5:colcon.colcon_core.verb:set package 'turtlesim_catch_them_all' build argument 'cmake_force_configure' from command line to 'False'
[0.289s] Level 5:colcon.colcon_core.verb:set package 'turtlesim_catch_them_all' build argument 'ament_cmake_args' from command line to 'None'
[0.289s] Level 5:colcon.colcon_core.verb:set package 'turtlesim_catch_them_all' build argument 'catkin_cmake_args' from command line to 'None'
[0.289s] Level 5:colcon.colcon_core.verb:set package 'turtlesim_catch_them_all' build argument 'catkin_skip_building_tests' from command line to 'False'
[0.289s] DEBUG:colcon.colcon_core.verb:Building package 'turtlesim_catch_them_all' with the following arguments: {'ament_cmake_args': None, 'build_base': '/home/golam_sadek/ros2_ws/build/turtlesim_catch_them_all', 'catkin_cmake_args': None, 'catkin_skip_building_tests': False, 'cmake_args': None, 'cmake_clean_cache': False, 'cmake_clean_first': False, 'cmake_force_configure': False, 'cmake_target': None, 'cmake_target_skip_unavailable': False, 'install_base': '/home/golam_sadek/ros2_ws/install/turtlesim_catch_them_all', 'merge_install': False, 'path': '/home/golam_sadek/ros2_ws/src/turtlesim_catch_them_all', 'symlink_install': False, 'test_result_base': None}
[0.290s] Level 5:colcon.colcon_core.verb:set package 'my_robot1_bringup' build argument 'cmake_args' from command line to 'None'
[0.290s] Level 5:colcon.colcon_core.verb:set package 'my_robot1_bringup' build argument 'cmake_target' from command line to 'None'
[0.290s] Level 5:colcon.colcon_core.verb:set package 'my_robot1_bringup' build argument 'cmake_target_skip_unavailable' from command line to 'False'
[0.290s] Level 5:colcon.colcon_core.verb:set package 'my_robot1_bringup' build argument 'cmake_clean_cache' from command line to 'False'
[0.290s] Level 5:colcon.colcon_core.verb:set package 'my_robot1_bringup' build argument 'cmake_clean_first' from command line to 'False'
[0.290s] Level 5:colcon.colcon_core.verb:set package 'my_robot1_bringup' build argument 'cmake_force_configure' from command line to 'False'
[0.290s] Level 5:colcon.colcon_core.verb:set package 'my_robot1_bringup' build argument 'ament_cmake_args' from command line to 'None'
[0.290s] Level 5:colcon.colcon_core.verb:set package 'my_robot1_bringup' build argument 'catkin_cmake_args' from command line to 'None'
[0.290s] Level 5:colcon.colcon_core.verb:set package 'my_robot1_bringup' build argument 'catkin_skip_building_tests' from command line to 'False'
[0.290s] DEBUG:colcon.colcon_core.verb:Building package 'my_robot1_bringup' with the following arguments: {'ament_cmake_args': None, 'build_base': '/home/golam_sadek/ros2_ws/build/my_robot1_bringup', 'catkin_cmake_args': None, 'catkin_skip_building_tests': False, 'cmake_args': None, 'cmake_clean_cache': False, 'cmake_clean_first': False, 'cmake_force_configure': False, 'cmake_target': None, 'cmake_target_skip_unavailable': False, 'install_base': '/home/golam_sadek/ros2_ws/install/my_robot1_bringup', 'merge_install': False, 'path': '/home/golam_sadek/ros2_ws/src/my_robot1_bringup', 'symlink_install': False, 'test_result_base': None}
[0.290s] Level 5:colcon.colcon_core.verb:set package 'my_robot_bringup' build argument 'cmake_args' from command line to 'None'
[0.290s] Level 5:colcon.colcon_core.verb:set package 'my_robot_bringup' build argument 'cmake_target' from command line to 'None'
[0.290s] Level 5:colcon.colcon_core.verb:set package 'my_robot_bringup' build argument 'cmake_target_skip_unavailable' from command line to 'False'
[0.290s] Level 5:colcon.colcon_core.verb:set package 'my_robot_bringup' build argument 'cmake_clean_cache' from command line to 'False'
[0.290s] Level 5:colcon.colcon_core.verb:set package 'my_robot_bringup' build argument 'cmake_clean_first' from command line to 'False'
[0.290s] Level 5:colcon.colcon_core.verb:set package 'my_robot_bringup' build argument 'cmake_force_configure' from command line to 'False'
[0.290s] Level 5:colcon.colcon_core.verb:set package 'my_robot_bringup' build argument 'ament_cmake_args' from command line to 'None'
[0.290s] Level 5:colcon.colcon_core.verb:set package 'my_robot_bringup' build argument 'catkin_cmake_args' from command line to 'None'
[0.290s] Level 5:colcon.colcon_core.verb:set package 'my_robot_bringup' build argument 'catkin_skip_building_tests' from command line to 'False'
[0.291s] DEBUG:colcon.colcon_core.verb:Building package 'my_robot_bringup' with the following arguments: {'ament_cmake_args': None, 'build_base': '/home/golam_sadek/ros2_ws/build/my_robot_bringup', 'catkin_cmake_args': None, 'catkin_skip_building_tests': False, 'cmake_args': None, 'cmake_clean_cache': False, 'cmake_clean_first': False, 'cmake_force_configure': False, 'cmake_target': None, 'cmake_target_skip_unavailable': False, 'install_base': '/home/golam_sadek/ros2_ws/install/my_robot_bringup', 'merge_install': False, 'path': '/home/golam_sadek/ros2_ws/src/my_robot_bringup', 'symlink_install': False, 'test_result_base': None}
[0.291s] INFO:colcon.colcon_core.executor:Executing jobs using 'parallel' executor
[0.292s] DEBUG:colcon.colcon_parallel_executor.executor.parallel:run_until_complete
[0.292s] INFO:colcon.colcon_ros.task.ament_python.build:Building ROS package in '/home/golam_sadek/ros2_ws/src/my_py_pkg' with build type 'ament_python'
[0.293s] Level 1:colcon.colcon_core.shell:create_environment_hook('my_py_pkg', 'ament_prefix_path')
[0.294s] INFO:colcon.colcon_core.plugin_system:Skipping extension 'colcon_core.shell.bat': Not used on non-Windows systems
[0.295s] INFO:colcon.colcon_core.shell:Creating environment hook '/home/golam_sadek/ros2_ws/install/my_py_pkg/share/my_py_pkg/hook/ament_prefix_path.ps1'
[0.295s] INFO:colcon.colcon_core.shell:Creating environment descriptor '/home/golam_sadek/ros2_ws/install/my_py_pkg/share/my_py_pkg/hook/ament_prefix_path.dsv'
[0.296s] INFO:colcon.colcon_core.shell:Creating environment hook '/home/golam_sadek/ros2_ws/install/my_py_pkg/share/my_py_pkg/hook/ament_prefix_path.sh'
[0.296s] INFO:colcon.colcon_core.shell:Skip shell extension 'powershell' for command environment: Not usable outside of PowerShell
[0.296s] DEBUG:colcon.colcon_core.shell:Skip shell extension 'dsv' for command environment
[0.299s] INFO:colcon.colcon_ros.task.ament_cmake.build:Building ROS package in '/home/golam_sadek/ros2_ws/src/my_robot_description' with build type 'ament_cmake'
[0.299s] INFO:colcon.colcon_cmake.task.cmake.build:Building CMake package in '/home/golam_sadek/ros2_ws/src/my_robot_description'
[0.299s] INFO:colcon.colcon_core.shell:Skip shell extension 'powershell' for command environment: Not usable outside of PowerShell
[0.299s] DEBUG:colcon.colcon_core.shell:Skip shell extension 'dsv' for command environment
[0.301s] INFO:colcon.colcon_ros.task.ament_cmake.build:Building ROS package in '/home/golam_sadek/ros2_ws/src/my_cpp_pkg' with build type 'ament_cmake'
[0.301s] INFO:colcon.colcon_cmake.task.cmake.build:Building CMake package in '/home/golam_sadek/ros2_ws/src/my_cpp_pkg'
[0.302s] INFO:colcon.colcon_core.shell:Skip shell extension 'powershell' for command environment: Not usable outside of PowerShell
[0.302s] DEBUG:colcon.colcon_core.shell:Skip shell extension 'dsv' for command environment
[0.304s] INFO:colcon.colcon_ros.task.ament_cmake.build:Building ROS package in '/home/golam_sadek/ros2_ws/src/my_robot_interfaces' with build type 'ament_cmake'
[0.304s] INFO:colcon.colcon_cmake.task.cmake.build:Building CMake package in '/home/golam_sadek/ros2_ws/src/my_robot_interfaces'
[0.305s] INFO:colcon.colcon_core.shell:Skip shell extension 'powershell' for command environment: Not usable outside of PowerShell
[0.305s] DEBUG:colcon.colcon_core.shell:Skip shell extension 'dsv' for command environment
[0.307s] INFO:colcon.colcon_ros.task.ament_python.build:Building ROS package in '/home/golam_sadek/ros2_ws/src/turtlesim_catch_them_all' with build type 'ament_python'
[0.308s] Level 1:colcon.colcon_core.shell:create_environment_hook('turtlesim_catch_them_all', 'ament_prefix_path')
[0.308s] INFO:colcon.colcon_core.shell:Creating environment hook '/home/golam_sadek/ros2_ws/install/turtlesim_catch_them_all/share/turtlesim_catch_them_all/hook/ament_prefix_path.ps1'
[0.308s] INFO:colcon.colcon_core.shell:Creating environment descriptor '/home/golam_sadek/ros2_ws/install/turtlesim_catch_them_all/share/turtlesim_catch_them_all/hook/ament_prefix_path.dsv'
[0.309s] INFO:colcon.colcon_core.shell:Creating environment hook '/home/golam_sadek/ros2_ws/install/turtlesim_catch_them_all/share/turtlesim_catch_them_all/hook/ament_prefix_path.sh'
[0.310s] INFO:colcon.colcon_core.shell:Skip shell extension 'powershell' for command environment: Not usable outside of PowerShell
[0.310s] DEBUG:colcon.colcon_core.shell:Skip shell extension 'dsv' for command environment
[0.517s] INFO:colcon.colcon_core.task.python.build:Building Python package in '/home/golam_sadek/ros2_ws/src/my_py_pkg'
[0.517s] INFO:colcon.colcon_core.shell:Skip shell extension 'powershell' for command environment: Not usable outside of PowerShell
[0.517s] DEBUG:colcon.colcon_core.shell:Skip shell extension 'dsv' for command environment
[0.524s] DEBUG:colcon.colcon_core.event_handler.log_command:Invoking command in '/home/golam_sadek/ros2_ws/build/my_robot_description': CMAKE_PREFIX_PATH=/opt/ros/humble /usr/bin/cmake /home/golam_sadek/ros2_ws/src/my_robot_description -DCMAKE_INSTALL_PREFIX=/home/golam_sadek/ros2_ws/install/my_robot_description
[0.527s] DEBUG:colcon.colcon_core.event_handler.log_command:Invoking command in '/home/golam_sadek/ros2_ws/build/my_cpp_pkg': CMAKE_PREFIX_PATH=/opt/ros/humble /usr/bin/cmake /home/golam_sadek/ros2_ws/src/my_cpp_pkg -DCMAKE_INSTALL_PREFIX=/home/golam_sadek/ros2_ws/install/my_cpp_pkg
[0.531s] DEBUG:colcon.colcon_core.event_handler.log_command:Invoking command in '/home/golam_sadek/ros2_ws/build/my_robot_interfaces': CMAKE_PREFIX_PATH=/opt/ros/humble /usr/bin/cmake /home/golam_sadek/ros2_ws/src/my_robot_interfaces -DCMAKE_INSTALL_PREFIX=/home/golam_sadek/ros2_ws/install/my_robot_interfaces
[0.843s] INFO:colcon.colcon_core.task.python.build:Building Python package in '/home/golam_sadek/ros2_ws/src/turtlesim_catch_them_all'
[0.844s] INFO:colcon.colcon_core.shell:Skip shell extension 'powershell' for command environment: Not usable outside of PowerShell
[0.844s] DEBUG:colcon.colcon_core.shell:Skip shell extension 'dsv' for command environment
[0.852s] DEBUG:colcon.colcon_core.event_handler.log_command:Invoked command in '/home/golam_sadek/ros2_ws/build/my_robot_description' returned '0': CMAKE_PREFIX_PATH=/opt/ros/humble /usr/bin/cmake /home/golam_sadek/ros2_ws/src/my_robot_description -DCMAKE_INSTALL_PREFIX=/home/golam_sadek/ros2_ws/install/my_robot_description
[0.855s] DEBUG:colcon.colcon_core.event_handler.log_command:Invoking command in '/home/golam_sadek/ros2_ws/build/my_robot_description': CMAKE_PREFIX_PATH=/opt/ros/humble /usr/bin/cmake --build /home/golam_sadek/ros2_ws/build/my_robot_description -- -j8 -l8
[0.911s] DEBUG:colcon.colcon_core.event_handler.log_command:Invoked command in '/home/golam_sadek/ros2_ws/build/my_robot_description' returned '0': CMAKE_PREFIX_PATH=/opt/ros/humble /usr/bin/cmake --build /home/golam_sadek/ros2_ws/build/my_robot_description -- -j8 -l8
[0.927s] DEBUG:colcon.colcon_core.event_handler.log_command:Invoking command in '/home/golam_sadek/ros2_ws/build/my_robot_description': CMAKE_PREFIX_PATH=/opt/ros/humble /usr/bin/cmake --install /home/golam_sadek/ros2_ws/build/my_robot_description
[0.966s] Level 1:colcon.colcon_core.environment:create_environment_scripts_only(my_robot_description)
[0.967s] DEBUG:colcon.colcon_core.event_handler.log_command:Invoked command in '/home/golam_sadek/ros2_ws/build/my_robot_description' returned '0': CMAKE_PREFIX_PATH=/opt/ros/humble /usr/bin/cmake --install /home/golam_sadek/ros2_ws/build/my_robot_description
[0.970s] Level 1:colcon.colcon_core.environment:checking '/home/golam_sadek/ros2_ws/install/my_robot_description' for CMake module files
[0.971s] Level 1:colcon.colcon_core.environment:checking '/home/golam_sadek/ros2_ws/install/my_robot_description' for CMake config files
[0.971s] Level 1:colcon.colcon_core.shell:create_environment_hook('my_robot_description', 'cmake_prefix_path')
[0.972s] INFO:colcon.colcon_core.shell:Creating environment hook '/home/golam_sadek/ros2_ws/install/my_robot_description/share/my_robot_description/hook/cmake_prefix_path.ps1'
[0.973s] INFO:colcon.colcon_core.shell:Creating environment descriptor '/home/golam_sadek/ros2_ws/install/my_robot_description/share/my_robot_description/hook/cmake_prefix_path.dsv'
[0.973s] INFO:colcon.colcon_core.shell:Creating environment hook '/home/golam_sadek/ros2_ws/install/my_robot_description/share/my_robot_description/hook/cmake_prefix_path.sh'
[0.974s] Level 1:colcon.colcon_core.environment:checking '/home/golam_sadek/ros2_ws/install/my_robot_description/bin'
[0.974s] Level 1:colcon.colcon_core.environment:checking '/home/golam_sadek/ros2_ws/install/my_robot_description/lib/pkgconfig/my_robot_description.pc'
[0.975s] Level 1:colcon.colcon_core.environment:checking '/home/golam_sadek/ros2_ws/install/my_robot_description/lib/python3.10/site-packages'
[0.975s] Level 1:colcon.colcon_core.environment:checking '/home/golam_sadek/ros2_ws/install/my_robot_description/bin'
[0.976s] INFO:colcon.colcon_core.shell:Creating package script '/home/golam_sadek/ros2_ws/install/my_robot_description/share/my_robot_description/package.ps1'
[0.977s] INFO:colcon.colcon_core.shell:Creating package descriptor '/home/golam_sadek/ros2_ws/install/my_robot_description/share/my_robot_description/package.dsv'
[0.978s] INFO:colcon.colcon_core.shell:Creating package script '/home/golam_sadek/ros2_ws/install/my_robot_description/share/my_robot_description/package.sh'
[0.980s] INFO:colcon.colcon_core.shell:Creating package script '/home/golam_sadek/ros2_ws/install/my_robot_description/share/my_robot_description/package.bash'
[0.981s] INFO:colcon.colcon_core.shell:Creating package script '/home/golam_sadek/ros2_ws/install/my_robot_description/share/my_robot_description/package.zsh'
[0.982s] Level 1:colcon.colcon_core.environment:create_file_with_runtime_dependencies(/home/golam_sadek/ros2_ws/install/my_robot_description/share/colcon-core/packages/my_robot_description)
[0.983s] Level 1:colcon.colcon_core.environment:create_environment_scripts_only(my_robot_description)
[0.983s] Level 1:colcon.colcon_core.environment:checking '/home/golam_sadek/ros2_ws/install/my_robot_description' for CMake module files
[0.984s] Level 1:colcon.colcon_core.environment:checking '/home/golam_sadek/ros2_ws/install/my_robot_description' for CMake config files
[0.985s] Level 1:colcon.colcon_core.shell:create_environment_hook('my_robot_description', 'cmake_prefix_path')
[0.985s] INFO:colcon.colcon_core.shell:Creating environment hook '/home/golam_sadek/ros2_ws/install/my_robot_description/share/my_robot_description/hook/cmake_prefix_path.ps1'
[0.986s] INFO:colcon.colcon_core.shell:Creating environment descriptor '/home/golam_sadek/ros2_ws/install/my_robot_description/share/my_robot_description/hook/cmake_prefix_path.dsv'
[0.986s] INFO:colcon.colcon_core.shell:Creating environment hook '/home/golam_sadek/ros2_ws/install/my_robot_description/share/my_robot_description/hook/cmake_prefix_path.sh'
[0.987s] Level 1:colcon.colcon_core.environment:checking '/home/golam_sadek/ros2_ws/install/my_robot_description/bin'
[0.987s] Level 1:colcon.colcon_core.environment:checking '/home/golam_sadek/ros2_ws/install/my_robot_description/lib/pkgconfig/my_robot_description.pc'
[0.988s] Level 1:colcon.colcon_core.environment:checking '/home/golam_sadek/ros2_ws/install/my_robot_description/lib/python3.10/site-packages'
[0.988s] Level 1:colcon.colcon_core.environment:checking '/home/golam_sadek/ros2_ws/install/my_robot_description/bin'
[0.988s] INFO:colcon.colcon_core.shell:Creating package script '/home/golam_sadek/ros2_ws/install/my_robot_description/share/my_robot_description/package.ps1'
[0.989s] INFO:colcon.colcon_core.shell:Creating package descriptor '/home/golam_sadek/ros2_ws/install/my_robot_description/share/my_robot_description/package.dsv'
[0.990s] INFO:colcon.colcon_core.shell:Creating package script '/home/golam_sadek/ros2_ws/install/my_robot_description/share/my_robot_description/package.sh'
[0.991s] INFO:colcon.colcon_core.shell:Creating package script '/home/golam_sadek/ros2_ws/install/my_robot_description/share/my_robot_description/package.bash'
[0.991s] INFO:colcon.colcon_core.shell:Creating package script '/home/golam_sadek/ros2_ws/install/my_robot_description/share/my_robot_description/package.zsh'
[0.992s] Level 1:colcon.colcon_core.environment:create_file_with_runtime_dependencies(/home/golam_sadek/ros2_ws/install/my_robot_description/share/colcon-core/packages/my_robot_description)
[0.993s] INFO:colcon.colcon_ros.task.ament_cmake.build:Building ROS package in '/home/golam_sadek/ros2_ws/src/my_robot1_bringup' with build type 'ament_cmake'
[0.993s] INFO:colcon.colcon_cmake.task.cmake.build:Building CMake package in '/home/golam_sadek/ros2_ws/src/my_robot1_bringup'
[0.993s] INFO:colcon.colcon_core.shell:Skip shell extension 'powershell' for command environment: Not usable outside of PowerShell
[0.993s] DEBUG:colcon.colcon_core.shell:Skip shell extension 'dsv' for command environment
[1.005s] DEBUG:colcon.colcon_core.event_handler.log_command:Invoking command in '/home/golam_sadek/ros2_ws/build/my_robot1_bringup': AMENT_PREFIX_PATH=/home/golam_sadek/ros2_ws/install/my_robot_description:${AMENT_PREFIX_PATH} CMAKE_PREFIX_PATH=/home/golam_sadek/ros2_ws/install/my_robot_description:/opt/ros/humble /usr/bin/cmake /home/golam_sadek/ros2_ws/src/my_robot1_bringup -DCMAKE_INSTALL_PREFIX=/home/golam_sadek/ros2_ws/install/my_robot1_bringup
[1.184s] DEBUG:colcon.colcon_core.event_handler.log_command:Invoked command in '/home/golam_sadek/ros2_ws/build/my_cpp_pkg' returned '0': CMAKE_PREFIX_PATH=/opt/ros/humble /usr/bin/cmake /home/golam_sadek/ros2_ws/src/my_cpp_pkg -DCMAKE_INSTALL_PREFIX=/home/golam_sadek/ros2_ws/install/my_cpp_pkg
[1.187s] DEBUG:colcon.colcon_core.event_handler.log_command:Invoking command in '/home/golam_sadek/ros2_ws/build/my_cpp_pkg': CMAKE_PREFIX_PATH=/opt/ros/humble /usr/bin/cmake --build /home/golam_sadek/ros2_ws/build/my_cpp_pkg -- -j8 -l8
[1.303s] DEBUG:colcon.colcon_core.event_handler.log_command:Invoked command in '/home/golam_sadek/ros2_ws/build/my_cpp_pkg' returned '0': CMAKE_PREFIX_PATH=/opt/ros/humble /usr/bin/cmake --build /home/golam_sadek/ros2_ws/build/my_cpp_pkg -- -j8 -l8
[1.306s] DEBUG:colcon.colcon_core.event_handler.log_command:Invoking command in '/home/golam_sadek/ros2_ws/build/my_cpp_pkg': CMAKE_PREFIX_PATH=/opt/ros/humble /usr/bin/cmake --install /home/golam_sadek/ros2_ws/build/my_cpp_pkg
[1.315s] DEBUG:colcon.colcon_core.event_handler.log_command:Invoking command in '/home/golam_sadek/ros2_ws/build/my_py_pkg': PYTHONPATH=/home/golam_sadek/ros2_ws/build/my_py_pkg/prefix_override:/usr/lib/python3/dist-packages/colcon_core/task/python/colcon_distutils_commands:/home/golam_sadek/ros2_ws/install/my_py_pkg/lib/python3.10/site-packages:${PYTHONPATH} /usr/bin/python3 -W ignore:setup.py install is deprecated -W ignore:easy_install command is deprecated setup.py develop --uninstall --editable --build-directory /home/golam_sadek/ros2_ws/build/my_py_pkg/build
[1.327s] DEBUG:colcon.colcon_core.event_handler.log_command:Invoking command in '/home/golam_sadek/ros2_ws/build/turtlesim_catch_them_all': PYTHONPATH=/home/golam_sadek/ros2_ws/build/turtlesim_catch_them_all/prefix_override:/usr/lib/python3/dist-packages/colcon_core/task/python/colcon_distutils_commands:/home/golam_sadek/ros2_ws/install/turtlesim_catch_them_all/lib/python3.10/site-packages:${PYTHONPATH} /usr/bin/python3 -W ignore:setup.py install is deprecated -W ignore:easy_install command is deprecated setup.py develop --uninstall --editable --build-directory /home/golam_sadek/ros2_ws/build/turtlesim_catch_them_all/build
[1.332s] Level 1:colcon.colcon_core.environment:create_environment_scripts_only(my_cpp_pkg)
[1.332s] Level 1:colcon.colcon_core.environment:checking '/home/golam_sadek/ros2_ws/install/my_cpp_pkg' for CMake module files
[1.333s] DEBUG:colcon.colcon_core.event_handler.log_command:Invoked command in '/home/golam_sadek/ros2_ws/build/my_cpp_pkg' returned '0': CMAKE_PREFIX_PATH=/opt/ros/humble /usr/bin/cmake --install /home/golam_sadek/ros2_ws/build/my_cpp_pkg
[1.334s] Level 1:colcon.colcon_core.environment:checking '/home/golam_sadek/ros2_ws/install/my_cpp_pkg' for CMake config files
[1.334s] Level 1:colcon.colcon_core.shell:create_environment_hook('my_cpp_pkg', 'cmake_prefix_path')
[1.335s] INFO:colcon.colcon_core.shell:Creating environment hook '/home/golam_sadek/ros2_ws/install/my_cpp_pkg/share/my_cpp_pkg/hook/cmake_prefix_path.ps1'
[1.335s] INFO:colcon.colcon_core.shell:Creating environment descriptor '/home/golam_sadek/ros2_ws/install/my_cpp_pkg/share/my_cpp_pkg/hook/cmake_prefix_path.dsv'
[1.337s] INFO:colcon.colcon_core.shell:Creating environment hook '/home/golam_sadek/ros2_ws/install/my_cpp_pkg/share/my_cpp_pkg/hook/cmake_prefix_path.sh'
[1.339s] Level 1:colcon.colcon_core.environment:checking '/home/golam_sadek/ros2_ws/install/my_cpp_pkg/lib'
[1.339s] Level 1:colcon.colcon_core.environment:checking '/home/golam_sadek/ros2_ws/install/my_cpp_pkg/bin'
[1.340s] Level 1:colcon.colcon_core.environment:checking '/home/golam_sadek/ros2_ws/install/my_cpp_pkg/lib/pkgconfig/my_cpp_pkg.pc'
[1.340s] Level 1:colcon.colcon_core.environment:checking '/home/golam_sadek/ros2_ws/install/my_cpp_pkg/lib/python3.10/site-packages'
[1.340s] Level 1:colcon.colcon_core.environment:checking '/home/golam_sadek/ros2_ws/install/my_cpp_pkg/bin'
[1.341s] INFO:colcon.colcon_core.shell:Creating package script '/home/golam_sadek/ros2_ws/install/my_cpp_pkg/share/my_cpp_pkg/package.ps1'
[1.342s] INFO:colcon.colcon_core.shell:Creating package descriptor '/home/golam_sadek/ros2_ws/install/my_cpp_pkg/share/my_cpp_pkg/package.dsv'
[1.343s] INFO:colcon.colcon_core.shell:Creating package script '/home/golam_sadek/ros2_ws/install/my_cpp_pkg/share/my_cpp_pkg/package.sh'
[1.344s] INFO:colcon.colcon_core.shell:Creating package script '/home/golam_sadek/ros2_ws/install/my_cpp_pkg/share/my_cpp_pkg/package.bash'
[1.345s] INFO:colcon.colcon_core.shell:Creating package script '/home/golam_sadek/ros2_ws/install/my_cpp_pkg/share/my_cpp_pkg/package.zsh'
[1.345s] Level 1:colcon.colcon_core.environment:create_file_with_runtime_dependencies(/home/golam_sadek/ros2_ws/install/my_cpp_pkg/share/colcon-core/packages/my_cpp_pkg)
[1.346s] Level 1:colcon.colcon_core.environment:create_environment_scripts_only(my_cpp_pkg)
[1.347s] Level 1:colcon.colcon_core.environment:checking '/home/golam_sadek/ros2_ws/install/my_cpp_pkg' for CMake module files
[1.348s] Level 1:colcon.colcon_core.environment:checking '/home/golam_sadek/ros2_ws/install/my_cpp_pkg' for CMake config files
[1.348s] Level 1:colcon.colcon_core.shell:create_environment_hook('my_cpp_pkg', 'cmake_prefix_path')
[1.349s] INFO:colcon.colcon_core.shell:Creating environment hook '/home/golam_sadek/ros2_ws/install/my_cpp_pkg/share/my_cpp_pkg/hook/cmake_prefix_path.ps1'
[1.349s] INFO:colcon.colcon_core.shell:Creating environment descriptor '/home/golam_sadek/ros2_ws/install/my_cpp_pkg/share/my_cpp_pkg/hook/cmake_prefix_path.dsv'
[1.350s] INFO:colcon.colcon_core.shell:Creating environment hook '/home/golam_sadek/ros2_ws/install/my_cpp_pkg/share/my_cpp_pkg/hook/cmake_prefix_path.sh'
[1.351s] Level 1:colcon.colcon_core.environment:checking '/home/golam_sadek/ros2_ws/install/my_cpp_pkg/lib'
[1.351s] Level 1:colcon.colcon_core.environment:checking '/home/golam_sadek/ros2_ws/install/my_cpp_pkg/bin'
[1.351s] Level 1:colcon.colcon_core.environment:checking '/home/golam_sadek/ros2_ws/install/my_cpp_pkg/lib/pkgconfig/my_cpp_pkg.pc'
[1.352s] Level 1:colcon.colcon_core.environment:checking '/home/golam_sadek/ros2_ws/install/my_cpp_pkg/lib/python3.10/site-packages'
[1.352s] Level 1:colcon.colcon_core.environment:checking '/home/golam_sadek/ros2_ws/install/my_cpp_pkg/bin'
[1.353s] INFO:colcon.colcon_core.shell:Creating package script '/home/golam_sadek/ros2_ws/install/my_cpp_pkg/share/my_cpp_pkg/package.ps1'
[1.353s] INFO:colcon.colcon_core.shell:Creating package descriptor '/home/golam_sadek/ros2_ws/install/my_cpp_pkg/share/my_cpp_pkg/package.dsv'
[1.354s] INFO:colcon.colcon_core.shell:Creating package script '/home/golam_sadek/ros2_ws/install/my_cpp_pkg/share/my_cpp_pkg/package.sh'
[1.355s] INFO:colcon.colcon_core.shell:Creating package script '/home/golam_sadek/ros2_ws/install/my_cpp_pkg/share/my_cpp_pkg/package.bash'
[1.356s] INFO:colcon.colcon_core.shell:Creating package script '/home/golam_sadek/ros2_ws/install/my_cpp_pkg/share/my_cpp_pkg/package.zsh'
[1.356s] Level 1:colcon.colcon_core.environment:create_file_with_runtime_dependencies(/home/golam_sadek/ros2_ws/install/my_cpp_pkg/share/colcon-core/packages/my_cpp_pkg)
[1.363s] DEBUG:colcon.colcon_core.event_handler.log_command:Invoked command in '/home/golam_sadek/ros2_ws/build/my_robot1_bringup' returned '0': AMENT_PREFIX_PATH=/home/golam_sadek/ros2_ws/install/my_robot_description:${AMENT_PREFIX_PATH} CMAKE_PREFIX_PATH=/home/golam_sadek/ros2_ws/install/my_robot_description:/opt/ros/humble /usr/bin/cmake /home/golam_sadek/ros2_ws/src/my_robot1_bringup -DCMAKE_INSTALL_PREFIX=/home/golam_sadek/ros2_ws/install/my_robot1_bringup
[1.366s] DEBUG:colcon.colcon_core.event_handler.log_command:Invoking command in '/home/golam_sadek/ros2_ws/build/my_robot1_bringup': AMENT_PREFIX_PATH=/home/golam_sadek/ros2_ws/install/my_robot_description:${AMENT_PREFIX_PATH} CMAKE_PREFIX_PATH=/home/golam_sadek/ros2_ws/install/my_robot_description:/opt/ros/humble /usr/bin/cmake --build /home/golam_sadek/ros2_ws/build/my_robot1_bringup -- -j8 -l8
[1.417s] DEBUG:colcon.colcon_core.event_handler.log_command:Invoked command in '/home/golam_sadek/ros2_ws/build/my_robot1_bringup' returned '0': AMENT_PREFIX_PATH=/home/golam_sadek/ros2_ws/install/my_robot_description:${AMENT_PREFIX_PATH} CMAKE_PREFIX_PATH=/home/golam_sadek/ros2_ws/install/my_robot_description:/opt/ros/humble /usr/bin/cmake --build /home/golam_sadek/ros2_ws/build/my_robot1_bringup -- -j8 -l8
[1.420s] DEBUG:colcon.colcon_core.event_handler.log_command:Invoking command in '/home/golam_sadek/ros2_ws/build/my_robot1_bringup': AMENT_PREFIX_PATH=/home/golam_sadek/ros2_ws/install/my_robot_description:${AMENT_PREFIX_PATH} CMAKE_PREFIX_PATH=/home/golam_sadek/ros2_ws/install/my_robot_description:/opt/ros/humble /usr/bin/cmake --install /home/golam_sadek/ros2_ws/build/my_robot1_bringup
[1.452s] Level 1:colcon.colcon_core.environment:create_environment_scripts_only(my_robot1_bringup)
[1.453s] Level 1:colcon.colcon_core.environment:checking '/home/golam_sadek/ros2_ws/install/my_robot1_bringup' for CMake module files
[1.454s] DEBUG:colcon.colcon_core.event_handler.log_command:Invoked command in '/home/golam_sadek/ros2_ws/build/my_robot1_bringup' returned '0': AMENT_PREFIX_PATH=/home/golam_sadek/ros2_ws/install/my_robot_description:${AMENT_PREFIX_PATH} CMAKE_PREFIX_PATH=/home/golam_sadek/ros2_ws/install/my_robot_description:/opt/ros/humble /usr/bin/cmake --install /home/golam_sadek/ros2_ws/build/my_robot1_bringup
[1.454s] Level 1:colcon.colcon_core.environment:checking '/home/golam_sadek/ros2_ws/install/my_robot1_bringup' for CMake config files
[1.454s] Level 1:colcon.colcon_core.shell:create_environment_hook('my_robot1_bringup', 'cmake_prefix_path')
[1.455s] INFO:colcon.colcon_core.shell:Creating environment hook '/home/golam_sadek/ros2_ws/install/my_robot1_bringup/share/my_robot1_bringup/hook/cmake_prefix_path.ps1'
[1.456s] INFO:colcon.colcon_core.shell:Creating environment descriptor '/home/golam_sadek/ros2_ws/install/my_robot1_bringup/share/my_robot1_bringup/hook/cmake_prefix_path.dsv'
[1.456s] INFO:colcon.colcon_core.shell:Creating environment hook '/home/golam_sadek/ros2_ws/install/my_robot1_bringup/share/my_robot1_bringup/hook/cmake_prefix_path.sh'
[1.457s] Level 1:colcon.colcon_core.environment:checking '/home/golam_sadek/ros2_ws/install/my_robot1_bringup/bin'
[1.457s] Level 1:colcon.colcon_core.environment:checking '/home/golam_sadek/ros2_ws/install/my_robot1_bringup/lib/pkgconfig/my_robot1_bringup.pc'
[1.457s] Level 1:colcon.colcon_core.environment:checking '/home/golam_sadek/ros2_ws/install/my_robot1_bringup/lib/python3.10/site-packages'
[1.458s] Level 1:colcon.colcon_core.environment:checking '/home/golam_sadek/ros2_ws/install/my_robot1_bringup/bin'
[1.458s] INFO:colcon.colcon_core.shell:Creating package script '/home/golam_sadek/ros2_ws/install/my_robot1_bringup/share/my_robot1_bringup/package.ps1'
[1.459s] INFO:colcon.colcon_core.shell:Creating package descriptor '/home/golam_sadek/ros2_ws/install/my_robot1_bringup/share/my_robot1_bringup/package.dsv'
[1.460s] INFO:colcon.colcon_core.shell:Creating package script '/home/golam_sadek/ros2_ws/install/my_robot1_bringup/share/my_robot1_bringup/package.sh'
[1.460s] INFO:colcon.colcon_core.shell:Creating package script '/home/golam_sadek/ros2_ws/install/my_robot1_bringup/share/my_robot1_bringup/package.bash'
[1.461s] INFO:colcon.colcon_core.shell:Creating package script '/home/golam_sadek/ros2_ws/install/my_robot1_bringup/share/my_robot1_bringup/package.zsh'
[1.461s] Level 1:colcon.colcon_core.environment:create_file_with_runtime_dependencies(/home/golam_sadek/ros2_ws/install/my_robot1_bringup/share/colcon-core/packages/my_robot1_bringup)
[1.462s] Level 1:colcon.colcon_core.environment:create_environment_scripts_only(my_robot1_bringup)
[1.462s] Level 1:colcon.colcon_core.environment:checking '/home/golam_sadek/ros2_ws/install/my_robot1_bringup' for CMake module files
[1.463s] Level 1:colcon.colcon_core.environment:checking '/home/golam_sadek/ros2_ws/install/my_robot1_bringup' for CMake config files
[1.464s] Level 1:colcon.colcon_core.shell:create_environment_hook('my_robot1_bringup', 'cmake_prefix_path')
[1.464s] INFO:colcon.colcon_core.shell:Creating environment hook '/home/golam_sadek/ros2_ws/install/my_robot1_bringup/share/my_robot1_bringup/hook/cmake_prefix_path.ps1'
[1.465s] INFO:colcon.colcon_core.shell:Creating environment descriptor '/home/golam_sadek/ros2_ws/install/my_robot1_bringup/share/my_robot1_bringup/hook/cmake_prefix_path.dsv'
[1.465s] INFO:colcon.colcon_core.shell:Creating environment hook '/home/golam_sadek/ros2_ws/install/my_robot1_bringup/share/my_robot1_bringup/hook/cmake_prefix_path.sh'
[1.466s] Level 1:colcon.colcon_core.environment:checking '/home/golam_sadek/ros2_ws/install/my_robot1_bringup/bin'
[1.466s] Level 1:colcon.colcon_core.environment:checking '/home/golam_sadek/ros2_ws/install/my_robot1_bringup/lib/pkgconfig/my_robot1_bringup.pc'
[1.467s] Level 1:colcon.colcon_core.environment:checking '/home/golam_sadek/ros2_ws/install/my_robot1_bringup/lib/python3.10/site-packages'
[1.467s] Level 1:colcon.colcon_core.environment:checking '/home/golam_sadek/ros2_ws/install/my_robot1_bringup/bin'
[1.467s] INFO:colcon.colcon_core.shell:Creating package script '/home/golam_sadek/ros2_ws/install/my_robot1_bringup/share/my_robot1_bringup/package.ps1'
[1.468s] INFO:colcon.colcon_core.shell:Creating package descriptor '/home/golam_sadek/ros2_ws/install/my_robot1_bringup/share/my_robot1_bringup/package.dsv'
[1.469s] INFO:colcon.colcon_core.shell:Creating package script '/home/golam_sadek/ros2_ws/install/my_robot1_bringup/share/my_robot1_bringup/package.sh'
[1.470s] INFO:colcon.colcon_core.shell:Creating package script '/home/golam_sadek/ros2_ws/install/my_robot1_bringup/share/my_robot1_bringup/package.bash'
[1.470s] INFO:colcon.colcon_core.shell:Creating package script '/home/golam_sadek/ros2_ws/install/my_robot1_bringup/share/my_robot1_bringup/package.zsh'
[1.471s] Level 1:colcon.colcon_core.environment:create_file_with_runtime_dependencies(/home/golam_sadek/ros2_ws/install/my_robot1_bringup/share/colcon-core/packages/my_robot1_bringup)
[1.748s] DEBUG:colcon.colcon_core.event_handler.log_command:Invoked command in '/home/golam_sadek/ros2_ws/build/my_robot_interfaces' returned '0': CMAKE_PREFIX_PATH=/opt/ros/humble /usr/bin/cmake /home/golam_sadek/ros2_ws/src/my_robot_interfaces -DCMAKE_INSTALL_PREFIX=/home/golam_sadek/ros2_ws/install/my_robot_interfaces
[1.750s] DEBUG:colcon.colcon_core.event_handler.log_command:Invoking command in '/home/golam_sadek/ros2_ws/build/my_robot_interfaces': CMAKE_PREFIX_PATH=/opt/ros/humble /usr/bin/cmake --build /home/golam_sadek/ros2_ws/build/my_robot_interfaces -- -j8 -l8
[1.791s] DEBUG:colcon.colcon_core.event_handler.log_command:Invoked command in '/home/golam_sadek/ros2_ws/build/my_py_pkg' returned '0': PYTHONPATH=/home/golam_sadek/ros2_ws/build/my_py_pkg/prefix_override:/usr/lib/python3/dist-packages/colcon_core/task/python/colcon_distutils_commands:/home/golam_sadek/ros2_ws/install/my_py_pkg/lib/python3.10/site-packages:${PYTHONPATH} /usr/bin/python3 -W ignore:setup.py install is deprecated -W ignore:easy_install command is deprecated setup.py develop --uninstall --editable --build-directory /home/golam_sadek/ros2_ws/build/my_py_pkg/build
[1.793s] DEBUG:colcon.colcon_core.event_handler.log_command:Invoking command in '/home/golam_sadek/ros2_ws/src/my_py_pkg': PYTHONPATH=/home/golam_sadek/ros2_ws/build/my_py_pkg/prefix_override:/usr/lib/python3/dist-packages/colcon_core/task/python/colcon_distutils_commands:/home/golam_sadek/ros2_ws/install/my_py_pkg/lib/python3.10/site-packages:${PYTHONPATH} /usr/bin/python3 -W ignore:setup.py install is deprecated -W ignore:easy_install command is deprecated setup.py egg_info --egg-base ../../build/my_py_pkg build --build-base /home/golam_sadek/ros2_ws/build/my_py_pkg/build install --record /home/golam_sadek/ros2_ws/build/my_py_pkg/install.log --single-version-externally-managed install_data --force
[1.833s] DEBUG:colcon.colcon_core.event_handler.log_command:Invoked command in '/home/golam_sadek/ros2_ws/build/turtlesim_catch_them_all' returned '0': PYTHONPATH=/home/golam_sadek/ros2_ws/build/turtlesim_catch_them_all/prefix_override:/usr/lib/python3/dist-packages/colcon_core/task/python/colcon_distutils_commands:/home/golam_sadek/ros2_ws/install/turtlesim_catch_them_all/lib/python3.10/site-packages:${PYTHONPATH} /usr/bin/python3 -W ignore:setup.py install is deprecated -W ignore:easy_install command is deprecated setup.py develop --uninstall --editable --build-directory /home/golam_sadek/ros2_ws/build/turtlesim_catch_them_all/build
[1.841s] DEBUG:colcon.colcon_core.event_handler.log_command:Invoking command in '/home/golam_sadek/ros2_ws/src/turtlesim_catch_them_all': PYTHONPATH=/home/golam_sadek/ros2_ws/build/turtlesim_catch_them_all/prefix_override:/usr/lib/python3/dist-packages/colcon_core/task/python/colcon_distutils_commands:/home/golam_sadek/ros2_ws/install/turtlesim_catch_them_all/lib/python3.10/site-packages:${PYTHONPATH} /usr/bin/python3 -W ignore:setup.py install is deprecated -W ignore:easy_install command is deprecated setup.py egg_info --egg-base ../../build/turtlesim_catch_them_all build --build-base /home/golam_sadek/ros2_ws/build/turtlesim_catch_them_all/build install --record /home/golam_sadek/ros2_ws/build/turtlesim_catch_them_all/install.log --single-version-externally-managed install_data --force
[2.128s] Level 1:colcon.colcon_core.environment:checking '/home/golam_sadek/ros2_ws/install/my_py_pkg' for CMake module files
[2.129s] DEBUG:colcon.colcon_core.event_handler.log_command:Invoked command in '/home/golam_sadek/ros2_ws/src/my_py_pkg' returned '0': PYTHONPATH=/home/golam_sadek/ros2_ws/build/my_py_pkg/prefix_override:/usr/lib/python3/dist-packages/colcon_core/task/python/colcon_distutils_commands:/home/golam_sadek/ros2_ws/install/my_py_pkg/lib/python3.10/site-packages:${PYTHONPATH} /usr/bin/python3 -W ignore:setup.py install is deprecated -W ignore:easy_install command is deprecated setup.py egg_info --egg-base ../../build/my_py_pkg build --build-base /home/golam_sadek/ros2_ws/build/my_py_pkg/build install --record /home/golam_sadek/ros2_ws/build/my_py_pkg/install.log --single-version-externally-managed install_data --force
[2.130s] Level 1:colcon.colcon_core.environment:checking '/home/golam_sadek/ros2_ws/install/my_py_pkg' for CMake config files
[2.130s] Level 1:colcon.colcon_core.environment:checking '/home/golam_sadek/ros2_ws/install/my_py_pkg/lib'
[2.130s] Level 1:colcon.colcon_core.environment:checking '/home/golam_sadek/ros2_ws/install/my_py_pkg/bin'
[2.131s] Level 1:colcon.colcon_core.environment:checking '/home/golam_sadek/ros2_ws/install/my_py_pkg/lib/pkgconfig/my_py_pkg.pc'
[2.131s] Level 1:colcon.colcon_core.environment:checking '/home/golam_sadek/ros2_ws/install/my_py_pkg/lib/python3.10/site-packages'
[2.131s] Level 1:colcon.colcon_core.shell:create_environment_hook('my_py_pkg', 'pythonpath')
[2.131s] INFO:colcon.colcon_core.shell:Creating environment hook '/home/golam_sadek/ros2_ws/install/my_py_pkg/share/my_py_pkg/hook/pythonpath.ps1'
[2.132s] INFO:colcon.colcon_core.shell:Creating environment descriptor '/home/golam_sadek/ros2_ws/install/my_py_pkg/share/my_py_pkg/hook/pythonpath.dsv'
[2.132s] INFO:colcon.colcon_core.shell:Creating environment hook '/home/golam_sadek/ros2_ws/install/my_py_pkg/share/my_py_pkg/hook/pythonpath.sh'
[2.133s] Level 1:colcon.colcon_core.environment:checking '/home/golam_sadek/ros2_ws/install/my_py_pkg/bin'
[2.133s] Level 1:colcon.colcon_core.environment:create_environment_scripts_only(my_py_pkg)
[2.134s] INFO:colcon.colcon_core.shell:Creating package script '/home/golam_sadek/ros2_ws/install/my_py_pkg/share/my_py_pkg/package.ps1'
[2.135s] INFO:colcon.colcon_core.shell:Creating package descriptor '/home/golam_sadek/ros2_ws/install/my_py_pkg/share/my_py_pkg/package.dsv'
[2.136s] INFO:colcon.colcon_core.shell:Creating package script '/home/golam_sadek/ros2_ws/install/my_py_pkg/share/my_py_pkg/package.sh'
[2.138s] INFO:colcon.colcon_core.shell:Creating package script '/home/golam_sadek/ros2_ws/install/my_py_pkg/share/my_py_pkg/package.bash'
[2.139s] INFO:colcon.colcon_core.shell:Creating package script '/home/golam_sadek/ros2_ws/install/my_py_pkg/share/my_py_pkg/package.zsh'
[2.140s] Level 1:colcon.colcon_core.environment:create_file_with_runtime_dependencies(/home/golam_sadek/ros2_ws/install/my_py_pkg/share/colcon-core/packages/my_py_pkg)
[2.141s] INFO:colcon.colcon_ros.task.ament_cmake.build:Building ROS package in '/home/golam_sadek/ros2_ws/src/my_robot_bringup' with build type 'ament_cmake'
[2.141s] INFO:colcon.colcon_cmake.task.cmake.build:Building CMake package in '/home/golam_sadek/ros2_ws/src/my_robot_bringup'
[2.142s] INFO:colcon.colcon_core.shell:Skip shell extension 'powershell' for command environment: Not usable outside of PowerShell
[2.142s] DEBUG:colcon.colcon_core.shell:Skip shell extension 'dsv' for command environment
[2.157s] DEBUG:colcon.colcon_core.event_handler.log_command:Invoking command in '/home/golam_sadek/ros2_ws/build/my_robot_bringup': AMENT_PREFIX_PATH=/home/golam_sadek/ros2_ws/install/my_py_pkg:${AMENT_PREFIX_PATH} CMAKE_PREFIX_PATH=/opt/ros/humble PYTHONPATH=/home/golam_sadek/ros2_ws/install/my_py_pkg/lib/python3.10/site-packages:${PYTHONPATH} /usr/bin/cmake /home/golam_sadek/ros2_ws/src/my_robot_bringup -DCMAKE_INSTALL_PREFIX=/home/golam_sadek/ros2_ws/install/my_robot_bringup
[2.192s] DEBUG:colcon.colcon_core.event_handler.log_command:Invoked command in '/home/golam_sadek/ros2_ws/build/my_robot_interfaces' returned '0': CMAKE_PREFIX_PATH=/opt/ros/humble /usr/bin/cmake --build /home/golam_sadek/ros2_ws/build/my_robot_interfaces -- -j8 -l8
[2.195s] DEBUG:colcon.colcon_core.event_handler.log_command:Invoking command in '/home/golam_sadek/ros2_ws/build/my_robot_interfaces': CMAKE_PREFIX_PATH=/opt/ros/humble /usr/bin/cmake --install /home/golam_sadek/ros2_ws/build/my_robot_interfaces
[2.214s] Level 1:colcon.colcon_core.environment:checking '/home/golam_sadek/ros2_ws/install/turtlesim_catch_them_all' for CMake module files
[2.215s] DEBUG:colcon.colcon_core.event_handler.log_command:Invoked command in '/home/golam_sadek/ros2_ws/src/turtlesim_catch_them_all' returned '0': PYTHONPATH=/home/golam_sadek/ros2_ws/build/turtlesim_catch_them_all/prefix_override:/usr/lib/python3/dist-packages/colcon_core/task/python/colcon_distutils_commands:/home/golam_sadek/ros2_ws/install/turtlesim_catch_them_all/lib/python3.10/site-packages:${PYTHONPATH} /usr/bin/python3 -W ignore:setup.py install is deprecated -W ignore:easy_install command is deprecated setup.py egg_info --egg-base ../../build/turtlesim_catch_them_all build --build-base /home/golam_sadek/ros2_ws/build/turtlesim_catch_them_all/build install --record /home/golam_sadek/ros2_ws/build/turtlesim_catch_them_all/install.log --single-version-externally-managed install_data --force
[2.215s] Level 1:colcon.colcon_core.environment:checking '/home/golam_sadek/ros2_ws/install/turtlesim_catch_them_all' for CMake config files
[2.216s] Level 1:colcon.colcon_core.environment:checking '/home/golam_sadek/ros2_ws/install/turtlesim_catch_them_all/lib'
[2.216s] Level 1:colcon.colcon_core.environment:checking '/home/golam_sadek/ros2_ws/install/turtlesim_catch_them_all/bin'
[2.216s] Level 1:colcon.colcon_core.environment:checking '/home/golam_sadek/ros2_ws/install/turtlesim_catch_them_all/lib/pkgconfig/turtlesim_catch_them_all.pc'
[2.216s] Level 1:colcon.colcon_core.environment:checking '/home/golam_sadek/ros2_ws/install/turtlesim_catch_them_all/lib/python3.10/site-packages'
[2.216s] Level 1:colcon.colcon_core.shell:create_environment_hook('turtlesim_catch_them_all', 'pythonpath')
[2.216s] INFO:colcon.colcon_core.shell:Creating environment hook '/home/golam_sadek/ros2_ws/install/turtlesim_catch_them_all/share/turtlesim_catch_them_all/hook/pythonpath.ps1'
[2.217s] INFO:colcon.colcon_core.shell:Creating environment descriptor '/home/golam_sadek/ros2_ws/install/turtlesim_catch_them_all/share/turtlesim_catch_them_all/hook/pythonpath.dsv'
[2.217s] INFO:colcon.colcon_core.shell:Creating environment hook '/home/golam_sadek/ros2_ws/install/turtlesim_catch_them_all/share/turtlesim_catch_them_all/hook/pythonpath.sh'
[2.218s] Level 1:colcon.colcon_core.environment:checking '/home/golam_sadek/ros2_ws/install/turtlesim_catch_them_all/bin'
[2.218s] Level 1:colcon.colcon_core.environment:create_environment_scripts_only(turtlesim_catch_them_all)
[2.218s] INFO:colcon.colcon_core.shell:Creating package script '/home/golam_sadek/ros2_ws/install/turtlesim_catch_them_all/share/turtlesim_catch_them_all/package.ps1'
[2.219s] INFO:colcon.colcon_core.shell:Creating package descriptor '/home/golam_sadek/ros2_ws/install/turtlesim_catch_them_all/share/turtlesim_catch_them_all/package.dsv'
[2.219s] INFO:colcon.colcon_core.shell:Creating package script '/home/golam_sadek/ros2_ws/install/turtlesim_catch_them_all/share/turtlesim_catch_them_all/package.sh'
[2.220s] INFO:colcon.colcon_core.shell:Creating package script '/home/golam_sadek/ros2_ws/install/turtlesim_catch_them_all/share/turtlesim_catch_them_all/package.bash'
[2.221s] INFO:colcon.colcon_core.shell:Creating package script '/home/golam_sadek/ros2_ws/install/turtlesim_catch_them_all/share/turtlesim_catch_them_all/package.zsh'
[2.221s] Level 1:colcon.colcon_core.environment:create_file_with_runtime_dependencies(/home/golam_sadek/ros2_ws/install/turtlesim_catch_them_all/share/colcon-core/packages/turtlesim_catch_them_all)
[2.270s] Level 1:colcon.colcon_core.environment:create_environment_scripts_only(my_robot_interfaces)
[2.271s] Level 1:colcon.colcon_core.environment:checking '/home/golam_sadek/ros2_ws/install/my_robot_interfaces' for CMake module files
[2.271s] DEBUG:colcon.colcon_core.event_handler.log_command:Invoked command in '/home/golam_sadek/ros2_ws/build/my_robot_interfaces' returned '0': CMAKE_PREFIX_PATH=/opt/ros/humble /usr/bin/cmake --install /home/golam_sadek/ros2_ws/build/my_robot_interfaces
[2.272s] Level 1:colcon.colcon_core.environment:checking '/home/golam_sadek/ros2_ws/install/my_robot_interfaces' for CMake config files
[2.272s] Level 1:colcon.colcon_core.shell:create_environment_hook('my_robot_interfaces', 'cmake_prefix_path')
[2.273s] INFO:colcon.colcon_core.shell:Creating environment hook '/home/golam_sadek/ros2_ws/install/my_robot_interfaces/share/my_robot_interfaces/hook/cmake_prefix_path.ps1'
[2.273s] INFO:colcon.colcon_core.shell:Creating environment descriptor '/home/golam_sadek/ros2_ws/install/my_robot_interfaces/share/my_robot_interfaces/hook/cmake_prefix_path.dsv'
[2.274s] INFO:colcon.colcon_core.shell:Creating environment hook '/home/golam_sadek/ros2_ws/install/my_robot_interfaces/share/my_robot_interfaces/hook/cmake_prefix_path.sh'
[2.274s] Level 1:colcon.colcon_core.environment:checking '/home/golam_sadek/ros2_ws/install/my_robot_interfaces/lib'
[2.274s] Level 1:colcon.colcon_core.shell:create_environment_hook('my_robot_interfaces', 'ld_library_path_lib')
[2.275s] INFO:colcon.colcon_core.shell:Creating environment hook '/home/golam_sadek/ros2_ws/install/my_robot_interfaces/share/my_robot_interfaces/hook/ld_library_path_lib.ps1'
[2.275s] INFO:colcon.colcon_core.shell:Creating environment descriptor '/home/golam_sadek/ros2_ws/install/my_robot_interfaces/share/my_robot_interfaces/hook/ld_library_path_lib.dsv'
[2.276s] INFO:colcon.colcon_core.shell:Creating environment hook '/home/golam_sadek/ros2_ws/install/my_robot_interfaces/share/my_robot_interfaces/hook/ld_library_path_lib.sh'
[2.276s] Level 1:colcon.colcon_core.environment:checking '/home/golam_sadek/ros2_ws/install/my_robot_interfaces/bin'
[2.276s] Level 1:colcon.colcon_core.environment:checking '/home/golam_sadek/ros2_ws/install/my_robot_interfaces/lib/pkgconfig/my_robot_interfaces.pc'
[2.276s] Level 1:colcon.colcon_core.environment:checking '/home/golam_sadek/ros2_ws/install/my_robot_interfaces/lib/python3.10/site-packages'
[2.277s] Level 1:colcon.colcon_core.environment:checking '/home/golam_sadek/ros2_ws/install/my_robot_interfaces/bin'
[2.277s] INFO:colcon.colcon_core.shell:Creating package script '/home/golam_sadek/ros2_ws/install/my_robot_interfaces/share/my_robot_interfaces/package.ps1'
[2.277s] INFO:colcon.colcon_core.shell:Creating package descriptor '/home/golam_sadek/ros2_ws/install/my_robot_interfaces/share/my_robot_interfaces/package.dsv'
[2.278s] INFO:colcon.colcon_core.shell:Creating package script '/home/golam_sadek/ros2_ws/install/my_robot_interfaces/share/my_robot_interfaces/package.sh'
[2.278s] INFO:colcon.colcon_core.shell:Creating package script '/home/golam_sadek/ros2_ws/install/my_robot_interfaces/share/my_robot_interfaces/package.bash'
[2.279s] INFO:colcon.colcon_core.shell:Creating package script '/home/golam_sadek/ros2_ws/install/my_robot_interfaces/share/my_robot_interfaces/package.zsh'
[2.279s] Level 1:colcon.colcon_core.environment:create_file_with_runtime_dependencies(/home/golam_sadek/ros2_ws/install/my_robot_interfaces/share/colcon-core/packages/my_robot_interfaces)
[2.279s] Level 1:colcon.colcon_core.environment:create_environment_scripts_only(my_robot_interfaces)
[2.280s] Level 1:colcon.colcon_core.environment:checking '/home/golam_sadek/ros2_ws/install/my_robot_interfaces' for CMake module files
[2.280s] Level 1:colcon.colcon_core.environment:checking '/home/golam_sadek/ros2_ws/install/my_robot_interfaces' for CMake config files
[2.280s] Level 1:colcon.colcon_core.shell:create_environment_hook('my_robot_interfaces', 'cmake_prefix_path')
[2.281s] INFO:colcon.colcon_core.shell:Creating environment hook '/home/golam_sadek/ros2_ws/install/my_robot_interfaces/share/my_robot_interfaces/hook/cmake_prefix_path.ps1'
[2.281s] INFO:colcon.colcon_core.shell:Creating environment descriptor '/home/golam_sadek/ros2_ws/install/my_robot_interfaces/share/my_robot_interfaces/hook/cmake_prefix_path.dsv'
[2.281s] INFO:colcon.colcon_core.shell:Creating environment hook '/home/golam_sadek/ros2_ws/install/my_robot_interfaces/share/my_robot_interfaces/hook/cmake_prefix_path.sh'
[2.282s] Level 1:colcon.colcon_core.environment:checking '/home/golam_sadek/ros2_ws/install/my_robot_interfaces/lib'
[2.282s] Level 1:colcon.colcon_core.shell:create_environment_hook('my_robot_interfaces', 'ld_library_path_lib')
[2.282s] INFO:colcon.colcon_core.shell:Creating environment hook '/home/golam_sadek/ros2_ws/install/my_robot_interfaces/share/my_robot_interfaces/hook/ld_library_path_lib.ps1'
[2.283s] INFO:colcon.colcon_core.shell:Creating environment descriptor '/home/golam_sadek/ros2_ws/install/my_robot_interfaces/share/my_robot_interfaces/hook/ld_library_path_lib.dsv'
[2.283s] INFO:colcon.colcon_core.shell:Creating environment hook '/home/golam_sadek/ros2_ws/install/my_robot_interfaces/share/my_robot_interfaces/hook/ld_library_path_lib.sh'
[2.284s] Level 1:colcon.colcon_core.environment:checking '/home/golam_sadek/ros2_ws/install/my_robot_interfaces/bin'
[2.284s] Level 1:colcon.colcon_core.environment:checking '/home/golam_sadek/ros2_ws/install/my_robot_interfaces/lib/pkgconfig/my_robot_interfaces.pc'
[2.284s] Level 1:colcon.colcon_core.environment:checking '/home/golam_sadek/ros2_ws/install/my_robot_interfaces/lib/python3.10/site-packages'
[2.284s] Level 1:colcon.colcon_core.environment:checking '/home/golam_sadek/ros2_ws/install/my_robot_interfaces/bin'
[2.285s] INFO:colcon.colcon_core.shell:Creating package script '/home/golam_sadek/ros2_ws/install/my_robot_interfaces/share/my_robot_interfaces/package.ps1'
[2.285s] INFO:colcon.colcon_core.shell:Creating package descriptor '/home/golam_sadek/ros2_ws/install/my_robot_interfaces/share/my_robot_interfaces/package.dsv'
[2.286s] INFO:colcon.colcon_core.shell:Creating package script '/home/golam_sadek/ros2_ws/install/my_robot_interfaces/share/my_robot_interfaces/package.sh'
[2.286s] INFO:colcon.colcon_core.shell:Creating package script '/home/golam_sadek/ros2_ws/install/my_robot_interfaces/share/my_robot_interfaces/package.bash'
[2.287s] INFO:colcon.colcon_core.shell:Creating package script '/home/golam_sadek/ros2_ws/install/my_robot_interfaces/share/my_robot_interfaces/package.zsh'
[2.287s] Level 1:colcon.colcon_core.environment:create_file_with_runtime_dependencies(/home/golam_sadek/ros2_ws/install/my_robot_interfaces/share/colcon-core/packages/my_robot_interfaces)
[2.371s] DEBUG:colcon.colcon_core.event_handler.log_command:Invoked command in '/home/golam_sadek/ros2_ws/build/my_robot_bringup' returned '0': AMENT_PREFIX_PATH=/home/golam_sadek/ros2_ws/install/my_py_pkg:${AMENT_PREFIX_PATH} CMAKE_PREFIX_PATH=/opt/ros/humble PYTHONPATH=/home/golam_sadek/ros2_ws/install/my_py_pkg/lib/python3.10/site-packages:${PYTHONPATH} /usr/bin/cmake /home/golam_sadek/ros2_ws/src/my_robot_bringup -DCMAKE_INSTALL_PREFIX=/home/golam_sadek/ros2_ws/install/my_robot_bringup
[2.373s] DEBUG:colcon.colcon_core.event_handler.log_command:Invoking command in '/home/golam_sadek/ros2_ws/build/my_robot_bringup': AMENT_PREFIX_PATH=/home/golam_sadek/ros2_ws/install/my_py_pkg:${AMENT_PREFIX_PATH} CMAKE_PREFIX_PATH=/opt/ros/humble PYTHONPATH=/home/golam_sadek/ros2_ws/install/my_py_pkg/lib/python3.10/site-packages:${PYTHONPATH} /usr/bin/cmake --build /home/golam_sadek/ros2_ws/build/my_robot_bringup -- -j8 -l8
[2.411s] DEBUG:colcon.colcon_core.event_handler.log_command:Invoked command in '/home/golam_sadek/ros2_ws/build/my_robot_bringup' returned '0': AMENT_PREFIX_PATH=/home/golam_sadek/ros2_ws/install/my_py_pkg:${AMENT_PREFIX_PATH} CMAKE_PREFIX_PATH=/opt/ros/humble PYTHONPATH=/home/golam_sadek/ros2_ws/install/my_py_pkg/lib/python3.10/site-packages:${PYTHONPATH} /usr/bin/cmake --build /home/golam_sadek/ros2_ws/build/my_robot_bringup -- -j8 -l8
[2.412s] DEBUG:colcon.colcon_core.event_handler.log_command:Invoking command in '/home/golam_sadek/ros2_ws/build/my_robot_bringup': AMENT_PREFIX_PATH=/home/golam_sadek/ros2_ws/install/my_py_pkg:${AMENT_PREFIX_PATH} CMAKE_PREFIX_PATH=/opt/ros/humble PYTHONPATH=/home/golam_sadek/ros2_ws/install/my_py_pkg/lib/python3.10/site-packages:${PYTHONPATH} /usr/bin/cmake --install /home/golam_sadek/ros2_ws/build/my_robot_bringup
[2.432s] Level 1:colcon.colcon_core.environment:create_environment_scripts_only(my_robot_bringup)
[2.433s] Level 1:colcon.colcon_core.environment:checking '/home/golam_sadek/ros2_ws/install/my_robot_bringup' for CMake module files
[2.433s] DEBUG:colcon.colcon_core.event_handler.log_command:Invoked command in '/home/golam_sadek/ros2_ws/build/my_robot_bringup' returned '0': AMENT_PREFIX_PATH=/home/golam_sadek/ros2_ws/install/my_py_pkg:${AMENT_PREFIX_PATH} CMAKE_PREFIX_PATH=/opt/ros/humble PYTHONPATH=/home/golam_sadek/ros2_ws/install/my_py_pkg/lib/python3.10/site-packages:${PYTHONPATH} /usr/bin/cmake --install /home/golam_sadek/ros2_ws/build/my_robot_bringup
[2.434s] Level 1:colcon.colcon_core.environment:checking '/home/golam_sadek/ros2_ws/install/my_robot_bringup' for CMake config files
[2.434s] Level 1:colcon.colcon_core.shell:create_environment_hook('my_robot_bringup', 'cmake_prefix_path')
[2.434s] INFO:colcon.colcon_core.shell:Creating environment hook '/home/golam_sadek/ros2_ws/install/my_robot_bringup/share/my_robot_bringup/hook/cmake_prefix_path.ps1'
[2.435s] INFO:colcon.colcon_core.shell:Creating environment descriptor '/home/golam_sadek/ros2_ws/install/my_robot_bringup/share/my_robot_bringup/hook/cmake_prefix_path.dsv'
[2.436s] INFO:colcon.colcon_core.shell:Creating environment hook '/home/golam_sadek/ros2_ws/install/my_robot_bringup/share/my_robot_bringup/hook/cmake_prefix_path.sh'
[2.437s] Level 1:colcon.colcon_core.environment:checking '/home/golam_sadek/ros2_ws/install/my_robot_bringup/bin'
[2.437s] Level 1:colcon.colcon_core.environment:checking '/home/golam_sadek/ros2_ws/install/my_robot_bringup/lib/pkgconfig/my_robot_bringup.pc'
[2.437s] Level 1:colcon.colcon_core.environment:checking '/home/golam_sadek/ros2_ws/install/my_robot_bringup/lib/python3.10/site-packages'
[2.437s] Level 1:colcon.colcon_core.environment:checking '/home/golam_sadek/ros2_ws/install/my_robot_bringup/bin'
[2.437s] INFO:colcon.colcon_core.shell:Creating package script '/home/golam_sadek/ros2_ws/install/my_robot_bringup/share/my_robot_bringup/package.ps1'
[2.438s] INFO:colcon.colcon_core.shell:Creating package descriptor '/home/golam_sadek/ros2_ws/install/my_robot_bringup/share/my_robot_bringup/package.dsv'
[2.438s] INFO:colcon.colcon_core.shell:Creating package script '/home/golam_sadek/ros2_ws/install/my_robot_bringup/share/my_robot_bringup/package.sh'
[2.439s] INFO:colcon.colcon_core.shell:Creating package script '/home/golam_sadek/ros2_ws/install/my_robot_bringup/share/my_robot_bringup/package.bash'
[2.439s] INFO:colcon.colcon_core.shell:Creating package script '/home/golam_sadek/ros2_ws/install/my_robot_bringup/share/my_robot_bringup/package.zsh'
[2.440s] Level 1:colcon.colcon_core.environment:create_file_with_runtime_dependencies(/home/golam_sadek/ros2_ws/install/my_robot_bringup/share/colcon-core/packages/my_robot_bringup)
[2.440s] Level 1:colcon.colcon_core.environment:create_environment_scripts_only(my_robot_bringup)
[2.441s] Level 1:colcon.colcon_core.environment:checking '/home/golam_sadek/ros2_ws/install/my_robot_bringup' for CMake module files
[2.441s] Level 1:colcon.colcon_core.environment:checking '/home/golam_sadek/ros2_ws/install/my_robot_bringup' for CMake config files
[2.441s] Level 1:colcon.colcon_core.shell:create_environment_hook('my_robot_bringup', 'cmake_prefix_path')
[2.442s] INFO:colcon.colcon_core.shell:Creating environment hook '/home/golam_sadek/ros2_ws/install/my_robot_bringup/share/my_robot_bringup/hook/cmake_prefix_path.ps1'
[2.442s] INFO:colcon.colcon_core.shell:Creating environment descriptor '/home/golam_sadek/ros2_ws/install/my_robot_bringup/share/my_robot_bringup/hook/cmake_prefix_path.dsv'
[2.442s] INFO:colcon.colcon_core.shell:Creating environment hook '/home/golam_sadek/ros2_ws/install/my_robot_bringup/share/my_robot_bringup/hook/cmake_prefix_path.sh'
[2.443s] Level 1:colcon.colcon_core.environment:checking '/home/golam_sadek/ros2_ws/install/my_robot_bringup/bin'
[2.443s] Level 1:colcon.colcon_core.environment:checking '/home/golam_sadek/ros2_ws/install/my_robot_bringup/lib/pkgconfig/my_robot_bringup.pc'
[2.443s] Level 1:colcon.colcon_core.environment:checking '/home/golam_sadek/ros2_ws/install/my_robot_bringup/lib/python3.10/site-packages'
[2.443s] Level 1:colcon.colcon_core.environment:checking '/home/golam_sadek/ros2_ws/install/my_robot_bringup/bin'
[2.444s] INFO:colcon.colcon_core.shell:Creating package script '/home/golam_sadek/ros2_ws/install/my_robot_bringup/share/my_robot_bringup/package.ps1'
[2.444s] INFO:colcon.colcon_core.shell:Creating package descriptor '/home/golam_sadek/ros2_ws/install/my_robot_bringup/share/my_robot_bringup/package.dsv'
[2.444s] INFO:colcon.colcon_core.shell:Creating package script '/home/golam_sadek/ros2_ws/install/my_robot_bringup/share/my_robot_bringup/package.sh'
[2.445s] INFO:colcon.colcon_core.shell:Creating package script '/home/golam_sadek/ros2_ws/install/my_robot_bringup/share/my_robot_bringup/package.bash'
[2.445s] INFO:colcon.colcon_core.shell:Creating package script '/home/golam_sadek/ros2_ws/install/my_robot_bringup/share/my_robot_bringup/package.zsh'
[2.445s] Level 1:colcon.colcon_core.environment:create_file_with_runtime_dependencies(/home/golam_sadek/ros2_ws/install/my_robot_bringup/share/colcon-core/packages/my_robot_bringup)
[2.446s] DEBUG:colcon.colcon_parallel_executor.executor.parallel:closing loop
[2.446s] DEBUG:colcon.colcon_parallel_executor.executor.parallel:loop closed
[2.446s] DEBUG:colcon.colcon_parallel_executor.executor.parallel:run_until_complete finished with '0'
[2.446s] DEBUG:colcon.colcon_core.event_reactor:joining thread
[2.451s] INFO:colcon.colcon_core.plugin_system:Skipping extension 'colcon_notification.desktop_notification.terminal_notifier': Not used on non-Darwin systems
[2.451s] INFO:colcon.colcon_core.plugin_system:Skipping extension 'colcon_notification.desktop_notification.win32': Not used on non-Windows systems
[2.451s] INFO:colcon.colcon_notification.desktop_notification:Sending desktop notification using 'notify2'
[2.459s] DEBUG:colcon.colcon_core.event_reactor:joined thread
[2.459s] INFO:colcon.colcon_core.shell:Creating prefix script '/home/golam_sadek/ros2_ws/install/local_setup.ps1'
[2.460s] INFO:colcon.colcon_core.shell:Creating prefix util module '/home/golam_sadek/ros2_ws/install/_local_setup_util_ps1.py'
[2.461s] INFO:colcon.colcon_core.shell:Creating prefix chain script '/home/golam_sadek/ros2_ws/install/setup.ps1'
[2.462s] INFO:colcon.colcon_core.shell:Creating prefix script '/home/golam_sadek/ros2_ws/install/local_setup.sh'
[2.463s] INFO:colcon.colcon_core.shell:Creating prefix util module '/home/golam_sadek/ros2_ws/install/_local_setup_util_sh.py'
[2.463s] INFO:colcon.colcon_core.shell:Creating prefix chain script '/home/golam_sadek/ros2_ws/install/setup.sh'
[2.464s] INFO:colcon.colcon_core.shell:Creating prefix script '/home/golam_sadek/ros2_ws/install/local_setup.bash'
[2.464s] INFO:colcon.colcon_core.shell:Creating prefix chain script '/home/golam_sadek/ros2_ws/install/setup.bash'
[2.465s] INFO:colcon.colcon_core.shell:Creating prefix script '/home/golam_sadek/ros2_ws/install/local_setup.zsh'
[2.466s] INFO:colcon.colcon_core.shell:Creating prefix chain script '/home/golam_sadek/ros2_ws/install/setup.zsh'
