[0.011s] Invoking command in '/home/golam_sadek/ros2_ws/build/my_robot1_bringup': AMENT_PREFIX_PATH=/home/golam_sadek/ros2_ws/install/my_robot_description:${AMENT_PREFIX_PATH} CMAKE_PREFIX_PATH=/home/golam_sadek/ros2_ws/install/my_robot_description:/opt/ros/humble /usr/bin/cmake /home/golam_sadek/ros2_ws/src/my_robot1_bringup -DCMAKE_INSTALL_PREFIX=/home/golam_sadek/ros2_ws/install/my_robot1_bringup
[0.030s] -- Found ament_cmake: 1.3.11 (/opt/ros/humble/share/ament_cmake/cmake)
[0.222s] -- Override CMake install command with custom implementation using symlinks instead of copying resources
[0.362s] -- Configuring done
[0.364s] -- Generating done
[0.366s] -- Build files have been written to: /home/golam_sadek/ros2_ws/build/my_robot1_bringup
[0.369s] Invoked command in '/home/golam_sadek/ros2_ws/build/my_robot1_bringup' returned '0': AMENT_PREFIX_PATH=/home/golam_sadek/ros2_ws/install/my_robot_description:${AMENT_PREFIX_PATH} CMAKE_PREFIX_PATH=/home/golam_sadek/ros2_ws/install/my_robot_description:/opt/ros/humble /usr/bin/cmake /home/golam_sadek/ros2_ws/src/my_robot1_bringup -DCMAKE_INSTALL_PREFIX=/home/golam_sadek/ros2_ws/install/my_robot1_bringup
[0.371s] Invoking command in '/home/golam_sadek/ros2_ws/build/my_robot1_bringup': AMENT_PREFIX_PATH=/home/golam_sadek/ros2_ws/install/my_robot_description:${AMENT_PREFIX_PATH} CMAKE_PREFIX_PATH=/home/golam_sadek/ros2_ws/install/my_robot_description:/opt/ros/humble /usr/bin/cmake --build /home/golam_sadek/ros2_ws/build/my_robot1_bringup -- -j8 -l8
[0.422s] Invoked command in '/home/golam_sadek/ros2_ws/build/my_robot1_bringup' returned '0': AMENT_PREFIX_PATH=/home/golam_sadek/ros2_ws/install/my_robot_description:${AMENT_PREFIX_PATH} CMAKE_PREFIX_PATH=/home/golam_sadek/ros2_ws/install/my_robot_description:/opt/ros/humble /usr/bin/cmake --build /home/golam_sadek/ros2_ws/build/my_robot1_bringup -- -j8 -l8
[0.425s] Invoking command in '/home/golam_sadek/ros2_ws/build/my_robot1_bringup': AMENT_PREFIX_PATH=/home/golam_sadek/ros2_ws/install/my_robot_description:${AMENT_PREFIX_PATH} CMAKE_PREFIX_PATH=/home/golam_sadek/ros2_ws/install/my_robot_description:/opt/ros/humble /usr/bin/cmake --install /home/golam_sadek/ros2_ws/build/my_robot1_bringup
[0.436s] -- Install configuration: ""
[0.437s] -- Execute custom install script
[0.437s] -- Up-to-date symlink: /home/golam_sadek/ros2_ws/install/my_robot1_bringup/share/my_robot1_bringup//launch/my_robot_gazebo.launch.xml
[0.437s] -- Up-to-date symlink: /home/golam_sadek/ros2_ws/install/my_robot1_bringup/share/ament_index/resource_index/package_run_dependencies/my_robot1_bringup
[0.438s] -- Up-to-date symlink: /home/golam_sadek/ros2_ws/install/my_robot1_bringup/share/ament_index/resource_index/parent_prefix_path/my_robot1_bringup
[0.438s] -- Up-to-date symlink: /home/golam_sadek/ros2_ws/install/my_robot1_bringup/share/my_robot1_bringup/environment/ament_prefix_path.sh
[0.438s] -- Up-to-date symlink: /home/golam_sadek/ros2_ws/install/my_robot1_bringup/share/my_robot1_bringup/environment/ament_prefix_path.dsv
[0.438s] -- Up-to-date symlink: /home/golam_sadek/ros2_ws/install/my_robot1_bringup/share/my_robot1_bringup/environment/path.sh
[0.439s] -- Up-to-date symlink: /home/golam_sadek/ros2_ws/install/my_robot1_bringup/share/my_robot1_bringup/environment/path.dsv
[0.439s] -- Up-to-date symlink: /home/golam_sadek/ros2_ws/install/my_robot1_bringup/share/my_robot1_bringup/local_setup.bash
[0.439s] -- Up-to-date symlink: /home/golam_sadek/ros2_ws/install/my_robot1_bringup/share/my_robot1_bringup/local_setup.sh
[0.439s] -- Up-to-date symlink: /home/golam_sadek/ros2_ws/install/my_robot1_bringup/share/my_robot1_bringup/local_setup.zsh
[0.440s] -- Up-to-date symlink: /home/golam_sadek/ros2_ws/install/my_robot1_bringup/share/my_robot1_bringup/local_setup.dsv
[0.440s] -- Symlinking: /home/golam_sadek/ros2_ws/install/my_robot1_bringup/share/my_robot1_bringup/package.dsv
[0.455s] -- Up-to-date symlink: /home/golam_sadek/ros2_ws/install/my_robot1_bringup/share/ament_index/resource_index/packages/my_robot1_bringup
[0.455s] -- Up-to-date symlink: /home/golam_sadek/ros2_ws/install/my_robot1_bringup/share/my_robot1_bringup/cmake/my_robot1_bringupConfig.cmake
[0.455s] -- Up-to-date symlink: /home/golam_sadek/ros2_ws/install/my_robot1_bringup/share/my_robot1_bringup/cmake/my_robot1_bringupConfig-version.cmake
[0.455s] -- Up-to-date symlink: /home/golam_sadek/ros2_ws/install/my_robot1_bringup/share/my_robot1_bringup/package.xml
[0.459s] Invoked command in '/home/golam_sadek/ros2_ws/build/my_robot1_bringup' returned '0': AMENT_PREFIX_PATH=/home/golam_sadek/ros2_ws/install/my_robot_description:${AMENT_PREFIX_PATH} CMAKE_PREFIX_PATH=/home/golam_sadek/ros2_ws/install/my_robot_description:/opt/ros/humble /usr/bin/cmake --install /home/golam_sadek/ros2_ws/build/my_robot1_bringup
