[0.254s] Invoking command in '/home/golam_sadek/ros2_ws/build/my_robot_interfaces': CMAKE_PREFIX_PATH=/opt/ros/humble /usr/bin/cmake --build /home/golam_sadek/ros2_ws/build/my_robot_interfaces -- -j8 -l8
[0.321s] [  3%] Built target my_robot_interfaces__cpp
[0.324s] [ 12%] Built target my_robot_interfaces__rosidl_generator_c
[0.332s] [ 12%] Built target ament_cmake_python_symlink_my_robot_interfaces
[0.373s] [ 22%] Built target my_robot_interfaces__rosidl_typesupport_introspection_cpp
[0.379s] [ 32%] Built target my_robot_interfaces__rosidl_typesupport_c
[0.382s] [ 41%] Built target my_robot_interfaces__rosidl_typesupport_introspection_c
[0.382s] [ 51%] Built target my_robot_interfaces__rosidl_typesupport_fastrtps_cpp
[0.383s] [ 61%] Built target my_robot_interfaces__rosidl_typesupport_fastrtps_c
[0.388s] [ 70%] Built target my_robot_interfaces__rosidl_typesupport_cpp
[0.414s] [ 70%] Built target my_robot_interfaces
[0.439s] [ 74%] Built target my_robot_interfaces__py
[0.467s] [ 80%] Built target my_robot_interfaces__rosidl_generator_py
[0.497s] [ 87%] Built target my_robot_interfaces__rosidl_typesupport_introspection_c__pyext
[0.498s] [ 93%] Built target my_robot_interfaces__rosidl_typesupport_fastrtps_c__pyext
[0.502s] [100%] Built target my_robot_interfaces__rosidl_typesupport_c__pyext
[0.653s] running egg_info
[0.654s] writing my_robot_interfaces.egg-info/PKG-INFO
[0.654s] writing dependency_links to my_robot_interfaces.egg-info/dependency_links.txt
[0.654s] writing top-level names to my_robot_interfaces.egg-info/top_level.txt
[0.657s] reading manifest file 'my_robot_interfaces.egg-info/SOURCES.txt'
[0.657s] writing manifest file 'my_robot_interfaces.egg-info/SOURCES.txt'
[0.702s] [100%] Built target ament_cmake_python_build_my_robot_interfaces_egg
