[0.086s] DEBUG:colcon:Command line arguments: ['/usr/bin/colcon', 'build', '--symlink-install']
[0.086s] DEBUG:colcon:Parsed command line arguments: Namespace(log_base=None, log_level=None, verb_name='build', build_base='build', install_base='install', merge_install=False, symlink_install=True, test_result_base=None, continue_on_error=False, executor='parallel', parallel_workers=8, event_handlers=None, ignore_user_meta=False, metas=['./colcon.meta'], base_paths=['.'], packages_ignore=None, packages_ignore_regex=None, paths=None, packages_up_to=None, packages_up_to_regex=None, packages_above=None, packages_above_and_dependencies=None, packages_above_depth=None, packages_select_by_dep=None, packages_skip_by_dep=None, packages_skip_up_to=None, packages_select_build_failed=False, packages_skip_build_finished=False, packages_select_test_failures=False, packages_skip_test_passed=False, packages_select=None, packages_skip=None, packages_select_regex=None, packages_skip_regex=None, packages_start=None, packages_end=None, allow_overriding=[], cmake_args=None, cmake_target=None, cmake_target_skip_unavailable=False, cmake_clean_cache=False, cmake_clean_first=False, cmake_force_configure=False, ament_cmake_args=None, catkin_cmake_args=None, catkin_skip_building_tests=False, verb_parser=<colcon_defaults.argument_parser.defaults.DefaultArgumentsDecorator object at 0x7da3cf350460>, verb_extension=<colcon_core.verb.build.BuildVerb object at 0x7da3cf459750>, main=<bound method BuildVerb.main of <colcon_core.verb.build.BuildVerb object at 0x7da3cf459750>>)
[0.223s] Level 1:colcon.colcon_core.package_discovery:discover_packages(colcon_meta) check parameters
[0.223s] Level 1:colcon.colcon_core.package_discovery:discover_packages(recursive) check parameters
[0.223s] Level 1:colcon.colcon_core.package_discovery:discover_packages(ignore) check parameters
[0.223s] Level 1:colcon.colcon_core.package_discovery:discover_packages(path) check parameters
[0.223s] Level 1:colcon.colcon_core.package_discovery:discover_packages(colcon_meta) discover
[0.223s] Level 1:colcon.colcon_core.package_discovery:discover_packages(recursive) discover
[0.223s] INFO:colcon.colcon_core.package_discovery:Crawling recursively for packages in '/home/golam_sadek/ros2_ws'
[0.223s] Level 1:colcon.colcon_core.package_identification:_identify(.) by extensions ['ignore', 'ignore_ament_install']
[0.223s] Level 1:colcon.colcon_core.package_identification:_identify(.) by extension 'ignore'
[0.223s] Level 1:colcon.colcon_core.package_identification:_identify(.) by extension 'ignore_ament_install'
[0.223s] Level 1:colcon.colcon_core.package_identification:_identify(.) by extensions ['colcon_pkg']
[0.223s] Level 1:colcon.colcon_core.package_identification:_identify(.) by extension 'colcon_pkg'
[0.224s] Level 1:colcon.colcon_core.package_identification:_identify(.) by extensions ['colcon_meta']
[0.224s] Level 1:colcon.colcon_core.package_identification:_identify(.) by extension 'colcon_meta'
[0.224s] Level 1:colcon.colcon_core.package_identification:_identify(.) by extensions ['ros']
[0.224s] Level 1:colcon.colcon_core.package_identification:_identify(.) by extension 'ros'
[0.234s] Level 1:colcon.colcon_core.package_identification:_identify(.) by extensions ['cmake', 'python']
[0.234s] Level 1:colcon.colcon_core.package_identification:_identify(.) by extension 'cmake'
[0.234s] Level 1:colcon.colcon_core.package_identification:_identify(.) by extension 'python'
[0.234s] Level 1:colcon.colcon_core.package_identification:_identify(.) by extensions ['python_setup_py']
[0.234s] Level 1:colcon.colcon_core.package_identification:_identify(.) by extension 'python_setup_py'
[0.234s] Level 1:colcon.colcon_core.package_identification:_identify(build) by extensions ['ignore', 'ignore_ament_install']
[0.234s] Level 1:colcon.colcon_core.package_identification:_identify(build) by extension 'ignore'
[0.234s] Level 1:colcon.colcon_core.package_identification:_identify(build) ignored
[0.235s] Level 1:colcon.colcon_core.package_identification:_identify(install) by extensions ['ignore', 'ignore_ament_install']
[0.235s] Level 1:colcon.colcon_core.package_identification:_identify(install) by extension 'ignore'
[0.235s] Level 1:colcon.colcon_core.package_identification:_identify(install) ignored
[0.235s] Level 1:colcon.colcon_core.package_identification:_identify(log) by extensions ['ignore', 'ignore_ament_install']
[0.235s] Level 1:colcon.colcon_core.package_identification:_identify(log) by extension 'ignore'
[0.235s] Level 1:colcon.colcon_core.package_identification:_identify(log) ignored
[0.235s] Level 1:colcon.colcon_core.package_identification:_identify(src) by extensions ['ignore', 'ignore_ament_install']
[0.235s] Level 1:colcon.colcon_core.package_identification:_identify(src) by extension 'ignore'
[0.235s] Level 1:colcon.colcon_core.package_identification:_identify(src) by extension 'ignore_ament_install'
[0.235s] Level 1:colcon.colcon_core.package_identification:_identify(src) by extensions ['colcon_pkg']
[0.235s] Level 1:colcon.colcon_core.package_identification:_identify(src) by extension 'colcon_pkg'
[0.235s] Level 1:colcon.colcon_core.package_identification:_identify(src) by extensions ['colcon_meta']
[0.235s] Level 1:colcon.colcon_core.package_identification:_identify(src) by extension 'colcon_meta'
[0.235s] Level 1:colcon.colcon_core.package_identification:_identify(src) by extensions ['ros']
[0.235s] Level 1:colcon.colcon_core.package_identification:_identify(src) by extension 'ros'
[0.235s] Level 1:colcon.colcon_core.package_identification:_identify(src) by extensions ['cmake', 'python']
[0.235s] Level 1:colcon.colcon_core.package_identification:_identify(src) by extension 'cmake'
[0.235s] Level 1:colcon.colcon_core.package_identification:_identify(src) by extension 'python'
[0.236s] Level 1:colcon.colcon_core.package_identification:_identify(src) by extensions ['python_setup_py']
[0.236s] Level 1:colcon.colcon_core.package_identification:_identify(src) by extension 'python_setup_py'
[0.236s] Level 1:colcon.colcon_core.package_identification:_identify(src/my_cpp_pkg) by extensions ['ignore', 'ignore_ament_install']
[0.236s] Level 1:colcon.colcon_core.package_identification:_identify(src/my_cpp_pkg) by extension 'ignore'
[0.236s] Level 1:colcon.colcon_core.package_identification:_identify(src/my_cpp_pkg) by extension 'ignore_ament_install'
[0.236s] Level 1:colcon.colcon_core.package_identification:_identify(src/my_cpp_pkg) by extensions ['colcon_pkg']
[0.236s] Level 1:colcon.colcon_core.package_identification:_identify(src/my_cpp_pkg) by extension 'colcon_pkg'
[0.236s] Level 1:colcon.colcon_core.package_identification:_identify(src/my_cpp_pkg) by extensions ['colcon_meta']
[0.236s] Level 1:colcon.colcon_core.package_identification:_identify(src/my_cpp_pkg) by extension 'colcon_meta'
[0.236s] Level 1:colcon.colcon_core.package_identification:_identify(src/my_cpp_pkg) by extensions ['ros']
[0.236s] Level 1:colcon.colcon_core.package_identification:_identify(src/my_cpp_pkg) by extension 'ros'
[0.238s] DEBUG:colcon.colcon_core.package_identification:Package 'src/my_cpp_pkg' with type 'ros.ament_cmake' and name 'my_cpp_pkg'
[0.238s] Level 1:colcon.colcon_core.package_identification:_identify(src/my_py_pkg) by extensions ['ignore', 'ignore_ament_install']
[0.238s] Level 1:colcon.colcon_core.package_identification:_identify(src/my_py_pkg) by extension 'ignore'
[0.238s] Level 1:colcon.colcon_core.package_identification:_identify(src/my_py_pkg) by extension 'ignore_ament_install'
[0.239s] Level 1:colcon.colcon_core.package_identification:_identify(src/my_py_pkg) by extensions ['colcon_pkg']
[0.239s] Level 1:colcon.colcon_core.package_identification:_identify(src/my_py_pkg) by extension 'colcon_pkg'
[0.239s] Level 1:colcon.colcon_core.package_identification:_identify(src/my_py_pkg) by extensions ['colcon_meta']
[0.239s] Level 1:colcon.colcon_core.package_identification:_identify(src/my_py_pkg) by extension 'colcon_meta'
[0.239s] Level 1:colcon.colcon_core.package_identification:_identify(src/my_py_pkg) by extensions ['ros']
[0.239s] Level 1:colcon.colcon_core.package_identification:_identify(src/my_py_pkg) by extension 'ros'
[0.239s] DEBUG:colcon.colcon_core.package_identification:Package 'src/my_py_pkg' with type 'ros.ament_python' and name 'my_py_pkg'
[0.239s] Level 1:colcon.colcon_core.package_identification:_identify(src/my_robot1_bringup) by extensions ['ignore', 'ignore_ament_install']
[0.240s] Level 1:colcon.colcon_core.package_identification:_identify(src/my_robot1_bringup) by extension 'ignore'
[0.240s] Level 1:colcon.colcon_core.package_identification:_identify(src/my_robot1_bringup) by extension 'ignore_ament_install'
[0.240s] Level 1:colcon.colcon_core.package_identification:_identify(src/my_robot1_bringup) by extensions ['colcon_pkg']
[0.240s] Level 1:colcon.colcon_core.package_identification:_identify(src/my_robot1_bringup) by extension 'colcon_pkg'
[0.240s] Level 1:colcon.colcon_core.package_identification:_identify(src/my_robot1_bringup) by extensions ['colcon_meta']
[0.240s] Level 1:colcon.colcon_core.package_identification:_identify(src/my_robot1_bringup) by extension 'colcon_meta'
[0.240s] Level 1:colcon.colcon_core.package_identification:_identify(src/my_robot1_bringup) by extensions ['ros']
[0.240s] Level 1:colcon.colcon_core.package_identification:_identify(src/my_robot1_bringup) by extension 'ros'
[0.240s] DEBUG:colcon.colcon_core.package_identification:Package 'src/my_robot1_bringup' with type 'ros.ament_cmake' and name 'my_robot1_bringup'
[0.240s] Level 1:colcon.colcon_core.package_identification:_identify(src/my_robot_bringup) by extensions ['ignore', 'ignore_ament_install']
[0.240s] Level 1:colcon.colcon_core.package_identification:_identify(src/my_robot_bringup) by extension 'ignore'
[0.240s] Level 1:colcon.colcon_core.package_identification:_identify(src/my_robot_bringup) by extension 'ignore_ament_install'
[0.241s] Level 1:colcon.colcon_core.package_identification:_identify(src/my_robot_bringup) by extensions ['colcon_pkg']
[0.241s] Level 1:colcon.colcon_core.package_identification:_identify(src/my_robot_bringup) by extension 'colcon_pkg'
[0.241s] Level 1:colcon.colcon_core.package_identification:_identify(src/my_robot_bringup) by extensions ['colcon_meta']
[0.241s] Level 1:colcon.colcon_core.package_identification:_identify(src/my_robot_bringup) by extension 'colcon_meta'
[0.241s] Level 1:colcon.colcon_core.package_identification:_identify(src/my_robot_bringup) by extensions ['ros']
[0.241s] Level 1:colcon.colcon_core.package_identification:_identify(src/my_robot_bringup) by extension 'ros'
[0.241s] DEBUG:colcon.colcon_core.package_identification:Package 'src/my_robot_bringup' with type 'ros.ament_cmake' and name 'my_robot_bringup'
[0.241s] Level 1:colcon.colcon_core.package_identification:_identify(src/my_robot_description) by extensions ['ignore', 'ignore_ament_install']
[0.241s] Level 1:colcon.colcon_core.package_identification:_identify(src/my_robot_description) by extension 'ignore'
[0.241s] Level 1:colcon.colcon_core.package_identification:_identify(src/my_robot_description) by extension 'ignore_ament_install'
[0.241s] Level 1:colcon.colcon_core.package_identification:_identify(src/my_robot_description) by extensions ['colcon_pkg']
[0.241s] Level 1:colcon.colcon_core.package_identification:_identify(src/my_robot_description) by extension 'colcon_pkg'
[0.241s] Level 1:colcon.colcon_core.package_identification:_identify(src/my_robot_description) by extensions ['colcon_meta']
[0.241s] Level 1:colcon.colcon_core.package_identification:_identify(src/my_robot_description) by extension 'colcon_meta'
[0.242s] Level 1:colcon.colcon_core.package_identification:_identify(src/my_robot_description) by extensions ['ros']
[0.242s] Level 1:colcon.colcon_core.package_identification:_identify(src/my_robot_description) by extension 'ros'
[0.242s] DEBUG:colcon.colcon_core.package_identification:Package 'src/my_robot_description' with type 'ros.ament_cmake' and name 'my_robot_description'
[0.242s] Level 1:colcon.colcon_core.package_identification:_identify(src/my_robot_interfaces) by extensions ['ignore', 'ignore_ament_install']
[0.242s] Level 1:colcon.colcon_core.package_identification:_identify(src/my_robot_interfaces) by extension 'ignore'
[0.242s] Level 1:colcon.colcon_core.package_identification:_identify(src/my_robot_interfaces) by extension 'ignore_ament_install'
[0.242s] Level 1:colcon.colcon_core.package_identification:_identify(src/my_robot_interfaces) by extensions ['colcon_pkg']
[0.242s] Level 1:colcon.colcon_core.package_identification:_identify(src/my_robot_interfaces) by extension 'colcon_pkg'
[0.242s] Level 1:colcon.colcon_core.package_identification:_identify(src/my_robot_interfaces) by extensions ['colcon_meta']
[0.242s] Level 1:colcon.colcon_core.package_identification:_identify(src/my_robot_interfaces) by extension 'colcon_meta'
[0.242s] Level 1:colcon.colcon_core.package_identification:_identify(src/my_robot_interfaces) by extensions ['ros']
[0.242s] Level 1:colcon.colcon_core.package_identification:_identify(src/my_robot_interfaces) by extension 'ros'
[0.243s] DEBUG:colcon.colcon_core.package_identification:Package 'src/my_robot_interfaces' with type 'ros.ament_cmake' and name 'my_robot_interfaces'
[0.243s] Level 1:colcon.colcon_core.package_identification:_identify(src/turtlesim_catch_them_all) by extensions ['ignore', 'ignore_ament_install']
[0.243s] Level 1:colcon.colcon_core.package_identification:_identify(src/turtlesim_catch_them_all) by extension 'ignore'
[0.243s] Level 1:colcon.colcon_core.package_identification:_identify(src/turtlesim_catch_them_all) by extension 'ignore_ament_install'
[0.243s] Level 1:colcon.colcon_core.package_identification:_identify(src/turtlesim_catch_them_all) by extensions ['colcon_pkg']
[0.243s] Level 1:colcon.colcon_core.package_identification:_identify(src/turtlesim_catch_them_all) by extension 'colcon_pkg'
[0.243s] Level 1:colcon.colcon_core.package_identification:_identify(src/turtlesim_catch_them_all) by extensions ['colcon_meta']
[0.243s] Level 1:colcon.colcon_core.package_identification:_identify(src/turtlesim_catch_them_all) by extension 'colcon_meta'
[0.243s] Level 1:colcon.colcon_core.package_identification:_identify(src/turtlesim_catch_them_all) by extensions ['ros']
[0.243s] Level 1:colcon.colcon_core.package_identification:_identify(src/turtlesim_catch_them_all) by extension 'ros'
[0.244s] DEBUG:colcon.colcon_core.package_identification:Package 'src/turtlesim_catch_them_all' with type 'ros.ament_python' and name 'turtlesim_catch_them_all'
[0.244s] Level 1:colcon.colcon_core.package_discovery:discover_packages(recursive) using defaults
[0.244s] Level 1:colcon.colcon_core.package_discovery:discover_packages(ignore) discover
[0.244s] Level 1:colcon.colcon_core.package_discovery:discover_packages(ignore) using defaults
[0.244s] Level 1:colcon.colcon_core.package_discovery:discover_packages(path) discover
[0.244s] Level 1:colcon.colcon_core.package_discovery:discover_packages(path) using defaults
[0.262s] Level 1:colcon.colcon_core.package_discovery:discover_packages(prefix_path) check parameters
[0.262s] Level 1:colcon.colcon_core.package_discovery:discover_packages(prefix_path) discover
[0.274s] DEBUG:colcon.colcon_installed_package_information.package_discovery:Found 7 installed packages in /home/golam_sadek/ros2_ws/install
[0.275s] DEBUG:colcon.colcon_installed_package_information.package_discovery:Found 294 installed packages in /opt/ros/humble
[0.276s] Level 1:colcon.colcon_core.package_discovery:discover_packages(prefix_path) using defaults
[0.306s] Level 5:colcon.colcon_core.verb:set package 'my_cpp_pkg' build argument 'cmake_args' from command line to 'None'
[0.306s] Level 5:colcon.colcon_core.verb:set package 'my_cpp_pkg' build argument 'cmake_target' from command line to 'None'
[0.306s] Level 5:colcon.colcon_core.verb:set package 'my_cpp_pkg' build argument 'cmake_target_skip_unavailable' from command line to 'False'
[0.306s] Level 5:colcon.colcon_core.verb:set package 'my_cpp_pkg' build argument 'cmake_clean_cache' from command line to 'False'
[0.306s] Level 5:colcon.colcon_core.verb:set package 'my_cpp_pkg' build argument 'cmake_clean_first' from command line to 'False'
[0.306s] Level 5:colcon.colcon_core.verb:set package 'my_cpp_pkg' build argument 'cmake_force_configure' from command line to 'False'
[0.306s] Level 5:colcon.colcon_core.verb:set package 'my_cpp_pkg' build argument 'ament_cmake_args' from command line to 'None'
[0.306s] Level 5:colcon.colcon_core.verb:set package 'my_cpp_pkg' build argument 'catkin_cmake_args' from command line to 'None'
[0.306s] Level 5:colcon.colcon_core.verb:set package 'my_cpp_pkg' build argument 'catkin_skip_building_tests' from command line to 'False'
[0.307s] DEBUG:colcon.colcon_core.verb:Building package 'my_cpp_pkg' with the following arguments: {'ament_cmake_args': None, 'build_base': '/home/golam_sadek/ros2_ws/build/my_cpp_pkg', 'catkin_cmake_args': None, 'catkin_skip_building_tests': False, 'cmake_args': None, 'cmake_clean_cache': False, 'cmake_clean_first': False, 'cmake_force_configure': False, 'cmake_target': None, 'cmake_target_skip_unavailable': False, 'install_base': '/home/golam_sadek/ros2_ws/install/my_cpp_pkg', 'merge_install': False, 'path': '/home/golam_sadek/ros2_ws/src/my_cpp_pkg', 'symlink_install': True, 'test_result_base': None}
[0.307s] Level 5:colcon.colcon_core.verb:set package 'my_py_pkg' build argument 'cmake_args' from command line to 'None'
[0.307s] Level 5:colcon.colcon_core.verb:set package 'my_py_pkg' build argument 'cmake_target' from command line to 'None'
[0.307s] Level 5:colcon.colcon_core.verb:set package 'my_py_pkg' build argument 'cmake_target_skip_unavailable' from command line to 'False'
[0.307s] Level 5:colcon.colcon_core.verb:set package 'my_py_pkg' build argument 'cmake_clean_cache' from command line to 'False'
[0.307s] Level 5:colcon.colcon_core.verb:set package 'my_py_pkg' build argument 'cmake_clean_first' from command line to 'False'
[0.307s] Level 5:colcon.colcon_core.verb:set package 'my_py_pkg' build argument 'cmake_force_configure' from command line to 'False'
[0.307s] Level 5:colcon.colcon_core.verb:set package 'my_py_pkg' build argument 'ament_cmake_args' from command line to 'None'
[0.307s] Level 5:colcon.colcon_core.verb:set package 'my_py_pkg' build argument 'catkin_cmake_args' from command line to 'None'
[0.307s] Level 5:colcon.colcon_core.verb:set package 'my_py_pkg' build argument 'catkin_skip_building_tests' from command line to 'False'
[0.307s] DEBUG:colcon.colcon_core.verb:Building package 'my_py_pkg' with the following arguments: {'ament_cmake_args': None, 'build_base': '/home/golam_sadek/ros2_ws/build/my_py_pkg', 'catkin_cmake_args': None, 'catkin_skip_building_tests': False, 'cmake_args': None, 'cmake_clean_cache': False, 'cmake_clean_first': False, 'cmake_force_configure': False, 'cmake_target': None, 'cmake_target_skip_unavailable': False, 'install_base': '/home/golam_sadek/ros2_ws/install/my_py_pkg', 'merge_install': False, 'path': '/home/golam_sadek/ros2_ws/src/my_py_pkg', 'symlink_install': True, 'test_result_base': None}
[0.307s] Level 5:colcon.colcon_core.verb:set package 'my_robot_description' build argument 'cmake_args' from command line to 'None'
[0.307s] Level 5:colcon.colcon_core.verb:set package 'my_robot_description' build argument 'cmake_target' from command line to 'None'
[0.307s] Level 5:colcon.colcon_core.verb:set package 'my_robot_description' build argument 'cmake_target_skip_unavailable' from command line to 'False'
[0.307s] Level 5:colcon.colcon_core.verb:set package 'my_robot_description' build argument 'cmake_clean_cache' from command line to 'False'
[0.307s] Level 5:colcon.colcon_core.verb:set package 'my_robot_description' build argument 'cmake_clean_first' from command line to 'False'
[0.307s] Level 5:colcon.colcon_core.verb:set package 'my_robot_description' build argument 'cmake_force_configure' from command line to 'False'
[0.307s] Level 5:colcon.colcon_core.verb:set package 'my_robot_description' build argument 'ament_cmake_args' from command line to 'None'
[0.308s] Level 5:colcon.colcon_core.verb:set package 'my_robot_description' build argument 'catkin_cmake_args' from command line to 'None'
[0.308s] Level 5:colcon.colcon_core.verb:set package 'my_robot_description' build argument 'catkin_skip_building_tests' from command line to 'False'
[0.308s] DEBUG:colcon.colcon_core.verb:Building package 'my_robot_description' with the following arguments: {'ament_cmake_args': None, 'build_base': '/home/golam_sadek/ros2_ws/build/my_robot_description', 'catkin_cmake_args': None, 'catkin_skip_building_tests': False, 'cmake_args': None, 'cmake_clean_cache': False, 'cmake_clean_first': False, 'cmake_force_configure': False, 'cmake_target': None, 'cmake_target_skip_unavailable': False, 'install_base': '/home/golam_sadek/ros2_ws/install/my_robot_description', 'merge_install': False, 'path': '/home/golam_sadek/ros2_ws/src/my_robot_description', 'symlink_install': True, 'test_result_base': None}
[0.308s] Level 5:colcon.colcon_core.verb:set package 'my_robot_interfaces' build argument 'cmake_args' from command line to 'None'
[0.308s] Level 5:colcon.colcon_core.verb:set package 'my_robot_interfaces' build argument 'cmake_target' from command line to 'None'
[0.308s] Level 5:colcon.colcon_core.verb:set package 'my_robot_interfaces' build argument 'cmake_target_skip_unavailable' from command line to 'False'
[0.308s] Level 5:colcon.colcon_core.verb:set package 'my_robot_interfaces' build argument 'cmake_clean_cache' from command line to 'False'
[0.308s] Level 5:colcon.colcon_core.verb:set package 'my_robot_interfaces' build argument 'cmake_clean_first' from command line to 'False'
[0.308s] Level 5:colcon.colcon_core.verb:set package 'my_robot_interfaces' build argument 'cmake_force_configure' from command line to 'False'
[0.308s] Level 5:colcon.colcon_core.verb:set package 'my_robot_interfaces' build argument 'ament_cmake_args' from command line to 'None'
[0.308s] Level 5:colcon.colcon_core.verb:set package 'my_robot_interfaces' build argument 'catkin_cmake_args' from command line to 'None'
[0.308s] Level 5:colcon.colcon_core.verb:set package 'my_robot_interfaces' build argument 'catkin_skip_building_tests' from command line to 'False'
[0.308s] DEBUG:colcon.colcon_core.verb:Building package 'my_robot_interfaces' with the following arguments: {'ament_cmake_args': None, 'build_base': '/home/golam_sadek/ros2_ws/build/my_robot_interfaces', 'catkin_cmake_args': None, 'catkin_skip_building_tests': False, 'cmake_args': None, 'cmake_clean_cache': False, 'cmake_clean_first': False, 'cmake_force_configure': False, 'cmake_target': None, 'cmake_target_skip_unavailable': False, 'install_base': '/home/golam_sadek/ros2_ws/install/my_robot_interfaces', 'merge_install': False, 'path': '/home/golam_sadek/ros2_ws/src/my_robot_interfaces', 'symlink_install': True, 'test_result_base': None}
[0.308s] Level 5:colcon.colcon_core.verb:set package 'turtlesim_catch_them_all' build argument 'cmake_args' from command line to 'None'
[0.308s] Level 5:colcon.colcon_core.verb:set package 'turtlesim_catch_them_all' build argument 'cmake_target' from command line to 'None'
[0.308s] Level 5:colcon.colcon_core.verb:set package 'turtlesim_catch_them_all' build argument 'cmake_target_skip_unavailable' from command line to 'False'
[0.308s] Level 5:colcon.colcon_core.verb:set package 'turtlesim_catch_them_all' build argument 'cmake_clean_cache' from command line to 'False'
[0.308s] Level 5:colcon.colcon_core.verb:set package 'turtlesim_catch_them_all' build argument 'cmake_clean_first' from command line to 'False'
[0.308s] Level 5:colcon.colcon_core.verb:set package 'turtlesim_catch_them_all' build argument 'cmake_force_configure' from command line to 'False'
[0.308s] Level 5:colcon.colcon_core.verb:set package 'turtlesim_catch_them_all' build argument 'ament_cmake_args' from command line to 'None'
[0.309s] Level 5:colcon.colcon_core.verb:set package 'turtlesim_catch_them_all' build argument 'catkin_cmake_args' from command line to 'None'
[0.309s] Level 5:colcon.colcon_core.verb:set package 'turtlesim_catch_them_all' build argument 'catkin_skip_building_tests' from command line to 'False'
[0.309s] DEBUG:colcon.colcon_core.verb:Building package 'turtlesim_catch_them_all' with the following arguments: {'ament_cmake_args': None, 'build_base': '/home/golam_sadek/ros2_ws/build/turtlesim_catch_them_all', 'catkin_cmake_args': None, 'catkin_skip_building_tests': False, 'cmake_args': None, 'cmake_clean_cache': False, 'cmake_clean_first': False, 'cmake_force_configure': False, 'cmake_target': None, 'cmake_target_skip_unavailable': False, 'install_base': '/home/golam_sadek/ros2_ws/install/turtlesim_catch_them_all', 'merge_install': False, 'path': '/home/golam_sadek/ros2_ws/src/turtlesim_catch_them_all', 'symlink_install': True, 'test_result_base': None}
[0.309s] Level 5:colcon.colcon_core.verb:set package 'my_robot1_bringup' build argument 'cmake_args' from command line to 'None'
[0.309s] Level 5:colcon.colcon_core.verb:set package 'my_robot1_bringup' build argument 'cmake_target' from command line to 'None'
[0.309s] Level 5:colcon.colcon_core.verb:set package 'my_robot1_bringup' build argument 'cmake_target_skip_unavailable' from command line to 'False'
[0.309s] Level 5:colcon.colcon_core.verb:set package 'my_robot1_bringup' build argument 'cmake_clean_cache' from command line to 'False'
[0.309s] Level 5:colcon.colcon_core.verb:set package 'my_robot1_bringup' build argument 'cmake_clean_first' from command line to 'False'
[0.309s] Level 5:colcon.colcon_core.verb:set package 'my_robot1_bringup' build argument 'cmake_force_configure' from command line to 'False'
[0.309s] Level 5:colcon.colcon_core.verb:set package 'my_robot1_bringup' build argument 'ament_cmake_args' from command line to 'None'
[0.309s] Level 5:colcon.colcon_core.verb:set package 'my_robot1_bringup' build argument 'catkin_cmake_args' from command line to 'None'
[0.309s] Level 5:colcon.colcon_core.verb:set package 'my_robot1_bringup' build argument 'catkin_skip_building_tests' from command line to 'False'
[0.309s] DEBUG:colcon.colcon_core.verb:Building package 'my_robot1_bringup' with the following arguments: {'ament_cmake_args': None, 'build_base': '/home/golam_sadek/ros2_ws/build/my_robot1_bringup', 'catkin_cmake_args': None, 'catkin_skip_building_tests': False, 'cmake_args': None, 'cmake_clean_cache': False, 'cmake_clean_first': False, 'cmake_force_configure': False, 'cmake_target': None, 'cmake_target_skip_unavailable': False, 'install_base': '/home/golam_sadek/ros2_ws/install/my_robot1_bringup', 'merge_install': False, 'path': '/home/golam_sadek/ros2_ws/src/my_robot1_bringup', 'symlink_install': True, 'test_result_base': None}
[0.309s] Level 5:colcon.colcon_core.verb:set package 'my_robot_bringup' build argument 'cmake_args' from command line to 'None'
[0.309s] Level 5:colcon.colcon_core.verb:set package 'my_robot_bringup' build argument 'cmake_target' from command line to 'None'
[0.309s] Level 5:colcon.colcon_core.verb:set package 'my_robot_bringup' build argument 'cmake_target_skip_unavailable' from command line to 'False'
[0.309s] Level 5:colcon.colcon_core.verb:set package 'my_robot_bringup' build argument 'cmake_clean_cache' from command line to 'False'
[0.309s] Level 5:colcon.colcon_core.verb:set package 'my_robot_bringup' build argument 'cmake_clean_first' from command line to 'False'
[0.309s] Level 5:colcon.colcon_core.verb:set package 'my_robot_bringup' build argument 'cmake_force_configure' from command line to 'False'
[0.309s] Level 5:colcon.colcon_core.verb:set package 'my_robot_bringup' build argument 'ament_cmake_args' from command line to 'None'
[0.309s] Level 5:colcon.colcon_core.verb:set package 'my_robot_bringup' build argument 'catkin_cmake_args' from command line to 'None'
[0.309s] Level 5:colcon.colcon_core.verb:set package 'my_robot_bringup' build argument 'catkin_skip_building_tests' from command line to 'False'
[0.310s] DEBUG:colcon.colcon_core.verb:Building package 'my_robot_bringup' with the following arguments: {'ament_cmake_args': None, 'build_base': '/home/golam_sadek/ros2_ws/build/my_robot_bringup', 'catkin_cmake_args': None, 'catkin_skip_building_tests': False, 'cmake_args': None, 'cmake_clean_cache': False, 'cmake_clean_first': False, 'cmake_force_configure': False, 'cmake_target': None, 'cmake_target_skip_unavailable': False, 'install_base': '/home/golam_sadek/ros2_ws/install/my_robot_bringup', 'merge_install': False, 'path': '/home/golam_sadek/ros2_ws/src/my_robot_bringup', 'symlink_install': True, 'test_result_base': None}
[0.310s] INFO:colcon.colcon_core.executor:Executing jobs using 'parallel' executor
[0.311s] DEBUG:colcon.colcon_parallel_executor.executor.parallel:run_until_complete
[0.311s] INFO:colcon.colcon_ros.task.ament_python.build:Building ROS package in '/home/golam_sadek/ros2_ws/src/my_py_pkg' with build type 'ament_python'
[0.311s] Level 1:colcon.colcon_core.shell:create_environment_hook('my_py_pkg', 'ament_prefix_path')
[0.313s] INFO:colcon.colcon_core.plugin_system:Skipping extension 'colcon_core.shell.bat': Not used on non-Windows systems
[0.313s] INFO:colcon.colcon_core.shell:Creating environment hook '/home/golam_sadek/ros2_ws/install/my_py_pkg/share/my_py_pkg/hook/ament_prefix_path.ps1'
[0.314s] INFO:colcon.colcon_core.shell:Creating environment descriptor '/home/golam_sadek/ros2_ws/install/my_py_pkg/share/my_py_pkg/hook/ament_prefix_path.dsv'
[0.314s] INFO:colcon.colcon_core.shell:Creating environment hook '/home/golam_sadek/ros2_ws/install/my_py_pkg/share/my_py_pkg/hook/ament_prefix_path.sh'
[0.315s] INFO:colcon.colcon_core.shell:Skip shell extension 'powershell' for command environment: Not usable outside of PowerShell
[0.315s] DEBUG:colcon.colcon_core.shell:Skip shell extension 'dsv' for command environment
[0.318s] INFO:colcon.colcon_ros.task.ament_cmake.build:Building ROS package in '/home/golam_sadek/ros2_ws/src/my_robot_description' with build type 'ament_cmake'
[0.318s] INFO:colcon.colcon_cmake.task.cmake.build:Building CMake package in '/home/golam_sadek/ros2_ws/src/my_robot_description'
[0.319s] INFO:colcon.colcon_core.shell:Skip shell extension 'powershell' for command environment: Not usable outside of PowerShell
[0.319s] DEBUG:colcon.colcon_core.shell:Skip shell extension 'dsv' for command environment
[0.322s] INFO:colcon.colcon_ros.task.ament_cmake.build:Building ROS package in '/home/golam_sadek/ros2_ws/src/my_cpp_pkg' with build type 'ament_cmake'
[0.322s] INFO:colcon.colcon_cmake.task.cmake.build:Building CMake package in '/home/golam_sadek/ros2_ws/src/my_cpp_pkg'
[0.322s] INFO:colcon.colcon_core.shell:Skip shell extension 'powershell' for command environment: Not usable outside of PowerShell
[0.322s] DEBUG:colcon.colcon_core.shell:Skip shell extension 'dsv' for command environment
[0.326s] INFO:colcon.colcon_ros.task.ament_cmake.build:Building ROS package in '/home/golam_sadek/ros2_ws/src/my_robot_interfaces' with build type 'ament_cmake'
[0.326s] INFO:colcon.colcon_cmake.task.cmake.build:Building CMake package in '/home/golam_sadek/ros2_ws/src/my_robot_interfaces'
[0.326s] INFO:colcon.colcon_core.shell:Skip shell extension 'powershell' for command environment: Not usable outside of PowerShell
[0.326s] DEBUG:colcon.colcon_core.shell:Skip shell extension 'dsv' for command environment
[0.329s] INFO:colcon.colcon_ros.task.ament_python.build:Building ROS package in '/home/golam_sadek/ros2_ws/src/turtlesim_catch_them_all' with build type 'ament_python'
[0.329s] Level 1:colcon.colcon_core.shell:create_environment_hook('turtlesim_catch_them_all', 'ament_prefix_path')
[0.330s] INFO:colcon.colcon_core.shell:Creating environment hook '/home/golam_sadek/ros2_ws/install/turtlesim_catch_them_all/share/turtlesim_catch_them_all/hook/ament_prefix_path.ps1'
[0.330s] INFO:colcon.colcon_core.shell:Creating environment descriptor '/home/golam_sadek/ros2_ws/install/turtlesim_catch_them_all/share/turtlesim_catch_them_all/hook/ament_prefix_path.dsv'
[0.331s] INFO:colcon.colcon_core.shell:Creating environment hook '/home/golam_sadek/ros2_ws/install/turtlesim_catch_them_all/share/turtlesim_catch_them_all/hook/ament_prefix_path.sh'
[0.331s] INFO:colcon.colcon_core.shell:Skip shell extension 'powershell' for command environment: Not usable outside of PowerShell
[0.331s] DEBUG:colcon.colcon_core.shell:Skip shell extension 'dsv' for command environment
[0.572s] INFO:colcon.colcon_core.task.python.build:Building Python package in '/home/golam_sadek/ros2_ws/src/my_py_pkg'
[0.573s] INFO:colcon.colcon_core.shell:Skip shell extension 'powershell' for command environment: Not usable outside of PowerShell
[0.573s] DEBUG:colcon.colcon_core.shell:Skip shell extension 'dsv' for command environment
[0.580s] DEBUG:colcon.colcon_core.event_handler.log_command:Invoking command in '/home/golam_sadek/ros2_ws/build/my_robot_description': CMAKE_PREFIX_PATH=${CMAKE_PREFIX_PATH}:/home/golam_sadek/ros2_ws/install/turtlesim_catch_them_all:/home/golam_sadek/ros2_ws/install/my_py_pkg:/opt/ros/humble /usr/bin/cmake --build /home/golam_sadek/ros2_ws/build/my_robot_description -- -j8 -l8
[0.584s] DEBUG:colcon.colcon_core.event_handler.log_command:Invoking command in '/home/golam_sadek/ros2_ws/build/my_cpp_pkg': CMAKE_PREFIX_PATH=${CMAKE_PREFIX_PATH}:/home/golam_sadek/ros2_ws/install/turtlesim_catch_them_all:/home/golam_sadek/ros2_ws/install/my_py_pkg:/opt/ros/humble /usr/bin/cmake --build /home/golam_sadek/ros2_ws/build/my_cpp_pkg -- -j8 -l8
[0.587s] DEBUG:colcon.colcon_core.event_handler.log_command:Invoking command in '/home/golam_sadek/ros2_ws/build/my_robot_interfaces': CMAKE_PREFIX_PATH=${CMAKE_PREFIX_PATH}:/home/golam_sadek/ros2_ws/install/turtlesim_catch_them_all:/home/golam_sadek/ros2_ws/install/my_py_pkg:/opt/ros/humble /usr/bin/cmake --build /home/golam_sadek/ros2_ws/build/my_robot_interfaces -- -j8 -l8
[0.911s] INFO:colcon.colcon_core.task.python.build:Building Python package in '/home/golam_sadek/ros2_ws/src/turtlesim_catch_them_all'
[0.911s] INFO:colcon.colcon_core.shell:Skip shell extension 'powershell' for command environment: Not usable outside of PowerShell
[0.911s] DEBUG:colcon.colcon_core.shell:Skip shell extension 'dsv' for command environment
[0.919s] DEBUG:colcon.colcon_core.event_handler.log_command:Invoked command in '/home/golam_sadek/ros2_ws/build/my_robot_description' returned '0': CMAKE_PREFIX_PATH=${CMAKE_PREFIX_PATH}:/home/golam_sadek/ros2_ws/install/turtlesim_catch_them_all:/home/golam_sadek/ros2_ws/install/my_py_pkg:/opt/ros/humble /usr/bin/cmake --build /home/golam_sadek/ros2_ws/build/my_robot_description -- -j8 -l8
[0.930s] DEBUG:colcon.colcon_core.event_handler.log_command:Invoking command in '/home/golam_sadek/ros2_ws/build/my_robot_description': CMAKE_PREFIX_PATH=${CMAKE_PREFIX_PATH}:/home/golam_sadek/ros2_ws/install/turtlesim_catch_them_all:/home/golam_sadek/ros2_ws/install/my_py_pkg:/opt/ros/humble /usr/bin/cmake --install /home/golam_sadek/ros2_ws/build/my_robot_description
[0.931s] DEBUG:colcon.colcon_core.event_handler.log_command:Invoked command in '/home/golam_sadek/ros2_ws/build/my_cpp_pkg' returned '0': CMAKE_PREFIX_PATH=${CMAKE_PREFIX_PATH}:/home/golam_sadek/ros2_ws/install/turtlesim_catch_them_all:/home/golam_sadek/ros2_ws/install/my_py_pkg:/opt/ros/humble /usr/bin/cmake --build /home/golam_sadek/ros2_ws/build/my_cpp_pkg -- -j8 -l8
[0.934s] DEBUG:colcon.colcon_core.event_handler.log_command:Invoking command in '/home/golam_sadek/ros2_ws/build/my_cpp_pkg': CMAKE_PREFIX_PATH=${CMAKE_PREFIX_PATH}:/home/golam_sadek/ros2_ws/install/turtlesim_catch_them_all:/home/golam_sadek/ros2_ws/install/my_py_pkg:/opt/ros/humble /usr/bin/cmake --install /home/golam_sadek/ros2_ws/build/my_cpp_pkg
[0.968s] Level 1:colcon.colcon_core.environment:create_environment_scripts_only(my_cpp_pkg)
[0.970s] DEBUG:colcon.colcon_core.event_handler.log_command:Invoked command in '/home/golam_sadek/ros2_ws/build/my_cpp_pkg' returned '0': CMAKE_PREFIX_PATH=${CMAKE_PREFIX_PATH}:/home/golam_sadek/ros2_ws/install/turtlesim_catch_them_all:/home/golam_sadek/ros2_ws/install/my_py_pkg:/opt/ros/humble /usr/bin/cmake --install /home/golam_sadek/ros2_ws/build/my_cpp_pkg
[0.972s] Level 1:colcon.colcon_core.environment:checking '/home/golam_sadek/ros2_ws/install/my_cpp_pkg' for CMake module files
[0.972s] Level 1:colcon.colcon_core.environment:checking '/home/golam_sadek/ros2_ws/install/my_cpp_pkg' for CMake config files
[0.973s] Level 1:colcon.colcon_core.shell:create_environment_hook('my_cpp_pkg', 'cmake_prefix_path')
[0.973s] INFO:colcon.colcon_core.shell:Creating environment hook '/home/golam_sadek/ros2_ws/install/my_cpp_pkg/share/my_cpp_pkg/hook/cmake_prefix_path.ps1'
[0.974s] INFO:colcon.colcon_core.shell:Creating environment descriptor '/home/golam_sadek/ros2_ws/install/my_cpp_pkg/share/my_cpp_pkg/hook/cmake_prefix_path.dsv'
[0.974s] INFO:colcon.colcon_core.shell:Creating environment hook '/home/golam_sadek/ros2_ws/install/my_cpp_pkg/share/my_cpp_pkg/hook/cmake_prefix_path.sh'
[0.975s] Level 1:colcon.colcon_core.environment:checking '/home/golam_sadek/ros2_ws/install/my_cpp_pkg/lib'
[0.975s] Level 1:colcon.colcon_core.environment:checking '/home/golam_sadek/ros2_ws/install/my_cpp_pkg/bin'
[0.976s] Level 1:colcon.colcon_core.environment:checking '/home/golam_sadek/ros2_ws/install/my_cpp_pkg/lib/pkgconfig/my_cpp_pkg.pc'
[0.976s] Level 1:colcon.colcon_core.environment:checking '/home/golam_sadek/ros2_ws/install/my_cpp_pkg/lib/python3.10/site-packages'
[0.976s] Level 1:colcon.colcon_core.environment:checking '/home/golam_sadek/ros2_ws/install/my_cpp_pkg/bin'
[0.977s] INFO:colcon.colcon_core.shell:Creating package script '/home/golam_sadek/ros2_ws/install/my_cpp_pkg/share/my_cpp_pkg/package.ps1'
[0.978s] INFO:colcon.colcon_core.shell:Creating package descriptor '/home/golam_sadek/ros2_ws/install/my_cpp_pkg/share/my_cpp_pkg/package.dsv'
[0.978s] INFO:colcon.colcon_core.shell:Creating package script '/home/golam_sadek/ros2_ws/install/my_cpp_pkg/share/my_cpp_pkg/package.sh'
[0.979s] INFO:colcon.colcon_core.shell:Creating package script '/home/golam_sadek/ros2_ws/install/my_cpp_pkg/share/my_cpp_pkg/package.bash'
[0.980s] INFO:colcon.colcon_core.shell:Creating package script '/home/golam_sadek/ros2_ws/install/my_cpp_pkg/share/my_cpp_pkg/package.zsh'
[0.981s] Level 1:colcon.colcon_core.environment:create_file_with_runtime_dependencies(/home/golam_sadek/ros2_ws/install/my_cpp_pkg/share/colcon-core/packages/my_cpp_pkg)
[0.982s] Level 1:colcon.colcon_core.environment:create_environment_scripts_only(my_cpp_pkg)
[0.983s] Level 1:colcon.colcon_core.environment:checking '/home/golam_sadek/ros2_ws/install/my_cpp_pkg' for CMake module files
[0.983s] Level 1:colcon.colcon_core.environment:checking '/home/golam_sadek/ros2_ws/install/my_cpp_pkg' for CMake config files
[0.983s] Level 1:colcon.colcon_core.shell:create_environment_hook('my_cpp_pkg', 'cmake_prefix_path')
[0.984s] INFO:colcon.colcon_core.shell:Creating environment hook '/home/golam_sadek/ros2_ws/install/my_cpp_pkg/share/my_cpp_pkg/hook/cmake_prefix_path.ps1'
[0.984s] INFO:colcon.colcon_core.shell:Creating environment descriptor '/home/golam_sadek/ros2_ws/install/my_cpp_pkg/share/my_cpp_pkg/hook/cmake_prefix_path.dsv'
[0.985s] INFO:colcon.colcon_core.shell:Creating environment hook '/home/golam_sadek/ros2_ws/install/my_cpp_pkg/share/my_cpp_pkg/hook/cmake_prefix_path.sh'
[0.986s] Level 1:colcon.colcon_core.environment:checking '/home/golam_sadek/ros2_ws/install/my_cpp_pkg/lib'
[0.986s] Level 1:colcon.colcon_core.environment:checking '/home/golam_sadek/ros2_ws/install/my_cpp_pkg/bin'
[0.986s] Level 1:colcon.colcon_core.environment:checking '/home/golam_sadek/ros2_ws/install/my_cpp_pkg/lib/pkgconfig/my_cpp_pkg.pc'
[0.986s] Level 1:colcon.colcon_core.environment:checking '/home/golam_sadek/ros2_ws/install/my_cpp_pkg/lib/python3.10/site-packages'
[0.986s] Level 1:colcon.colcon_core.environment:checking '/home/golam_sadek/ros2_ws/install/my_cpp_pkg/bin'
[0.987s] INFO:colcon.colcon_core.shell:Creating package script '/home/golam_sadek/ros2_ws/install/my_cpp_pkg/share/my_cpp_pkg/package.ps1'
[0.988s] INFO:colcon.colcon_core.shell:Creating package descriptor '/home/golam_sadek/ros2_ws/install/my_cpp_pkg/share/my_cpp_pkg/package.dsv'
[0.988s] INFO:colcon.colcon_core.shell:Creating package script '/home/golam_sadek/ros2_ws/install/my_cpp_pkg/share/my_cpp_pkg/package.sh'
[0.989s] INFO:colcon.colcon_core.shell:Creating package script '/home/golam_sadek/ros2_ws/install/my_cpp_pkg/share/my_cpp_pkg/package.bash'
[0.989s] INFO:colcon.colcon_core.shell:Creating package script '/home/golam_sadek/ros2_ws/install/my_cpp_pkg/share/my_cpp_pkg/package.zsh'
[0.990s] Level 1:colcon.colcon_core.environment:create_file_with_runtime_dependencies(/home/golam_sadek/ros2_ws/install/my_cpp_pkg/share/colcon-core/packages/my_cpp_pkg)
[0.991s] Level 1:colcon.colcon_core.environment:create_environment_scripts_only(my_robot_description)
[0.992s] Level 1:colcon.colcon_core.environment:checking '/home/golam_sadek/ros2_ws/install/my_robot_description' for CMake module files
[0.993s] DEBUG:colcon.colcon_core.event_handler.log_command:Invoked command in '/home/golam_sadek/ros2_ws/build/my_robot_description' returned '0': CMAKE_PREFIX_PATH=${CMAKE_PREFIX_PATH}:/home/golam_sadek/ros2_ws/install/turtlesim_catch_them_all:/home/golam_sadek/ros2_ws/install/my_py_pkg:/opt/ros/humble /usr/bin/cmake --install /home/golam_sadek/ros2_ws/build/my_robot_description
[0.993s] Level 1:colcon.colcon_core.environment:checking '/home/golam_sadek/ros2_ws/install/my_robot_description' for CMake config files
[0.994s] Level 1:colcon.colcon_core.shell:create_environment_hook('my_robot_description', 'cmake_prefix_path')
[0.994s] INFO:colcon.colcon_core.shell:Creating environment hook '/home/golam_sadek/ros2_ws/install/my_robot_description/share/my_robot_description/hook/cmake_prefix_path.ps1'
[0.994s] INFO:colcon.colcon_core.shell:Creating environment descriptor '/home/golam_sadek/ros2_ws/install/my_robot_description/share/my_robot_description/hook/cmake_prefix_path.dsv'
[0.995s] INFO:colcon.colcon_core.shell:Creating environment hook '/home/golam_sadek/ros2_ws/install/my_robot_description/share/my_robot_description/hook/cmake_prefix_path.sh'
[0.995s] Level 1:colcon.colcon_core.environment:checking '/home/golam_sadek/ros2_ws/install/my_robot_description/bin'
[0.996s] Level 1:colcon.colcon_core.environment:checking '/home/golam_sadek/ros2_ws/install/my_robot_description/lib/pkgconfig/my_robot_description.pc'
[0.996s] Level 1:colcon.colcon_core.environment:checking '/home/golam_sadek/ros2_ws/install/my_robot_description/lib/python3.10/site-packages'
[0.996s] Level 1:colcon.colcon_core.environment:checking '/home/golam_sadek/ros2_ws/install/my_robot_description/bin'
[0.997s] INFO:colcon.colcon_core.shell:Creating package script '/home/golam_sadek/ros2_ws/install/my_robot_description/share/my_robot_description/package.ps1'
[0.997s] INFO:colcon.colcon_core.shell:Creating package descriptor '/home/golam_sadek/ros2_ws/install/my_robot_description/share/my_robot_description/package.dsv'
[0.998s] INFO:colcon.colcon_core.shell:Creating package script '/home/golam_sadek/ros2_ws/install/my_robot_description/share/my_robot_description/package.sh'
[0.998s] INFO:colcon.colcon_core.shell:Creating package script '/home/golam_sadek/ros2_ws/install/my_robot_description/share/my_robot_description/package.bash'
[0.998s] INFO:colcon.colcon_core.shell:Creating package script '/home/golam_sadek/ros2_ws/install/my_robot_description/share/my_robot_description/package.zsh'
[0.999s] Level 1:colcon.colcon_core.environment:create_file_with_runtime_dependencies(/home/golam_sadek/ros2_ws/install/my_robot_description/share/colcon-core/packages/my_robot_description)
[0.999s] Level 1:colcon.colcon_core.environment:create_environment_scripts_only(my_robot_description)
[1.000s] Level 1:colcon.colcon_core.environment:checking '/home/golam_sadek/ros2_ws/install/my_robot_description' for CMake module files
[1.000s] Level 1:colcon.colcon_core.environment:checking '/home/golam_sadek/ros2_ws/install/my_robot_description' for CMake config files
[1.001s] Level 1:colcon.colcon_core.shell:create_environment_hook('my_robot_description', 'cmake_prefix_path')
[1.001s] INFO:colcon.colcon_core.shell:Creating environment hook '/home/golam_sadek/ros2_ws/install/my_robot_description/share/my_robot_description/hook/cmake_prefix_path.ps1'
[1.001s] INFO:colcon.colcon_core.shell:Creating environment descriptor '/home/golam_sadek/ros2_ws/install/my_robot_description/share/my_robot_description/hook/cmake_prefix_path.dsv'
[1.002s] INFO:colcon.colcon_core.shell:Creating environment hook '/home/golam_sadek/ros2_ws/install/my_robot_description/share/my_robot_description/hook/cmake_prefix_path.sh'
[1.003s] Level 1:colcon.colcon_core.environment:checking '/home/golam_sadek/ros2_ws/install/my_robot_description/bin'
[1.003s] Level 1:colcon.colcon_core.environment:checking '/home/golam_sadek/ros2_ws/install/my_robot_description/lib/pkgconfig/my_robot_description.pc'
[1.003s] Level 1:colcon.colcon_core.environment:checking '/home/golam_sadek/ros2_ws/install/my_robot_description/lib/python3.10/site-packages'
[1.003s] Level 1:colcon.colcon_core.environment:checking '/home/golam_sadek/ros2_ws/install/my_robot_description/bin'
[1.004s] INFO:colcon.colcon_core.shell:Creating package script '/home/golam_sadek/ros2_ws/install/my_robot_description/share/my_robot_description/package.ps1'
[1.005s] INFO:colcon.colcon_core.shell:Creating package descriptor '/home/golam_sadek/ros2_ws/install/my_robot_description/share/my_robot_description/package.dsv'
[1.005s] INFO:colcon.colcon_core.shell:Creating package script '/home/golam_sadek/ros2_ws/install/my_robot_description/share/my_robot_description/package.sh'
[1.006s] INFO:colcon.colcon_core.shell:Creating package script '/home/golam_sadek/ros2_ws/install/my_robot_description/share/my_robot_description/package.bash'
[1.006s] INFO:colcon.colcon_core.shell:Creating package script '/home/golam_sadek/ros2_ws/install/my_robot_description/share/my_robot_description/package.zsh'
[1.007s] Level 1:colcon.colcon_core.environment:create_file_with_runtime_dependencies(/home/golam_sadek/ros2_ws/install/my_robot_description/share/colcon-core/packages/my_robot_description)
[1.007s] INFO:colcon.colcon_ros.task.ament_cmake.build:Building ROS package in '/home/golam_sadek/ros2_ws/src/my_robot1_bringup' with build type 'ament_cmake'
[1.007s] INFO:colcon.colcon_cmake.task.cmake.build:Building CMake package in '/home/golam_sadek/ros2_ws/src/my_robot1_bringup'
[1.007s] INFO:colcon.colcon_core.shell:Skip shell extension 'powershell' for command environment: Not usable outside of PowerShell
[1.007s] DEBUG:colcon.colcon_core.shell:Skip shell extension 'dsv' for command environment
[1.019s] DEBUG:colcon.colcon_core.event_handler.log_command:Invoking command in '/home/golam_sadek/ros2_ws/build/my_robot1_bringup': CMAKE_PREFIX_PATH=/home/golam_sadek/ros2_ws/install/my_robot_description:/home/golam_sadek/ros2_ws/install/my_robot_interfaces:/home/golam_sadek/ros2_ws/install/my_robot1_bringup:/home/golam_sadek/ros2_ws/install/my_robot_bringup:/home/golam_sadek/ros2_ws/install/my_cpp_pkg:/home/golam_sadek/ros2_ws/install/turtlesim_catch_them_all:/home/golam_sadek/ros2_ws/install/my_py_pkg:/opt/ros/humble /usr/bin/cmake --build /home/golam_sadek/ros2_ws/build/my_robot1_bringup -- -j8 -l8
[1.020s] DEBUG:colcon.colcon_core.event_handler.log_command:Invoked command in '/home/golam_sadek/ros2_ws/build/my_robot_interfaces' returned '0': CMAKE_PREFIX_PATH=${CMAKE_PREFIX_PATH}:/home/golam_sadek/ros2_ws/install/turtlesim_catch_them_all:/home/golam_sadek/ros2_ws/install/my_py_pkg:/opt/ros/humble /usr/bin/cmake --build /home/golam_sadek/ros2_ws/build/my_robot_interfaces -- -j8 -l8
[1.023s] DEBUG:colcon.colcon_core.event_handler.log_command:Invoking command in '/home/golam_sadek/ros2_ws/build/my_robot_interfaces': CMAKE_PREFIX_PATH=${CMAKE_PREFIX_PATH}:/home/golam_sadek/ros2_ws/install/turtlesim_catch_them_all:/home/golam_sadek/ros2_ws/install/my_py_pkg:/opt/ros/humble /usr/bin/cmake --install /home/golam_sadek/ros2_ws/build/my_robot_interfaces
[1.072s] DEBUG:colcon.colcon_core.event_handler.log_command:Invoked command in '/home/golam_sadek/ros2_ws/build/my_robot1_bringup' returned '0': CMAKE_PREFIX_PATH=/home/golam_sadek/ros2_ws/install/my_robot_description:/home/golam_sadek/ros2_ws/install/my_robot_interfaces:/home/golam_sadek/ros2_ws/install/my_robot1_bringup:/home/golam_sadek/ros2_ws/install/my_robot_bringup:/home/golam_sadek/ros2_ws/install/my_cpp_pkg:/home/golam_sadek/ros2_ws/install/turtlesim_catch_them_all:/home/golam_sadek/ros2_ws/install/my_py_pkg:/opt/ros/humble /usr/bin/cmake --build /home/golam_sadek/ros2_ws/build/my_robot1_bringup -- -j8 -l8
[1.074s] DEBUG:colcon.colcon_core.event_handler.log_command:Invoking command in '/home/golam_sadek/ros2_ws/build/my_robot1_bringup': CMAKE_PREFIX_PATH=/home/golam_sadek/ros2_ws/install/my_robot_description:/home/golam_sadek/ros2_ws/install/my_robot_interfaces:/home/golam_sadek/ros2_ws/install/my_robot1_bringup:/home/golam_sadek/ros2_ws/install/my_robot_bringup:/home/golam_sadek/ros2_ws/install/my_cpp_pkg:/home/golam_sadek/ros2_ws/install/turtlesim_catch_them_all:/home/golam_sadek/ros2_ws/install/my_py_pkg:/opt/ros/humble /usr/bin/cmake --install /home/golam_sadek/ros2_ws/build/my_robot1_bringup
[1.104s] Level 1:colcon.colcon_core.environment:create_environment_scripts_only(my_robot1_bringup)
[1.104s] Level 1:colcon.colcon_core.environment:checking '/home/golam_sadek/ros2_ws/install/my_robot1_bringup' for CMake module files
[1.105s] DEBUG:colcon.colcon_core.event_handler.log_command:Invoked command in '/home/golam_sadek/ros2_ws/build/my_robot1_bringup' returned '0': CMAKE_PREFIX_PATH=/home/golam_sadek/ros2_ws/install/my_robot_description:/home/golam_sadek/ros2_ws/install/my_robot_interfaces:/home/golam_sadek/ros2_ws/install/my_robot1_bringup:/home/golam_sadek/ros2_ws/install/my_robot_bringup:/home/golam_sadek/ros2_ws/install/my_cpp_pkg:/home/golam_sadek/ros2_ws/install/turtlesim_catch_them_all:/home/golam_sadek/ros2_ws/install/my_py_pkg:/opt/ros/humble /usr/bin/cmake --install /home/golam_sadek/ros2_ws/build/my_robot1_bringup
[1.105s] Level 1:colcon.colcon_core.environment:checking '/home/golam_sadek/ros2_ws/install/my_robot1_bringup' for CMake config files
[1.105s] Level 1:colcon.colcon_core.shell:create_environment_hook('my_robot1_bringup', 'cmake_prefix_path')
[1.105s] INFO:colcon.colcon_core.shell:Creating environment hook '/home/golam_sadek/ros2_ws/install/my_robot1_bringup/share/my_robot1_bringup/hook/cmake_prefix_path.ps1'
[1.106s] INFO:colcon.colcon_core.shell:Creating environment descriptor '/home/golam_sadek/ros2_ws/install/my_robot1_bringup/share/my_robot1_bringup/hook/cmake_prefix_path.dsv'
[1.106s] INFO:colcon.colcon_core.shell:Creating environment hook '/home/golam_sadek/ros2_ws/install/my_robot1_bringup/share/my_robot1_bringup/hook/cmake_prefix_path.sh'
[1.107s] Level 1:colcon.colcon_core.environment:checking '/home/golam_sadek/ros2_ws/install/my_robot1_bringup/bin'
[1.107s] Level 1:colcon.colcon_core.environment:checking '/home/golam_sadek/ros2_ws/install/my_robot1_bringup/lib/pkgconfig/my_robot1_bringup.pc'
[1.107s] Level 1:colcon.colcon_core.environment:checking '/home/golam_sadek/ros2_ws/install/my_robot1_bringup/lib/python3.10/site-packages'
[1.107s] Level 1:colcon.colcon_core.environment:checking '/home/golam_sadek/ros2_ws/install/my_robot1_bringup/bin'
[1.108s] INFO:colcon.colcon_core.shell:Creating package script '/home/golam_sadek/ros2_ws/install/my_robot1_bringup/share/my_robot1_bringup/package.ps1'
[1.108s] INFO:colcon.colcon_core.shell:Creating package descriptor '/home/golam_sadek/ros2_ws/install/my_robot1_bringup/share/my_robot1_bringup/package.dsv'
[1.108s] INFO:colcon.colcon_core.shell:Creating package script '/home/golam_sadek/ros2_ws/install/my_robot1_bringup/share/my_robot1_bringup/package.sh'
[1.109s] INFO:colcon.colcon_core.shell:Creating package script '/home/golam_sadek/ros2_ws/install/my_robot1_bringup/share/my_robot1_bringup/package.bash'
[1.109s] INFO:colcon.colcon_core.shell:Creating package script '/home/golam_sadek/ros2_ws/install/my_robot1_bringup/share/my_robot1_bringup/package.zsh'
[1.110s] Level 1:colcon.colcon_core.environment:create_file_with_runtime_dependencies(/home/golam_sadek/ros2_ws/install/my_robot1_bringup/share/colcon-core/packages/my_robot1_bringup)
[1.110s] Level 1:colcon.colcon_core.environment:create_environment_scripts_only(my_robot1_bringup)
[1.110s] Level 1:colcon.colcon_core.environment:checking '/home/golam_sadek/ros2_ws/install/my_robot1_bringup' for CMake module files
[1.111s] Level 1:colcon.colcon_core.environment:checking '/home/golam_sadek/ros2_ws/install/my_robot1_bringup' for CMake config files
[1.111s] Level 1:colcon.colcon_core.shell:create_environment_hook('my_robot1_bringup', 'cmake_prefix_path')
[1.111s] INFO:colcon.colcon_core.shell:Creating environment hook '/home/golam_sadek/ros2_ws/install/my_robot1_bringup/share/my_robot1_bringup/hook/cmake_prefix_path.ps1'
[1.112s] INFO:colcon.colcon_core.shell:Creating environment descriptor '/home/golam_sadek/ros2_ws/install/my_robot1_bringup/share/my_robot1_bringup/hook/cmake_prefix_path.dsv'
[1.113s] INFO:colcon.colcon_core.shell:Creating environment hook '/home/golam_sadek/ros2_ws/install/my_robot1_bringup/share/my_robot1_bringup/hook/cmake_prefix_path.sh'
[1.113s] Level 1:colcon.colcon_core.environment:checking '/home/golam_sadek/ros2_ws/install/my_robot1_bringup/bin'
[1.113s] Level 1:colcon.colcon_core.environment:checking '/home/golam_sadek/ros2_ws/install/my_robot1_bringup/lib/pkgconfig/my_robot1_bringup.pc'
[1.113s] Level 1:colcon.colcon_core.environment:checking '/home/golam_sadek/ros2_ws/install/my_robot1_bringup/lib/python3.10/site-packages'
[1.114s] Level 1:colcon.colcon_core.environment:checking '/home/golam_sadek/ros2_ws/install/my_robot1_bringup/bin'
[1.114s] INFO:colcon.colcon_core.shell:Creating package script '/home/golam_sadek/ros2_ws/install/my_robot1_bringup/share/my_robot1_bringup/package.ps1'
[1.114s] INFO:colcon.colcon_core.shell:Creating package descriptor '/home/golam_sadek/ros2_ws/install/my_robot1_bringup/share/my_robot1_bringup/package.dsv'
[1.115s] INFO:colcon.colcon_core.shell:Creating package script '/home/golam_sadek/ros2_ws/install/my_robot1_bringup/share/my_robot1_bringup/package.sh'
[1.115s] INFO:colcon.colcon_core.shell:Creating package script '/home/golam_sadek/ros2_ws/install/my_robot1_bringup/share/my_robot1_bringup/package.bash'
[1.116s] INFO:colcon.colcon_core.shell:Creating package script '/home/golam_sadek/ros2_ws/install/my_robot1_bringup/share/my_robot1_bringup/package.zsh'
[1.116s] Level 1:colcon.colcon_core.environment:create_file_with_runtime_dependencies(/home/golam_sadek/ros2_ws/install/my_robot1_bringup/share/colcon-core/packages/my_robot1_bringup)
[1.117s] Level 1:colcon.colcon_core.environment:create_environment_scripts_only(my_robot_interfaces)
[1.117s] Level 1:colcon.colcon_core.environment:checking '/home/golam_sadek/ros2_ws/install/my_robot_interfaces' for CMake module files
[1.118s] DEBUG:colcon.colcon_core.event_handler.log_command:Invoked command in '/home/golam_sadek/ros2_ws/build/my_robot_interfaces' returned '0': CMAKE_PREFIX_PATH=${CMAKE_PREFIX_PATH}:/home/golam_sadek/ros2_ws/install/turtlesim_catch_them_all:/home/golam_sadek/ros2_ws/install/my_py_pkg:/opt/ros/humble /usr/bin/cmake --install /home/golam_sadek/ros2_ws/build/my_robot_interfaces
[1.119s] Level 1:colcon.colcon_core.environment:checking '/home/golam_sadek/ros2_ws/install/my_robot_interfaces' for CMake config files
[1.119s] Level 1:colcon.colcon_core.shell:create_environment_hook('my_robot_interfaces', 'cmake_prefix_path')
[1.119s] INFO:colcon.colcon_core.shell:Creating environment hook '/home/golam_sadek/ros2_ws/install/my_robot_interfaces/share/my_robot_interfaces/hook/cmake_prefix_path.ps1'
[1.120s] INFO:colcon.colcon_core.shell:Creating environment descriptor '/home/golam_sadek/ros2_ws/install/my_robot_interfaces/share/my_robot_interfaces/hook/cmake_prefix_path.dsv'
[1.120s] INFO:colcon.colcon_core.shell:Creating environment hook '/home/golam_sadek/ros2_ws/install/my_robot_interfaces/share/my_robot_interfaces/hook/cmake_prefix_path.sh'
[1.121s] Level 1:colcon.colcon_core.environment:checking '/home/golam_sadek/ros2_ws/install/my_robot_interfaces/lib'
[1.121s] Level 1:colcon.colcon_core.shell:create_environment_hook('my_robot_interfaces', 'ld_library_path_lib')
[1.121s] INFO:colcon.colcon_core.shell:Creating environment hook '/home/golam_sadek/ros2_ws/install/my_robot_interfaces/share/my_robot_interfaces/hook/ld_library_path_lib.ps1'
[1.122s] INFO:colcon.colcon_core.shell:Creating environment descriptor '/home/golam_sadek/ros2_ws/install/my_robot_interfaces/share/my_robot_interfaces/hook/ld_library_path_lib.dsv'
[1.122s] INFO:colcon.colcon_core.shell:Creating environment hook '/home/golam_sadek/ros2_ws/install/my_robot_interfaces/share/my_robot_interfaces/hook/ld_library_path_lib.sh'
[1.123s] Level 1:colcon.colcon_core.environment:checking '/home/golam_sadek/ros2_ws/install/my_robot_interfaces/bin'
[1.123s] Level 1:colcon.colcon_core.environment:checking '/home/golam_sadek/ros2_ws/install/my_robot_interfaces/lib/pkgconfig/my_robot_interfaces.pc'
[1.123s] Level 1:colcon.colcon_core.environment:checking '/home/golam_sadek/ros2_ws/install/my_robot_interfaces/lib/python3.10/site-packages'
[1.123s] Level 1:colcon.colcon_core.environment:checking '/home/golam_sadek/ros2_ws/install/my_robot_interfaces/bin'
[1.124s] INFO:colcon.colcon_core.shell:Creating package script '/home/golam_sadek/ros2_ws/install/my_robot_interfaces/share/my_robot_interfaces/package.ps1'
[1.124s] INFO:colcon.colcon_core.shell:Creating package descriptor '/home/golam_sadek/ros2_ws/install/my_robot_interfaces/share/my_robot_interfaces/package.dsv'
[1.125s] INFO:colcon.colcon_core.shell:Creating package script '/home/golam_sadek/ros2_ws/install/my_robot_interfaces/share/my_robot_interfaces/package.sh'
[1.125s] INFO:colcon.colcon_core.shell:Creating package script '/home/golam_sadek/ros2_ws/install/my_robot_interfaces/share/my_robot_interfaces/package.bash'
[1.126s] INFO:colcon.colcon_core.shell:Creating package script '/home/golam_sadek/ros2_ws/install/my_robot_interfaces/share/my_robot_interfaces/package.zsh'
[1.126s] Level 1:colcon.colcon_core.environment:create_file_with_runtime_dependencies(/home/golam_sadek/ros2_ws/install/my_robot_interfaces/share/colcon-core/packages/my_robot_interfaces)
[1.126s] Level 1:colcon.colcon_core.environment:create_environment_scripts_only(my_robot_interfaces)
[1.127s] Level 1:colcon.colcon_core.environment:checking '/home/golam_sadek/ros2_ws/install/my_robot_interfaces' for CMake module files
[1.127s] Level 1:colcon.colcon_core.environment:checking '/home/golam_sadek/ros2_ws/install/my_robot_interfaces' for CMake config files
[1.127s] Level 1:colcon.colcon_core.shell:create_environment_hook('my_robot_interfaces', 'cmake_prefix_path')
[1.128s] INFO:colcon.colcon_core.shell:Creating environment hook '/home/golam_sadek/ros2_ws/install/my_robot_interfaces/share/my_robot_interfaces/hook/cmake_prefix_path.ps1'
[1.128s] INFO:colcon.colcon_core.shell:Creating environment descriptor '/home/golam_sadek/ros2_ws/install/my_robot_interfaces/share/my_robot_interfaces/hook/cmake_prefix_path.dsv'
[1.128s] INFO:colcon.colcon_core.shell:Creating environment hook '/home/golam_sadek/ros2_ws/install/my_robot_interfaces/share/my_robot_interfaces/hook/cmake_prefix_path.sh'
[1.129s] Level 1:colcon.colcon_core.environment:checking '/home/golam_sadek/ros2_ws/install/my_robot_interfaces/lib'
[1.129s] Level 1:colcon.colcon_core.shell:create_environment_hook('my_robot_interfaces', 'ld_library_path_lib')
[1.129s] INFO:colcon.colcon_core.shell:Creating environment hook '/home/golam_sadek/ros2_ws/install/my_robot_interfaces/share/my_robot_interfaces/hook/ld_library_path_lib.ps1'
[1.130s] INFO:colcon.colcon_core.shell:Creating environment descriptor '/home/golam_sadek/ros2_ws/install/my_robot_interfaces/share/my_robot_interfaces/hook/ld_library_path_lib.dsv'
[1.130s] INFO:colcon.colcon_core.shell:Creating environment hook '/home/golam_sadek/ros2_ws/install/my_robot_interfaces/share/my_robot_interfaces/hook/ld_library_path_lib.sh'
[1.130s] Level 1:colcon.colcon_core.environment:checking '/home/golam_sadek/ros2_ws/install/my_robot_interfaces/bin'
[1.130s] Level 1:colcon.colcon_core.environment:checking '/home/golam_sadek/ros2_ws/install/my_robot_interfaces/lib/pkgconfig/my_robot_interfaces.pc'
[1.131s] Level 1:colcon.colcon_core.environment:checking '/home/golam_sadek/ros2_ws/install/my_robot_interfaces/lib/python3.10/site-packages'
[1.131s] Level 1:colcon.colcon_core.environment:checking '/home/golam_sadek/ros2_ws/install/my_robot_interfaces/bin'
[1.131s] INFO:colcon.colcon_core.shell:Creating package script '/home/golam_sadek/ros2_ws/install/my_robot_interfaces/share/my_robot_interfaces/package.ps1'
[1.132s] INFO:colcon.colcon_core.shell:Creating package descriptor '/home/golam_sadek/ros2_ws/install/my_robot_interfaces/share/my_robot_interfaces/package.dsv'
[1.132s] INFO:colcon.colcon_core.shell:Creating package script '/home/golam_sadek/ros2_ws/install/my_robot_interfaces/share/my_robot_interfaces/package.sh'
[1.133s] INFO:colcon.colcon_core.shell:Creating package script '/home/golam_sadek/ros2_ws/install/my_robot_interfaces/share/my_robot_interfaces/package.bash'
[1.133s] INFO:colcon.colcon_core.shell:Creating package script '/home/golam_sadek/ros2_ws/install/my_robot_interfaces/share/my_robot_interfaces/package.zsh'
[1.133s] Level 1:colcon.colcon_core.environment:create_file_with_runtime_dependencies(/home/golam_sadek/ros2_ws/install/my_robot_interfaces/share/colcon-core/packages/my_robot_interfaces)
[1.320s] DEBUG:colcon.colcon_core.event_handler.log_command:Invoking command in '/home/golam_sadek/ros2_ws/build/my_py_pkg': PYTHONPATH=/home/golam_sadek/ros2_ws/build/my_py_pkg/prefix_override:/usr/lib/python3/dist-packages/colcon_core/task/python/colcon_distutils_commands:/home/golam_sadek/ros2_ws/install/my_py_pkg/lib/python3.10/site-packages:${PYTHONPATH} /usr/bin/python3 -W ignore:setup.py install is deprecated -W ignore:easy_install command is deprecated setup.py develop --editable --build-directory /home/golam_sadek/ros2_ws/build/my_py_pkg/build --no-deps symlink_data
[1.332s] DEBUG:colcon.colcon_core.event_handler.log_command:Invoking command in '/home/golam_sadek/ros2_ws/build/turtlesim_catch_them_all': PYTHONPATH=/home/golam_sadek/ros2_ws/build/turtlesim_catch_them_all/prefix_override:/usr/lib/python3/dist-packages/colcon_core/task/python/colcon_distutils_commands:/home/golam_sadek/ros2_ws/install/turtlesim_catch_them_all/lib/python3.10/site-packages:${PYTHONPATH} /usr/bin/python3 -W ignore:setup.py install is deprecated -W ignore:easy_install command is deprecated setup.py develop --editable --build-directory /home/golam_sadek/ros2_ws/build/turtlesim_catch_them_all/build --no-deps symlink_data
[1.731s] Level 1:colcon.colcon_core.shell:create_environment_hook('my_py_pkg', 'pythonpath_develop')
[1.731s] INFO:colcon.colcon_core.shell:Creating environment hook '/home/golam_sadek/ros2_ws/build/my_py_pkg/share/my_py_pkg/hook/pythonpath_develop.ps1'
[1.732s] DEBUG:colcon.colcon_core.event_handler.log_command:Invoked command in '/home/golam_sadek/ros2_ws/build/my_py_pkg' returned '0': PYTHONPATH=/home/golam_sadek/ros2_ws/build/my_py_pkg/prefix_override:/usr/lib/python3/dist-packages/colcon_core/task/python/colcon_distutils_commands:/home/golam_sadek/ros2_ws/install/my_py_pkg/lib/python3.10/site-packages:${PYTHONPATH} /usr/bin/python3 -W ignore:setup.py install is deprecated -W ignore:easy_install command is deprecated setup.py develop --editable --build-directory /home/golam_sadek/ros2_ws/build/my_py_pkg/build --no-deps symlink_data
[1.732s] INFO:colcon.colcon_core.shell:Creating environment descriptor '/home/golam_sadek/ros2_ws/build/my_py_pkg/share/my_py_pkg/hook/pythonpath_develop.dsv'
[1.733s] INFO:colcon.colcon_core.shell:Creating environment hook '/home/golam_sadek/ros2_ws/build/my_py_pkg/share/my_py_pkg/hook/pythonpath_develop.sh'
[1.733s] Level 1:colcon.colcon_core.environment:checking '/home/golam_sadek/ros2_ws/install/my_py_pkg' for CMake module files
[1.734s] Level 1:colcon.colcon_core.environment:checking '/home/golam_sadek/ros2_ws/install/my_py_pkg' for CMake config files
[1.734s] Level 1:colcon.colcon_core.environment:checking '/home/golam_sadek/ros2_ws/install/my_py_pkg/lib'
[1.734s] Level 1:colcon.colcon_core.environment:checking '/home/golam_sadek/ros2_ws/install/my_py_pkg/bin'
[1.734s] Level 1:colcon.colcon_core.environment:checking '/home/golam_sadek/ros2_ws/install/my_py_pkg/lib/pkgconfig/my_py_pkg.pc'
[1.735s] Level 1:colcon.colcon_core.environment:checking '/home/golam_sadek/ros2_ws/install/my_py_pkg/lib/python3.10/site-packages'
[1.735s] Level 1:colcon.colcon_core.shell:create_environment_hook('my_py_pkg', 'pythonpath')
[1.735s] INFO:colcon.colcon_core.shell:Creating environment hook '/home/golam_sadek/ros2_ws/install/my_py_pkg/share/my_py_pkg/hook/pythonpath.ps1'
[1.735s] INFO:colcon.colcon_core.shell:Creating environment descriptor '/home/golam_sadek/ros2_ws/install/my_py_pkg/share/my_py_pkg/hook/pythonpath.dsv'
[1.736s] INFO:colcon.colcon_core.shell:Creating environment hook '/home/golam_sadek/ros2_ws/install/my_py_pkg/share/my_py_pkg/hook/pythonpath.sh'
[1.736s] Level 1:colcon.colcon_core.environment:checking '/home/golam_sadek/ros2_ws/install/my_py_pkg/bin'
[1.737s] Level 1:colcon.colcon_core.environment:create_environment_scripts_only(my_py_pkg)
[1.737s] INFO:colcon.colcon_core.shell:Creating package script '/home/golam_sadek/ros2_ws/install/my_py_pkg/share/my_py_pkg/package.ps1'
[1.738s] INFO:colcon.colcon_core.shell:Creating package descriptor '/home/golam_sadek/ros2_ws/install/my_py_pkg/share/my_py_pkg/package.dsv'
[1.738s] INFO:colcon.colcon_core.shell:Creating package script '/home/golam_sadek/ros2_ws/install/my_py_pkg/share/my_py_pkg/package.sh'
[1.739s] INFO:colcon.colcon_core.shell:Creating package script '/home/golam_sadek/ros2_ws/install/my_py_pkg/share/my_py_pkg/package.bash'
[1.739s] INFO:colcon.colcon_core.shell:Creating package script '/home/golam_sadek/ros2_ws/install/my_py_pkg/share/my_py_pkg/package.zsh'
[1.740s] Level 1:colcon.colcon_core.environment:create_file_with_runtime_dependencies(/home/golam_sadek/ros2_ws/install/my_py_pkg/share/colcon-core/packages/my_py_pkg)
[1.740s] INFO:colcon.colcon_ros.task.ament_cmake.build:Building ROS package in '/home/golam_sadek/ros2_ws/src/my_robot_bringup' with build type 'ament_cmake'
[1.740s] INFO:colcon.colcon_cmake.task.cmake.build:Building CMake package in '/home/golam_sadek/ros2_ws/src/my_robot_bringup'
[1.741s] INFO:colcon.colcon_core.shell:Skip shell extension 'powershell' for command environment: Not usable outside of PowerShell
[1.741s] DEBUG:colcon.colcon_core.shell:Skip shell extension 'dsv' for command environment
[1.751s] Level 1:colcon.colcon_core.shell:create_environment_hook('turtlesim_catch_them_all', 'pythonpath_develop')
[1.751s] INFO:colcon.colcon_core.shell:Creating environment hook '/home/golam_sadek/ros2_ws/build/turtlesim_catch_them_all/share/turtlesim_catch_them_all/hook/pythonpath_develop.ps1'
[1.752s] DEBUG:colcon.colcon_core.event_handler.log_command:Invoking command in '/home/golam_sadek/ros2_ws/build/my_robot_bringup': AMENT_PREFIX_PATH=/home/golam_sadek/ros2_ws/install/my_py_pkg:/home/golam_sadek/ros2_ws/install/turtlesim_catch_them_all:/home/golam_sadek/ros2_ws/install/my_robot_interfaces:/home/golam_sadek/ros2_ws/install/my_robot1_bringup:/home/golam_sadek/ros2_ws/install/my_robot_description:/home/golam_sadek/ros2_ws/install/my_robot_bringup:/home/golam_sadek/ros2_ws/install/my_cpp_pkg:/opt/ros/humble CMAKE_PREFIX_PATH=${CMAKE_PREFIX_PATH}:/home/golam_sadek/ros2_ws/install/turtlesim_catch_them_all:/home/golam_sadek/ros2_ws/install/my_py_pkg:/opt/ros/humble PYTHONPATH=/home/golam_sadek/ros2_ws/build/my_py_pkg:/home/golam_sadek/ros2_ws/install/my_py_pkg/lib/python3.10/site-packages:/home/golam_sadek/ros2_ws/build/turtlesim_catch_them_all:/home/golam_sadek/ros2_ws/install/turtlesim_catch_them_all/lib/python3.10/site-packages:/home/golam_sadek/ros2_ws/install/my_robot_interfaces/local/lib/python3.10/dist-packages:/opt/ros/humble/lib/python3.10/site-packages:/opt/ros/humble/local/lib/python3.10/dist-packages /usr/bin/cmake --build /home/golam_sadek/ros2_ws/build/my_robot_bringup -- -j8 -l8
[1.752s] DEBUG:colcon.colcon_core.event_handler.log_command:Invoked command in '/home/golam_sadek/ros2_ws/build/turtlesim_catch_them_all' returned '0': PYTHONPATH=/home/golam_sadek/ros2_ws/build/turtlesim_catch_them_all/prefix_override:/usr/lib/python3/dist-packages/colcon_core/task/python/colcon_distutils_commands:/home/golam_sadek/ros2_ws/install/turtlesim_catch_them_all/lib/python3.10/site-packages:${PYTHONPATH} /usr/bin/python3 -W ignore:setup.py install is deprecated -W ignore:easy_install command is deprecated setup.py develop --editable --build-directory /home/golam_sadek/ros2_ws/build/turtlesim_catch_them_all/build --no-deps symlink_data
[1.753s] INFO:colcon.colcon_core.shell:Creating environment descriptor '/home/golam_sadek/ros2_ws/build/turtlesim_catch_them_all/share/turtlesim_catch_them_all/hook/pythonpath_develop.dsv'
[1.753s] INFO:colcon.colcon_core.shell:Creating environment hook '/home/golam_sadek/ros2_ws/build/turtlesim_catch_them_all/share/turtlesim_catch_them_all/hook/pythonpath_develop.sh'
[1.754s] Level 1:colcon.colcon_core.environment:checking '/home/golam_sadek/ros2_ws/install/turtlesim_catch_them_all' for CMake module files
[1.755s] Level 1:colcon.colcon_core.environment:checking '/home/golam_sadek/ros2_ws/install/turtlesim_catch_them_all' for CMake config files
[1.755s] Level 1:colcon.colcon_core.environment:checking '/home/golam_sadek/ros2_ws/install/turtlesim_catch_them_all/lib'
[1.755s] Level 1:colcon.colcon_core.environment:checking '/home/golam_sadek/ros2_ws/install/turtlesim_catch_them_all/bin'
[1.755s] Level 1:colcon.colcon_core.environment:checking '/home/golam_sadek/ros2_ws/install/turtlesim_catch_them_all/lib/pkgconfig/turtlesim_catch_them_all.pc'
[1.756s] Level 1:colcon.colcon_core.environment:checking '/home/golam_sadek/ros2_ws/install/turtlesim_catch_them_all/lib/python3.10/site-packages'
[1.756s] Level 1:colcon.colcon_core.shell:create_environment_hook('turtlesim_catch_them_all', 'pythonpath')
[1.756s] INFO:colcon.colcon_core.shell:Creating environment hook '/home/golam_sadek/ros2_ws/install/turtlesim_catch_them_all/share/turtlesim_catch_them_all/hook/pythonpath.ps1'
[1.757s] INFO:colcon.colcon_core.shell:Creating environment descriptor '/home/golam_sadek/ros2_ws/install/turtlesim_catch_them_all/share/turtlesim_catch_them_all/hook/pythonpath.dsv'
[1.757s] INFO:colcon.colcon_core.shell:Creating environment hook '/home/golam_sadek/ros2_ws/install/turtlesim_catch_them_all/share/turtlesim_catch_them_all/hook/pythonpath.sh'
[1.758s] Level 1:colcon.colcon_core.environment:checking '/home/golam_sadek/ros2_ws/install/turtlesim_catch_them_all/bin'
[1.758s] Level 1:colcon.colcon_core.environment:create_environment_scripts_only(turtlesim_catch_them_all)
[1.758s] INFO:colcon.colcon_core.shell:Creating package script '/home/golam_sadek/ros2_ws/install/turtlesim_catch_them_all/share/turtlesim_catch_them_all/package.ps1'
[1.759s] INFO:colcon.colcon_core.shell:Creating package descriptor '/home/golam_sadek/ros2_ws/install/turtlesim_catch_them_all/share/turtlesim_catch_them_all/package.dsv'
[1.759s] INFO:colcon.colcon_core.shell:Creating package script '/home/golam_sadek/ros2_ws/install/turtlesim_catch_them_all/share/turtlesim_catch_them_all/package.sh'
[1.760s] INFO:colcon.colcon_core.shell:Creating package script '/home/golam_sadek/ros2_ws/install/turtlesim_catch_them_all/share/turtlesim_catch_them_all/package.bash'
[1.760s] INFO:colcon.colcon_core.shell:Creating package script '/home/golam_sadek/ros2_ws/install/turtlesim_catch_them_all/share/turtlesim_catch_them_all/package.zsh'
[1.761s] Level 1:colcon.colcon_core.environment:create_file_with_runtime_dependencies(/home/golam_sadek/ros2_ws/install/turtlesim_catch_them_all/share/colcon-core/packages/turtlesim_catch_them_all)
[1.787s] DEBUG:colcon.colcon_core.event_handler.log_command:Invoked command in '/home/golam_sadek/ros2_ws/build/my_robot_bringup' returned '0': AMENT_PREFIX_PATH=/home/golam_sadek/ros2_ws/install/my_py_pkg:/home/golam_sadek/ros2_ws/install/turtlesim_catch_them_all:/home/golam_sadek/ros2_ws/install/my_robot_interfaces:/home/golam_sadek/ros2_ws/install/my_robot1_bringup:/home/golam_sadek/ros2_ws/install/my_robot_description:/home/golam_sadek/ros2_ws/install/my_robot_bringup:/home/golam_sadek/ros2_ws/install/my_cpp_pkg:/opt/ros/humble CMAKE_PREFIX_PATH=${CMAKE_PREFIX_PATH}:/home/golam_sadek/ros2_ws/install/turtlesim_catch_them_all:/home/golam_sadek/ros2_ws/install/my_py_pkg:/opt/ros/humble PYTHONPATH=/home/golam_sadek/ros2_ws/build/my_py_pkg:/home/golam_sadek/ros2_ws/install/my_py_pkg/lib/python3.10/site-packages:/home/golam_sadek/ros2_ws/build/turtlesim_catch_them_all:/home/golam_sadek/ros2_ws/install/turtlesim_catch_them_all/lib/python3.10/site-packages:/home/golam_sadek/ros2_ws/install/my_robot_interfaces/local/lib/python3.10/dist-packages:/opt/ros/humble/lib/python3.10/site-packages:/opt/ros/humble/local/lib/python3.10/dist-packages /usr/bin/cmake --build /home/golam_sadek/ros2_ws/build/my_robot_bringup -- -j8 -l8
[1.789s] DEBUG:colcon.colcon_core.event_handler.log_command:Invoking command in '/home/golam_sadek/ros2_ws/build/my_robot_bringup': AMENT_PREFIX_PATH=/home/golam_sadek/ros2_ws/install/my_py_pkg:/home/golam_sadek/ros2_ws/install/turtlesim_catch_them_all:/home/golam_sadek/ros2_ws/install/my_robot_interfaces:/home/golam_sadek/ros2_ws/install/my_robot1_bringup:/home/golam_sadek/ros2_ws/install/my_robot_description:/home/golam_sadek/ros2_ws/install/my_robot_bringup:/home/golam_sadek/ros2_ws/install/my_cpp_pkg:/opt/ros/humble CMAKE_PREFIX_PATH=${CMAKE_PREFIX_PATH}:/home/golam_sadek/ros2_ws/install/turtlesim_catch_them_all:/home/golam_sadek/ros2_ws/install/my_py_pkg:/opt/ros/humble PYTHONPATH=/home/golam_sadek/ros2_ws/build/my_py_pkg:/home/golam_sadek/ros2_ws/install/my_py_pkg/lib/python3.10/site-packages:/home/golam_sadek/ros2_ws/build/turtlesim_catch_them_all:/home/golam_sadek/ros2_ws/install/turtlesim_catch_them_all/lib/python3.10/site-packages:/home/golam_sadek/ros2_ws/install/my_robot_interfaces/local/lib/python3.10/dist-packages:/opt/ros/humble/lib/python3.10/site-packages:/opt/ros/humble/local/lib/python3.10/dist-packages /usr/bin/cmake --install /home/golam_sadek/ros2_ws/build/my_robot_bringup
[1.808s] Level 1:colcon.colcon_core.environment:create_environment_scripts_only(my_robot_bringup)
[1.809s] Level 1:colcon.colcon_core.environment:checking '/home/golam_sadek/ros2_ws/install/my_robot_bringup' for CMake module files
[1.809s] DEBUG:colcon.colcon_core.event_handler.log_command:Invoked command in '/home/golam_sadek/ros2_ws/build/my_robot_bringup' returned '0': AMENT_PREFIX_PATH=/home/golam_sadek/ros2_ws/install/my_py_pkg:/home/golam_sadek/ros2_ws/install/turtlesim_catch_them_all:/home/golam_sadek/ros2_ws/install/my_robot_interfaces:/home/golam_sadek/ros2_ws/install/my_robot1_bringup:/home/golam_sadek/ros2_ws/install/my_robot_description:/home/golam_sadek/ros2_ws/install/my_robot_bringup:/home/golam_sadek/ros2_ws/install/my_cpp_pkg:/opt/ros/humble CMAKE_PREFIX_PATH=${CMAKE_PREFIX_PATH}:/home/golam_sadek/ros2_ws/install/turtlesim_catch_them_all:/home/golam_sadek/ros2_ws/install/my_py_pkg:/opt/ros/humble PYTHONPATH=/home/golam_sadek/ros2_ws/build/my_py_pkg:/home/golam_sadek/ros2_ws/install/my_py_pkg/lib/python3.10/site-packages:/home/golam_sadek/ros2_ws/build/turtlesim_catch_them_all:/home/golam_sadek/ros2_ws/install/turtlesim_catch_them_all/lib/python3.10/site-packages:/home/golam_sadek/ros2_ws/install/my_robot_interfaces/local/lib/python3.10/dist-packages:/opt/ros/humble/lib/python3.10/site-packages:/opt/ros/humble/local/lib/python3.10/dist-packages /usr/bin/cmake --install /home/golam_sadek/ros2_ws/build/my_robot_bringup
[1.810s] Level 1:colcon.colcon_core.environment:checking '/home/golam_sadek/ros2_ws/install/my_robot_bringup' for CMake config files
[1.810s] Level 1:colcon.colcon_core.shell:create_environment_hook('my_robot_bringup', 'cmake_prefix_path')
[1.810s] INFO:colcon.colcon_core.shell:Creating environment hook '/home/golam_sadek/ros2_ws/install/my_robot_bringup/share/my_robot_bringup/hook/cmake_prefix_path.ps1'
[1.811s] INFO:colcon.colcon_core.shell:Creating environment descriptor '/home/golam_sadek/ros2_ws/install/my_robot_bringup/share/my_robot_bringup/hook/cmake_prefix_path.dsv'
[1.811s] INFO:colcon.colcon_core.shell:Creating environment hook '/home/golam_sadek/ros2_ws/install/my_robot_bringup/share/my_robot_bringup/hook/cmake_prefix_path.sh'
[1.812s] Level 1:colcon.colcon_core.environment:checking '/home/golam_sadek/ros2_ws/install/my_robot_bringup/bin'
[1.812s] Level 1:colcon.colcon_core.environment:checking '/home/golam_sadek/ros2_ws/install/my_robot_bringup/lib/pkgconfig/my_robot_bringup.pc'
[1.812s] Level 1:colcon.colcon_core.environment:checking '/home/golam_sadek/ros2_ws/install/my_robot_bringup/lib/python3.10/site-packages'
[1.812s] Level 1:colcon.colcon_core.environment:checking '/home/golam_sadek/ros2_ws/install/my_robot_bringup/bin'
[1.813s] INFO:colcon.colcon_core.shell:Creating package script '/home/golam_sadek/ros2_ws/install/my_robot_bringup/share/my_robot_bringup/package.ps1'
[1.813s] INFO:colcon.colcon_core.shell:Creating package descriptor '/home/golam_sadek/ros2_ws/install/my_robot_bringup/share/my_robot_bringup/package.dsv'
[1.813s] INFO:colcon.colcon_core.shell:Creating package script '/home/golam_sadek/ros2_ws/install/my_robot_bringup/share/my_robot_bringup/package.sh'
[1.814s] INFO:colcon.colcon_core.shell:Creating package script '/home/golam_sadek/ros2_ws/install/my_robot_bringup/share/my_robot_bringup/package.bash'
[1.814s] INFO:colcon.colcon_core.shell:Creating package script '/home/golam_sadek/ros2_ws/install/my_robot_bringup/share/my_robot_bringup/package.zsh'
[1.815s] Level 1:colcon.colcon_core.environment:create_file_with_runtime_dependencies(/home/golam_sadek/ros2_ws/install/my_robot_bringup/share/colcon-core/packages/my_robot_bringup)
[1.815s] Level 1:colcon.colcon_core.environment:create_environment_scripts_only(my_robot_bringup)
[1.815s] Level 1:colcon.colcon_core.environment:checking '/home/golam_sadek/ros2_ws/install/my_robot_bringup' for CMake module files
[1.816s] Level 1:colcon.colcon_core.environment:checking '/home/golam_sadek/ros2_ws/install/my_robot_bringup' for CMake config files
[1.816s] Level 1:colcon.colcon_core.shell:create_environment_hook('my_robot_bringup', 'cmake_prefix_path')
[1.816s] INFO:colcon.colcon_core.shell:Creating environment hook '/home/golam_sadek/ros2_ws/install/my_robot_bringup/share/my_robot_bringup/hook/cmake_prefix_path.ps1'
[1.816s] INFO:colcon.colcon_core.shell:Creating environment descriptor '/home/golam_sadek/ros2_ws/install/my_robot_bringup/share/my_robot_bringup/hook/cmake_prefix_path.dsv'
[1.817s] INFO:colcon.colcon_core.shell:Creating environment hook '/home/golam_sadek/ros2_ws/install/my_robot_bringup/share/my_robot_bringup/hook/cmake_prefix_path.sh'
[1.817s] Level 1:colcon.colcon_core.environment:checking '/home/golam_sadek/ros2_ws/install/my_robot_bringup/bin'
[1.817s] Level 1:colcon.colcon_core.environment:checking '/home/golam_sadek/ros2_ws/install/my_robot_bringup/lib/pkgconfig/my_robot_bringup.pc'
[1.817s] Level 1:colcon.colcon_core.environment:checking '/home/golam_sadek/ros2_ws/install/my_robot_bringup/lib/python3.10/site-packages'
[1.818s] Level 1:colcon.colcon_core.environment:checking '/home/golam_sadek/ros2_ws/install/my_robot_bringup/bin'
[1.818s] INFO:colcon.colcon_core.shell:Creating package script '/home/golam_sadek/ros2_ws/install/my_robot_bringup/share/my_robot_bringup/package.ps1'
[1.818s] INFO:colcon.colcon_core.shell:Creating package descriptor '/home/golam_sadek/ros2_ws/install/my_robot_bringup/share/my_robot_bringup/package.dsv'
[1.819s] INFO:colcon.colcon_core.shell:Creating package script '/home/golam_sadek/ros2_ws/install/my_robot_bringup/share/my_robot_bringup/package.sh'
[1.819s] INFO:colcon.colcon_core.shell:Creating package script '/home/golam_sadek/ros2_ws/install/my_robot_bringup/share/my_robot_bringup/package.bash'
[1.820s] INFO:colcon.colcon_core.shell:Creating package script '/home/golam_sadek/ros2_ws/install/my_robot_bringup/share/my_robot_bringup/package.zsh'
[1.820s] Level 1:colcon.colcon_core.environment:create_file_with_runtime_dependencies(/home/golam_sadek/ros2_ws/install/my_robot_bringup/share/colcon-core/packages/my_robot_bringup)
[1.820s] DEBUG:colcon.colcon_parallel_executor.executor.parallel:closing loop
[1.821s] DEBUG:colcon.colcon_parallel_executor.executor.parallel:loop closed
[1.821s] DEBUG:colcon.colcon_parallel_executor.executor.parallel:run_until_complete finished with '0'
[1.821s] DEBUG:colcon.colcon_core.event_reactor:joining thread
[1.825s] INFO:colcon.colcon_core.plugin_system:Skipping extension 'colcon_notification.desktop_notification.terminal_notifier': Not used on non-Darwin systems
[1.825s] INFO:colcon.colcon_core.plugin_system:Skipping extension 'colcon_notification.desktop_notification.win32': Not used on non-Windows systems
[1.825s] INFO:colcon.colcon_notification.desktop_notification:Sending desktop notification using 'notify2'
[1.833s] DEBUG:colcon.colcon_core.event_reactor:joined thread
[1.833s] INFO:colcon.colcon_core.shell:Creating prefix script '/home/golam_sadek/ros2_ws/install/local_setup.ps1'
[1.834s] INFO:colcon.colcon_core.shell:Creating prefix util module '/home/golam_sadek/ros2_ws/install/_local_setup_util_ps1.py'
[1.835s] INFO:colcon.colcon_core.shell:Creating prefix chain script '/home/golam_sadek/ros2_ws/install/setup.ps1'
[1.837s] INFO:colcon.colcon_core.shell:Creating prefix script '/home/golam_sadek/ros2_ws/install/local_setup.sh'
[1.837s] INFO:colcon.colcon_core.shell:Creating prefix util module '/home/golam_sadek/ros2_ws/install/_local_setup_util_sh.py'
[1.838s] INFO:colcon.colcon_core.shell:Creating prefix chain script '/home/golam_sadek/ros2_ws/install/setup.sh'
[1.839s] INFO:colcon.colcon_core.shell:Creating prefix script '/home/golam_sadek/ros2_ws/install/local_setup.bash'
[1.840s] INFO:colcon.colcon_core.shell:Creating prefix chain script '/home/golam_sadek/ros2_ws/install/setup.bash'
[1.841s] INFO:colcon.colcon_core.shell:Creating prefix script '/home/golam_sadek/ros2_ws/install/local_setup.zsh'
[1.842s] INFO:colcon.colcon_core.shell:Creating prefix chain script '/home/golam_sadek/ros2_ws/install/setup.zsh'
