[0.226s] Invoking command in '/home/golam_sadek/ros2_ws/build/my_cpp_pkg': CMAKE_PREFIX_PATH=/opt/ros/humble /usr/bin/cmake /home/golam_sadek/ros2_ws/src/my_cpp_pkg -DCMAKE_INSTALL_PREFIX=/home/golam_sadek/ros2_ws/install/my_cpp_pkg
[0.238s] -- Found ament_cmake: 1.3.11 (/opt/ros/humble/share/ament_cmake/cmake)
[0.387s] -- Override CMake install command with custom implementation using symlinks instead of copying resources
[0.394s] -- Found rclcpp: 16.0.11 (/opt/ros/humble/share/rclcpp/cmake)
[0.429s] -- Found rosidl_generator_c: 3.1.6 (/opt/ros/humble/share/rosidl_generator_c/cmake)
[0.432s] -- Found rosidl_adapter: 3.1.6 (/opt/ros/humble/share/rosidl_adapter/cmake)
[0.439s] -- Found rosidl_generator_cpp: 3.1.6 (/opt/ros/humble/share/rosidl_generator_cpp/cmake)
[0.448s] -- Using all available rosidl_typesupport_c: rosidl_typesupport_fastrtps_c;rosidl_typesupport_introspection_c
[0.462s] -- Using all available rosidl_typesupport_cpp: rosidl_typesupport_fastrtps_cpp;rosidl_typesupport_introspection_cpp
[0.498s] -- Found rmw_implementation_cmake: 6.1.2 (/opt/ros/humble/share/rmw_implementation_cmake/cmake)
[0.499s] -- Found rmw_fastrtps_cpp: 6.2.7 (/opt/ros/humble/share/rmw_fastrtps_cpp/cmake)
[0.618s] -- Using RMW implementation 'rmw_fastrtps_cpp' as default
[0.693s] -- Found example_interfaces: 0.9.3 (/opt/ros/humble/share/example_interfaces/cmake)
[0.829s] -- Configuring done
[0.856s] -- Generating done
[0.867s] -- Build files have been written to: /home/golam_sadek/ros2_ws/build/my_cpp_pkg
[0.883s] Invoked command in '/home/golam_sadek/ros2_ws/build/my_cpp_pkg' returned '0': CMAKE_PREFIX_PATH=/opt/ros/humble /usr/bin/cmake /home/golam_sadek/ros2_ws/src/my_cpp_pkg -DCMAKE_INSTALL_PREFIX=/home/golam_sadek/ros2_ws/install/my_cpp_pkg
[0.885s] Invoking command in '/home/golam_sadek/ros2_ws/build/my_cpp_pkg': CMAKE_PREFIX_PATH=/opt/ros/humble /usr/bin/cmake --build /home/golam_sadek/ros2_ws/build/my_cpp_pkg -- -j8 -l8
[0.946s] [35m[1mConsolidate compiler generated dependencies of target smartphone[0m
[0.946s] [35m[1mConsolidate compiler generated dependencies of target cpp_node[0m
[0.946s] [35m[1mConsolidate compiler generated dependencies of target robot_news_station[0m
[0.971s] [ 33%] Built target smartphone
[0.975s] [ 66%] Built target cpp_node
[0.981s] [100%] Built target robot_news_station
[1.002s] Invoked command in '/home/golam_sadek/ros2_ws/build/my_cpp_pkg' returned '0': CMAKE_PREFIX_PATH=/opt/ros/humble /usr/bin/cmake --build /home/golam_sadek/ros2_ws/build/my_cpp_pkg -- -j8 -l8
[1.004s] Invoking command in '/home/golam_sadek/ros2_ws/build/my_cpp_pkg': CMAKE_PREFIX_PATH=/opt/ros/humble /usr/bin/cmake --install /home/golam_sadek/ros2_ws/build/my_cpp_pkg
[1.015s] -- Install configuration: ""
[1.015s] -- Execute custom install script
[1.016s] -- Up-to-date symlink: /home/golam_sadek/ros2_ws/install/my_cpp_pkg/lib/my_cpp_pkg/cpp_node
[1.016s] -- Up-to-date symlink: /home/golam_sadek/ros2_ws/install/my_cpp_pkg/lib/my_cpp_pkg/robot_news_station
[1.016s] -- Up-to-date symlink: /home/golam_sadek/ros2_ws/install/my_cpp_pkg/lib/my_cpp_pkg/smartphone
[1.016s] -- Up-to-date symlink: /home/golam_sadek/ros2_ws/install/my_cpp_pkg/share/ament_index/resource_index/package_run_dependencies/my_cpp_pkg
[1.019s] -- Up-to-date symlink: /home/golam_sadek/ros2_ws/install/my_cpp_pkg/share/ament_index/resource_index/parent_prefix_path/my_cpp_pkg
[1.019s] -- Up-to-date symlink: /home/golam_sadek/ros2_ws/install/my_cpp_pkg/share/my_cpp_pkg/environment/ament_prefix_path.sh
[1.019s] -- Up-to-date symlink: /home/golam_sadek/ros2_ws/install/my_cpp_pkg/share/my_cpp_pkg/environment/ament_prefix_path.dsv
[1.019s] -- Up-to-date symlink: /home/golam_sadek/ros2_ws/install/my_cpp_pkg/share/my_cpp_pkg/environment/path.sh
[1.019s] -- Up-to-date symlink: /home/golam_sadek/ros2_ws/install/my_cpp_pkg/share/my_cpp_pkg/environment/path.dsv
[1.019s] -- Up-to-date symlink: /home/golam_sadek/ros2_ws/install/my_cpp_pkg/share/my_cpp_pkg/local_setup.bash
[1.019s] -- Up-to-date symlink: /home/golam_sadek/ros2_ws/install/my_cpp_pkg/share/my_cpp_pkg/local_setup.sh
[1.019s] -- Up-to-date symlink: /home/golam_sadek/ros2_ws/install/my_cpp_pkg/share/my_cpp_pkg/local_setup.zsh
[1.019s] -- Up-to-date symlink: /home/golam_sadek/ros2_ws/install/my_cpp_pkg/share/my_cpp_pkg/local_setup.dsv
[1.020s] -- Symlinking: /home/golam_sadek/ros2_ws/install/my_cpp_pkg/share/my_cpp_pkg/package.dsv
[1.028s] -- Up-to-date symlink: /home/golam_sadek/ros2_ws/install/my_cpp_pkg/share/ament_index/resource_index/packages/my_cpp_pkg
[1.028s] -- Up-to-date symlink: /home/golam_sadek/ros2_ws/install/my_cpp_pkg/share/my_cpp_pkg/cmake/my_cpp_pkgConfig.cmake
[1.028s] -- Up-to-date symlink: /home/golam_sadek/ros2_ws/install/my_cpp_pkg/share/my_cpp_pkg/cmake/my_cpp_pkgConfig-version.cmake
[1.028s] -- Up-to-date symlink: /home/golam_sadek/ros2_ws/install/my_cpp_pkg/share/my_cpp_pkg/package.xml
[1.031s] Invoked command in '/home/golam_sadek/ros2_ws/build/my_cpp_pkg' returned '0': CMAKE_PREFIX_PATH=/opt/ros/humble /usr/bin/cmake --install /home/golam_sadek/ros2_ws/build/my_cpp_pkg
