[0.208s] DEBUG:colcon:Command line arguments: ['/usr/bin/colcon', 'build', '--symlink-install']
[0.209s] DEBUG:colcon:Parsed command line arguments: Namespace(log_base=None, log_level=None, verb_name='build', build_base='build', install_base='install', merge_install=False, symlink_install=True, test_result_base=None, continue_on_error=False, executor='parallel', parallel_workers=8, event_handlers=None, ignore_user_meta=False, metas=['./colcon.meta'], base_paths=['.'], packages_ignore=None, packages_ignore_regex=None, paths=None, packages_up_to=None, packages_up_to_regex=None, packages_above=None, packages_above_and_dependencies=None, packages_above_depth=None, packages_select_by_dep=None, packages_skip_by_dep=None, packages_skip_up_to=None, packages_select_build_failed=False, packages_skip_build_finished=False, packages_select_test_failures=False, packages_skip_test_passed=False, packages_select=None, packages_skip=None, packages_select_regex=None, packages_skip_regex=None, packages_start=None, packages_end=None, allow_overriding=[], cmake_args=None, cmake_target=None, cmake_target_skip_unavailable=False, cmake_clean_cache=False, cmake_clean_first=False, cmake_force_configure=False, ament_cmake_args=None, catkin_cmake_args=None, catkin_skip_building_tests=False, verb_parser=<colcon_defaults.argument_parser.defaults.DefaultArgumentsDecorator object at 0x736310050460>, verb_extension=<colcon_core.verb.build.BuildVerb object at 0x736310159750>, main=<bound method BuildVerb.main of <colcon_core.verb.build.BuildVerb object at 0x736310159750>>)
[0.360s] Level 1:colcon.colcon_core.package_discovery:discover_packages(colcon_meta) check parameters
[0.360s] Level 1:colcon.colcon_core.package_discovery:discover_packages(recursive) check parameters
[0.360s] Level 1:colcon.colcon_core.package_discovery:discover_packages(ignore) check parameters
[0.360s] Level 1:colcon.colcon_core.package_discovery:discover_packages(path) check parameters
[0.360s] Level 1:colcon.colcon_core.package_discovery:discover_packages(colcon_meta) discover
[0.361s] Level 1:colcon.colcon_core.package_discovery:discover_packages(recursive) discover
[0.361s] INFO:colcon.colcon_core.package_discovery:Crawling recursively for packages in '/home/golam_sadek/ros2_ws'
[0.361s] Level 1:colcon.colcon_core.package_identification:_identify(.) by extensions ['ignore', 'ignore_ament_install']
[0.361s] Level 1:colcon.colcon_core.package_identification:_identify(.) by extension 'ignore'
[0.361s] Level 1:colcon.colcon_core.package_identification:_identify(.) by extension 'ignore_ament_install'
[0.361s] Level 1:colcon.colcon_core.package_identification:_identify(.) by extensions ['colcon_pkg']
[0.361s] Level 1:colcon.colcon_core.package_identification:_identify(.) by extension 'colcon_pkg'
[0.361s] Level 1:colcon.colcon_core.package_identification:_identify(.) by extensions ['colcon_meta']
[0.361s] Level 1:colcon.colcon_core.package_identification:_identify(.) by extension 'colcon_meta'
[0.361s] Level 1:colcon.colcon_core.package_identification:_identify(.) by extensions ['ros']
[0.361s] Level 1:colcon.colcon_core.package_identification:_identify(.) by extension 'ros'
[0.371s] Level 1:colcon.colcon_core.package_identification:_identify(.) by extensions ['cmake', 'python']
[0.372s] Level 1:colcon.colcon_core.package_identification:_identify(.) by extension 'cmake'
[0.372s] Level 1:colcon.colcon_core.package_identification:_identify(.) by extension 'python'
[0.372s] Level 1:colcon.colcon_core.package_identification:_identify(.) by extensions ['python_setup_py']
[0.372s] Level 1:colcon.colcon_core.package_identification:_identify(.) by extension 'python_setup_py'
[0.372s] Level 1:colcon.colcon_core.package_identification:_identify(build) by extensions ['ignore', 'ignore_ament_install']
[0.372s] Level 1:colcon.colcon_core.package_identification:_identify(build) by extension 'ignore'
[0.372s] Level 1:colcon.colcon_core.package_identification:_identify(build) ignored
[0.372s] Level 1:colcon.colcon_core.package_identification:_identify(install) by extensions ['ignore', 'ignore_ament_install']
[0.372s] Level 1:colcon.colcon_core.package_identification:_identify(install) by extension 'ignore'
[0.372s] Level 1:colcon.colcon_core.package_identification:_identify(install) ignored
[0.372s] Level 1:colcon.colcon_core.package_identification:_identify(log) by extensions ['ignore', 'ignore_ament_install']
[0.372s] Level 1:colcon.colcon_core.package_identification:_identify(log) by extension 'ignore'
[0.372s] Level 1:colcon.colcon_core.package_identification:_identify(log) ignored
[0.372s] Level 1:colcon.colcon_core.package_identification:_identify(src) by extensions ['ignore', 'ignore_ament_install']
[0.372s] Level 1:colcon.colcon_core.package_identification:_identify(src) by extension 'ignore'
[0.373s] Level 1:colcon.colcon_core.package_identification:_identify(src) by extension 'ignore_ament_install'
[0.373s] Level 1:colcon.colcon_core.package_identification:_identify(src) by extensions ['colcon_pkg']
[0.373s] Level 1:colcon.colcon_core.package_identification:_identify(src) by extension 'colcon_pkg'
[0.373s] Level 1:colcon.colcon_core.package_identification:_identify(src) by extensions ['colcon_meta']
[0.373s] Level 1:colcon.colcon_core.package_identification:_identify(src) by extension 'colcon_meta'
[0.373s] Level 1:colcon.colcon_core.package_identification:_identify(src) by extensions ['ros']
[0.373s] Level 1:colcon.colcon_core.package_identification:_identify(src) by extension 'ros'
[0.373s] Level 1:colcon.colcon_core.package_identification:_identify(src) by extensions ['cmake', 'python']
[0.373s] Level 1:colcon.colcon_core.package_identification:_identify(src) by extension 'cmake'
[0.373s] Level 1:colcon.colcon_core.package_identification:_identify(src) by extension 'python'
[0.373s] Level 1:colcon.colcon_core.package_identification:_identify(src) by extensions ['python_setup_py']
[0.373s] Level 1:colcon.colcon_core.package_identification:_identify(src) by extension 'python_setup_py'
[0.373s] Level 1:colcon.colcon_core.package_identification:_identify(src/my_cpp_pkg) by extensions ['ignore', 'ignore_ament_install']
[0.373s] Level 1:colcon.colcon_core.package_identification:_identify(src/my_cpp_pkg) by extension 'ignore'
[0.373s] Level 1:colcon.colcon_core.package_identification:_identify(src/my_cpp_pkg) by extension 'ignore_ament_install'
[0.373s] Level 1:colcon.colcon_core.package_identification:_identify(src/my_cpp_pkg) by extensions ['colcon_pkg']
[0.373s] Level 1:colcon.colcon_core.package_identification:_identify(src/my_cpp_pkg) by extension 'colcon_pkg'
[0.374s] Level 1:colcon.colcon_core.package_identification:_identify(src/my_cpp_pkg) by extensions ['colcon_meta']
[0.374s] Level 1:colcon.colcon_core.package_identification:_identify(src/my_cpp_pkg) by extension 'colcon_meta'
[0.374s] Level 1:colcon.colcon_core.package_identification:_identify(src/my_cpp_pkg) by extensions ['ros']
[0.374s] Level 1:colcon.colcon_core.package_identification:_identify(src/my_cpp_pkg) by extension 'ros'
[0.376s] DEBUG:colcon.colcon_core.package_identification:Package 'src/my_cpp_pkg' with type 'ros.ament_cmake' and name 'my_cpp_pkg'
[0.376s] Level 1:colcon.colcon_core.package_identification:_identify(src/my_py_pkg) by extensions ['ignore', 'ignore_ament_install']
[0.376s] Level 1:colcon.colcon_core.package_identification:_identify(src/my_py_pkg) by extension 'ignore'
[0.376s] Level 1:colcon.colcon_core.package_identification:_identify(src/my_py_pkg) by extension 'ignore_ament_install'
[0.376s] Level 1:colcon.colcon_core.package_identification:_identify(src/my_py_pkg) by extensions ['colcon_pkg']
[0.376s] Level 1:colcon.colcon_core.package_identification:_identify(src/my_py_pkg) by extension 'colcon_pkg'
[0.376s] Level 1:colcon.colcon_core.package_identification:_identify(src/my_py_pkg) by extensions ['colcon_meta']
[0.376s] Level 1:colcon.colcon_core.package_identification:_identify(src/my_py_pkg) by extension 'colcon_meta'
[0.376s] Level 1:colcon.colcon_core.package_identification:_identify(src/my_py_pkg) by extensions ['ros']
[0.376s] Level 1:colcon.colcon_core.package_identification:_identify(src/my_py_pkg) by extension 'ros'
[0.377s] DEBUG:colcon.colcon_core.package_identification:Package 'src/my_py_pkg' with type 'ros.ament_python' and name 'my_py_pkg'
[0.377s] Level 1:colcon.colcon_core.package_identification:_identify(src/my_robot1_bringup) by extensions ['ignore', 'ignore_ament_install']
[0.378s] Level 1:colcon.colcon_core.package_identification:_identify(src/my_robot1_bringup) by extension 'ignore'
[0.378s] Level 1:colcon.colcon_core.package_identification:_identify(src/my_robot1_bringup) by extension 'ignore_ament_install'
[0.378s] Level 1:colcon.colcon_core.package_identification:_identify(src/my_robot1_bringup) by extensions ['colcon_pkg']
[0.378s] Level 1:colcon.colcon_core.package_identification:_identify(src/my_robot1_bringup) by extension 'colcon_pkg'
[0.378s] Level 1:colcon.colcon_core.package_identification:_identify(src/my_robot1_bringup) by extensions ['colcon_meta']
[0.378s] Level 1:colcon.colcon_core.package_identification:_identify(src/my_robot1_bringup) by extension 'colcon_meta'
[0.378s] Level 1:colcon.colcon_core.package_identification:_identify(src/my_robot1_bringup) by extensions ['ros']
[0.378s] Level 1:colcon.colcon_core.package_identification:_identify(src/my_robot1_bringup) by extension 'ros'
[0.378s] DEBUG:colcon.colcon_core.package_identification:Package 'src/my_robot1_bringup' with type 'ros.ament_cmake' and name 'my_robot1_bringup'
[0.378s] Level 1:colcon.colcon_core.package_identification:_identify(src/my_robot_bringup) by extensions ['ignore', 'ignore_ament_install']
[0.379s] Level 1:colcon.colcon_core.package_identification:_identify(src/my_robot_bringup) by extension 'ignore'
[0.379s] Level 1:colcon.colcon_core.package_identification:_identify(src/my_robot_bringup) by extension 'ignore_ament_install'
[0.379s] Level 1:colcon.colcon_core.package_identification:_identify(src/my_robot_bringup) by extensions ['colcon_pkg']
[0.379s] Level 1:colcon.colcon_core.package_identification:_identify(src/my_robot_bringup) by extension 'colcon_pkg'
[0.379s] Level 1:colcon.colcon_core.package_identification:_identify(src/my_robot_bringup) by extensions ['colcon_meta']
[0.379s] Level 1:colcon.colcon_core.package_identification:_identify(src/my_robot_bringup) by extension 'colcon_meta'
[0.379s] Level 1:colcon.colcon_core.package_identification:_identify(src/my_robot_bringup) by extensions ['ros']
[0.379s] Level 1:colcon.colcon_core.package_identification:_identify(src/my_robot_bringup) by extension 'ros'
[0.379s] DEBUG:colcon.colcon_core.package_identification:Package 'src/my_robot_bringup' with type 'ros.ament_cmake' and name 'my_robot_bringup'
[0.380s] Level 1:colcon.colcon_core.package_identification:_identify(src/my_robot_description) by extensions ['ignore', 'ignore_ament_install']
[0.380s] Level 1:colcon.colcon_core.package_identification:_identify(src/my_robot_description) by extension 'ignore'
[0.380s] Level 1:colcon.colcon_core.package_identification:_identify(src/my_robot_description) by extension 'ignore_ament_install'
[0.380s] Level 1:colcon.colcon_core.package_identification:_identify(src/my_robot_description) by extensions ['colcon_pkg']
[0.380s] Level 1:colcon.colcon_core.package_identification:_identify(src/my_robot_description) by extension 'colcon_pkg'
[0.380s] Level 1:colcon.colcon_core.package_identification:_identify(src/my_robot_description) by extensions ['colcon_meta']
[0.380s] Level 1:colcon.colcon_core.package_identification:_identify(src/my_robot_description) by extension 'colcon_meta'
[0.380s] Level 1:colcon.colcon_core.package_identification:_identify(src/my_robot_description) by extensions ['ros']
[0.380s] Level 1:colcon.colcon_core.package_identification:_identify(src/my_robot_description) by extension 'ros'
[0.380s] DEBUG:colcon.colcon_core.package_identification:Package 'src/my_robot_description' with type 'ros.ament_cmake' and name 'my_robot_description'
[0.381s] Level 1:colcon.colcon_core.package_identification:_identify(src/my_robot_interfaces) by extensions ['ignore', 'ignore_ament_install']
[0.381s] Level 1:colcon.colcon_core.package_identification:_identify(src/my_robot_interfaces) by extension 'ignore'
[0.381s] Level 1:colcon.colcon_core.package_identification:_identify(src/my_robot_interfaces) by extension 'ignore_ament_install'
[0.381s] Level 1:colcon.colcon_core.package_identification:_identify(src/my_robot_interfaces) by extensions ['colcon_pkg']
[0.381s] Level 1:colcon.colcon_core.package_identification:_identify(src/my_robot_interfaces) by extension 'colcon_pkg'
[0.381s] Level 1:colcon.colcon_core.package_identification:_identify(src/my_robot_interfaces) by extensions ['colcon_meta']
[0.381s] Level 1:colcon.colcon_core.package_identification:_identify(src/my_robot_interfaces) by extension 'colcon_meta'
[0.381s] Level 1:colcon.colcon_core.package_identification:_identify(src/my_robot_interfaces) by extensions ['ros']
[0.381s] Level 1:colcon.colcon_core.package_identification:_identify(src/my_robot_interfaces) by extension 'ros'
[0.381s] DEBUG:colcon.colcon_core.package_identification:Package 'src/my_robot_interfaces' with type 'ros.ament_cmake' and name 'my_robot_interfaces'
[0.382s] Level 1:colcon.colcon_core.package_identification:_identify(src/turtlesim_catch_them_all) by extensions ['ignore', 'ignore_ament_install']
[0.382s] Level 1:colcon.colcon_core.package_identification:_identify(src/turtlesim_catch_them_all) by extension 'ignore'
[0.382s] Level 1:colcon.colcon_core.package_identification:_identify(src/turtlesim_catch_them_all) by extension 'ignore_ament_install'
[0.382s] Level 1:colcon.colcon_core.package_identification:_identify(src/turtlesim_catch_them_all) by extensions ['colcon_pkg']
[0.382s] Level 1:colcon.colcon_core.package_identification:_identify(src/turtlesim_catch_them_all) by extension 'colcon_pkg'
[0.382s] Level 1:colcon.colcon_core.package_identification:_identify(src/turtlesim_catch_them_all) by extensions ['colcon_meta']
[0.382s] Level 1:colcon.colcon_core.package_identification:_identify(src/turtlesim_catch_them_all) by extension 'colcon_meta'
[0.382s] Level 1:colcon.colcon_core.package_identification:_identify(src/turtlesim_catch_them_all) by extensions ['ros']
[0.382s] Level 1:colcon.colcon_core.package_identification:_identify(src/turtlesim_catch_them_all) by extension 'ros'
[0.382s] DEBUG:colcon.colcon_core.package_identification:Package 'src/turtlesim_catch_them_all' with type 'ros.ament_python' and name 'turtlesim_catch_them_all'
[0.383s] Level 1:colcon.colcon_core.package_discovery:discover_packages(recursive) using defaults
[0.383s] Level 1:colcon.colcon_core.package_discovery:discover_packages(ignore) discover
[0.383s] Level 1:colcon.colcon_core.package_discovery:discover_packages(ignore) using defaults
[0.383s] Level 1:colcon.colcon_core.package_discovery:discover_packages(path) discover
[0.383s] Level 1:colcon.colcon_core.package_discovery:discover_packages(path) using defaults
[0.402s] Level 1:colcon.colcon_core.package_discovery:discover_packages(prefix_path) check parameters
[0.402s] Level 1:colcon.colcon_core.package_discovery:discover_packages(prefix_path) discover
[0.415s] DEBUG:colcon.colcon_installed_package_information.package_discovery:Found 7 installed packages in /home/golam_sadek/ros2_ws/install
[0.416s] DEBUG:colcon.colcon_installed_package_information.package_discovery:Found 294 installed packages in /opt/ros/humble
[0.417s] Level 1:colcon.colcon_core.package_discovery:discover_packages(prefix_path) using defaults
[0.728s] Level 5:colcon.colcon_core.verb:set package 'my_cpp_pkg' build argument 'cmake_args' from command line to 'None'
[0.728s] Level 5:colcon.colcon_core.verb:set package 'my_cpp_pkg' build argument 'cmake_target' from command line to 'None'
[0.728s] Level 5:colcon.colcon_core.verb:set package 'my_cpp_pkg' build argument 'cmake_target_skip_unavailable' from command line to 'False'
[0.728s] Level 5:colcon.colcon_core.verb:set package 'my_cpp_pkg' build argument 'cmake_clean_cache' from command line to 'False'
[0.728s] Level 5:colcon.colcon_core.verb:set package 'my_cpp_pkg' build argument 'cmake_clean_first' from command line to 'False'
[0.728s] Level 5:colcon.colcon_core.verb:set package 'my_cpp_pkg' build argument 'cmake_force_configure' from command line to 'False'
[0.728s] Level 5:colcon.colcon_core.verb:set package 'my_cpp_pkg' build argument 'ament_cmake_args' from command line to 'None'
[0.728s] Level 5:colcon.colcon_core.verb:set package 'my_cpp_pkg' build argument 'catkin_cmake_args' from command line to 'None'
[0.729s] Level 5:colcon.colcon_core.verb:set package 'my_cpp_pkg' build argument 'catkin_skip_building_tests' from command line to 'False'
[0.729s] DEBUG:colcon.colcon_core.verb:Building package 'my_cpp_pkg' with the following arguments: {'ament_cmake_args': None, 'build_base': '/home/golam_sadek/ros2_ws/build/my_cpp_pkg', 'catkin_cmake_args': None, 'catkin_skip_building_tests': False, 'cmake_args': None, 'cmake_clean_cache': False, 'cmake_clean_first': False, 'cmake_force_configure': False, 'cmake_target': None, 'cmake_target_skip_unavailable': False, 'install_base': '/home/golam_sadek/ros2_ws/install/my_cpp_pkg', 'merge_install': False, 'path': '/home/golam_sadek/ros2_ws/src/my_cpp_pkg', 'symlink_install': True, 'test_result_base': None}
[0.729s] Level 5:colcon.colcon_core.verb:set package 'my_py_pkg' build argument 'cmake_args' from command line to 'None'
[0.729s] Level 5:colcon.colcon_core.verb:set package 'my_py_pkg' build argument 'cmake_target' from command line to 'None'
[0.729s] Level 5:colcon.colcon_core.verb:set package 'my_py_pkg' build argument 'cmake_target_skip_unavailable' from command line to 'False'
[0.729s] Level 5:colcon.colcon_core.verb:set package 'my_py_pkg' build argument 'cmake_clean_cache' from command line to 'False'
[0.729s] Level 5:colcon.colcon_core.verb:set package 'my_py_pkg' build argument 'cmake_clean_first' from command line to 'False'
[0.729s] Level 5:colcon.colcon_core.verb:set package 'my_py_pkg' build argument 'cmake_force_configure' from command line to 'False'
[0.729s] Level 5:colcon.colcon_core.verb:set package 'my_py_pkg' build argument 'ament_cmake_args' from command line to 'None'
[0.729s] Level 5:colcon.colcon_core.verb:set package 'my_py_pkg' build argument 'catkin_cmake_args' from command line to 'None'
[0.729s] Level 5:colcon.colcon_core.verb:set package 'my_py_pkg' build argument 'catkin_skip_building_tests' from command line to 'False'
[0.729s] DEBUG:colcon.colcon_core.verb:Building package 'my_py_pkg' with the following arguments: {'ament_cmake_args': None, 'build_base': '/home/golam_sadek/ros2_ws/build/my_py_pkg', 'catkin_cmake_args': None, 'catkin_skip_building_tests': False, 'cmake_args': None, 'cmake_clean_cache': False, 'cmake_clean_first': False, 'cmake_force_configure': False, 'cmake_target': None, 'cmake_target_skip_unavailable': False, 'install_base': '/home/golam_sadek/ros2_ws/install/my_py_pkg', 'merge_install': False, 'path': '/home/golam_sadek/ros2_ws/src/my_py_pkg', 'symlink_install': True, 'test_result_base': None}
[0.730s] Level 5:colcon.colcon_core.verb:set package 'my_robot_description' build argument 'cmake_args' from command line to 'None'
[0.730s] Level 5:colcon.colcon_core.verb:set package 'my_robot_description' build argument 'cmake_target' from command line to 'None'
[0.730s] Level 5:colcon.colcon_core.verb:set package 'my_robot_description' build argument 'cmake_target_skip_unavailable' from command line to 'False'
[0.730s] Level 5:colcon.colcon_core.verb:set package 'my_robot_description' build argument 'cmake_clean_cache' from command line to 'False'
[0.730s] Level 5:colcon.colcon_core.verb:set package 'my_robot_description' build argument 'cmake_clean_first' from command line to 'False'
[0.730s] Level 5:colcon.colcon_core.verb:set package 'my_robot_description' build argument 'cmake_force_configure' from command line to 'False'
[0.730s] Level 5:colcon.colcon_core.verb:set package 'my_robot_description' build argument 'ament_cmake_args' from command line to 'None'
[0.730s] Level 5:colcon.colcon_core.verb:set package 'my_robot_description' build argument 'catkin_cmake_args' from command line to 'None'
[0.730s] Level 5:colcon.colcon_core.verb:set package 'my_robot_description' build argument 'catkin_skip_building_tests' from command line to 'False'
[0.730s] DEBUG:colcon.colcon_core.verb:Building package 'my_robot_description' with the following arguments: {'ament_cmake_args': None, 'build_base': '/home/golam_sadek/ros2_ws/build/my_robot_description', 'catkin_cmake_args': None, 'catkin_skip_building_tests': False, 'cmake_args': None, 'cmake_clean_cache': False, 'cmake_clean_first': False, 'cmake_force_configure': False, 'cmake_target': None, 'cmake_target_skip_unavailable': False, 'install_base': '/home/golam_sadek/ros2_ws/install/my_robot_description', 'merge_install': False, 'path': '/home/golam_sadek/ros2_ws/src/my_robot_description', 'symlink_install': True, 'test_result_base': None}
[0.730s] Level 5:colcon.colcon_core.verb:set package 'my_robot_interfaces' build argument 'cmake_args' from command line to 'None'
[0.730s] Level 5:colcon.colcon_core.verb:set package 'my_robot_interfaces' build argument 'cmake_target' from command line to 'None'
[0.730s] Level 5:colcon.colcon_core.verb:set package 'my_robot_interfaces' build argument 'cmake_target_skip_unavailable' from command line to 'False'
[0.730s] Level 5:colcon.colcon_core.verb:set package 'my_robot_interfaces' build argument 'cmake_clean_cache' from command line to 'False'
[0.730s] Level 5:colcon.colcon_core.verb:set package 'my_robot_interfaces' build argument 'cmake_clean_first' from command line to 'False'
[0.730s] Level 5:colcon.colcon_core.verb:set package 'my_robot_interfaces' build argument 'cmake_force_configure' from command line to 'False'
[0.730s] Level 5:colcon.colcon_core.verb:set package 'my_robot_interfaces' build argument 'ament_cmake_args' from command line to 'None'
[0.730s] Level 5:colcon.colcon_core.verb:set package 'my_robot_interfaces' build argument 'catkin_cmake_args' from command line to 'None'
[0.730s] Level 5:colcon.colcon_core.verb:set package 'my_robot_interfaces' build argument 'catkin_skip_building_tests' from command line to 'False'
[0.730s] DEBUG:colcon.colcon_core.verb:Building package 'my_robot_interfaces' with the following arguments: {'ament_cmake_args': None, 'build_base': '/home/golam_sadek/ros2_ws/build/my_robot_interfaces', 'catkin_cmake_args': None, 'catkin_skip_building_tests': False, 'cmake_args': None, 'cmake_clean_cache': False, 'cmake_clean_first': False, 'cmake_force_configure': False, 'cmake_target': None, 'cmake_target_skip_unavailable': False, 'install_base': '/home/golam_sadek/ros2_ws/install/my_robot_interfaces', 'merge_install': False, 'path': '/home/golam_sadek/ros2_ws/src/my_robot_interfaces', 'symlink_install': True, 'test_result_base': None}
[0.731s] Level 5:colcon.colcon_core.verb:set package 'turtlesim_catch_them_all' build argument 'cmake_args' from command line to 'None'
[0.731s] Level 5:colcon.colcon_core.verb:set package 'turtlesim_catch_them_all' build argument 'cmake_target' from command line to 'None'
[0.731s] Level 5:colcon.colcon_core.verb:set package 'turtlesim_catch_them_all' build argument 'cmake_target_skip_unavailable' from command line to 'False'
[0.731s] Level 5:colcon.colcon_core.verb:set package 'turtlesim_catch_them_all' build argument 'cmake_clean_cache' from command line to 'False'
[0.731s] Level 5:colcon.colcon_core.verb:set package 'turtlesim_catch_them_all' build argument 'cmake_clean_first' from command line to 'False'
[0.731s] Level 5:colcon.colcon_core.verb:set package 'turtlesim_catch_them_all' build argument 'cmake_force_configure' from command line to 'False'
[0.731s] Level 5:colcon.colcon_core.verb:set package 'turtlesim_catch_them_all' build argument 'ament_cmake_args' from command line to 'None'
[0.731s] Level 5:colcon.colcon_core.verb:set package 'turtlesim_catch_them_all' build argument 'catkin_cmake_args' from command line to 'None'
[0.731s] Level 5:colcon.colcon_core.verb:set package 'turtlesim_catch_them_all' build argument 'catkin_skip_building_tests' from command line to 'False'
[0.731s] DEBUG:colcon.colcon_core.verb:Building package 'turtlesim_catch_them_all' with the following arguments: {'ament_cmake_args': None, 'build_base': '/home/golam_sadek/ros2_ws/build/turtlesim_catch_them_all', 'catkin_cmake_args': None, 'catkin_skip_building_tests': False, 'cmake_args': None, 'cmake_clean_cache': False, 'cmake_clean_first': False, 'cmake_force_configure': False, 'cmake_target': None, 'cmake_target_skip_unavailable': False, 'install_base': '/home/golam_sadek/ros2_ws/install/turtlesim_catch_them_all', 'merge_install': False, 'path': '/home/golam_sadek/ros2_ws/src/turtlesim_catch_them_all', 'symlink_install': True, 'test_result_base': None}
[0.731s] Level 5:colcon.colcon_core.verb:set package 'my_robot1_bringup' build argument 'cmake_args' from command line to 'None'
[0.731s] Level 5:colcon.colcon_core.verb:set package 'my_robot1_bringup' build argument 'cmake_target' from command line to 'None'
[0.731s] Level 5:colcon.colcon_core.verb:set package 'my_robot1_bringup' build argument 'cmake_target_skip_unavailable' from command line to 'False'
[0.731s] Level 5:colcon.colcon_core.verb:set package 'my_robot1_bringup' build argument 'cmake_clean_cache' from command line to 'False'
[0.731s] Level 5:colcon.colcon_core.verb:set package 'my_robot1_bringup' build argument 'cmake_clean_first' from command line to 'False'
[0.731s] Level 5:colcon.colcon_core.verb:set package 'my_robot1_bringup' build argument 'cmake_force_configure' from command line to 'False'
[0.731s] Level 5:colcon.colcon_core.verb:set package 'my_robot1_bringup' build argument 'ament_cmake_args' from command line to 'None'
[0.731s] Level 5:colcon.colcon_core.verb:set package 'my_robot1_bringup' build argument 'catkin_cmake_args' from command line to 'None'
[0.731s] Level 5:colcon.colcon_core.verb:set package 'my_robot1_bringup' build argument 'catkin_skip_building_tests' from command line to 'False'
[0.731s] DEBUG:colcon.colcon_core.verb:Building package 'my_robot1_bringup' with the following arguments: {'ament_cmake_args': None, 'build_base': '/home/golam_sadek/ros2_ws/build/my_robot1_bringup', 'catkin_cmake_args': None, 'catkin_skip_building_tests': False, 'cmake_args': None, 'cmake_clean_cache': False, 'cmake_clean_first': False, 'cmake_force_configure': False, 'cmake_target': None, 'cmake_target_skip_unavailable': False, 'install_base': '/home/golam_sadek/ros2_ws/install/my_robot1_bringup', 'merge_install': False, 'path': '/home/golam_sadek/ros2_ws/src/my_robot1_bringup', 'symlink_install': True, 'test_result_base': None}
[0.732s] Level 5:colcon.colcon_core.verb:set package 'my_robot_bringup' build argument 'cmake_args' from command line to 'None'
[0.732s] Level 5:colcon.colcon_core.verb:set package 'my_robot_bringup' build argument 'cmake_target' from command line to 'None'
[0.732s] Level 5:colcon.colcon_core.verb:set package 'my_robot_bringup' build argument 'cmake_target_skip_unavailable' from command line to 'False'
[0.732s] Level 5:colcon.colcon_core.verb:set package 'my_robot_bringup' build argument 'cmake_clean_cache' from command line to 'False'
[0.732s] Level 5:colcon.colcon_core.verb:set package 'my_robot_bringup' build argument 'cmake_clean_first' from command line to 'False'
[0.732s] Level 5:colcon.colcon_core.verb:set package 'my_robot_bringup' build argument 'cmake_force_configure' from command line to 'False'
[0.732s] Level 5:colcon.colcon_core.verb:set package 'my_robot_bringup' build argument 'ament_cmake_args' from command line to 'None'
[0.732s] Level 5:colcon.colcon_core.verb:set package 'my_robot_bringup' build argument 'catkin_cmake_args' from command line to 'None'
[0.732s] Level 5:colcon.colcon_core.verb:set package 'my_robot_bringup' build argument 'catkin_skip_building_tests' from command line to 'False'
[0.732s] DEBUG:colcon.colcon_core.verb:Building package 'my_robot_bringup' with the following arguments: {'ament_cmake_args': None, 'build_base': '/home/golam_sadek/ros2_ws/build/my_robot_bringup', 'catkin_cmake_args': None, 'catkin_skip_building_tests': False, 'cmake_args': None, 'cmake_clean_cache': False, 'cmake_clean_first': False, 'cmake_force_configure': False, 'cmake_target': None, 'cmake_target_skip_unavailable': False, 'install_base': '/home/golam_sadek/ros2_ws/install/my_robot_bringup', 'merge_install': False, 'path': '/home/golam_sadek/ros2_ws/src/my_robot_bringup', 'symlink_install': True, 'test_result_base': None}
[0.732s] INFO:colcon.colcon_core.executor:Executing jobs using 'parallel' executor
[0.733s] DEBUG:colcon.colcon_parallel_executor.executor.parallel:run_until_complete
[0.733s] INFO:colcon.colcon_ros.task.ament_python.build:Building ROS package in '/home/golam_sadek/ros2_ws/src/my_py_pkg' with build type 'ament_python'
[0.734s] Level 1:colcon.colcon_core.shell:create_environment_hook('my_py_pkg', 'ament_prefix_path')
[0.735s] INFO:colcon.colcon_core.plugin_system:Skipping extension 'colcon_core.shell.bat': Not used on non-Windows systems
[0.736s] INFO:colcon.colcon_core.shell:Creating environment hook '/home/golam_sadek/ros2_ws/install/my_py_pkg/share/my_py_pkg/hook/ament_prefix_path.ps1'
[0.736s] INFO:colcon.colcon_core.shell:Creating environment descriptor '/home/golam_sadek/ros2_ws/install/my_py_pkg/share/my_py_pkg/hook/ament_prefix_path.dsv'
[0.737s] INFO:colcon.colcon_core.shell:Creating environment hook '/home/golam_sadek/ros2_ws/install/my_py_pkg/share/my_py_pkg/hook/ament_prefix_path.sh'
[0.737s] INFO:colcon.colcon_core.shell:Skip shell extension 'powershell' for command environment: Not usable outside of PowerShell
[0.737s] DEBUG:colcon.colcon_core.shell:Skip shell extension 'dsv' for command environment
[0.740s] INFO:colcon.colcon_ros.task.ament_cmake.build:Building ROS package in '/home/golam_sadek/ros2_ws/src/my_robot_description' with build type 'ament_cmake'
[0.741s] INFO:colcon.colcon_cmake.task.cmake.build:Building CMake package in '/home/golam_sadek/ros2_ws/src/my_robot_description'
[0.741s] INFO:colcon.colcon_core.shell:Skip shell extension 'powershell' for command environment: Not usable outside of PowerShell
[0.741s] DEBUG:colcon.colcon_core.shell:Skip shell extension 'dsv' for command environment
[0.744s] INFO:colcon.colcon_ros.task.ament_cmake.build:Building ROS package in '/home/golam_sadek/ros2_ws/src/my_cpp_pkg' with build type 'ament_cmake'
[0.744s] INFO:colcon.colcon_cmake.task.cmake.build:Building CMake package in '/home/golam_sadek/ros2_ws/src/my_cpp_pkg'
[0.744s] INFO:colcon.colcon_core.shell:Skip shell extension 'powershell' for command environment: Not usable outside of PowerShell
[0.744s] DEBUG:colcon.colcon_core.shell:Skip shell extension 'dsv' for command environment
[0.748s] INFO:colcon.colcon_ros.task.ament_cmake.build:Building ROS package in '/home/golam_sadek/ros2_ws/src/my_robot_interfaces' with build type 'ament_cmake'
[0.749s] INFO:colcon.colcon_cmake.task.cmake.build:Building CMake package in '/home/golam_sadek/ros2_ws/src/my_robot_interfaces'
[0.749s] INFO:colcon.colcon_core.shell:Skip shell extension 'powershell' for command environment: Not usable outside of PowerShell
[0.749s] DEBUG:colcon.colcon_core.shell:Skip shell extension 'dsv' for command environment
[0.752s] INFO:colcon.colcon_ros.task.ament_python.build:Building ROS package in '/home/golam_sadek/ros2_ws/src/turtlesim_catch_them_all' with build type 'ament_python'
[0.752s] Level 1:colcon.colcon_core.shell:create_environment_hook('turtlesim_catch_them_all', 'ament_prefix_path')
[0.752s] INFO:colcon.colcon_core.shell:Creating environment hook '/home/golam_sadek/ros2_ws/install/turtlesim_catch_them_all/share/turtlesim_catch_them_all/hook/ament_prefix_path.ps1'
[0.753s] INFO:colcon.colcon_core.shell:Creating environment descriptor '/home/golam_sadek/ros2_ws/install/turtlesim_catch_them_all/share/turtlesim_catch_them_all/hook/ament_prefix_path.dsv'
[0.753s] INFO:colcon.colcon_core.shell:Creating environment hook '/home/golam_sadek/ros2_ws/install/turtlesim_catch_them_all/share/turtlesim_catch_them_all/hook/ament_prefix_path.sh'
[0.754s] INFO:colcon.colcon_core.shell:Skip shell extension 'powershell' for command environment: Not usable outside of PowerShell
[0.754s] DEBUG:colcon.colcon_core.shell:Skip shell extension 'dsv' for command environment
[0.989s] INFO:colcon.colcon_core.task.python.build:Building Python package in '/home/golam_sadek/ros2_ws/src/my_py_pkg'
[0.989s] INFO:colcon.colcon_core.shell:Skip shell extension 'powershell' for command environment: Not usable outside of PowerShell
[0.990s] DEBUG:colcon.colcon_core.shell:Skip shell extension 'dsv' for command environment
[0.997s] DEBUG:colcon.colcon_core.event_handler.log_command:Invoking command in '/home/golam_sadek/ros2_ws/build/my_robot_description': CMAKE_PREFIX_PATH=${CMAKE_PREFIX_PATH}:/home/golam_sadek/ros2_ws/install/turtlesim_catch_them_all:/home/golam_sadek/ros2_ws/install/my_py_pkg:/opt/ros/humble /usr/bin/cmake --build /home/golam_sadek/ros2_ws/build/my_robot_description -- -j8 -l8
[1.000s] DEBUG:colcon.colcon_core.event_handler.log_command:Invoking command in '/home/golam_sadek/ros2_ws/build/my_cpp_pkg': CMAKE_PREFIX_PATH=${CMAKE_PREFIX_PATH}:/home/golam_sadek/ros2_ws/install/turtlesim_catch_them_all:/home/golam_sadek/ros2_ws/install/my_py_pkg:/opt/ros/humble /usr/bin/cmake --build /home/golam_sadek/ros2_ws/build/my_cpp_pkg -- -j8 -l8
[1.003s] DEBUG:colcon.colcon_core.event_handler.log_command:Invoking command in '/home/golam_sadek/ros2_ws/build/my_robot_interfaces': CMAKE_PREFIX_PATH=${CMAKE_PREFIX_PATH}:/home/golam_sadek/ros2_ws/install/turtlesim_catch_them_all:/home/golam_sadek/ros2_ws/install/my_py_pkg:/opt/ros/humble /usr/bin/cmake --build /home/golam_sadek/ros2_ws/build/my_robot_interfaces -- -j8 -l8
[1.294s] INFO:colcon.colcon_core.task.python.build:Building Python package in '/home/golam_sadek/ros2_ws/src/turtlesim_catch_them_all'
[1.294s] INFO:colcon.colcon_core.shell:Skip shell extension 'powershell' for command environment: Not usable outside of PowerShell
[1.294s] DEBUG:colcon.colcon_core.shell:Skip shell extension 'dsv' for command environment
[1.301s] DEBUG:colcon.colcon_core.event_handler.log_command:Invoked command in '/home/golam_sadek/ros2_ws/build/my_robot_description' returned '0': CMAKE_PREFIX_PATH=${CMAKE_PREFIX_PATH}:/home/golam_sadek/ros2_ws/install/turtlesim_catch_them_all:/home/golam_sadek/ros2_ws/install/my_py_pkg:/opt/ros/humble /usr/bin/cmake --build /home/golam_sadek/ros2_ws/build/my_robot_description -- -j8 -l8
[1.312s] DEBUG:colcon.colcon_core.event_handler.log_command:Invoking command in '/home/golam_sadek/ros2_ws/build/my_robot_description': CMAKE_PREFIX_PATH=${CMAKE_PREFIX_PATH}:/home/golam_sadek/ros2_ws/install/turtlesim_catch_them_all:/home/golam_sadek/ros2_ws/install/my_py_pkg:/opt/ros/humble /usr/bin/cmake --install /home/golam_sadek/ros2_ws/build/my_robot_description
[1.313s] DEBUG:colcon.colcon_core.event_handler.log_command:Invoked command in '/home/golam_sadek/ros2_ws/build/my_cpp_pkg' returned '0': CMAKE_PREFIX_PATH=${CMAKE_PREFIX_PATH}:/home/golam_sadek/ros2_ws/install/turtlesim_catch_them_all:/home/golam_sadek/ros2_ws/install/my_py_pkg:/opt/ros/humble /usr/bin/cmake --build /home/golam_sadek/ros2_ws/build/my_cpp_pkg -- -j8 -l8
[1.315s] DEBUG:colcon.colcon_core.event_handler.log_command:Invoking command in '/home/golam_sadek/ros2_ws/build/my_cpp_pkg': CMAKE_PREFIX_PATH=${CMAKE_PREFIX_PATH}:/home/golam_sadek/ros2_ws/install/turtlesim_catch_them_all:/home/golam_sadek/ros2_ws/install/my_py_pkg:/opt/ros/humble /usr/bin/cmake --install /home/golam_sadek/ros2_ws/build/my_cpp_pkg
[1.341s] Level 1:colcon.colcon_core.environment:create_environment_scripts_only(my_cpp_pkg)
[1.342s] DEBUG:colcon.colcon_core.event_handler.log_command:Invoked command in '/home/golam_sadek/ros2_ws/build/my_cpp_pkg' returned '0': CMAKE_PREFIX_PATH=${CMAKE_PREFIX_PATH}:/home/golam_sadek/ros2_ws/install/turtlesim_catch_them_all:/home/golam_sadek/ros2_ws/install/my_py_pkg:/opt/ros/humble /usr/bin/cmake --install /home/golam_sadek/ros2_ws/build/my_cpp_pkg
[1.345s] Level 1:colcon.colcon_core.environment:checking '/home/golam_sadek/ros2_ws/install/my_cpp_pkg' for CMake module files
[1.345s] Level 1:colcon.colcon_core.environment:checking '/home/golam_sadek/ros2_ws/install/my_cpp_pkg' for CMake config files
[1.346s] Level 1:colcon.colcon_core.shell:create_environment_hook('my_cpp_pkg', 'cmake_prefix_path')
[1.346s] INFO:colcon.colcon_core.shell:Creating environment hook '/home/golam_sadek/ros2_ws/install/my_cpp_pkg/share/my_cpp_pkg/hook/cmake_prefix_path.ps1'
[1.347s] INFO:colcon.colcon_core.shell:Creating environment descriptor '/home/golam_sadek/ros2_ws/install/my_cpp_pkg/share/my_cpp_pkg/hook/cmake_prefix_path.dsv'
[1.347s] INFO:colcon.colcon_core.shell:Creating environment hook '/home/golam_sadek/ros2_ws/install/my_cpp_pkg/share/my_cpp_pkg/hook/cmake_prefix_path.sh'
[1.348s] Level 1:colcon.colcon_core.environment:checking '/home/golam_sadek/ros2_ws/install/my_cpp_pkg/lib'
[1.348s] Level 1:colcon.colcon_core.environment:checking '/home/golam_sadek/ros2_ws/install/my_cpp_pkg/bin'
[1.348s] Level 1:colcon.colcon_core.environment:checking '/home/golam_sadek/ros2_ws/install/my_cpp_pkg/lib/pkgconfig/my_cpp_pkg.pc'
[1.348s] Level 1:colcon.colcon_core.environment:checking '/home/golam_sadek/ros2_ws/install/my_cpp_pkg/lib/python3.10/site-packages'
[1.348s] Level 1:colcon.colcon_core.environment:checking '/home/golam_sadek/ros2_ws/install/my_cpp_pkg/bin'
[1.349s] INFO:colcon.colcon_core.shell:Creating package script '/home/golam_sadek/ros2_ws/install/my_cpp_pkg/share/my_cpp_pkg/package.ps1'
[1.350s] INFO:colcon.colcon_core.shell:Creating package descriptor '/home/golam_sadek/ros2_ws/install/my_cpp_pkg/share/my_cpp_pkg/package.dsv'
[1.350s] INFO:colcon.colcon_core.shell:Creating package script '/home/golam_sadek/ros2_ws/install/my_cpp_pkg/share/my_cpp_pkg/package.sh'
[1.351s] INFO:colcon.colcon_core.shell:Creating package script '/home/golam_sadek/ros2_ws/install/my_cpp_pkg/share/my_cpp_pkg/package.bash'
[1.352s] INFO:colcon.colcon_core.shell:Creating package script '/home/golam_sadek/ros2_ws/install/my_cpp_pkg/share/my_cpp_pkg/package.zsh'
[1.353s] Level 1:colcon.colcon_core.environment:create_file_with_runtime_dependencies(/home/golam_sadek/ros2_ws/install/my_cpp_pkg/share/colcon-core/packages/my_cpp_pkg)
[1.354s] Level 1:colcon.colcon_core.environment:create_environment_scripts_only(my_cpp_pkg)
[1.355s] Level 1:colcon.colcon_core.environment:checking '/home/golam_sadek/ros2_ws/install/my_cpp_pkg' for CMake module files
[1.355s] Level 1:colcon.colcon_core.environment:checking '/home/golam_sadek/ros2_ws/install/my_cpp_pkg' for CMake config files
[1.355s] Level 1:colcon.colcon_core.shell:create_environment_hook('my_cpp_pkg', 'cmake_prefix_path')
[1.356s] INFO:colcon.colcon_core.shell:Creating environment hook '/home/golam_sadek/ros2_ws/install/my_cpp_pkg/share/my_cpp_pkg/hook/cmake_prefix_path.ps1'
[1.356s] INFO:colcon.colcon_core.shell:Creating environment descriptor '/home/golam_sadek/ros2_ws/install/my_cpp_pkg/share/my_cpp_pkg/hook/cmake_prefix_path.dsv'
[1.356s] INFO:colcon.colcon_core.shell:Creating environment hook '/home/golam_sadek/ros2_ws/install/my_cpp_pkg/share/my_cpp_pkg/hook/cmake_prefix_path.sh'
[1.357s] Level 1:colcon.colcon_core.environment:checking '/home/golam_sadek/ros2_ws/install/my_cpp_pkg/lib'
[1.357s] Level 1:colcon.colcon_core.environment:checking '/home/golam_sadek/ros2_ws/install/my_cpp_pkg/bin'
[1.357s] Level 1:colcon.colcon_core.environment:checking '/home/golam_sadek/ros2_ws/install/my_cpp_pkg/lib/pkgconfig/my_cpp_pkg.pc'
[1.358s] Level 1:colcon.colcon_core.environment:checking '/home/golam_sadek/ros2_ws/install/my_cpp_pkg/lib/python3.10/site-packages'
[1.358s] Level 1:colcon.colcon_core.environment:checking '/home/golam_sadek/ros2_ws/install/my_cpp_pkg/bin'
[1.358s] INFO:colcon.colcon_core.shell:Creating package script '/home/golam_sadek/ros2_ws/install/my_cpp_pkg/share/my_cpp_pkg/package.ps1'
[1.359s] INFO:colcon.colcon_core.shell:Creating package descriptor '/home/golam_sadek/ros2_ws/install/my_cpp_pkg/share/my_cpp_pkg/package.dsv'
[1.360s] INFO:colcon.colcon_core.shell:Creating package script '/home/golam_sadek/ros2_ws/install/my_cpp_pkg/share/my_cpp_pkg/package.sh'
[1.361s] INFO:colcon.colcon_core.shell:Creating package script '/home/golam_sadek/ros2_ws/install/my_cpp_pkg/share/my_cpp_pkg/package.bash'
[1.362s] INFO:colcon.colcon_core.shell:Creating package script '/home/golam_sadek/ros2_ws/install/my_cpp_pkg/share/my_cpp_pkg/package.zsh'
[1.363s] Level 1:colcon.colcon_core.environment:create_file_with_runtime_dependencies(/home/golam_sadek/ros2_ws/install/my_cpp_pkg/share/colcon-core/packages/my_cpp_pkg)
[1.367s] Level 1:colcon.colcon_core.environment:create_environment_scripts_only(my_robot_description)
[1.368s] Level 1:colcon.colcon_core.environment:checking '/home/golam_sadek/ros2_ws/install/my_robot_description' for CMake module files
[1.370s] DEBUG:colcon.colcon_core.event_handler.log_command:Invoked command in '/home/golam_sadek/ros2_ws/build/my_robot_description' returned '0': CMAKE_PREFIX_PATH=${CMAKE_PREFIX_PATH}:/home/golam_sadek/ros2_ws/install/turtlesim_catch_them_all:/home/golam_sadek/ros2_ws/install/my_py_pkg:/opt/ros/humble /usr/bin/cmake --install /home/golam_sadek/ros2_ws/build/my_robot_description
[1.371s] Level 1:colcon.colcon_core.environment:checking '/home/golam_sadek/ros2_ws/install/my_robot_description' for CMake config files
[1.372s] Level 1:colcon.colcon_core.shell:create_environment_hook('my_robot_description', 'cmake_prefix_path')
[1.372s] INFO:colcon.colcon_core.shell:Creating environment hook '/home/golam_sadek/ros2_ws/install/my_robot_description/share/my_robot_description/hook/cmake_prefix_path.ps1'
[1.373s] INFO:colcon.colcon_core.shell:Creating environment descriptor '/home/golam_sadek/ros2_ws/install/my_robot_description/share/my_robot_description/hook/cmake_prefix_path.dsv'
[1.375s] INFO:colcon.colcon_core.shell:Creating environment hook '/home/golam_sadek/ros2_ws/install/my_robot_description/share/my_robot_description/hook/cmake_prefix_path.sh'
[1.376s] Level 1:colcon.colcon_core.environment:checking '/home/golam_sadek/ros2_ws/install/my_robot_description/bin'
[1.376s] Level 1:colcon.colcon_core.environment:checking '/home/golam_sadek/ros2_ws/install/my_robot_description/lib/pkgconfig/my_robot_description.pc'
[1.377s] Level 1:colcon.colcon_core.environment:checking '/home/golam_sadek/ros2_ws/install/my_robot_description/lib/python3.10/site-packages'
[1.378s] Level 1:colcon.colcon_core.environment:checking '/home/golam_sadek/ros2_ws/install/my_robot_description/bin'
[1.378s] INFO:colcon.colcon_core.shell:Creating package script '/home/golam_sadek/ros2_ws/install/my_robot_description/share/my_robot_description/package.ps1'
[1.379s] INFO:colcon.colcon_core.shell:Creating package descriptor '/home/golam_sadek/ros2_ws/install/my_robot_description/share/my_robot_description/package.dsv'
[1.380s] INFO:colcon.colcon_core.shell:Creating package script '/home/golam_sadek/ros2_ws/install/my_robot_description/share/my_robot_description/package.sh'
[1.381s] INFO:colcon.colcon_core.shell:Creating package script '/home/golam_sadek/ros2_ws/install/my_robot_description/share/my_robot_description/package.bash'
[1.382s] INFO:colcon.colcon_core.shell:Creating package script '/home/golam_sadek/ros2_ws/install/my_robot_description/share/my_robot_description/package.zsh'
[1.383s] Level 1:colcon.colcon_core.environment:create_file_with_runtime_dependencies(/home/golam_sadek/ros2_ws/install/my_robot_description/share/colcon-core/packages/my_robot_description)
[1.383s] Level 1:colcon.colcon_core.environment:create_environment_scripts_only(my_robot_description)
[1.383s] Level 1:colcon.colcon_core.environment:checking '/home/golam_sadek/ros2_ws/install/my_robot_description' for CMake module files
[1.384s] Level 1:colcon.colcon_core.environment:checking '/home/golam_sadek/ros2_ws/install/my_robot_description' for CMake config files
[1.385s] Level 1:colcon.colcon_core.shell:create_environment_hook('my_robot_description', 'cmake_prefix_path')
[1.385s] INFO:colcon.colcon_core.shell:Creating environment hook '/home/golam_sadek/ros2_ws/install/my_robot_description/share/my_robot_description/hook/cmake_prefix_path.ps1'
[1.386s] INFO:colcon.colcon_core.shell:Creating environment descriptor '/home/golam_sadek/ros2_ws/install/my_robot_description/share/my_robot_description/hook/cmake_prefix_path.dsv'
[1.387s] INFO:colcon.colcon_core.shell:Creating environment hook '/home/golam_sadek/ros2_ws/install/my_robot_description/share/my_robot_description/hook/cmake_prefix_path.sh'
[1.389s] Level 1:colcon.colcon_core.environment:checking '/home/golam_sadek/ros2_ws/install/my_robot_description/bin'
[1.389s] Level 1:colcon.colcon_core.environment:checking '/home/golam_sadek/ros2_ws/install/my_robot_description/lib/pkgconfig/my_robot_description.pc'
[1.389s] Level 1:colcon.colcon_core.environment:checking '/home/golam_sadek/ros2_ws/install/my_robot_description/lib/python3.10/site-packages'
[1.390s] Level 1:colcon.colcon_core.environment:checking '/home/golam_sadek/ros2_ws/install/my_robot_description/bin'
[1.390s] INFO:colcon.colcon_core.shell:Creating package script '/home/golam_sadek/ros2_ws/install/my_robot_description/share/my_robot_description/package.ps1'
[1.391s] INFO:colcon.colcon_core.shell:Creating package descriptor '/home/golam_sadek/ros2_ws/install/my_robot_description/share/my_robot_description/package.dsv'
[1.392s] INFO:colcon.colcon_core.shell:Creating package script '/home/golam_sadek/ros2_ws/install/my_robot_description/share/my_robot_description/package.sh'
[1.393s] INFO:colcon.colcon_core.shell:Creating package script '/home/golam_sadek/ros2_ws/install/my_robot_description/share/my_robot_description/package.bash'
[1.395s] INFO:colcon.colcon_core.shell:Creating package script '/home/golam_sadek/ros2_ws/install/my_robot_description/share/my_robot_description/package.zsh'
[1.395s] Level 1:colcon.colcon_core.environment:create_file_with_runtime_dependencies(/home/golam_sadek/ros2_ws/install/my_robot_description/share/colcon-core/packages/my_robot_description)
[1.396s] INFO:colcon.colcon_ros.task.ament_cmake.build:Building ROS package in '/home/golam_sadek/ros2_ws/src/my_robot1_bringup' with build type 'ament_cmake'
[1.396s] INFO:colcon.colcon_cmake.task.cmake.build:Building CMake package in '/home/golam_sadek/ros2_ws/src/my_robot1_bringup'
[1.396s] INFO:colcon.colcon_core.shell:Skip shell extension 'powershell' for command environment: Not usable outside of PowerShell
[1.397s] DEBUG:colcon.colcon_core.shell:Skip shell extension 'dsv' for command environment
[1.409s] DEBUG:colcon.colcon_core.event_handler.log_command:Invoking command in '/home/golam_sadek/ros2_ws/build/my_robot1_bringup': CMAKE_PREFIX_PATH=/home/golam_sadek/ros2_ws/install/my_robot_description:/home/golam_sadek/ros2_ws/install/my_robot_interfaces:/home/golam_sadek/ros2_ws/install/my_robot1_bringup:/home/golam_sadek/ros2_ws/install/my_robot_bringup:/home/golam_sadek/ros2_ws/install/my_cpp_pkg:/home/golam_sadek/ros2_ws/install/turtlesim_catch_them_all:/home/golam_sadek/ros2_ws/install/my_py_pkg:/opt/ros/humble /usr/bin/cmake --build /home/golam_sadek/ros2_ws/build/my_robot1_bringup -- -j8 -l8
[1.428s] DEBUG:colcon.colcon_core.event_handler.log_command:Invoked command in '/home/golam_sadek/ros2_ws/build/my_robot_interfaces' returned '0': CMAKE_PREFIX_PATH=${CMAKE_PREFIX_PATH}:/home/golam_sadek/ros2_ws/install/turtlesim_catch_them_all:/home/golam_sadek/ros2_ws/install/my_py_pkg:/opt/ros/humble /usr/bin/cmake --build /home/golam_sadek/ros2_ws/build/my_robot_interfaces -- -j8 -l8
[1.429s] DEBUG:colcon.colcon_core.event_handler.log_command:Invoking command in '/home/golam_sadek/ros2_ws/build/my_robot_interfaces': CMAKE_PREFIX_PATH=${CMAKE_PREFIX_PATH}:/home/golam_sadek/ros2_ws/install/turtlesim_catch_them_all:/home/golam_sadek/ros2_ws/install/my_py_pkg:/opt/ros/humble /usr/bin/cmake --install /home/golam_sadek/ros2_ws/build/my_robot_interfaces
[1.451s] DEBUG:colcon.colcon_core.event_handler.log_command:Invoked command in '/home/golam_sadek/ros2_ws/build/my_robot1_bringup' returned '0': CMAKE_PREFIX_PATH=/home/golam_sadek/ros2_ws/install/my_robot_description:/home/golam_sadek/ros2_ws/install/my_robot_interfaces:/home/golam_sadek/ros2_ws/install/my_robot1_bringup:/home/golam_sadek/ros2_ws/install/my_robot_bringup:/home/golam_sadek/ros2_ws/install/my_cpp_pkg:/home/golam_sadek/ros2_ws/install/turtlesim_catch_them_all:/home/golam_sadek/ros2_ws/install/my_py_pkg:/opt/ros/humble /usr/bin/cmake --build /home/golam_sadek/ros2_ws/build/my_robot1_bringup -- -j8 -l8
[1.453s] DEBUG:colcon.colcon_core.event_handler.log_command:Invoking command in '/home/golam_sadek/ros2_ws/build/my_robot1_bringup': CMAKE_PREFIX_PATH=/home/golam_sadek/ros2_ws/install/my_robot_description:/home/golam_sadek/ros2_ws/install/my_robot_interfaces:/home/golam_sadek/ros2_ws/install/my_robot1_bringup:/home/golam_sadek/ros2_ws/install/my_robot_bringup:/home/golam_sadek/ros2_ws/install/my_cpp_pkg:/home/golam_sadek/ros2_ws/install/turtlesim_catch_them_all:/home/golam_sadek/ros2_ws/install/my_py_pkg:/opt/ros/humble /usr/bin/cmake --install /home/golam_sadek/ros2_ws/build/my_robot1_bringup
[1.477s] Level 1:colcon.colcon_core.environment:create_environment_scripts_only(my_robot1_bringup)
[1.478s] Level 1:colcon.colcon_core.environment:checking '/home/golam_sadek/ros2_ws/install/my_robot1_bringup' for CMake module files
[1.479s] DEBUG:colcon.colcon_core.event_handler.log_command:Invoked command in '/home/golam_sadek/ros2_ws/build/my_robot1_bringup' returned '0': CMAKE_PREFIX_PATH=/home/golam_sadek/ros2_ws/install/my_robot_description:/home/golam_sadek/ros2_ws/install/my_robot_interfaces:/home/golam_sadek/ros2_ws/install/my_robot1_bringup:/home/golam_sadek/ros2_ws/install/my_robot_bringup:/home/golam_sadek/ros2_ws/install/my_cpp_pkg:/home/golam_sadek/ros2_ws/install/turtlesim_catch_them_all:/home/golam_sadek/ros2_ws/install/my_py_pkg:/opt/ros/humble /usr/bin/cmake --install /home/golam_sadek/ros2_ws/build/my_robot1_bringup
[1.479s] Level 1:colcon.colcon_core.environment:checking '/home/golam_sadek/ros2_ws/install/my_robot1_bringup' for CMake config files
[1.479s] Level 1:colcon.colcon_core.shell:create_environment_hook('my_robot1_bringup', 'cmake_prefix_path')
[1.479s] INFO:colcon.colcon_core.shell:Creating environment hook '/home/golam_sadek/ros2_ws/install/my_robot1_bringup/share/my_robot1_bringup/hook/cmake_prefix_path.ps1'
[1.480s] INFO:colcon.colcon_core.shell:Creating environment descriptor '/home/golam_sadek/ros2_ws/install/my_robot1_bringup/share/my_robot1_bringup/hook/cmake_prefix_path.dsv'
[1.480s] INFO:colcon.colcon_core.shell:Creating environment hook '/home/golam_sadek/ros2_ws/install/my_robot1_bringup/share/my_robot1_bringup/hook/cmake_prefix_path.sh'
[1.481s] Level 1:colcon.colcon_core.environment:checking '/home/golam_sadek/ros2_ws/install/my_robot1_bringup/bin'
[1.481s] Level 1:colcon.colcon_core.environment:checking '/home/golam_sadek/ros2_ws/install/my_robot1_bringup/lib/pkgconfig/my_robot1_bringup.pc'
[1.481s] Level 1:colcon.colcon_core.environment:checking '/home/golam_sadek/ros2_ws/install/my_robot1_bringup/lib/python3.10/site-packages'
[1.481s] Level 1:colcon.colcon_core.environment:checking '/home/golam_sadek/ros2_ws/install/my_robot1_bringup/bin'
[1.482s] INFO:colcon.colcon_core.shell:Creating package script '/home/golam_sadek/ros2_ws/install/my_robot1_bringup/share/my_robot1_bringup/package.ps1'
[1.482s] INFO:colcon.colcon_core.shell:Creating package descriptor '/home/golam_sadek/ros2_ws/install/my_robot1_bringup/share/my_robot1_bringup/package.dsv'
[1.483s] INFO:colcon.colcon_core.shell:Creating package script '/home/golam_sadek/ros2_ws/install/my_robot1_bringup/share/my_robot1_bringup/package.sh'
[1.483s] INFO:colcon.colcon_core.shell:Creating package script '/home/golam_sadek/ros2_ws/install/my_robot1_bringup/share/my_robot1_bringup/package.bash'
[1.483s] INFO:colcon.colcon_core.shell:Creating package script '/home/golam_sadek/ros2_ws/install/my_robot1_bringup/share/my_robot1_bringup/package.zsh'
[1.484s] Level 1:colcon.colcon_core.environment:create_file_with_runtime_dependencies(/home/golam_sadek/ros2_ws/install/my_robot1_bringup/share/colcon-core/packages/my_robot1_bringup)
[1.484s] Level 1:colcon.colcon_core.environment:create_environment_scripts_only(my_robot1_bringup)
[1.484s] Level 1:colcon.colcon_core.environment:checking '/home/golam_sadek/ros2_ws/install/my_robot1_bringup' for CMake module files
[1.485s] Level 1:colcon.colcon_core.environment:checking '/home/golam_sadek/ros2_ws/install/my_robot1_bringup' for CMake config files
[1.486s] Level 1:colcon.colcon_core.shell:create_environment_hook('my_robot1_bringup', 'cmake_prefix_path')
[1.486s] INFO:colcon.colcon_core.shell:Creating environment hook '/home/golam_sadek/ros2_ws/install/my_robot1_bringup/share/my_robot1_bringup/hook/cmake_prefix_path.ps1'
[1.486s] INFO:colcon.colcon_core.shell:Creating environment descriptor '/home/golam_sadek/ros2_ws/install/my_robot1_bringup/share/my_robot1_bringup/hook/cmake_prefix_path.dsv'
[1.487s] INFO:colcon.colcon_core.shell:Creating environment hook '/home/golam_sadek/ros2_ws/install/my_robot1_bringup/share/my_robot1_bringup/hook/cmake_prefix_path.sh'
[1.487s] Level 1:colcon.colcon_core.environment:checking '/home/golam_sadek/ros2_ws/install/my_robot1_bringup/bin'
[1.487s] Level 1:colcon.colcon_core.environment:checking '/home/golam_sadek/ros2_ws/install/my_robot1_bringup/lib/pkgconfig/my_robot1_bringup.pc'
[1.488s] Level 1:colcon.colcon_core.environment:checking '/home/golam_sadek/ros2_ws/install/my_robot1_bringup/lib/python3.10/site-packages'
[1.488s] Level 1:colcon.colcon_core.environment:checking '/home/golam_sadek/ros2_ws/install/my_robot1_bringup/bin'
[1.488s] INFO:colcon.colcon_core.shell:Creating package script '/home/golam_sadek/ros2_ws/install/my_robot1_bringup/share/my_robot1_bringup/package.ps1'
[1.489s] INFO:colcon.colcon_core.shell:Creating package descriptor '/home/golam_sadek/ros2_ws/install/my_robot1_bringup/share/my_robot1_bringup/package.dsv'
[1.489s] INFO:colcon.colcon_core.shell:Creating package script '/home/golam_sadek/ros2_ws/install/my_robot1_bringup/share/my_robot1_bringup/package.sh'
[1.489s] INFO:colcon.colcon_core.shell:Creating package script '/home/golam_sadek/ros2_ws/install/my_robot1_bringup/share/my_robot1_bringup/package.bash'
[1.490s] INFO:colcon.colcon_core.shell:Creating package script '/home/golam_sadek/ros2_ws/install/my_robot1_bringup/share/my_robot1_bringup/package.zsh'
[1.490s] Level 1:colcon.colcon_core.environment:create_file_with_runtime_dependencies(/home/golam_sadek/ros2_ws/install/my_robot1_bringup/share/colcon-core/packages/my_robot1_bringup)
[1.510s] Level 1:colcon.colcon_core.environment:create_environment_scripts_only(my_robot_interfaces)
[1.510s] Level 1:colcon.colcon_core.environment:checking '/home/golam_sadek/ros2_ws/install/my_robot_interfaces' for CMake module files
[1.511s] DEBUG:colcon.colcon_core.event_handler.log_command:Invoked command in '/home/golam_sadek/ros2_ws/build/my_robot_interfaces' returned '0': CMAKE_PREFIX_PATH=${CMAKE_PREFIX_PATH}:/home/golam_sadek/ros2_ws/install/turtlesim_catch_them_all:/home/golam_sadek/ros2_ws/install/my_py_pkg:/opt/ros/humble /usr/bin/cmake --install /home/golam_sadek/ros2_ws/build/my_robot_interfaces
[1.511s] Level 1:colcon.colcon_core.environment:checking '/home/golam_sadek/ros2_ws/install/my_robot_interfaces' for CMake config files
[1.512s] Level 1:colcon.colcon_core.shell:create_environment_hook('my_robot_interfaces', 'cmake_prefix_path')
[1.512s] INFO:colcon.colcon_core.shell:Creating environment hook '/home/golam_sadek/ros2_ws/install/my_robot_interfaces/share/my_robot_interfaces/hook/cmake_prefix_path.ps1'
[1.512s] INFO:colcon.colcon_core.shell:Creating environment descriptor '/home/golam_sadek/ros2_ws/install/my_robot_interfaces/share/my_robot_interfaces/hook/cmake_prefix_path.dsv'
[1.513s] INFO:colcon.colcon_core.shell:Creating environment hook '/home/golam_sadek/ros2_ws/install/my_robot_interfaces/share/my_robot_interfaces/hook/cmake_prefix_path.sh'
[1.513s] Level 1:colcon.colcon_core.environment:checking '/home/golam_sadek/ros2_ws/install/my_robot_interfaces/lib'
[1.513s] Level 1:colcon.colcon_core.shell:create_environment_hook('my_robot_interfaces', 'ld_library_path_lib')
[1.514s] INFO:colcon.colcon_core.shell:Creating environment hook '/home/golam_sadek/ros2_ws/install/my_robot_interfaces/share/my_robot_interfaces/hook/ld_library_path_lib.ps1'
[1.515s] INFO:colcon.colcon_core.shell:Creating environment descriptor '/home/golam_sadek/ros2_ws/install/my_robot_interfaces/share/my_robot_interfaces/hook/ld_library_path_lib.dsv'
[1.515s] INFO:colcon.colcon_core.shell:Creating environment hook '/home/golam_sadek/ros2_ws/install/my_robot_interfaces/share/my_robot_interfaces/hook/ld_library_path_lib.sh'
[1.515s] Level 1:colcon.colcon_core.environment:checking '/home/golam_sadek/ros2_ws/install/my_robot_interfaces/bin'
[1.515s] Level 1:colcon.colcon_core.environment:checking '/home/golam_sadek/ros2_ws/install/my_robot_interfaces/lib/pkgconfig/my_robot_interfaces.pc'
[1.516s] Level 1:colcon.colcon_core.environment:checking '/home/golam_sadek/ros2_ws/install/my_robot_interfaces/lib/python3.10/site-packages'
[1.516s] Level 1:colcon.colcon_core.environment:checking '/home/golam_sadek/ros2_ws/install/my_robot_interfaces/bin'
[1.517s] INFO:colcon.colcon_core.shell:Creating package script '/home/golam_sadek/ros2_ws/install/my_robot_interfaces/share/my_robot_interfaces/package.ps1'
[1.518s] INFO:colcon.colcon_core.shell:Creating package descriptor '/home/golam_sadek/ros2_ws/install/my_robot_interfaces/share/my_robot_interfaces/package.dsv'
[1.518s] INFO:colcon.colcon_core.shell:Creating package script '/home/golam_sadek/ros2_ws/install/my_robot_interfaces/share/my_robot_interfaces/package.sh'
[1.519s] INFO:colcon.colcon_core.shell:Creating package script '/home/golam_sadek/ros2_ws/install/my_robot_interfaces/share/my_robot_interfaces/package.bash'
[1.519s] INFO:colcon.colcon_core.shell:Creating package script '/home/golam_sadek/ros2_ws/install/my_robot_interfaces/share/my_robot_interfaces/package.zsh'
[1.519s] Level 1:colcon.colcon_core.environment:create_file_with_runtime_dependencies(/home/golam_sadek/ros2_ws/install/my_robot_interfaces/share/colcon-core/packages/my_robot_interfaces)
[1.520s] Level 1:colcon.colcon_core.environment:create_environment_scripts_only(my_robot_interfaces)
[1.520s] Level 1:colcon.colcon_core.environment:checking '/home/golam_sadek/ros2_ws/install/my_robot_interfaces' for CMake module files
[1.521s] Level 1:colcon.colcon_core.environment:checking '/home/golam_sadek/ros2_ws/install/my_robot_interfaces' for CMake config files
[1.521s] Level 1:colcon.colcon_core.shell:create_environment_hook('my_robot_interfaces', 'cmake_prefix_path')
[1.521s] INFO:colcon.colcon_core.shell:Creating environment hook '/home/golam_sadek/ros2_ws/install/my_robot_interfaces/share/my_robot_interfaces/hook/cmake_prefix_path.ps1'
[1.521s] INFO:colcon.colcon_core.shell:Creating environment descriptor '/home/golam_sadek/ros2_ws/install/my_robot_interfaces/share/my_robot_interfaces/hook/cmake_prefix_path.dsv'
[1.522s] INFO:colcon.colcon_core.shell:Creating environment hook '/home/golam_sadek/ros2_ws/install/my_robot_interfaces/share/my_robot_interfaces/hook/cmake_prefix_path.sh'
[1.522s] Level 1:colcon.colcon_core.environment:checking '/home/golam_sadek/ros2_ws/install/my_robot_interfaces/lib'
[1.522s] Level 1:colcon.colcon_core.shell:create_environment_hook('my_robot_interfaces', 'ld_library_path_lib')
[1.523s] INFO:colcon.colcon_core.shell:Creating environment hook '/home/golam_sadek/ros2_ws/install/my_robot_interfaces/share/my_robot_interfaces/hook/ld_library_path_lib.ps1'
[1.523s] INFO:colcon.colcon_core.shell:Creating environment descriptor '/home/golam_sadek/ros2_ws/install/my_robot_interfaces/share/my_robot_interfaces/hook/ld_library_path_lib.dsv'
[1.523s] INFO:colcon.colcon_core.shell:Creating environment hook '/home/golam_sadek/ros2_ws/install/my_robot_interfaces/share/my_robot_interfaces/hook/ld_library_path_lib.sh'
[1.524s] Level 1:colcon.colcon_core.environment:checking '/home/golam_sadek/ros2_ws/install/my_robot_interfaces/bin'
[1.524s] Level 1:colcon.colcon_core.environment:checking '/home/golam_sadek/ros2_ws/install/my_robot_interfaces/lib/pkgconfig/my_robot_interfaces.pc'
[1.524s] Level 1:colcon.colcon_core.environment:checking '/home/golam_sadek/ros2_ws/install/my_robot_interfaces/lib/python3.10/site-packages'
[1.524s] Level 1:colcon.colcon_core.environment:checking '/home/golam_sadek/ros2_ws/install/my_robot_interfaces/bin'
[1.524s] INFO:colcon.colcon_core.shell:Creating package script '/home/golam_sadek/ros2_ws/install/my_robot_interfaces/share/my_robot_interfaces/package.ps1'
[1.525s] INFO:colcon.colcon_core.shell:Creating package descriptor '/home/golam_sadek/ros2_ws/install/my_robot_interfaces/share/my_robot_interfaces/package.dsv'
[1.525s] INFO:colcon.colcon_core.shell:Creating package script '/home/golam_sadek/ros2_ws/install/my_robot_interfaces/share/my_robot_interfaces/package.sh'
[1.526s] INFO:colcon.colcon_core.shell:Creating package script '/home/golam_sadek/ros2_ws/install/my_robot_interfaces/share/my_robot_interfaces/package.bash'
[1.526s] INFO:colcon.colcon_core.shell:Creating package script '/home/golam_sadek/ros2_ws/install/my_robot_interfaces/share/my_robot_interfaces/package.zsh'
[1.527s] Level 1:colcon.colcon_core.environment:create_file_with_runtime_dependencies(/home/golam_sadek/ros2_ws/install/my_robot_interfaces/share/colcon-core/packages/my_robot_interfaces)
[1.726s] DEBUG:colcon.colcon_core.event_handler.log_command:Invoking command in '/home/golam_sadek/ros2_ws/build/turtlesim_catch_them_all': PYTHONPATH=/home/golam_sadek/ros2_ws/build/turtlesim_catch_them_all/prefix_override:/usr/lib/python3/dist-packages/colcon_core/task/python/colcon_distutils_commands:/home/golam_sadek/ros2_ws/install/turtlesim_catch_them_all/lib/python3.10/site-packages:${PYTHONPATH} /usr/bin/python3 -W ignore:setup.py install is deprecated -W ignore:easy_install command is deprecated setup.py develop --editable --build-directory /home/golam_sadek/ros2_ws/build/turtlesim_catch_them_all/build --no-deps symlink_data
[1.729s] DEBUG:colcon.colcon_core.event_handler.log_command:Invoking command in '/home/golam_sadek/ros2_ws/build/my_py_pkg': PYTHONPATH=/home/golam_sadek/ros2_ws/build/my_py_pkg/prefix_override:/usr/lib/python3/dist-packages/colcon_core/task/python/colcon_distutils_commands:/home/golam_sadek/ros2_ws/install/my_py_pkg/lib/python3.10/site-packages:${PYTHONPATH} /usr/bin/python3 -W ignore:setup.py install is deprecated -W ignore:easy_install command is deprecated setup.py develop --editable --build-directory /home/golam_sadek/ros2_ws/build/my_py_pkg/build --no-deps symlink_data
[2.136s] Level 1:colcon.colcon_core.shell:create_environment_hook('turtlesim_catch_them_all', 'pythonpath_develop')
[2.137s] INFO:colcon.colcon_core.shell:Creating environment hook '/home/golam_sadek/ros2_ws/build/turtlesim_catch_them_all/share/turtlesim_catch_them_all/hook/pythonpath_develop.ps1'
[2.137s] DEBUG:colcon.colcon_core.event_handler.log_command:Invoked command in '/home/golam_sadek/ros2_ws/build/turtlesim_catch_them_all' returned '0': PYTHONPATH=/home/golam_sadek/ros2_ws/build/turtlesim_catch_them_all/prefix_override:/usr/lib/python3/dist-packages/colcon_core/task/python/colcon_distutils_commands:/home/golam_sadek/ros2_ws/install/turtlesim_catch_them_all/lib/python3.10/site-packages:${PYTHONPATH} /usr/bin/python3 -W ignore:setup.py install is deprecated -W ignore:easy_install command is deprecated setup.py develop --editable --build-directory /home/golam_sadek/ros2_ws/build/turtlesim_catch_them_all/build --no-deps symlink_data
[2.138s] INFO:colcon.colcon_core.shell:Creating environment descriptor '/home/golam_sadek/ros2_ws/build/turtlesim_catch_them_all/share/turtlesim_catch_them_all/hook/pythonpath_develop.dsv'
[2.138s] INFO:colcon.colcon_core.shell:Creating environment hook '/home/golam_sadek/ros2_ws/build/turtlesim_catch_them_all/share/turtlesim_catch_them_all/hook/pythonpath_develop.sh'
[2.139s] Level 1:colcon.colcon_core.environment:checking '/home/golam_sadek/ros2_ws/install/turtlesim_catch_them_all' for CMake module files
[2.139s] Level 1:colcon.colcon_core.environment:checking '/home/golam_sadek/ros2_ws/install/turtlesim_catch_them_all' for CMake config files
[2.140s] Level 1:colcon.colcon_core.environment:checking '/home/golam_sadek/ros2_ws/install/turtlesim_catch_them_all/lib'
[2.140s] Level 1:colcon.colcon_core.environment:checking '/home/golam_sadek/ros2_ws/install/turtlesim_catch_them_all/bin'
[2.140s] Level 1:colcon.colcon_core.environment:checking '/home/golam_sadek/ros2_ws/install/turtlesim_catch_them_all/lib/pkgconfig/turtlesim_catch_them_all.pc'
[2.140s] Level 1:colcon.colcon_core.environment:checking '/home/golam_sadek/ros2_ws/install/turtlesim_catch_them_all/lib/python3.10/site-packages'
[2.140s] Level 1:colcon.colcon_core.shell:create_environment_hook('turtlesim_catch_them_all', 'pythonpath')
[2.140s] INFO:colcon.colcon_core.shell:Creating environment hook '/home/golam_sadek/ros2_ws/install/turtlesim_catch_them_all/share/turtlesim_catch_them_all/hook/pythonpath.ps1'
[2.141s] INFO:colcon.colcon_core.shell:Creating environment descriptor '/home/golam_sadek/ros2_ws/install/turtlesim_catch_them_all/share/turtlesim_catch_them_all/hook/pythonpath.dsv'
[2.141s] INFO:colcon.colcon_core.shell:Creating environment hook '/home/golam_sadek/ros2_ws/install/turtlesim_catch_them_all/share/turtlesim_catch_them_all/hook/pythonpath.sh'
[2.142s] Level 1:colcon.colcon_core.environment:checking '/home/golam_sadek/ros2_ws/install/turtlesim_catch_them_all/bin'
[2.142s] Level 1:colcon.colcon_core.environment:create_environment_scripts_only(turtlesim_catch_them_all)
[2.142s] INFO:colcon.colcon_core.shell:Creating package script '/home/golam_sadek/ros2_ws/install/turtlesim_catch_them_all/share/turtlesim_catch_them_all/package.ps1'
[2.143s] INFO:colcon.colcon_core.shell:Creating package descriptor '/home/golam_sadek/ros2_ws/install/turtlesim_catch_them_all/share/turtlesim_catch_them_all/package.dsv'
[2.143s] INFO:colcon.colcon_core.shell:Creating package script '/home/golam_sadek/ros2_ws/install/turtlesim_catch_them_all/share/turtlesim_catch_them_all/package.sh'
[2.144s] INFO:colcon.colcon_core.shell:Creating package script '/home/golam_sadek/ros2_ws/install/turtlesim_catch_them_all/share/turtlesim_catch_them_all/package.bash'
[2.144s] INFO:colcon.colcon_core.shell:Creating package script '/home/golam_sadek/ros2_ws/install/turtlesim_catch_them_all/share/turtlesim_catch_them_all/package.zsh'
[2.144s] Level 1:colcon.colcon_core.environment:create_file_with_runtime_dependencies(/home/golam_sadek/ros2_ws/install/turtlesim_catch_them_all/share/colcon-core/packages/turtlesim_catch_them_all)
[2.156s] Level 1:colcon.colcon_core.shell:create_environment_hook('my_py_pkg', 'pythonpath_develop')
[2.156s] INFO:colcon.colcon_core.shell:Creating environment hook '/home/golam_sadek/ros2_ws/build/my_py_pkg/share/my_py_pkg/hook/pythonpath_develop.ps1'
[2.157s] DEBUG:colcon.colcon_core.event_handler.log_command:Invoked command in '/home/golam_sadek/ros2_ws/build/my_py_pkg' returned '0': PYTHONPATH=/home/golam_sadek/ros2_ws/build/my_py_pkg/prefix_override:/usr/lib/python3/dist-packages/colcon_core/task/python/colcon_distutils_commands:/home/golam_sadek/ros2_ws/install/my_py_pkg/lib/python3.10/site-packages:${PYTHONPATH} /usr/bin/python3 -W ignore:setup.py install is deprecated -W ignore:easy_install command is deprecated setup.py develop --editable --build-directory /home/golam_sadek/ros2_ws/build/my_py_pkg/build --no-deps symlink_data
[2.157s] INFO:colcon.colcon_core.shell:Creating environment descriptor '/home/golam_sadek/ros2_ws/build/my_py_pkg/share/my_py_pkg/hook/pythonpath_develop.dsv'
[2.157s] INFO:colcon.colcon_core.shell:Creating environment hook '/home/golam_sadek/ros2_ws/build/my_py_pkg/share/my_py_pkg/hook/pythonpath_develop.sh'
[2.158s] Level 1:colcon.colcon_core.environment:checking '/home/golam_sadek/ros2_ws/install/my_py_pkg' for CMake module files
[2.158s] Level 1:colcon.colcon_core.environment:checking '/home/golam_sadek/ros2_ws/install/my_py_pkg' for CMake config files
[2.159s] Level 1:colcon.colcon_core.environment:checking '/home/golam_sadek/ros2_ws/install/my_py_pkg/lib'
[2.159s] Level 1:colcon.colcon_core.environment:checking '/home/golam_sadek/ros2_ws/install/my_py_pkg/bin'
[2.159s] Level 1:colcon.colcon_core.environment:checking '/home/golam_sadek/ros2_ws/install/my_py_pkg/lib/pkgconfig/my_py_pkg.pc'
[2.159s] Level 1:colcon.colcon_core.environment:checking '/home/golam_sadek/ros2_ws/install/my_py_pkg/lib/python3.10/site-packages'
[2.159s] Level 1:colcon.colcon_core.shell:create_environment_hook('my_py_pkg', 'pythonpath')
[2.159s] INFO:colcon.colcon_core.shell:Creating environment hook '/home/golam_sadek/ros2_ws/install/my_py_pkg/share/my_py_pkg/hook/pythonpath.ps1'
[2.160s] INFO:colcon.colcon_core.shell:Creating environment descriptor '/home/golam_sadek/ros2_ws/install/my_py_pkg/share/my_py_pkg/hook/pythonpath.dsv'
[2.160s] INFO:colcon.colcon_core.shell:Creating environment hook '/home/golam_sadek/ros2_ws/install/my_py_pkg/share/my_py_pkg/hook/pythonpath.sh'
[2.161s] Level 1:colcon.colcon_core.environment:checking '/home/golam_sadek/ros2_ws/install/my_py_pkg/bin'
[2.161s] Level 1:colcon.colcon_core.environment:create_environment_scripts_only(my_py_pkg)
[2.161s] INFO:colcon.colcon_core.shell:Creating package script '/home/golam_sadek/ros2_ws/install/my_py_pkg/share/my_py_pkg/package.ps1'
[2.161s] INFO:colcon.colcon_core.shell:Creating package descriptor '/home/golam_sadek/ros2_ws/install/my_py_pkg/share/my_py_pkg/package.dsv'
[2.162s] INFO:colcon.colcon_core.shell:Creating package script '/home/golam_sadek/ros2_ws/install/my_py_pkg/share/my_py_pkg/package.sh'
[2.162s] INFO:colcon.colcon_core.shell:Creating package script '/home/golam_sadek/ros2_ws/install/my_py_pkg/share/my_py_pkg/package.bash'
[2.162s] INFO:colcon.colcon_core.shell:Creating package script '/home/golam_sadek/ros2_ws/install/my_py_pkg/share/my_py_pkg/package.zsh'
[2.163s] Level 1:colcon.colcon_core.environment:create_file_with_runtime_dependencies(/home/golam_sadek/ros2_ws/install/my_py_pkg/share/colcon-core/packages/my_py_pkg)
[2.163s] INFO:colcon.colcon_ros.task.ament_cmake.build:Building ROS package in '/home/golam_sadek/ros2_ws/src/my_robot_bringup' with build type 'ament_cmake'
[2.164s] INFO:colcon.colcon_cmake.task.cmake.build:Building CMake package in '/home/golam_sadek/ros2_ws/src/my_robot_bringup'
[2.164s] INFO:colcon.colcon_core.shell:Skip shell extension 'powershell' for command environment: Not usable outside of PowerShell
[2.164s] DEBUG:colcon.colcon_core.shell:Skip shell extension 'dsv' for command environment
[2.173s] DEBUG:colcon.colcon_core.event_handler.log_command:Invoking command in '/home/golam_sadek/ros2_ws/build/my_robot_bringup': AMENT_PREFIX_PATH=/home/golam_sadek/ros2_ws/install/my_py_pkg:/home/golam_sadek/ros2_ws/install/turtlesim_catch_them_all:/home/golam_sadek/ros2_ws/install/my_robot_interfaces:/home/golam_sadek/ros2_ws/install/my_robot1_bringup:/home/golam_sadek/ros2_ws/install/my_robot_description:/home/golam_sadek/ros2_ws/install/my_robot_bringup:/home/golam_sadek/ros2_ws/install/my_cpp_pkg:/opt/ros/humble CMAKE_PREFIX_PATH=${CMAKE_PREFIX_PATH}:/home/golam_sadek/ros2_ws/install/turtlesim_catch_them_all:/home/golam_sadek/ros2_ws/install/my_py_pkg:/opt/ros/humble PYTHONPATH=/home/golam_sadek/ros2_ws/build/my_py_pkg:/home/golam_sadek/ros2_ws/install/my_py_pkg/lib/python3.10/site-packages:/home/golam_sadek/ros2_ws/build/turtlesim_catch_them_all:/home/golam_sadek/ros2_ws/install/turtlesim_catch_them_all/lib/python3.10/site-packages:/home/golam_sadek/ros2_ws/install/my_robot_interfaces/local/lib/python3.10/dist-packages:/opt/ros/humble/lib/python3.10/site-packages:/opt/ros/humble/local/lib/python3.10/dist-packages /usr/bin/cmake --build /home/golam_sadek/ros2_ws/build/my_robot_bringup -- -j8 -l8
[2.210s] DEBUG:colcon.colcon_core.event_handler.log_command:Invoked command in '/home/golam_sadek/ros2_ws/build/my_robot_bringup' returned '0': AMENT_PREFIX_PATH=/home/golam_sadek/ros2_ws/install/my_py_pkg:/home/golam_sadek/ros2_ws/install/turtlesim_catch_them_all:/home/golam_sadek/ros2_ws/install/my_robot_interfaces:/home/golam_sadek/ros2_ws/install/my_robot1_bringup:/home/golam_sadek/ros2_ws/install/my_robot_description:/home/golam_sadek/ros2_ws/install/my_robot_bringup:/home/golam_sadek/ros2_ws/install/my_cpp_pkg:/opt/ros/humble CMAKE_PREFIX_PATH=${CMAKE_PREFIX_PATH}:/home/golam_sadek/ros2_ws/install/turtlesim_catch_them_all:/home/golam_sadek/ros2_ws/install/my_py_pkg:/opt/ros/humble PYTHONPATH=/home/golam_sadek/ros2_ws/build/my_py_pkg:/home/golam_sadek/ros2_ws/install/my_py_pkg/lib/python3.10/site-packages:/home/golam_sadek/ros2_ws/build/turtlesim_catch_them_all:/home/golam_sadek/ros2_ws/install/turtlesim_catch_them_all/lib/python3.10/site-packages:/home/golam_sadek/ros2_ws/install/my_robot_interfaces/local/lib/python3.10/dist-packages:/opt/ros/humble/lib/python3.10/site-packages:/opt/ros/humble/local/lib/python3.10/dist-packages /usr/bin/cmake --build /home/golam_sadek/ros2_ws/build/my_robot_bringup -- -j8 -l8
[2.211s] DEBUG:colcon.colcon_core.event_handler.log_command:Invoking command in '/home/golam_sadek/ros2_ws/build/my_robot_bringup': AMENT_PREFIX_PATH=/home/golam_sadek/ros2_ws/install/my_py_pkg:/home/golam_sadek/ros2_ws/install/turtlesim_catch_them_all:/home/golam_sadek/ros2_ws/install/my_robot_interfaces:/home/golam_sadek/ros2_ws/install/my_robot1_bringup:/home/golam_sadek/ros2_ws/install/my_robot_description:/home/golam_sadek/ros2_ws/install/my_robot_bringup:/home/golam_sadek/ros2_ws/install/my_cpp_pkg:/opt/ros/humble CMAKE_PREFIX_PATH=${CMAKE_PREFIX_PATH}:/home/golam_sadek/ros2_ws/install/turtlesim_catch_them_all:/home/golam_sadek/ros2_ws/install/my_py_pkg:/opt/ros/humble PYTHONPATH=/home/golam_sadek/ros2_ws/build/my_py_pkg:/home/golam_sadek/ros2_ws/install/my_py_pkg/lib/python3.10/site-packages:/home/golam_sadek/ros2_ws/build/turtlesim_catch_them_all:/home/golam_sadek/ros2_ws/install/turtlesim_catch_them_all/lib/python3.10/site-packages:/home/golam_sadek/ros2_ws/install/my_robot_interfaces/local/lib/python3.10/dist-packages:/opt/ros/humble/lib/python3.10/site-packages:/opt/ros/humble/local/lib/python3.10/dist-packages /usr/bin/cmake --install /home/golam_sadek/ros2_ws/build/my_robot_bringup
[2.232s] Level 1:colcon.colcon_core.environment:create_environment_scripts_only(my_robot_bringup)
[2.232s] Level 1:colcon.colcon_core.environment:checking '/home/golam_sadek/ros2_ws/install/my_robot_bringup' for CMake module files
[2.233s] DEBUG:colcon.colcon_core.event_handler.log_command:Invoked command in '/home/golam_sadek/ros2_ws/build/my_robot_bringup' returned '0': AMENT_PREFIX_PATH=/home/golam_sadek/ros2_ws/install/my_py_pkg:/home/golam_sadek/ros2_ws/install/turtlesim_catch_them_all:/home/golam_sadek/ros2_ws/install/my_robot_interfaces:/home/golam_sadek/ros2_ws/install/my_robot1_bringup:/home/golam_sadek/ros2_ws/install/my_robot_description:/home/golam_sadek/ros2_ws/install/my_robot_bringup:/home/golam_sadek/ros2_ws/install/my_cpp_pkg:/opt/ros/humble CMAKE_PREFIX_PATH=${CMAKE_PREFIX_PATH}:/home/golam_sadek/ros2_ws/install/turtlesim_catch_them_all:/home/golam_sadek/ros2_ws/install/my_py_pkg:/opt/ros/humble PYTHONPATH=/home/golam_sadek/ros2_ws/build/my_py_pkg:/home/golam_sadek/ros2_ws/install/my_py_pkg/lib/python3.10/site-packages:/home/golam_sadek/ros2_ws/build/turtlesim_catch_them_all:/home/golam_sadek/ros2_ws/install/turtlesim_catch_them_all/lib/python3.10/site-packages:/home/golam_sadek/ros2_ws/install/my_robot_interfaces/local/lib/python3.10/dist-packages:/opt/ros/humble/lib/python3.10/site-packages:/opt/ros/humble/local/lib/python3.10/dist-packages /usr/bin/cmake --install /home/golam_sadek/ros2_ws/build/my_robot_bringup
[2.233s] Level 1:colcon.colcon_core.environment:checking '/home/golam_sadek/ros2_ws/install/my_robot_bringup' for CMake config files
[2.234s] Level 1:colcon.colcon_core.shell:create_environment_hook('my_robot_bringup', 'cmake_prefix_path')
[2.234s] INFO:colcon.colcon_core.shell:Creating environment hook '/home/golam_sadek/ros2_ws/install/my_robot_bringup/share/my_robot_bringup/hook/cmake_prefix_path.ps1'
[2.234s] INFO:colcon.colcon_core.shell:Creating environment descriptor '/home/golam_sadek/ros2_ws/install/my_robot_bringup/share/my_robot_bringup/hook/cmake_prefix_path.dsv'
[2.235s] INFO:colcon.colcon_core.shell:Creating environment hook '/home/golam_sadek/ros2_ws/install/my_robot_bringup/share/my_robot_bringup/hook/cmake_prefix_path.sh'
[2.235s] Level 1:colcon.colcon_core.environment:checking '/home/golam_sadek/ros2_ws/install/my_robot_bringup/bin'
[2.235s] Level 1:colcon.colcon_core.environment:checking '/home/golam_sadek/ros2_ws/install/my_robot_bringup/lib/pkgconfig/my_robot_bringup.pc'
[2.235s] Level 1:colcon.colcon_core.environment:checking '/home/golam_sadek/ros2_ws/install/my_robot_bringup/lib/python3.10/site-packages'
[2.236s] Level 1:colcon.colcon_core.environment:checking '/home/golam_sadek/ros2_ws/install/my_robot_bringup/bin'
[2.236s] INFO:colcon.colcon_core.shell:Creating package script '/home/golam_sadek/ros2_ws/install/my_robot_bringup/share/my_robot_bringup/package.ps1'
[2.236s] INFO:colcon.colcon_core.shell:Creating package descriptor '/home/golam_sadek/ros2_ws/install/my_robot_bringup/share/my_robot_bringup/package.dsv'
[2.237s] INFO:colcon.colcon_core.shell:Creating package script '/home/golam_sadek/ros2_ws/install/my_robot_bringup/share/my_robot_bringup/package.sh'
[2.237s] INFO:colcon.colcon_core.shell:Creating package script '/home/golam_sadek/ros2_ws/install/my_robot_bringup/share/my_robot_bringup/package.bash'
[2.237s] INFO:colcon.colcon_core.shell:Creating package script '/home/golam_sadek/ros2_ws/install/my_robot_bringup/share/my_robot_bringup/package.zsh'
[2.238s] Level 1:colcon.colcon_core.environment:create_file_with_runtime_dependencies(/home/golam_sadek/ros2_ws/install/my_robot_bringup/share/colcon-core/packages/my_robot_bringup)
[2.238s] Level 1:colcon.colcon_core.environment:create_environment_scripts_only(my_robot_bringup)
[2.238s] Level 1:colcon.colcon_core.environment:checking '/home/golam_sadek/ros2_ws/install/my_robot_bringup' for CMake module files
[2.239s] Level 1:colcon.colcon_core.environment:checking '/home/golam_sadek/ros2_ws/install/my_robot_bringup' for CMake config files
[2.239s] Level 1:colcon.colcon_core.shell:create_environment_hook('my_robot_bringup', 'cmake_prefix_path')
[2.239s] INFO:colcon.colcon_core.shell:Creating environment hook '/home/golam_sadek/ros2_ws/install/my_robot_bringup/share/my_robot_bringup/hook/cmake_prefix_path.ps1'
[2.239s] INFO:colcon.colcon_core.shell:Creating environment descriptor '/home/golam_sadek/ros2_ws/install/my_robot_bringup/share/my_robot_bringup/hook/cmake_prefix_path.dsv'
[2.240s] INFO:colcon.colcon_core.shell:Creating environment hook '/home/golam_sadek/ros2_ws/install/my_robot_bringup/share/my_robot_bringup/hook/cmake_prefix_path.sh'
[2.240s] Level 1:colcon.colcon_core.environment:checking '/home/golam_sadek/ros2_ws/install/my_robot_bringup/bin'
[2.240s] Level 1:colcon.colcon_core.environment:checking '/home/golam_sadek/ros2_ws/install/my_robot_bringup/lib/pkgconfig/my_robot_bringup.pc'
[2.240s] Level 1:colcon.colcon_core.environment:checking '/home/golam_sadek/ros2_ws/install/my_robot_bringup/lib/python3.10/site-packages'
[2.241s] Level 1:colcon.colcon_core.environment:checking '/home/golam_sadek/ros2_ws/install/my_robot_bringup/bin'
[2.241s] INFO:colcon.colcon_core.shell:Creating package script '/home/golam_sadek/ros2_ws/install/my_robot_bringup/share/my_robot_bringup/package.ps1'
[2.242s] INFO:colcon.colcon_core.shell:Creating package descriptor '/home/golam_sadek/ros2_ws/install/my_robot_bringup/share/my_robot_bringup/package.dsv'
[2.242s] INFO:colcon.colcon_core.shell:Creating package script '/home/golam_sadek/ros2_ws/install/my_robot_bringup/share/my_robot_bringup/package.sh'
[2.242s] INFO:colcon.colcon_core.shell:Creating package script '/home/golam_sadek/ros2_ws/install/my_robot_bringup/share/my_robot_bringup/package.bash'
[2.243s] INFO:colcon.colcon_core.shell:Creating package script '/home/golam_sadek/ros2_ws/install/my_robot_bringup/share/my_robot_bringup/package.zsh'
[2.243s] Level 1:colcon.colcon_core.environment:create_file_with_runtime_dependencies(/home/golam_sadek/ros2_ws/install/my_robot_bringup/share/colcon-core/packages/my_robot_bringup)
[2.243s] DEBUG:colcon.colcon_parallel_executor.executor.parallel:closing loop
[2.243s] DEBUG:colcon.colcon_parallel_executor.executor.parallel:loop closed
[2.244s] DEBUG:colcon.colcon_parallel_executor.executor.parallel:run_until_complete finished with '0'
[2.244s] DEBUG:colcon.colcon_core.event_reactor:joining thread
[2.249s] INFO:colcon.colcon_core.plugin_system:Skipping extension 'colcon_notification.desktop_notification.terminal_notifier': Not used on non-Darwin systems
[2.249s] INFO:colcon.colcon_core.plugin_system:Skipping extension 'colcon_notification.desktop_notification.win32': Not used on non-Windows systems
[2.249s] INFO:colcon.colcon_notification.desktop_notification:Sending desktop notification using 'notify2'
[2.257s] DEBUG:colcon.colcon_core.event_reactor:joined thread
[2.257s] INFO:colcon.colcon_core.shell:Creating prefix script '/home/golam_sadek/ros2_ws/install/local_setup.ps1'
[2.258s] INFO:colcon.colcon_core.shell:Creating prefix util module '/home/golam_sadek/ros2_ws/install/_local_setup_util_ps1.py'
[2.259s] INFO:colcon.colcon_core.shell:Creating prefix chain script '/home/golam_sadek/ros2_ws/install/setup.ps1'
[2.260s] INFO:colcon.colcon_core.shell:Creating prefix script '/home/golam_sadek/ros2_ws/install/local_setup.sh'
[2.261s] INFO:colcon.colcon_core.shell:Creating prefix util module '/home/golam_sadek/ros2_ws/install/_local_setup_util_sh.py'
[2.261s] INFO:colcon.colcon_core.shell:Creating prefix chain script '/home/golam_sadek/ros2_ws/install/setup.sh'
[2.262s] INFO:colcon.colcon_core.shell:Creating prefix script '/home/golam_sadek/ros2_ws/install/local_setup.bash'
[2.263s] INFO:colcon.colcon_core.shell:Creating prefix chain script '/home/golam_sadek/ros2_ws/install/setup.bash'
[2.265s] INFO:colcon.colcon_core.shell:Creating prefix script '/home/golam_sadek/ros2_ws/install/local_setup.zsh'
[2.266s] INFO:colcon.colcon_core.shell:Creating prefix chain script '/home/golam_sadek/ros2_ws/install/setup.zsh'
