[0.255s] Invoking command in '/home/golam_sadek/ros2_ws/build/my_robot_interfaces': CMAKE_PREFIX_PATH=/opt/ros/humble /usr/bin/cmake --build /home/golam_sadek/ros2_ws/build/my_robot_interfaces -- -j8 -l8
[0.319s] [  3%] Built target my_robot_interfaces__cpp
[0.320s] [ 12%] Built target my_robot_interfaces__rosidl_generator_c
[0.339s] [ 12%] Built target ament_cmake_python_symlink_my_robot_interfaces
[0.366s] [ 22%] Built target my_robot_interfaces__rosidl_typesupport_introspection_cpp
[0.369s] [ 32%] Built target my_robot_interfaces__rosidl_typesupport_cpp
[0.373s] [ 61%] Built target my_robot_interfaces__rosidl_typesupport_fastrtps_c
[0.373s] [ 61%] Built target my_robot_interfaces__rosidl_typesupport_c
[0.374s] [ 61%] Built target my_robot_interfaces__rosidl_typesupport_introspection_c
[0.378s] [ 70%] Built target my_robot_interfaces__rosidl_typesupport_fastrtps_cpp
[0.402s] [ 70%] Built target my_robot_interfaces
[0.431s] [ 74%] Built target my_robot_interfaces__py
[0.462s] [ 80%] Built target my_robot_interfaces__rosidl_generator_py
[0.491s] [ 87%] Built target my_robot_interfaces__rosidl_typesupport_introspection_c__pyext
[0.494s] [ 93%] Built target my_robot_interfaces__rosidl_typesupport_c__pyext
[0.494s] [100%] Built target my_robot_interfaces__rosidl_typesupport_fastrtps_c__pyext
[0.674s] running egg_info
[0.675s] writing my_robot_interfaces.egg-info/PKG-INFO
[0.675s] writing dependency_links to my_robot_interfaces.egg-info/dependency_links.txt
[0.676s] writing top-level names to my_robot_interfaces.egg-info/top_level.txt
[0.680s] reading manifest file 'my_robot_interfaces.egg-info/SOURCES.txt'
[0.680s] writing manifest file 'my_robot_interfaces.egg-info/SOURCES.txt'
[0.718s] [100%] Built target ament_cmake_python_build_my_robot_interfaces_egg
