-- The C compiler identification is GNU 11.4.0
-- The CXX compiler identification is GNU 11.4.0
-- Detecting C compiler ABI info
-- Detecting C compiler ABI info - done
-- Check for working C compiler: /usr/bin/cc - skipped
-- Detecting C compile features
-- Detecting C compile features - done
-- Detecting CXX compiler ABI info
-- Detecting CXX compiler ABI info - done
-- Check for working CXX compiler: /usr/bin/c++ - skipped
-- Detecting CXX compile features
-- Detecting CXX compile features - done
-- Found ament_cmake: 1.3.11 (/opt/ros/humble/share/ament_cmake/cmake)
-- Found Python3: /usr/bin/python3 (found version "3.10.12") found components: Interpreter 
-- Override CMake install command with custom implementation using symlinks instead of copying resources
-- Configuring done
-- Generating done
-- Build files have been written to: /home/golam_sadek/ros2_ws/build/my_robot_description
-- Install configuration: ""
-- Execute custom install script
[33mCMake Warning (dev) at ament_cmake_symlink_install/ament_cmake_symlink_install.cmake:62 (file):
  Policy CMP0009 is not set: FILE GLOB_RECURSE calls should not follow
  symlinks by default.  Run "cmake --help-policy CMP0009" for policy details.
  Use the cmake_policy command to set the policy and suppress this warning.
Call Stack (most recent call first):
  ament_cmake_symlink_install/ament_cmake_symlink_install.cmake:314 (ament_cmake_symlink_install_directory)
  cmake_install.cmake:46 (include)
This warning is for project developers.  Use -Wno-dev to suppress it.
[0m
-- Symlinking: /home/golam_sadek/ros2_ws/install/my_robot_description/share/my_robot_description//urdf/build/.built_by
-- Symlinking: /home/golam_sadek/ros2_ws/install/my_robot_description/share/my_robot_description//urdf/build/COLCON_IGNORE
-- Symlinking: /home/golam_sadek/ros2_ws/install/my_robot_description/share/my_robot_description//urdf/common_properties.xacro
-- Symlinking: /home/golam_sadek/ros2_ws/install/my_robot_description/share/my_robot_description//urdf/install/.colcon_install_layout
-- Symlinking: /home/golam_sadek/ros2_ws/install/my_robot_description/share/my_robot_description//urdf/install/COLCON_IGNORE
-- Symlinking: /home/golam_sadek/ros2_ws/install/my_robot_description/share/my_robot_description//urdf/install/_local_setup_util_ps1.py
-- Symlinking: /home/golam_sadek/ros2_ws/install/my_robot_description/share/my_robot_description//urdf/install/_local_setup_util_sh.py
-- Symlinking: /home/golam_sadek/ros2_ws/install/my_robot_description/share/my_robot_description//urdf/install/local_setup.bash
-- Symlinking: /home/golam_sadek/ros2_ws/install/my_robot_description/share/my_robot_description//urdf/install/local_setup.ps1
-- Symlinking: /home/golam_sadek/ros2_ws/install/my_robot_description/share/my_robot_description//urdf/install/local_setup.sh
-- Symlinking: /home/golam_sadek/ros2_ws/install/my_robot_description/share/my_robot_description//urdf/install/local_setup.zsh
-- Symlinking: /home/golam_sadek/ros2_ws/install/my_robot_description/share/my_robot_description//urdf/install/setup.bash
-- Symlinking: /home/golam_sadek/ros2_ws/install/my_robot_description/share/my_robot_description//urdf/install/setup.ps1
-- Symlinking: /home/golam_sadek/ros2_ws/install/my_robot_description/share/my_robot_description//urdf/install/setup.sh
-- Symlinking: /home/golam_sadek/ros2_ws/install/my_robot_description/share/my_robot_description//urdf/install/setup.zsh
-- Symlinking: /home/golam_sadek/ros2_ws/install/my_robot_description/share/my_robot_description//urdf/log/COLCON_IGNORE
-- Symlinking: /home/golam_sadek/ros2_ws/install/my_robot_description/share/my_robot_description//urdf/log/build_2025-02-19_14-46-33/events.log
-- Symlinking: /home/golam_sadek/ros2_ws/install/my_robot_description/share/my_robot_description//urdf/log/build_2025-02-19_14-46-33/logger_all.log
-- Symlinking: /home/golam_sadek/ros2_ws/install/my_robot_description/share/my_robot_description//urdf/log/latest/events.log
-- Symlinking: /home/golam_sadek/ros2_ws/install/my_robot_description/share/my_robot_description//urdf/log/latest/logger_all.log
-- Symlinking: /home/golam_sadek/ros2_ws/install/my_robot_description/share/my_robot_description//urdf/log/latest_build/events.log
-- Symlinking: /home/golam_sadek/ros2_ws/install/my_robot_description/share/my_robot_description//urdf/log/latest_build/logger_all.log
-- Symlinking: /home/golam_sadek/ros2_ws/install/my_robot_description/share/my_robot_description//urdf/mobile_base.xacro
-- Symlinking: /home/golam_sadek/ros2_ws/install/my_robot_description/share/my_robot_description//urdf/my_robot.urdf
-- Symlinking: /home/golam_sadek/ros2_ws/install/my_robot_description/share/my_robot_description//urdf/my_robot.urdf.xacro
-- Symlinking: /home/golam_sadek/ros2_ws/install/my_robot_description/share/my_robot_description//launch/display.launch.py
-- Symlinking: /home/golam_sadek/ros2_ws/install/my_robot_description/share/my_robot_description//launch/display.launch.xml
-- Symlinking: /home/golam_sadek/ros2_ws/install/my_robot_description/share/my_robot_description//rviz/urdf_config.rviz
-- Symlinking: /home/golam_sadek/ros2_ws/install/my_robot_description/share/ament_index/resource_index/package_run_dependencies/my_robot_description
-- Symlinking: /home/golam_sadek/ros2_ws/install/my_robot_description/share/ament_index/resource_index/parent_prefix_path/my_robot_description
-- Symlinking: /home/golam_sadek/ros2_ws/install/my_robot_description/share/my_robot_description/environment/ament_prefix_path.sh
-- Symlinking: /home/golam_sadek/ros2_ws/install/my_robot_description/share/my_robot_description/environment/ament_prefix_path.dsv
-- Symlinking: /home/golam_sadek/ros2_ws/install/my_robot_description/share/my_robot_description/environment/path.sh
-- Symlinking: /home/golam_sadek/ros2_ws/install/my_robot_description/share/my_robot_description/environment/path.dsv
-- Symlinking: /home/golam_sadek/ros2_ws/install/my_robot_description/share/my_robot_description/local_setup.bash
-- Symlinking: /home/golam_sadek/ros2_ws/install/my_robot_description/share/my_robot_description/local_setup.sh
-- Symlinking: /home/golam_sadek/ros2_ws/install/my_robot_description/share/my_robot_description/local_setup.zsh
-- Symlinking: /home/golam_sadek/ros2_ws/install/my_robot_description/share/my_robot_description/local_setup.dsv
-- Symlinking: /home/golam_sadek/ros2_ws/install/my_robot_description/share/my_robot_description/package.dsv
-- Symlinking: /home/golam_sadek/ros2_ws/install/my_robot_description/share/ament_index/resource_index/packages/my_robot_description
-- Symlinking: /home/golam_sadek/ros2_ws/install/my_robot_description/share/my_robot_description/cmake/my_robot_descriptionConfig.cmake
-- Symlinking: /home/golam_sadek/ros2_ws/install/my_robot_description/share/my_robot_description/cmake/my_robot_descriptionConfig-version.cmake
-- Symlinking: /home/golam_sadek/ros2_ws/install/my_robot_description/share/my_robot_description/package.xml
