[0.223s] Invoking command in '/home/golam_sadek/ros2_ws/build/my_robot_description': CMAKE_PREFIX_PATH=/opt/ros/humble /usr/bin/cmake /home/golam_sadek/ros2_ws/src/my_robot_description -DAMENT_CMAKE_SYMLINK_INSTALL=1 -DCMAKE_INSTALL_PREFIX=/home/golam_sadek/ros2_ws/install/my_robot_description
[0.287s] -- The C compiler identification is GNU 11.4.0
[0.356s] -- The CXX compiler identification is GNU 11.4.0
[0.366s] -- Detecting C compiler ABI info
[0.449s] -- Detecting C compiler ABI info - done
[0.456s] -- Check for working C compiler: /usr/bin/cc - skipped
[0.457s] -- Detecting C compile features
[0.457s] -- Detecting C compile features - done
[0.460s] -- Detecting CXX compiler ABI info
[0.548s] -- Detecting CXX compiler ABI info - done
[0.562s] -- Check for working CXX compiler: /usr/bin/c++ - skipped
[0.562s] -- Detecting CXX compile features
[0.563s] -- Detecting CXX compile features - done
[0.565s] -- Found ament_cmake: 1.3.11 (/opt/ros/humble/share/ament_cmake/cmake)
[0.749s] -- Found Python3: /usr/bin/python3 (found version "3.10.12") found components: Interpreter 
[0.838s] -- Override CMake install command with custom implementation using symlinks instead of copying resources
[0.962s] -- Configuring done
[0.966s] -- Generating done
[0.968s] -- Build files have been written to: /home/golam_sadek/ros2_ws/build/my_robot_description
[0.976s] Invoked command in '/home/golam_sadek/ros2_ws/build/my_robot_description' returned '0': CMAKE_PREFIX_PATH=/opt/ros/humble /usr/bin/cmake /home/golam_sadek/ros2_ws/src/my_robot_description -DAMENT_CMAKE_SYMLINK_INSTALL=1 -DCMAKE_INSTALL_PREFIX=/home/golam_sadek/ros2_ws/install/my_robot_description
[0.979s] Invoking command in '/home/golam_sadek/ros2_ws/build/my_robot_description': CMAKE_PREFIX_PATH=/opt/ros/humble /usr/bin/cmake --build /home/golam_sadek/ros2_ws/build/my_robot_description -- -j8 -l8
[1.029s] Invoked command in '/home/golam_sadek/ros2_ws/build/my_robot_description' returned '0': CMAKE_PREFIX_PATH=/opt/ros/humble /usr/bin/cmake --build /home/golam_sadek/ros2_ws/build/my_robot_description -- -j8 -l8
[1.040s] Invoking command in '/home/golam_sadek/ros2_ws/build/my_robot_description': CMAKE_PREFIX_PATH=/opt/ros/humble /usr/bin/cmake --install /home/golam_sadek/ros2_ws/build/my_robot_description
[1.049s] -- Install configuration: ""
[1.050s] -- Execute custom install script
[1.051s] [33mCMake Warning (dev) at ament_cmake_symlink_install/ament_cmake_symlink_install.cmake:62 (file):
[1.051s]   Policy CMP0009 is not set: FILE GLOB_RECURSE calls should not follow
[1.051s]   symlinks by default.  Run "cmake --help-policy CMP0009" for policy details.
[1.051s]   Use the cmake_policy command to set the policy and suppress this warning.
[1.052s] Call Stack (most recent call first):
[1.052s]   ament_cmake_symlink_install/ament_cmake_symlink_install.cmake:314 (ament_cmake_symlink_install_directory)
[1.052s]   cmake_install.cmake:46 (include)
[1.052s] This warning is for project developers.  Use -Wno-dev to suppress it.
[1.052s] [0m
[1.052s] -- Symlinking: /home/golam_sadek/ros2_ws/install/my_robot_description/share/my_robot_description//urdf/build/.built_by
[1.061s] -- Symlinking: /home/golam_sadek/ros2_ws/install/my_robot_description/share/my_robot_description//urdf/build/COLCON_IGNORE
[1.070s] -- Symlinking: /home/golam_sadek/ros2_ws/install/my_robot_description/share/my_robot_description//urdf/common_properties.xacro
[1.080s] -- Symlinking: /home/golam_sadek/ros2_ws/install/my_robot_description/share/my_robot_description//urdf/install/.colcon_install_layout
[1.089s] -- Symlinking: /home/golam_sadek/ros2_ws/install/my_robot_description/share/my_robot_description//urdf/install/COLCON_IGNORE
[1.102s] -- Symlinking: /home/golam_sadek/ros2_ws/install/my_robot_description/share/my_robot_description//urdf/install/_local_setup_util_ps1.py
[1.113s] -- Symlinking: /home/golam_sadek/ros2_ws/install/my_robot_description/share/my_robot_description//urdf/install/_local_setup_util_sh.py
[1.123s] -- Symlinking: /home/golam_sadek/ros2_ws/install/my_robot_description/share/my_robot_description//urdf/install/local_setup.bash
[1.137s] -- Symlinking: /home/golam_sadek/ros2_ws/install/my_robot_description/share/my_robot_description//urdf/install/local_setup.ps1
[1.147s] -- Symlinking: /home/golam_sadek/ros2_ws/install/my_robot_description/share/my_robot_description//urdf/install/local_setup.sh
[1.156s] -- Symlinking: /home/golam_sadek/ros2_ws/install/my_robot_description/share/my_robot_description//urdf/install/local_setup.zsh
[1.166s] -- Symlinking: /home/golam_sadek/ros2_ws/install/my_robot_description/share/my_robot_description//urdf/install/setup.bash
[1.176s] -- Symlinking: /home/golam_sadek/ros2_ws/install/my_robot_description/share/my_robot_description//urdf/install/setup.ps1
[1.185s] -- Symlinking: /home/golam_sadek/ros2_ws/install/my_robot_description/share/my_robot_description//urdf/install/setup.sh
[1.195s] -- Symlinking: /home/golam_sadek/ros2_ws/install/my_robot_description/share/my_robot_description//urdf/install/setup.zsh
[1.206s] -- Symlinking: /home/golam_sadek/ros2_ws/install/my_robot_description/share/my_robot_description//urdf/log/COLCON_IGNORE
[1.216s] -- Symlinking: /home/golam_sadek/ros2_ws/install/my_robot_description/share/my_robot_description//urdf/log/build_2025-02-19_14-46-33/events.log
[1.227s] -- Symlinking: /home/golam_sadek/ros2_ws/install/my_robot_description/share/my_robot_description//urdf/log/build_2025-02-19_14-46-33/logger_all.log
[1.237s] -- Symlinking: /home/golam_sadek/ros2_ws/install/my_robot_description/share/my_robot_description//urdf/log/latest/events.log
[1.246s] -- Symlinking: /home/golam_sadek/ros2_ws/install/my_robot_description/share/my_robot_description//urdf/log/latest/logger_all.log
[1.256s] -- Symlinking: /home/golam_sadek/ros2_ws/install/my_robot_description/share/my_robot_description//urdf/log/latest_build/events.log
[1.265s] -- Symlinking: /home/golam_sadek/ros2_ws/install/my_robot_description/share/my_robot_description//urdf/log/latest_build/logger_all.log
[1.275s] -- Symlinking: /home/golam_sadek/ros2_ws/install/my_robot_description/share/my_robot_description//urdf/mobile_base.xacro
[1.287s] -- Symlinking: /home/golam_sadek/ros2_ws/install/my_robot_description/share/my_robot_description//urdf/my_robot.urdf
[1.296s] -- Symlinking: /home/golam_sadek/ros2_ws/install/my_robot_description/share/my_robot_description//urdf/my_robot.urdf.xacro
[1.306s] -- Symlinking: /home/golam_sadek/ros2_ws/install/my_robot_description/share/my_robot_description//launch/display.launch.py
[1.316s] -- Symlinking: /home/golam_sadek/ros2_ws/install/my_robot_description/share/my_robot_description//launch/display.launch.xml
[1.327s] -- Symlinking: /home/golam_sadek/ros2_ws/install/my_robot_description/share/my_robot_description//rviz/urdf_config.rviz
[1.338s] -- Symlinking: /home/golam_sadek/ros2_ws/install/my_robot_description/share/ament_index/resource_index/package_run_dependencies/my_robot_description
[1.348s] -- Symlinking: /home/golam_sadek/ros2_ws/install/my_robot_description/share/ament_index/resource_index/parent_prefix_path/my_robot_description
[1.358s] -- Symlinking: /home/golam_sadek/ros2_ws/install/my_robot_description/share/my_robot_description/environment/ament_prefix_path.sh
[1.370s] -- Symlinking: /home/golam_sadek/ros2_ws/install/my_robot_description/share/my_robot_description/environment/ament_prefix_path.dsv
[1.383s] -- Symlinking: /home/golam_sadek/ros2_ws/install/my_robot_description/share/my_robot_description/environment/path.sh
[1.393s] -- Symlinking: /home/golam_sadek/ros2_ws/install/my_robot_description/share/my_robot_description/environment/path.dsv
[1.403s] -- Symlinking: /home/golam_sadek/ros2_ws/install/my_robot_description/share/my_robot_description/local_setup.bash
[1.413s] -- Symlinking: /home/golam_sadek/ros2_ws/install/my_robot_description/share/my_robot_description/local_setup.sh
[1.424s] -- Symlinking: /home/golam_sadek/ros2_ws/install/my_robot_description/share/my_robot_description/local_setup.zsh
[1.435s] -- Symlinking: /home/golam_sadek/ros2_ws/install/my_robot_description/share/my_robot_description/local_setup.dsv
[1.447s] -- Symlinking: /home/golam_sadek/ros2_ws/install/my_robot_description/share/my_robot_description/package.dsv
[1.460s] -- Symlinking: /home/golam_sadek/ros2_ws/install/my_robot_description/share/ament_index/resource_index/packages/my_robot_description
[1.472s] -- Symlinking: /home/golam_sadek/ros2_ws/install/my_robot_description/share/my_robot_description/cmake/my_robot_descriptionConfig.cmake
[1.485s] -- Symlinking: /home/golam_sadek/ros2_ws/install/my_robot_description/share/my_robot_description/cmake/my_robot_descriptionConfig-version.cmake
[1.498s] -- Symlinking: /home/golam_sadek/ros2_ws/install/my_robot_description/share/my_robot_description/package.xml
[1.513s] Invoked command in '/home/golam_sadek/ros2_ws/build/my_robot_description' returned '0': CMAKE_PREFIX_PATH=/opt/ros/humble /usr/bin/cmake --install /home/golam_sadek/ros2_ws/build/my_robot_description
