[0.009s] Invoking command in '/home/golam_sadek/ros2_ws/build/my_robot_bringup': AMENT_PREFIX_PATH=/home/golam_sadek/ros2_ws/install/my_py_pkg:${AMENT_PREFIX_PATH} CMAKE_PREFIX_PATH=/opt/ros/humble PYTHONPATH=/home/golam_sadek/ros2_ws/build/my_py_pkg:/home/golam_sadek/ros2_ws/install/my_py_pkg/lib/python3.10/site-packages:${PYTHONPATH} /usr/bin/cmake /home/golam_sadek/ros2_ws/src/my_robot_bringup -DAMENT_CMAKE_SYMLINK_INSTALL=1 -DCMAKE_INSTALL_PREFIX=/home/golam_sadek/ros2_ws/install/my_robot_bringup
[0.067s] -- The C compiler identification is GNU 11.4.0
[0.139s] -- The CXX compiler identification is GNU 11.4.0
[0.147s] -- Detecting C compiler ABI info
[0.219s] -- Detecting C compiler ABI info - done
[0.227s] -- Check for working C compiler: /usr/bin/cc - skipped
[0.227s] -- Detecting C compile features
[0.228s] -- Detecting C compile features - done
[0.235s] -- Detecting CXX compiler ABI info
[0.334s] -- Detecting CXX compiler ABI info - done
[0.348s] -- Check for working CXX compiler: /usr/bin/c++ - skipped
[0.349s] -- Detecting CXX compile features
[0.349s] -- Detecting CXX compile features - done
[0.352s] -- Found ament_cmake: 1.3.11 (/opt/ros/humble/share/ament_cmake/cmake)
[0.612s] -- Found Python3: /usr/bin/python3 (found version "3.10.12") found components: Interpreter 
[0.740s] -- Override CMake install command with custom implementation using symlinks instead of copying resources
[0.908s] -- Configuring done
[0.911s] -- Generating done
[0.915s] -- Build files have been written to: /home/golam_sadek/ros2_ws/build/my_robot_bringup
[0.925s] Invoked command in '/home/golam_sadek/ros2_ws/build/my_robot_bringup' returned '0': AMENT_PREFIX_PATH=/home/golam_sadek/ros2_ws/install/my_py_pkg:${AMENT_PREFIX_PATH} CMAKE_PREFIX_PATH=/opt/ros/humble PYTHONPATH=/home/golam_sadek/ros2_ws/build/my_py_pkg:/home/golam_sadek/ros2_ws/install/my_py_pkg/lib/python3.10/site-packages:${PYTHONPATH} /usr/bin/cmake /home/golam_sadek/ros2_ws/src/my_robot_bringup -DAMENT_CMAKE_SYMLINK_INSTALL=1 -DCMAKE_INSTALL_PREFIX=/home/golam_sadek/ros2_ws/install/my_robot_bringup
[0.927s] Invoking command in '/home/golam_sadek/ros2_ws/build/my_robot_bringup': AMENT_PREFIX_PATH=/home/golam_sadek/ros2_ws/install/my_py_pkg:${AMENT_PREFIX_PATH} CMAKE_PREFIX_PATH=/opt/ros/humble PYTHONPATH=/home/golam_sadek/ros2_ws/build/my_py_pkg:/home/golam_sadek/ros2_ws/install/my_py_pkg/lib/python3.10/site-packages:${PYTHONPATH} /usr/bin/cmake --build /home/golam_sadek/ros2_ws/build/my_robot_bringup -- -j8 -l8
[1.039s] Invoked command in '/home/golam_sadek/ros2_ws/build/my_robot_bringup' returned '0': AMENT_PREFIX_PATH=/home/golam_sadek/ros2_ws/install/my_py_pkg:${AMENT_PREFIX_PATH} CMAKE_PREFIX_PATH=/opt/ros/humble PYTHONPATH=/home/golam_sadek/ros2_ws/build/my_py_pkg:/home/golam_sadek/ros2_ws/install/my_py_pkg/lib/python3.10/site-packages:${PYTHONPATH} /usr/bin/cmake --build /home/golam_sadek/ros2_ws/build/my_robot_bringup -- -j8 -l8
[1.043s] Invoking command in '/home/golam_sadek/ros2_ws/build/my_robot_bringup': AMENT_PREFIX_PATH=/home/golam_sadek/ros2_ws/install/my_py_pkg:${AMENT_PREFIX_PATH} CMAKE_PREFIX_PATH=/opt/ros/humble PYTHONPATH=/home/golam_sadek/ros2_ws/build/my_py_pkg:/home/golam_sadek/ros2_ws/install/my_py_pkg/lib/python3.10/site-packages:${PYTHONPATH} /usr/bin/cmake --install /home/golam_sadek/ros2_ws/build/my_robot_bringup
[1.055s] -- Install configuration: ""
[1.057s] -- Execute custom install script
[1.059s] -- Symlinking: /home/golam_sadek/ros2_ws/install/my_robot_bringup/share/my_robot_bringup/launch/launch_basic_structure.py
[1.082s] -- Symlinking: /home/golam_sadek/ros2_ws/install/my_robot_bringup/share/my_robot_bringup/launch/number_app.launch.py
[1.117s] -- Symlinking: /home/golam_sadek/ros2_ws/install/my_robot_bringup/share/my_robot_bringup/launch/radio.launch.py
[1.138s] -- Symlinking: /home/golam_sadek/ros2_ws/install/my_robot_bringup/share/ament_index/resource_index/package_run_dependencies/my_robot_bringup
[1.151s] -- Symlinking: /home/golam_sadek/ros2_ws/install/my_robot_bringup/share/ament_index/resource_index/parent_prefix_path/my_robot_bringup
[1.169s] -- Symlinking: /home/golam_sadek/ros2_ws/install/my_robot_bringup/share/my_robot_bringup/environment/ament_prefix_path.sh
[1.188s] -- Symlinking: /home/golam_sadek/ros2_ws/install/my_robot_bringup/share/my_robot_bringup/environment/ament_prefix_path.dsv
[1.213s] -- Symlinking: /home/golam_sadek/ros2_ws/install/my_robot_bringup/share/my_robot_bringup/environment/path.sh
[1.233s] -- Symlinking: /home/golam_sadek/ros2_ws/install/my_robot_bringup/share/my_robot_bringup/environment/path.dsv
[1.253s] -- Symlinking: /home/golam_sadek/ros2_ws/install/my_robot_bringup/share/my_robot_bringup/local_setup.bash
[1.270s] -- Symlinking: /home/golam_sadek/ros2_ws/install/my_robot_bringup/share/my_robot_bringup/local_setup.sh
[1.290s] -- Symlinking: /home/golam_sadek/ros2_ws/install/my_robot_bringup/share/my_robot_bringup/local_setup.zsh
[1.311s] -- Symlinking: /home/golam_sadek/ros2_ws/install/my_robot_bringup/share/my_robot_bringup/local_setup.dsv
[1.330s] -- Symlinking: /home/golam_sadek/ros2_ws/install/my_robot_bringup/share/my_robot_bringup/package.dsv
[1.354s] -- Symlinking: /home/golam_sadek/ros2_ws/install/my_robot_bringup/share/ament_index/resource_index/packages/my_robot_bringup
[1.380s] -- Symlinking: /home/golam_sadek/ros2_ws/install/my_robot_bringup/share/my_robot_bringup/cmake/my_robot_bringupConfig.cmake
[1.396s] -- Symlinking: /home/golam_sadek/ros2_ws/install/my_robot_bringup/share/my_robot_bringup/cmake/my_robot_bringupConfig-version.cmake
[1.414s] -- Symlinking: /home/golam_sadek/ros2_ws/install/my_robot_bringup/share/my_robot_bringup/package.xml
[1.438s] Invoked command in '/home/golam_sadek/ros2_ws/build/my_robot_bringup' returned '0': AMENT_PREFIX_PATH=/home/golam_sadek/ros2_ws/install/my_py_pkg:${AMENT_PREFIX_PATH} CMAKE_PREFIX_PATH=/opt/ros/humble PYTHONPATH=/home/golam_sadek/ros2_ws/build/my_py_pkg:/home/golam_sadek/ros2_ws/install/my_py_pkg/lib/python3.10/site-packages:${PYTHONPATH} /usr/bin/cmake --install /home/golam_sadek/ros2_ws/build/my_robot_bringup
