[0.247s] Invoking command in '/home/golam_sadek/ros2_ws/build/my_robot_interfaces': CMAKE_PREFIX_PATH=${CMAKE_PREFIX_PATH}:/home/golam_sadek/ros2_ws/install/turtlesim_catch_them_all:/home/golam_sadek/ros2_ws/install/my_robot_description:/home/golam_sadek/ros2_ws/install/my_py_pkg:/home/golam_sadek/ros2_ws/install/my_cpp_pkg:/opt/ros/humble /usr/bin/cmake --build /home/golam_sadek/ros2_ws/build/my_robot_interfaces -- -j8 -l8
[0.303s] [  3%] Built target my_robot_interfaces__cpp
[0.308s] [ 12%] Built target my_robot_interfaces__rosidl_generator_c
[0.318s] [ 12%] Built target ament_cmake_python_symlink_my_robot_interfaces
[0.348s] [ 22%] Built target my_robot_interfaces__rosidl_typesupport_cpp
[0.349s] [ 32%] Built target my_robot_interfaces__rosidl_typesupport_fastrtps_cpp
[0.349s] [ 41%] Built target my_robot_interfaces__rosidl_typesupport_introspection_cpp
[0.349s] [ 51%] Built target my_robot_interfaces__rosidl_typesupport_fastrtps_c
[0.352s] [ 61%] Built target my_robot_interfaces__rosidl_typesupport_introspection_c
[0.353s] [ 70%] Built target my_robot_interfaces__rosidl_typesupport_c
[0.377s] [ 70%] Built target my_robot_interfaces
[0.403s] [ 74%] Built target my_robot_interfaces__py
[0.427s] [ 80%] Built target my_robot_interfaces__rosidl_generator_py
[0.455s] [ 87%] Built target my_robot_interfaces__rosidl_typesupport_fastrtps_c__pyext
[0.459s] [ 93%] Built target my_robot_interfaces__rosidl_typesupport_introspection_c__pyext
[0.463s] [100%] Built target my_robot_interfaces__rosidl_typesupport_c__pyext
[0.611s] running egg_info
[0.611s] writing my_robot_interfaces.egg-info/PKG-INFO
[0.611s] writing dependency_links to my_robot_interfaces.egg-info/dependency_links.txt
[0.611s] writing top-level names to my_robot_interfaces.egg-info/top_level.txt
[0.615s] reading manifest file 'my_robot_interfaces.egg-info/SOURCES.txt'
[0.616s] writing manifest file 'my_robot_interfaces.egg-info/SOURCES.txt'
[0.662s] [100%] Built target ament_cmake_python_build_my_robot_interfaces_egg
